denise.lafauci.s@terralbagenova.edu.it:Forzadoria1!
d.macinato.st@afolmet.it:afol202305D
federico.spagnolo@ammiratofalcone.edu.it:cavallino$200
federico.spagnolo@ammiratofalcone.edu.it:fe1de2ri3co4
orta@ortainfo.com:Scater2024!
orta@ortainfo.com:Scaterina24@
palombo@andrea1234:andra1234567890
palombo@andrea1234.com:andra1234567890
e-hmin@gft.com:hichamtri
e-hmin@gft.com:idikentri
h.idiken.esterno@almaviva.it:Torino$2001
h.idiken.esterno@almaviva.it:hichamtri123456
marcodonatohc@hotmail.com:123456
mamida@student.eursc.eu:DantheMan2012
s.simeone5@studenti.poliba.it:Simone3!
s.simeone5@studenti.poliba.it:24681357
zeroalato@yahoo.it:49411243
zeroalato@yahoo.it:Paola1949
dariofina@malahu.tk:manuelix84
cds_2124@unipa.onmicrosoft.com:Manuelix84@
cds_2092@unipa.onmicrosoft.com:280488
alberto.bisso@datacol.com:0989887540
alberto.bisso@datacol.com:Bigwawes1976
jurycaiulo95@gmail.com:Teamdigitale500@
alessandro.carnassale00@gmail.com:Nub569800
teresa.capparelli@isrosselliaprilia.edu.it:Fiore@21
alessandro.carnassale@isrosselliaprilia.edu.it:Nub569800
centonza.manuel@studenti.cfp-upt.it:Mojto_071_
centonza.manuel@studenti.cfp-upt.it:PVRMDRkgajmvyv9
mario.amaro.s@icscastelvolturnocentro.edu.it:Amaro12345op
shohei.tsuruno@unistrapg.it:ShoHeyHey53
a.beatrice5@studenti.unisa.it:Dandi.790
b.alfonsina@uplevelformazione.com:FedeGeRo142410
a.beatrice5@studenti.unisa.it:pykpuv-Cojdyt-tywci3
felippo.gomes@iislonigo.onmicrosoft.com:Quaderno21
a.leoni@istitutovalleseriana.edu.it:AN!*9s_riWVqp/#
a.leoni@istitutovalleseriana.edu.it:A.B.C.D.10
istitutovalleserana.edu.it:A.B.C.D.10
patty80@33gscd.onmicrosoft.com:9Ha5f77H7LmpPNN
melissa.ferraro@studenti.preziosine.it:BambolaA80
nahia.munoz@myenaip.eu:Thiago2010
nahia.munoz@myenaip.eu:Tito2801.
alessia.bellatorre@unito.it:Unito!!2025
davide.corvaia@olivetticallegari.edu.it:Tam80017
ilaria.sala@eurocreditdilipardi.onmicrosoft.com:Ram20427
ilaria.sala@eurocreditdilipardi.onmicrosoft.com:Jonathanpec1!
sergio.signore@novires.it:T^626383376447ox
luigi.dechiara@isisvirgilio.edu.it:Luigi04microsoft
s1100845@studenti.univpm.it:IloveMX24!
katiuscia.marante@scuola.istruzione.it:sanvincenzo
ssrh07000e@istruzione.gov.it:mk10070f
katiuscia@alberghieroarzachena.edu.it:Parrocchia2020@
ilaria.codina@materolbia.com:M.moretti68@
ssrh07000e@istruzione.gov.it:Mariella@82
francesco.filippin@spadavecchia.it:Fjs654-gug@uyhuyu!.
elettronica:Stazione@24
valeria.ferloni@studenti.unimi.it:YJH2SV4W
valeria.ferloni01@icatt.it:Ebdgedadces23!!
valeriaferloni@fondazionepiatti.it:VFFrp.2023
valeria.ferloni@studenti.unimi.it:#?*C7JnujCXBZ35
valeria.ferloni01@icatt.it:6Valelia!!
valeriaferloni@fondazionepiatti.it:Ebdgedadces23!!
valeria.ferloni@studenti.unimi.it:Avocadosecco.1
webassistantita@6k5ydf.onmicrosoft.com:Checco2007
alexoliveira.mkd@sk36t.onmicrosoft.com:Quixad@85!
a5@ladibero7.onmicrosoft.com:Mynewpl@yer1985!
a14@avertions8.onmicrosoft.com:Alves1985
alexandro1985@sk36t.onmicrosoft.com:Mynewpl@yer1985!
alexoliveira.mkd@sk36t.onmicrosoft.com:BrasileItalia2005!
gabriel.cozma@edu.startingwork.it:@#Error404
jmarinaccio@os.uniroma3.it:S1am0solonoi10.
lmigliore@os.uniroma3.it:EriIre1325!
saimir.ziri.alu@statalemontecatiniterme.it:sala1970
daniela.ventre@hitachienergy.com:Gabry161207
mbakopkamga.roypharell@itiscastelli.onmicrosoft.comr:Rottavor369
mbakopkamga.roypharell@itiscastelli.onmicrosoft.com:Rottavor369
anna.derinaldis@smsgalateolecce.onmicrosoft.com:Dalia2006
anna.derinaldis@smsgalateolecce.onmicrosoft.com:dalia2006
kirkdwisdom@students.utech.edu.jm:Danielwisdom15!
hasegawa_tahara@cataler.co.jp:daicaothu719
hasegawa_tahara@cataler.co.jp:kieutrinh46
ddc5505@psu.edu:Diwancole24
zaheer.kerr.2029@wolmers.org:Ilovef00tball29
9791047417@jolearn.jo:Moe@1979@
h.sarhan.ext@tahaluf.ae:P@ssword123
h.sarhan.ext@tahaluf.ae:H@ya@1982013
info@aviewers.com:H@ya@1982013
haya.abusarhan@hotmail.com:P@ssword123
h.sarhan.ext@tahaluf.ae:Test@1234
haya-smart@hotmail.com:aViewers@Product#4321
haya.abusarhan@hotmail.com:hP@listine2%6%1987
h.sarhan.ext@tahaluf.ae:wa124578
h.sarhan.ext@tahaluf.ae:H@ya@Islami38
info@aviewers.com:P@ssword123
haya-smart@hotmail.com:hP@listine2%6%1987
h.sarhan.ext@tahaluf.ae:Aa@2002858167
9831002528@jolearn.jo:Moe@02528
9801004962@jolearn.jo:Supernova@1
9831002528@jolearn.jo:NU5hpXsVeK
os966566@gmail.com:Jetogjat789456!
mdmr55511@outlook.sa:Omarsamhans111
almdmrmdmr877@gmail.com:Lizak112$
mdmr7770@hotmail.com:Barcelona10!
omarsamhan911@hotmail.com:OmarsamhanSSAA111111
aya.q@ososacademy.edu.jo:Jarrah_1980**/
dr.baker@aau.edu.jo:jarrah1980
m.alakash@jadara.edu.jo:4WVXcXznxcK
3rd9a@ososacademy.edu.jo:Jarrah1980-
2859@zuj.edu.jo:Alqudah1990
m.alraggad@jadara.edu.jo:Alqudah188
m.shatnawi@aau.edu.jo:BK#jj@492
b.jarah@anu.edu.jo:Jarah222-
dr.husamabuhamour@bau.edu.jo:Q958147zaq@@@
b.jarah@anu.edu.jo:Jarrah19888/
dept_acc@anu.edu.jo:Alkhawaldeh19
s9354263@rb.moe.gov.sa:Altweel123
s2367418@rb.moe.gov.sa:Saad@2007
2002605772@jolearn.jo:lo30101988
9721010787@jolearn.jo:Odai9871039599
9761044216@jolearn.jo:Ashraf1976@
9972018005@jolearn.jo:Rd@18005
rylafee24@cit.just.edu.jo:RaShEd0*
cw_18673207@hotmail.com:丕賱鬲丕賱賷
haltiti@arabica.org:123456
ameer.ayed@lpj.education:Ameermayyas@12345
202313555@std-zuj.edu.jo:Ameermayyas@1205
3240606001@std.wise.edu.jo:mohammad-3333
hyt0217952@ju.edu.jo:h@4626
21715268061@std.bau.edu.jo:Mohammad12345@
hyt0217952@ju.edu.jo:Hashim2021@$
mhm8200381@ju.edu.jo:?
202120337@students.asu.edu.jo:taghsh
s.alnaser@pes.edu.jo:shirin1978
2335617@std.hu.edu.jo:moon2020
alkhazahleh72@aabu.edu.jo:Ahmad_1972@1972
alkhazahleh72@aabu.edu.jo:AHMAD#_197@197
2001898291@jolearn.jo:Aya@2009
zaid.shqeir@chalhoub.org:Lemonade@1
2002110739@jolearn.jo:Btec@2024
2000995390@moej.edu.jo:Moe@1332005
saiflolking2000@gmail.com:Btec@2024
9841007834@jolearn.jo:Ary2006**
deewan.shafei@wise.edu.jo:SD@@2023
shafie.a@wise.edu.jo:wswasoday1@@
2022135048@ses.yu.edu.jo:690172
202411596@students.asu.edu.jo:227OHYdvp
202411596@students.asu.edu.jo:kameloffacc2006
2018986083@stu.yu.edu.jo:Alqasem@1998
31614016122@std.bau.edu.jo:Abusaqer1998
2018986083@ses.yu.edu.jo:*_jGjCd@jctnY7E
both13xb@outlook.com:nMy&*J&3j.mBA$A
aabukashef@umniah.com:Ghjk12345
1310135269p.cl1@cov19.mhlw.go.jp:9e@inruQ@3mURz6
sugihara.katsura@yourclinic.jp:hdrIl@ve9380
yourclinic_akb@outlook.jp:ajiIl0ve9380
1310135269p.cl1@cov19.mhlw.go.jp:asklIl0ve1180
sugihara.katsura@yourclinic.jp:gndmIl0ve9380
yourclinic_akb@outlook.jp:yc32591191
sugihara.katsura@yourclinic.jp[:1den4ga1ra1
rana-masud-zb@ynu.jp:?
rana-masud-zb@ynu.jp:w!BGea6_wc@buBl
rana-masud-zb@ynu.jp:$Abdullah_1234$
teens.ishida@gmail.com:Shin3203
y-yasumoto@ad-na.com:Discoveri2
y-yasumoto@ad-na.com:Discoveri1
yasumotoyoshikatsu@outlook.jp:Discoveri1
y-yasumoto@ad-na.com:EMW
beds202473635@mylife.mku.ac.ke:SteWAH396
kurgatfaith6@gmail.com:purple55
jmiricho@ccbagroup.com:kefada2003
sjuma@ccbagroup.com:Kilembwa@kavatas3
brian.wambugu@nobilisplus.ch:MatrixBrimur@2003
brianwambugu02@my.uopeople.edu:Yobra@10845
brianwambugu@my.uopeople.edu:MatrixBrimur@2003
bmw6558@psu.edu:Yobra@10845
wambugu@yesbud.online:Tuw39290
brianwambugu@my.uopeople.edu:WVUb_zjhgwr9dYa
brianwambugu@my.uopeople.edu:MatrixBrimur2003ke
brianwambugu@my.uopeople.edu:Yobra@10845
wambugu@yesbud.online:Yobra@10845
bmw6558@psu.edu:yobra10845
667792:Musyimi21
karukubereche@karukubereche.onmicrosoft.com:Ivykendi@21
godfreysiez@gmail.com:musyimi@21
gbeesley23@my.trine.edu:Chiakariga@21
karukuebereche:CrC32791!
rcreed@email.sc.edu:Musyimi@21
tjack0080@mail.ct,edu:Slayer1123
pfrimpong@angelo.edu:Musyimi21
gbeesley23@my.trine.edu:DontChange
karukuebereche:Musyimi21
667792:Chiakariga@21
asonko@ginger.atlm.edu:Chiakariga@21
godfreysiez@gmail.com:IsatouSuwareh22
karukubereche@karukubereche.onmicrosoft.com:Elite2022
sales@powerwaresystems.com:power@2020
tenders@powerwaresystems.com:blackpower@254
thuranira@ca.go.ke:Bible@2024?
thuranira@ca.go.ke:Bible@2025?
20041376@stu.mmu.ac.uk:Kza2226773X
ezeamaku@shernet.sheridancollege.ca:232joseph6675fgfg
20041376@stu.mmu.ac.uk:040827cici
0728287219:1DjJazzyjeff!
enock.kirui@m-kopa.com:11!!DjJazzyJeff
enock.kirui@oneacrefund.org:111!!!DjJazzyJeff
gyavira.m@hartlandinternational.com:Gim1992010
gyavira.m@hartlandinternational.com:password
gyavira.m@hartlandinternational.com:Gim2010.
bikesports@basshop.onmicrosoft.com:a10271203^^
as2409@ansongm.goe.go.kr:kisik20070924
2310423@okryun.icems.kr:youssef232009@
youssef2009youssef2020@gmail.com:youssef232009@
wllat@o365.pen.go.kr:Ilikeme01*
2024balsan50326@ibalsan.icees.kr:Bs503!@@
hws0201@gwanghee.sen.es.kr:yj9471**
jinwoo.park@4grit.com:!Luna1209
jinwoo.park@cdnetworks.com:luna1209^
jinwoo.park@cdnetworks.biz:&Luna1209
dreamunitedcompany:Kick50563131
mohammed.yunus@dpskw.com:x4k0I5Zkms
planepapermaker@gmail.com:YM.h3079
s309102202151@moe.edu.kw:omar1234
aabuhijleh@arabfund.org:Yousefw65
m0427282@stu.mcphs.edu:Buckfield929
aabuhijleh@arabfund.org:05071966
m0427282@stu.mcphs.edu:Bader.00
aabuhijleh@arabfund.org:Sanas@65
m0427282@stu.mcphs.edu:Mustafaa@00
mjallad@arabfund.org:Mustafaa@98
mjallad@arabfund.org:Badera@99
s304100400207@moe.edu.kw:Mariak2016
t277022604288@moe.edu.kw:ys98839411y
s304051101752@alnajat.edu.kw:Tallat2004
anejm288@awqaf.edu.kw:Fut152999
t277022604288@alnajat.edu.kw:Gac85715
anejm288@moaedu.org:Fut152999
t277022604288@moe.edu.kw:Mm112233
sm0562@tmc.catholic.edu.au:recover-pickle-prelude
sm0562@tmc.catholic.edu.au:mohg1977
merlangelo.mccoy@student.edu.ky:MMcCoy21
merlangelo.mccoy@student.edu.ky:123Speed
lohsesi312@outlook.com:lqtvija12
fadi.abi-aad@etu-upsaclay.fr:8Factoriel#
gaby.jalloul@ciscollege.edu.lb:XDmxx453
moodis10@moodi10.onmicrosoft.com:LoadinG20222033
mohamad.elali@net.usj.edu.lb:Ha99893252$
mohamad.elali@net.usj.edu.lb:Ha99893252
mohamad.elali@net.usj.edu.lb:@G8_x6PY!QYjvb-
irma.jonikaite@telecentras.lt:aironas11
edgmarau5948@emokykla.lt:2011.Edgaras
emilis.skromovas@palemonogimnazija.lt:Pamoka24
emilis.skromovas@palemonogimnazija.lt:Mkomko890890
kamile.skromovaite@palemonogimnazija.lt:qwerqwer12341234
m.bertasius@amitkus.lt:arbuzas.11
urte.gurcinaite@jovaras.com:Deimante314ndo1978
sansana.23576@kingswood.lk:Hoy89448
ruwanw20@gmail.com:ru_1_1989051843936
it22907448@my.sliit.lk:200112203279
sa22907448@my.sliit.lk:kasun123KASUN123
it23225824@my.sliit.lk:S@2322Bd!19720120
fernando.28262@stpetersedu.lk:goNamba
dreampath@dreampathsl.onmicrosoft.com:4NUM@123BOO
admin@dreampath.lk:Hasnika@123
hasnika.m@dreampath.lk:Hasnika@123
dreampath@dreampathsl.onmicrosoft.com:Aid@hello@24
dreampath@dreampathsl.onmicrosoft.com:blue@basil@24
admin@dreampath.lk:con@admin@24
hasnika.m@dreampath.lk:Qminishop@123
admin@dreampath.lk:Gaming$15646
admin@qldqualityclean.com.au:Hasnika@123
admin@qminimore.com.au:4NUM@123BOO
admin@shamalis.com.au:4NUM@123BOO
eddie.edirisingha@vviglobal.com:4NUM@123BOO
sam.weera@vviglobal.com:ChiranS123#
en21480836@my.sliit.lk:en21480836
s.d.maliyadderallage@wlv.ac.uk:ypFyn!U!sk2JhL@
285352@office365works.net:Ftp67391
prasanna@8pr866.onmicrosoft.com:PKramanayaka1@#
80002551@learn.acbt.lk:20080301
enrjonus7120@emokykla.lt:klaipeda123
j.radzisauskas@jtotoraitis.lt:Karalius1
jonas.radzisauskas@suduvosgimnazija.lt:jonaZ323
dommirap7413@emokykla.lt:Red_bull
edvinas.cesnauskas@ivinskis.lt:edvinas123
viktoras.chadysas@mediafon.tech:641
rencha@apva.lt:81Pin0412
viktoras.chadysas@mediafon.tech:zuikis4040
laujanka2757@emokykla.lt:19991220
viljanka7498@emokykla.lt:LAUris19991220
jurgjank0718@kmu.lt:jurgjank7807
viljanka7498@emokykla.lt:19991220
danielius.baltrusaitis@svalia.lt:Mokykla123
danbaltr4095@emokykla.lt:tarakonas321
chaklaslavas@gmail.com:tarakonas1
mantas.stankevicius@banknote.lt:Nuw84563
diana.krickyte@griskabudziogimnazija.lt:meile123
sarunas.jasiukonis@rrg.lt:sarunas822
sarunas.jasiukonis@progimnazijarokiskis.lt:Sarunas26
sarunas.jasiukonis@progimnazijarokiskis.lt:Xax44497
sarunas.jasiukonis@rrg.lt:Sarunas.j
egidijus.kurpauskas@kknuc.lt:QPLXepwmLitTjC6
adrijus.lapienis@senamiescioprogimnazija.lt:Nihonis782#
robertsarturs.veisbergs@allazupamatskola.lv:ROkijs11
robertsarturs.veisbergs@allazupamatskola.lv:Rokijs11
robertsarturs.veisbergs@allazupamatskola.lv:robertsarturs.veisbergs@allazupamatskola.lv
marks.sartaputns@r1tv.lv:Danilapro123!
a242717av@rvt.lv:Mafia3212
rs17003@edu.lu.lv:Basket2021
dj23018@edu.lu.lv:hamstersdzo
alaeelgazra5a3@outlook.com:YUks?%U4CrvF4b?
p144119990@taalim.ma:la19rb78i
p144119990@taalim.ma:nada2008
f136093833@taalim.ma:WBRs_2163
k149040162@taalim.ma:abdo06abdo
k139214785@taalim.ma:8h*ZHKDB1
abdelkader.bouallafa@ar.uopeople.edu:abdo1997@@2019
abdelkader.bouallafa@ar.uopeople.edu:abdo@@19972019@@
h137179755@taalim.ma:Deadkiller2006
1001956165@ucsiuniversity.edu.my:zaza8818
1001956165@ucsiuniversity.edu.my:scoby1515
k143089815@taalim.ma:Ch08aimae2017.
k131454514@taalim.ma:nmf0ssix
live-radio@hotmail.com:AMAZIGH010203
elayachi.elbaghdady@taalim.ma:Inass02anass
khalidi.jilali@taalim.ma:1680@bkps
elayachi.elbaghdady@taalim.ma:7324
amal.rouitila@taalim.ma:Inass02anass
Z232600349@taalim.ma:anas@12inass
m141020073@taalim.ma:Itser333555
2000121700430@ofppt-edu.ma:pchp2017amd
chamkhi.najat@ofppt-edu.ma:najat@2020
k130011138@taalim.ma:Hzti2382
allaq.chaymaa@ofppt-edu.ma:Chayma-2020@
r132721706@taalim.ma:hajar-2007-hajar
e133177522@taalim.ma:PCWTROU4ez
e131004660@taalim.ma:Carl1331
e131004660@taalim.ma:Carl1234
e133177522@taalim.ma:Menara
e137166073@taalim.ma:Jrwwm5990
e132124346@taalim.ma:Rabha@12345
e139118184@taalim.ma:Tjvsb0766
e139017599@taalim.ma:Yjwt9368
e143139044@taalim.ma:Atrdj0397
e142138999@taalim.ma:Ryjr7393
E131118655@taalim.ma:Kjbt8044
e138165492@taalim.ma:Kjbt8044
e134165557@taalim.ma:Wdcen9426
e135017283@taalim.ma:Mwpe1082
e137238042@taalim.ma:Ghfo7542
e132122541@taalim.ma:Udyt8317
e138118667@taalim.ma:Aliu5975
e136122288@taalim.ma:Uiyq5315
e138124136@taalim.ma:Cank4333
e138075635@taalim.ma:Xclb8626
e137124183@taalim.ma:Skzt1221
e130163746@taalim.ma:Cxluv8480
e145048363@taalim.ma:ayZoyp59zZ
e131166092@taalim.ma:Yhyx4970
e135059831@taalim.ma:Vnbt10741
e131164236@taalim.ma:Egatq5330
e136129647@taalim.ma:Mkzf2193
e149139128@taalim.ma:Culji8281
e145081145@taalim.ma:Yhyx4970
e130119071@taalim.ma:Nswv6568
e143094031@taalim.ma:Crib10938
e131118655@taalim.ma:Iivr8804
e132164749@taalim.ma:Asuq1457
e134163670@taalim.ma:Junw1743
e133165479@taalim.ma:Ciio1830
E139105853@taalim.ma:Ekxv8097
e130165516@taalim.ma:Rvub4047
e133012528@taalim.ma:Ahft2886
e134109951@taalim.ma:Aoyv5346
e131212622@taalim.ma:ExrfF9bQ4a
e132166101@taalim.ma:Bndz6441
e137165480@taalim.ma:Ekat4447
e130123861@taalim.ma:Uwdd2524
e137165506@taalim.ma:Tylv3335
e147139546@taalim.ma:Tlqb3807
ZIKO:ziko1
e139118624@taalim.ma:Wvlj7338
e148138804@taalim.ma:Reoir2433
e100121827@taalim.ma:Daad6723
e137117920@taalim.ma:Qion6408
e138166096@taalim.ma:Xvst9238
e100121826@taalim.ma:Rqzy5208
e143138938@taalim.ma:Jqfg5994
e144139739@taalim.ma:Yhyx4970
e134117925@taalim.ma:Gqdo4045
e138104173@taalim.ma:Bvxi5577
e138159034@taalim.ma:Ippgq7348
e138128608@taalim.ma:Dkczn1518
e139129656@taalim.ma:Ymrk1716
e139105853@taalim.ma:Iwer3498
e136118637@taalim.ma:Uevy9783
e138165541@taalim.ma:Kh20so03
e131124008@taalim.ma:Ekxv8097
e130164739@taalim.ma:Eodm4962
e139162927@taalim.ma:Apzw7768
e135174657@taalim.ma:sJyqK6AAJB
e133103837@taalim.ma:Mype7005
e132150263@taalim.ma:Egatq5330
e148139012@taalim.ma:Xeeue3467
e136176678@taalim.ma:Ygnu3055
e138122396@taalim.ma:Domu8239
e131118630@taalim.ma:Ibwn5449
e138020708@taalim.ma:Banaisa123
e139163580@taalim.ma:Ighyd8466
E139114346@taalim.ma:Egatq5330
e139114346@taalim.ma:Qumo2908
e132129988@taalim.ma:Bxuj9581
e131114340@taalim.ma:Msaada@2025
E139114342@taalim.ma:Ftah8857
e139114342@taalim.ma:Rexe3491
e146138840@taalim.ma:Paqd2897
E132103788@taalim.ma:Egatq5330
e132103788@taalim.ma:Vdmn5617
e148139659@taalim.ma:Jkok6912
e135108441@taalim.ma:Jiuk6455
e134114579@taalim.ma:@Nawal2025
e137114595@taalim.ma:Zvlw1114
e145143322@taalim.ma:Jizd7228
e141138912@taalim.ma:Ixlc4402
e135103778@taalim.ma:Ggrg4754
e132118147@taalim.ma:Klzf8485
e139072778@taalim.ma:Vqzp3404
redouane.elhasry@mbzuh.ac.ae:QSZxaw@12345
redouane.elhasry@mbzuh.ac.ae:CDEvfr@00000
redouane.elhasry@mbzuh.ac.ae:RHa@1234567
redouane.elhasry@mbzuh.ac.ae:ZCADsfxv@12345
azeddine.zaidi@emsi-edu.ma:Anaswiam20005
k144038079@taalim.ma:yahyaissam123
k144038079@taalim.ma:YF4fk@dH6aVkxkz
d145134147@taalim.ma:Tachmatach@02
Anazzan8!:Anazzan8!
norazlinda@psas.edu.my:Kerja20241?
norazlinda@psas.edu.my:KKvdz291
norazlinda@psas.edu.my:takafulikhlas
norazlinda@psas.edu.my:suhaizan1978
norazlinda@psas.edu.my:9999
norazlinda@psas.edu.my:norazlinda
norazlinda@psas.edu.my:P@ssword.1234*
norazlinda@psas.edu.my:cemerlang
taaloucht.mohammed@ofppt-edu.ma:pox29064
d132463344@taalim.ma:EE@h0kAKY61Az9V
mattias.chetcuti@ilearn.edu.mt:peepeesml9999
zamraki.elmahdi@taalim.ma:Mahdi1@2020
gb5278@pinkymelo.com:Galvinpro13
ang:sin_G@lvin_pr013
amir.ashraf.mohsin@student.mmu.edu.my:As0821@
m-11080326@moe-dl.edu.my:yaoyao17720101611!!!
yaoyao13@yaoyao13.onmicrosoft.com:yaoyao17720101611!!!
yaoyao13@yaoyao13.onmicrosoft.com:kissmya44
m-11080326@moe-dl.edu.my:yao177201016
yaoyao13@yaoyao13.onmicrosoft.com:Yaoyao177
yaoyao13@yaoyao13.onmicrosoft.com:yaoyao1772010
yaoyao13@yaoyao13.onmicrosoft.com:mhwnergigante4876
barw181240@polytechnique.ma:mBSPi3HfsODl
benhimarthi18@gmail.com:mBSPi3HfsODl
a.oihdi@alomrane.gov.ma:rsk@2022
a.oihdi@alomrane.gov.ma:ALPHA@14
a.oihdi@alomrane.gov.ma:revolution14
mattea.spiteri.i80920@mcast.edu.mt:Spiterifamily00
k131454514@taalim.ma:Ftzg7044
deburi_f@knuba.edu.ua:Raja1949
fouaddebouri@gmail.com:Raja1949
c130160567@taalim.ma:25111964Mhamed
debouri.mhamd@taalim.ma:mh@md2024
c138077904@taalim.ma:Ebfx3239
deb.mhamed10@hotmail.com:Retraite2027-2028
debouri.mhamd@taalim.ma:mh@md2023
deb.mhamed10@hotmail.com:25111964Mhamed
mariemshaa4486@outlook.com:il0veluke123
k120026578@taalim.ma:wLKag7LieK
k120026578@taalim.ma:52535780
k120026578@taalim.ma:97531azer
elmostafa.hakmaoui@taalim.ma:hadjads3MH
m136513653@taalim.ma:JIJIOUT2005
n148069223@taalim.ma:Gqzu2950
01DKM23F1015@student.puo.edu.my:Zytech_Only_Shopee
n137069036@taalim.ma:Japm7221
n.omairi@orbit-interactive.com:Orbit.19
solocal@orbit-interactive.com:Ralringov95$
noreply-directavis.solocal@orbit-interactive.com:I7xmits2.
n.omairi@orbit-interactive.com:MeublerDesign4523
solocal@orbit-interactive.com:mxYHYdrVSgB4
noreply-directavis.solocal@orbit-interactive.com:Wxcvbn1987**
d170131602@taalim.ma:jad12345
tarikoufkir@ms2maroc.com:UJfgz5+Lf
coordination.maroc@ms2maroc.com:122333
assistant1@ms2maroc.com:Kux45636
ghaninou.ahmed@men.gov.ma:Admer@1964
H134108327@taalim.ma:Intissar@2020
h134108327@taalim.ma:Admer@1964
tarikoufkir@ms2maroc.com:Admer@1964
mustapha.chaouchi1@taalim.ma:MAfemme@1999
D712266:Hanane@fes24
2005022700138@ofppt-edu.ma:@badrbadr00
r132276218@taalim.ma:khalid.2023
2004070200219@ofppt-edu.ma:khalid.2023
r132276218@taalim.ma:Khalid@2023
abdelmajid.abarhich@monlycee.net:Abdel-300113
M130385942@taalim.ma:m130385942@taalim.ma
M130385942@taalim.ma:z4iwbRud0M
Z250018705@taalim.ma:A1g5oHreNB
z250018705@taalim.ma:A1g5oHreNB
r130180894@taalim.ma:Zeerrivederci69969$$
f134263030@taalim.ma:Zeerrivederci69969$$
f135241591@taalim.ma:Zeerrivederci69969$
r134551179@taalim.ma:Zeerrivederci69969$
f139209831@taalim.ma:3cdq!7eZFbXJekF
titichghitta@outlook.com:Ghit
ghitasellakllah@gmail.com:Ghit
mohamedarfaoui@mohamedarfaoui.onmicrosoft.com:mohamed@1994@94
mohamed.el-arfaoui@taalim.ma:zhm2MEwhuD9
zineb.oughadda24@usms.ac.ma:zineb@@1999
2005031900171@ofppt-edu.ma:Kakachi@2005
j133380016@taalim.ma:Ayoub.2003
norazlinda@psas.edu.my:ilaydaddy
te220399.jhh@campus.itsc.edu.mx:Setsuna280.
kortiz0819@tab.conalep.edu.mx:Tabasco123
yolan1321@tab.conalep.edu.mx:Tabasco123
jjimenez2419@tab.conalep.edu.mx:Pepefer1.1
rlopez1919@tab.conalep.edu.mx:pepefer
eromero1419@tab.conalep.edu.mx:pepefer1.2
ed903127@gmail.com:pepefer
rsanchez0119@tab.conalep.edu.mx:Pgajhn.3628
jarias1319@tab.conalep.edu.mx:Tabasco123
iacuna0221@tab.conalep.edu.mx:kagome24.28jr
te220399.jhh@campus.itsc.edu.mx:admin
gcerino2619@tab.conalep.edu.mx:pepefer1.
jherrera2818@tab.conalep.edu.mx:kagome28.24.jrpantera
kortiz0819@tab.conalep.edu.mx:1234
yolan1321@tab.conalep.edu.mx:pepefer.
te220399.jhh@campus.itsc.edu.mx:mnbvcxz.,
22vp@os-bjorlandic.edu.me:Doj46176
randy.sandoval@my.unitec.edu.mx:Modelo2020
a190194476@my.uvm.edu.mx:Modelo2020
al243514@alumnos.uacj.mx:TOGK25760
al243514@alumnos.uacj.mx:Kenneth/2024461$$$$$$$$$$$$$
blopeza002@alumno.uaemex.mx:Tequieromama98
l96440713@mochis.tecnm.mx:Jup25634
l20100194@nlaredo.tecnm.mx:pLN@6Uys.
a2213410133@alumnos.uat.edu.mx:pLN@6Uys....
florescoronado09112@gmail.com:pLN@6Uys.
a2213410133@alumnos.uat.edu.mx:pLN@6Uys
florescoronado09112@gmail.com:Focj.lrla1720.
23419070310169@cecytenl.edu.mx:Funky123
22730@virtual.utsc.edu.mx:Jonasin2004
ds926203@schools.mk:[NOT_SAVED]
frosinasazdovska@ecjohnsonacademy.onmicrosoft.com:[NOT_SAVED]
ds926203@schools.mk:D@mj@n13
ng736901@schools.mk:Ngolov08
ag431617@schools.mk:2010$
talegolov1@gmail.com:ang1205
000569@networkintlschool.com:Sss200926??
khithponenay.dennis@ais.edu.mm:A1$student
htutakarit.steve@ais.edu.mm:@9999
orkhon@gazarshim.mn:Mongol9899
30a_bileg.ya@selbe.edu.mn:t3X4w6nhaG8bFSH
30a_bileg.ya@selbe.edu.mn:99096680
b200220026@must.edu.mn:rip_12345
b200220026@must.edu.mn:Kob33979
b200220026@must.edu.mn:Xhousgodlyman
b200220026@must.edu.mn:Uuganbayar18
b200220026@must.edu.mn:lolo9999
deoyu7@student.uni-pannon.hu:Zolbayar112233
:17042735
munkhtuul.o@gobicashmere.com:Lancelot
munkhtuuloktyabri@gmail.com.:Munkhtuul
msff-bassikounou-sup-pharma@paris.msf.org:UOSVP.330158
mhamed.elyrabi@edu.isga.ma:BRX11idm
peterb@ccbill.com:ztS\XjBzn"8MV[!c
elizabeth.borg.stu@sananton.edu.mt:a24c*9l5xwCs
elizabeth.borg@sjjs.edu.mt:Carina83
peterb@ccbill.com:9r9A.NtsWMPd?&@
michael.borg-2021@smcstudents.edu.mt:MB100715!
michael.borg-2021@smcstudents.edu.mt:eau682
peterb@ccbill.com:eau682
jayden.joseph.sciberras@ilearn.edu.mt:123Viper
romina.camilleri@gov.mt:Jaydenharry1234!
jayden.joseph.sciberras@ilearn.edu.mt:123zViper
mjnkhawol@moemu.org:r4CxRPTT
khadheeja.adam@dnr.gov.mv:Zai#ab@2032
mario.cc@merida.tecnm.mx:Alter_ego#8
miguel.chapag@uanl.edu.mx:Master0417-
miguel.chapag@uanl.edu.mx:9kAiUuyF
acesilp2385@prodemex.com:!csXf!X6Uz7q.Dk
asp_nahomi-yatzyl_bustos@uneve.edu.mx:Nayoz2006
celerino.martinez@docente.aefcm.gob.mx:CASCARON1069.
salaelectronicabiblioteca@alumno.um.edu.mx:joBca5-zengok-zujqer
salaelectronicabiblioteca@alumno.um.edu.mx:UdeM
salaelectronicabiblioteca@alumno.um.edu.mx:jhonasmi
e00000271315@aliat.edu.mx:Aguila2001
acabello@gruposcr.mx:Yuca102.@+
a215395@umm.edu.mx:@soporte2021gg
cristian.cabellos@uanl.edu.mx:kh8QR4qrv-
alejandro.cabello@altergas.mx:Mariano3230#
general@altergas.onmicrosoft.com:Ame140519
alejandro.cabello@altergas.mx:Yuca102@.
221065087@tecnmtlahuac.onmicrosoft.com:DalyRJ$NR
220920827@alumnos.upn.mx:xxangel181
tecnm_aspirante33@tecnmtlahuac.onmicrosoft.com:xxangel18
221065087@tecnmtlahuac.onmicrosoft.com:pMgw5@K$+Eu93dG
martin.vazquez@grupoguiar.com.mx:sPL632fd
martin.vazquez@grupoguiar.com.mx:9=D夜
alfredobernaltkt@gmail.com:Bema60090810$
brandon.11210322@umb.edu.mx:ZAo280503
gil@mi-token.io:6CncsG3WY7
gil@mi-token.io:80327909
gil@mi-token.io:Musica02
contactoatencion@earlyinstitute.org:Tokio2020
gil@mi-token.io:Tokio2021@
gil@mi-token.io:Jefazo69%
gil@mi-token.io:Tokio2021%
gil@mi-token.io:Tokio2020
24a0160164@cobatab.edu.mx:24a0160164@cobatab.edu.mx
mgarciao2205@alumno.ipn.mx:mauricio2.0
mgarciao2205@alumno.ipn.mx:Mauricio2.0
roberto.zirate@formacionadistancia.mx:aTENTADO13TERRORISTA
eliud.lara@transplace.com:SeleccionMex2022*
a2183410384@alumnos.uat.edu.mx:lswwcnlz25
eliud.lara@uberfreight.com:HepsibaMiAmor2024*
eliud.lara@transplace.com:Revolucion2023*
luissalper@hotmail.com:Luis1234
luisvelazquez424@aragon.unam.mx:Luis1234
cabezadehuevoprepa5@outlook.es:Luis1234
luisantonio.salazar@alumno.cch.unam.mx:Luis1234
vi04629@innovaccion.mx:kira_1901
is101439@esn.edu.mx:felt51
is101439@esn.edu.mx:08xvpwmf
eitan:Lubieciastka10
YuriGonzalz@hotmail.com:Es100308?
matheussoaresdecarvalho@hotmail.com:is100308
sliver.matthews@outlook.com:SMis20080310.
gravarisi@hotmail.com:SMis20080310.
gelotistoi1978@outlook.com:es22091965
joshua1697@hotmail.co.uk:gorditotula1
firebirdy@hotmail.com:is100308
estala.la@hotmail.com:PWB2WHJLGy2-D5P
wyntor@msn.com:gorditotula1
guigui1337@hotmail.com:Vbucks69
anthony.reynolds@hotmail.com:domrocks12!
john-comfort@hotmail.com:is100308
lowerthan3@hotmail.com:is100308
casimir.smets@hotmail.com:es22091965
shoie_is_dabomb@hotmail.com:Es100308?
ctm56@hotmail.com:is100308
matibalcer@outlook.com:is100308
andrecafe2010@hotmail.com:SMis20080310.
parasentys@outlook.com:is100308
riley-gross@hotmail.com:es22091965
curso_88@hotmail.com:is100308
tommy_felix_17@hotmail.com:1E5o11WvqMvT
emanolo82@hotmail.com:Enjoylife123
toxicomaster_jpv@hotmail.com:es22091965
ender108@outlook.com:1E5o11WvqMvT
anto_macael@hotmail.com:Playstation237
2231452@alumnos.uqi.edu.mx:TheWitcher123
carlosandresmatins@gmail.com:TheWitcher234
henry.sanchez@virtual.ujat.mx:Gap23013
paperelgei@gmail.com:NickyyNoa12
24191145@istmo.tecnm.mx:NickyyNoa12
paulone10@outlook.com:PRxone10
21556@365kit.co:NickyyNoa12
diana.morales98@anahuac.mx:Libelula98
diana.morales1998@anahuac.mx:m9912L98
dianalau_98@outlook.com:m9912L98
dianamoraleshernandez@dianamoraleshernandez.onmicrosoft.com:Betabro05
dianamoraleshernandez@dianalau98.onmicrosoft.com:Betabro05
222168@ulsaneza.edu.mx:Melcruga02027
ilian.cruz34@my.unitec.edu.mx:Crugami103
pablo.angulo@diputados.gob.mx:Melcruga02027
melissa.cruz34@my.unitec.edu.mx:/2wu9%nZR7Dj6vU
ilian.cruz34@my.unitec.edu.mx:crugami
ramon.tinoco34@my.unitec.edu.mx:Felix
romeo.alvarez@correo.setab.gob.mx:CUPilco20
zeferino.perez40@my.unitec.edu.mx:340082451
sefe_1990@hotmail.com:340082451
zeferino.perez40@my.unitec.edu.mx:Tecnico1990
zeferino.perez40@my.unitec.edu.mx:tecnico1990
sefe_1990@hotmail.com:Tecnico1990
l19te0850@teziutlan.tecnm.mx:Music145##
vanesa_ha1222@icest.mx:Nhe89457
adiaz@cocume.edu.mx:Te#'s36i.kA^jnF
adiaz@cocume.edu.mx:)P5xb,)%2-g7WL^
adiaz@cocume.edu.mx:wazaaaaaxd1239ut
e00000397870@aliat.edu.mx:MilaMolly15...
msalmonesh_e@tecnaucalpan.mx:Mel2108)
luis.salmones@tecnaucalpan.mx:Conalep18@
msalmones2119@conalepmex.edu.mx:H191870415-4
lsolis2019@conalepmex.edu.mx:Lunadash5
lsalmones0718@conalepmex.edu.mx:Conalep18@
aniihor2108@gmail.com:Conalep18@
c071747@santander.com.mx:Wenaypo2983
hiro02161602@gmail.com:Superful115
mjavier@conradmedsys.onmicrosoft.com:Conradmed2025.
omar.redondo@my.unitec.edu.mx:199623.omar
omar.redondo@inetum.com:Vqbf8484%W
itsi.ferreira@proxylogis.com:Femsa.2025
l21104220@guaymas.tecnm.mx:05CompuRosa10
roberto.arvayo@actica.com.mx:Creativehmo#
hector.cantuc@uanl.edu.mx:AntraxYT
hector.cantuc@uanl.edu.mx:Antrax123$
a224202652@unison.mx:10Unisoncajeme.
pruebasmme@binsights.co:*MMEF32022*
antonio.aguilar@binsights.co:57574727Antonio/+
david.guerrero.ext@cerrejon.com:C0l0mbi@22..
humberto.aguilar.ext@cerrejon.com:48468042A.
d.romero.r235@edu.utc.mx:3.1416tu2
cfabela2520@sin.conalep.edu.mx:Conalep2020*
l24340598@nogales.tecnm.mx:Alf9s910
cbenitez1721@bc.conalep.edu.mx:Moto1985
ramiro.rojas36@my.unitec.edu.mx:raroar04
guzmansolis17@hotmail.com:1111
gatbi_tsukino@hotmail.com:LunaySol8
19B0400313@cobatab.edu.mx:155731
de54.7587@cobatab.edu.mx:680545
de54.9656@cobatab.edu.mx:LunaySol6
de54.9656@cobatab.edu.mx:686142
de54.7587@cobatab.edu.mx:lunasol6
chris.gomeza@uanl.edu.mx:Codycia082009@
al211306@alumnos.uacj.mx:[NOT_SAVED]
mauricio.escobedorc@uanl.edu.mx:mivan4978
mauricio-ivan.escobedo@atos.net:Ivromaes.04
mauricio.escobedorc@uanl.edu.mx:mier4978
mauricio.ivan.escobedo@aptiv.com:Mexico.Aptiv2023
mayrw99@yahoo.com:pbupccGc123!!!
robert.may@hilcorp.com:pbupccGc123!!!
robert.may@hilcorp.com:pbupccGc123!!
regina.guevarar@uanl.edu.mx:9jVEVr.mmz&FBsz
gigii:HVtuG#a63W
brunocorona323@alumno.cch.unam.mx:1patineta1.
jefesevtecnico.msi2000@multisistemas.com.mx:Y^381397532849ag1
calidad.instalaciones@multisistemas.com.mx:Y(861527671031ul1
auxservinstal.msi2000@multisistemas.com.mx:K)978091872373op1
serviciotecnico.pacifico@multisistemas.com.mx:Z#741330985692oc1
18435563@uagro.mx:Gael2145
18435563@uagro.mx:Edgar2145
0022210592@alumnos.univa.mx:Pre180305
al010067@cncivirtual.mx:dav$%23071992
hugo.martinez@grupoasturcar.com:HNmK.8031
hmartinezo2200@alumno.ipn.mx:HmCRSG09
jbonillal002@alumno.uaemex.mx:6wW58pjNL8b
olga.toledo@iguala.tecnm.mx:caja2021
Cesar.Huntington@onetouch.alestra.mx:Cesar98342712.
adan.negrete@alleguard.com:Burbuja3202@
cesar.ibarra@uadec.edu.mx:Mene77Vic++
cesar.ibarra@borgstena.com:QAxFHAEA
admin-saltillo@my.uvm.edu.mx:Cesar98342712
alexia.flores@uadec.edu.mx:Cesar98342712
admin@bolimsltmx.onmicrosoft.com:Cuervo04.
cesar.ibarra@borgstena.com:dona228301
indutextil2025@hotmail.com:0999
cesar.yongsan@onetouch.alestra.mx:Potro04./
admin-saltillo@my.uvm.edu.mx:dona228301
admin-saltillo@my.uvm.edu.mx:cesarhii
a440309678@my.uvm.edu.mx:1q2w3e4r5t
mnavarro@ivti.com.mx:1
mnavarrobarcenas@hotmail.com:1
mnavarro@kmis.mx:1
mnavarro@ivti.com.mx:Aa@123456
mnavarroaz@hotmail.com:1
mnavarrobarcenas@outlook.com:1
mnavarro@ivti.com.mx:f1nt39r@
mnavarro@kmis.mx:Aa123456
dapsi@nube.sep.gob.mx:Aa123456
mnavarro@ivti.com.mx:Aa123456
mnavarrobarcenas@hotmail.com:M1N@J3252724
mnavarro@ivti.com.mx:20150715_
mnavarro@kmis.mx:J3M120191026
mnavarro@kmis.mx:password
dapsi@nube.sep.gob.mx:l20150715_
d1175069.942p@outlook.com:de21M11R94
321053521@comunidad.unam.mx:Cd5t%Kw5
321053521@comunidad.unam.mx:vjvjtrb4650
mg223470496@alm.buap.mx:t34m0Glimmer27
apc36810@udelasalle.edu.mx:100199jl
abraham.valerot@gto.conalep.edu.mx:recibos
abraham.valerot@conalepgto.edu.mx:Temporal464
israel.valerot@conalepgto.edu.mx:8ZaqY%/k_SRrE=&
israel.valerot@gto.conalep.edu.mx:aawacsS1*
jesusisrael.valero.cb147@live-edu.sems.gob.mx:fire48
israel.valerot@conalepgto.edu.mx:3432323438
israel.valerot@gto.conalep.edu.mx:Aabc5783
jesusisrael.valero.cb147@dgeti.sems.gob.mx:aawacsS1*
a850165564@my.uvm.edu.mx:porpendejo123
a850165564@my.uvm.edu.mx:Qwedsa192
LunaA2@Corning.com:L391071a$Cm02
GonzalezJ2@Corning.Com:Corning68
LunaAby017@Outlook.Com:L391071a$Ok0
edith1412men@gmail.com:L391071a$Ok0
alejandroavilar@uneve.edu.mx:Tatisloveyou1
edgarp@innoarquitectos.onmicrosoft.com:4Churrumais.
g22153217@aguascalientes.tecnm.mx:Abner124
naomi.almeidag@uanl.edu.mx:01
prope_jlaravo22@cobaep.edu.mx:Holahola01*
TEC:locogames123@
feghxwz@outlook.com:Bymanix75#
bo:Bymanix75#
bocchi2.:Bymanix75#
elp:Bymanix75#
a040217281@my.uvm.edu.mx:Bymanix75#
el:Bymanix75#
antonio.gallardo@bachilleres.edu.mx:XDXDXD11xd
crolando@deacero.com:Cmichelle3110$
ccavazos@uadec.edu.mx:Cecysam10!
e.garduosantillan@my.ula.edu.mx:Ga011923
e.gardunosantillan@my.ula.edu.mx:HSuxe8YT
egardunos1600@alumno.ipn.mx:1pN0301H19
ing.servicio@veczo.mx:LaloTobi11$
e.garduosantillan@my.ula.edu.mx:SITEC2020#
e.gardunosantillan@my.ula.edu.mx:Lalito5000
egardunos1600@alumno.ipn.mx:Lalito5000
ing.servicio@veczo.mx:c,5-m5+VW6Ji6X(
e.garduosantillan@my.ula.edu.mx:2ia&v)JSiD7S*7*
alejandroavilar@uneve.edu.mx:caballeros1
alejandroavilar@uneve.edu.mx:aa.rr.13
mso39754@tvv.tw:@anan336925
mso39754@tvv.tw:@anawin6755
tanximnztrip@outlook.com:12345678
tanximnztrip@outlook.com:tanxim.nztrip007
kamalanathan@staffemail.apu.edu.my:sk040768@APU#
nathan@digitalmy.live:S@sv@th3312
nurhani.mizar@ada-asia.com:hani180199
nurhaninatasha2@gmail.com:Lokaloka2023*
01169421960:Honey@180199
nsa00372@sa.real.edu.my:Valverde2012
asubri@umt.edu.my:semut@7989
yygod666@b2023.live:Deku1076
ha5ali@stulive.com:Akmal@nis292
0383330@sd.taylors.edu.my:alfash@5486
107063@siswa.unimas.my:Unimas!041222130451
mardhiahbahrom@guruinovatif.com:haziq2020
haziqfaris234567@gmail.com:abc123
ronnie.liew@nirogroup.com:12#$qwER
1020003358@sriucsi.edu.my:1020003358_abcd
1020003358@sriucsi.edu.my:JacksonLovesJessicaChaw002
1020003358@sriucsi.edu.my:^75d0&5Li拢22
1020003358@sriucsi.edu.my:pogi2521139
1020003358@sriucsi.edu.my:honxy28911jackson
msm21002@student.ump.edu.my:Zoom555234
shohan.parvez@te.kuet.ac.bd:i@19890820
pmz24001@student.umpsa.edu.my:Shopar@555234
shohan.parvez.kuet@gmail.com:Shopar@555234
shohan.academia@gmail.com:Qwer@@123456
vasudha.gogineni@axiatadigitallabs.com:chari1995
vasudha.gogineni@petronas.com:Chari@1995
24421@hornby.school.nz:cautley1
aidenlister@students.freyberg.ac.nz:Aiden0131
aidenlister@students.freyberg.ac.nz:3Mperata
samuel.grant@silc.co.nz:samuel186
200400567@akonga.twoa.ac.nz:ginger01
oedge@storans.school.nz:xkc
200460601@akonga.twoa.ac.nz:beefybun
3231003@pihms.ac.nz:@_Official_rajput_abhay10
3231003@pihms.ac.nz:ABHAYDADWAL5911
3231021@pihms.ac.nz:@Abhaydadwal5911
3231021@pihms.ac.nz:*N6jeG$7un2AyMQ
2517126@ecec.edu.np:suon@pass@4321
moh.aar@manurewaint.school.nz:korotogo1071
nisisb@rowandale.school.nz:4Ny$rj-pNfngq8K
moh.aar@manurewaint.school.nz:imamirsir
mohammed.abyaz@jchs.school.nz:Mohammed7
jiajingg@communityliving.org.nz:Yang0921G
jiajing.guo@communityliving.org.nz:kws70860
0135265840@fpz.hr:20042022Ma
k.omoragbon@edostate.gov.ng:Kelvin@03
rich@dunnfundingsouth.com:4s78KfXsGi2ZKL9w
marketing@cloudsa-africa.com:DavAlo@101
moo958@student.bham.ac.uk:simple@123
oadebileje@sathng.com:AlobodaviD89#
marketing@sathng.com:costarica01
olugbenga.adebileje@signalalliance.com:marketing@sathng.com
oadebileje@sathng.com:simple@1234
marketing@sathng.com:simple@1234
Marketing@sathng.com:AlobodaviD89#
david.alobo@evercare.ng:password04
david.alobo@signalalliance.com:RYcendi@david123
olugbenga.adebileje@signalalliance.com:Simple123
marketing@saconsulting.ai:costarica01
olugbenga.adebileje@signalalliance.com:AlobodaviD89#
david.alobo@signalalliance.com:Orobome.01
170205045@live.unilag.edu.ng:Commerce12#
iamtifeklassiq@gmail.com:@Bolu1tife
josephstephen777@outlook.com:AYOmitide$18
rbabs-oyetola@audisolo.onmicrosoft.com:Yong-juice999
rbabs-oyetola@audisolo.onmicrosoft.com:deathstroke123
rbabs-oyetola@audisolo.onmicrosoft.com:babsoyetola234
242030075@nileuniversity.edu.ng:Osekalomemega@12
~2%:r=?<GC6SQ@#
242030075@nileuniversity.edu.ng:fff
osetale.uwadiale@bowineschool.com:osekalomemega12
osemega.uwadiale@bowineschool.com:osekalomemega12
rmaliek@arkin.nl:3lijah2015!
rmaliek@arkin.nl:Anwesalie1977!
mcuadra@geosatelites.com:SokkiaTopcon1234567890
geosatinfo@yahoo.com:Lagartojuancho1
geo_nica@hotmail.com:Lagartojuancho1
sroque@gamboacorporation.onmicrosoft.com:FCBarcelona220897$
santiago.roque@keiseruniversity.edu:Teacher.2023
mrlenindelgadocortez@openenglishprograms.org:coty123*
jraq150572@gmail.com:Teacher.2023
norlan.navarrete@keiseruniversity.edu:@Norlan2021
norlan.navarrete@keiseruniversity.edu:Elearning.2024
ronny@hadekort.nl:Zap04510
ll017872@leerlingml.nl:azrabusra1
22103651@student.hhs.nl:Azrabusra1
s1142207@student.hsleiden.nl:8pxUYHyNe3YyvzECJsBkxL5K6YWFw
s1142207@student.hsleiden.nl:K@dircimbom1
156851:mangaepisode12
ghostly.ghostlyn@hotmail.com:@Evaliena00
lizzy_stevens@outlook.com:LaRosiere19!
mles@bureaucroissant.onmicrosoft.com:LaRosiere19!
maya@windowfashiongroup.com:LaRosiere19!
104375_mees@dehogeberg.nl:financieren2.0
maartenjeroen@mbresultaatverbeteraars.nl:PsV12345
104742_floor@dehogeberg.nl:Nesweg27
maartenjeroen@mbadviesgroep.nl:1794_GCnu27
kirsten@mbadviesgroep.nl:Financieren2.0!
mees@mbadviesgroep.nl:Financieren2.0
104375_mees@dehogeberg.nl:Nesweg27
mees.den.boer@hva.nl:Financieren2.0
mees@mbadviesgroep.nl:Nesweg27
boermj1@ad.hva.nl:Financieren2.0
m.j.den.boer@st.hanze.nl:Financieren2.0
maartenjeroen@mbadviesgroep.nl:Nesweg27
mees@mbadviesgroep.nl:PsV12345
104375_mees@dehogeberg.nl:gukb
credionbackoffice@mbadviesgroep.nl:G3HSg6kxT!NH2s6
secretariaat@mbadviesgroep.nl:PsV12345
619482@mijnschoolnet.nl:Janpan28414221
517155@vistacollege.nl:Nieuwschooljaar2025
joey@techworx.nl:Latino1987_!
joey.bekkering@mindchange.onmicrosoft.com:LLA101419!
fon.926802@leerling.octant.nl:TechworX2024
y.bekkering@mindchange.onmicrosoft.com:krBQ3nl6
facturen@techworx.nl:Servicepuntvoorzieningen!1
joey@wwwtechworxnl.onmicrosoft.com:Radio538
19518@leerling.fritsphilips.eu:Nayaniscool69!
ps264019@summacollege.nl:belgie17
frank.laarman@student.nhlstenden.com:Fr!k@nd3l**l!
frank.laarman@student.nhlstenden.com:Fr!k@nd3l**l
secretarisnotabelen@hhggenemuiden.nl:Fus48397
info@sanson-zonwering.nl:Jordi0203!
info@sanson-bouw.nl:Gr1ckj38
vzjvandezande@ouder.pieterzandt.nl:Rutger0405!
info@ijsseltours.nl:Var72290
Gradus.Robben@KeoWork.nl:tensax
a.nijenhuis@tcz.nl:hoeker14
gradus.robben@keowork.nl:#Hoekerweg14*
info@ijsseltours.nl:#Excelsior1920*
ncm.vedy@student.avans.nl:Emno8192#
ncm.vedy@student.avans.nl:5p7nLa3y5U38!Z5
lennox.bos@leerling.ecl.nl:JoedaBozo69$
frank@parkstadkeukens195.onmicrosoft.com:Fleurtje@2000
mariawillekes@mgzl.nl:Fleurtje2000
frank@meubelzorg.nl:Fleurtje@2000
frank.werres@meubelzorg.nl:FleurtjeMariaPip25051966
info@importautos.onmicrosoft.com:Import!Auto
jerry@nosuch.nl:62843@nosuch!
jvdven62@hotmail.com:JaCo,1409
jvdven62@gmail.com:Jack1connie
j.vandeven@klostermann.nl:JaCo,1409
info@klostermann.nl:JaveCove?
o88901ck_1489201@marshoekdirect.nl:Karadeniz6116
o88901ck_1489201@marshoekdirect.nl:Dursun61!
o83459jw_1489201@marshoekdirect.nl:Karadeniz61!
anoe13@llck.nl:Dobber65
yferro@progress.com:Mennoceleste15
zano21122@osbijlmer.nl:klieverink478
s933837@tasc.espritscholen.nl:SS8b
xander@cgalleryexclusive.nl:Fuw31025!
benjamintrinh163@gmail.com:Glob1tlz
ap:glob1tlz19678
a:glob1tlz
apexpredator163@gmail.com:Glob1tlz19678
btrinh@velcro.com:Glob1tlz19678
stacey@eva-recruitment.nl:pAARd20!
stacey@eva-recruitment.nl:Staceyjoost2022!
141093@ll.scholenaanzee.nl:Welkom01
331786@mariscollege.nl:Draingang777!
110411@leerling.ogmf.nl:fR6$2#uB
bergh1985@gmail.com:Leffe123
wambuisarah@stratfordschoolacademy.org:password
u1630781@uel.ac.uk:password
127870@edu.maaswaalcollege.nl:radler0.0
pnl15n5p@emea.royalahold.net:radler0.0
sschoormans@hotmail.com:Z745138selene
t.van.geel23cz@kansenkleur.school:W37C16m!
e.van.geel23cz@kansenkleur.school:W37C16m!
Timo.van.Geel.23CZ@kansenkleur.school:Genie7779
timo.van.geel.23cz@kansenkleur.school:Genie7779
Timo.vangeel@hotmail.com:NYWrqf4!
m.kuilman@rcn.nl:Aapnootmies123!
oisterwijk@reloadstudios.nl:Fax17892
daniel@reloadstudios.nl:Z#947785865284us
s20004431@students.duvalschools.org:babysharkK123@
propilot137@gmail.com:babysharkK123@
Brosnanspam14@outlook.com:babysharkK123@
presleybrian@learn.flvs.net:babysharkK123@
507108@vistacollege.nl:Shanelword123!
507108@vistacollege.nl:Marktplaats123
tanja@hollandsail.nl:Bal21247
tanja.droege@diva-e.com:Madox1981
tanja@hollandsail.nl:Madox1981
tanja.droege@diva-e.com:Pro0rOuq
tanja@hollandsail.nl:HollandSail2024
713167:Kawasaki750!
713694@mijncarmelhengelo.nl:Kawasaki950!
Mischaborgesius@icloud.com:Kawasaki750!
benjamintrinh163@gmail.com:Glob1tlz19678
ap:Glob1tlz19678
a:Glob1tlz19678
anwa29@edull.nl:lucas2014
darius.waal@maerlant.eu:tetter2008
sywa21@edull.nl:tetter2008
julianschuurmans@osgdl.nl:5QxkqbEZ
planning55@55creativebusinessschool.nl:MYworkspace1!pl
fym.willems@student.avans.nl:214221294
femke.willems@edu-kw1c.nl:214221294
FemkeW.student@55creativebusinessschool.nl:NL01>uae
femkew.student@55creativebusinessschool.nl:Doortje1
abel.vanettro@edu-kw1c.nl:Doortje1!
christel.pool@opoborger-odoorn.nl:boscampingODOORN18
christel.pool@fiers.nu:roosERIN68!
stoeri@sarpsborg.com:stormern088
walaln@mosseskolen.no:Abdiliker6969
odd.willy.stove@sandnes.kommune.no:Kjersti-58
odd.willy@strekk.no:Kjersti57
10arohov@ardal.skulenett.no:Vikadalen2010
10arohov@ardal.skulenett.no:Brothaobaby69
info@h-catering.no:Roj45829
alfrico.carlneil.atim.hildre@gs.haram.kommune.no:Skjorte-Salt-Skjorte-81
imranshah@afk.no:Hoppe50hoppe!
11_elias@elev.tonsbergmontessori.no:Fortnite7..
11_elias@elev.tonsbergmontessori.no:Fisketv89
julie.bartova@gybnp.cz:Lo9uJz12
stepan.barta@gybnp.cz:Barta-14
julie.bartova@gybnp.cz:34redpine
18erbjo@stavangerskolen.no:Erlingandre10
martindalb@bfk.no:Danyhvit@2008.90
elev672179@elev.trondelagfylke.no:FucLur2847(9@622)
martindalb@bfk.no:Martin200890
s.khadka77@wlv.ac.uk:University9302
peshal@8hbbp4.onmicrosoft.com:Dothehardwork123
bijaya.pokharel@nlc.tu.edu.np:tucl@2016
hd32416@office-365.works:acharya@1080
shammi@ka-nyingshedrubling.org:Nepal@123
shammi@ka-nyingshedrubling.org:pulsar@9287
shammi@knsl.org:killer23
2414105412@mujonline.edu.in:Chitranjan@1
977n2410003@capturedata.com:Dyn@mic123%
2414105412@mujonline.edu.in:Chitranjan@123
gaurab.rimal@8squarei.com:6M$zamJaE*bzh7U
cv78i_ashishs@eascoll.edu.np:Jut11769
ayushsinghpro12@gmail.com:kamalsingh112
25435@wc.school.nz:sol1n*pSis
hco.manager@vrhotels.co.nz:Vrhamilton@2024
hco.reservations@vrhotels.co.nz:Sobina@123
enquire@hamiltoncityinn.co.nz:Januka1234
hthebuwanaacharige@students.mags.school.nz:c*d5Nanthe
bronwyn.woodhead@mds.ac.nz:1loveMax1e
barrynunag@riccarton.school.nz:wigaNdi2
hthebuwanaacharige@students.mags.school.nz:kitty!ello25511
hthebuwanaacharige@students.mags.school.nz:ello25511
hthebuwanaacharige@students.mags.school.nz:hiruninj
trayce.cook@horowhenua.school.nz:liV!ston4
vikram.klein@horowhenua.school.nz:Fine2010
phoenix.royal@horowhenua.school.nz:mert5nSi@
cj.hapeta@horowhenua.school.nz:9h#Nandra
sagalala.iose@horowhenua.school.nz:Ph!llyr5a
mohinderpal.singh@horowhenua.school.nz:rh*Dotyp9s
lisabyr@waiopehu.ac.nz:ldavinci13
awilliamson2@students.mags.school.nz:Can!str7m
23bcollins@wakatipu.school.nz:Rubydog123@
bhcollins@waimea.school.nz:rubydog123@
23bcollins@wakatipu.school.nz:a5**CPzZ5#&-E_c
23bcollins@wakatipu.school.nz:Rubydog123@!@437@
bhcollins@waimea.school.nz:kimbermontana2013
23bcollins@wakatipu.school.nz:rubydog123@
bhcollins@waimea.school.nz:rubydog123
bhcollins@waimea.school.nz:a5**CPzZ5#&-E_c
bhcollins@waimea.school.nz:Rubydog123@
23bcollins@wakatipu.school.nz:kimbermontana2013
MESSI:30
zubeida6291@moe.om:zaho@177
s132572@student.squ.edu.om:Newsemesters7lt3n@
globalgroup-a@albaramigroup.com:groupa#2021
group_e@albaramigroup.com:K@898671087997oc
css255@moe.om:HUSAM94440265
css255@moe.om:hhhuuusss333
amina.hamza@csn.edu.pk:Dilara890
cesar.pizza@meduca.edu.pa:17101166Cc@
anthony.nunez3@utp.ac.pa:17101166Aa
anthony.nunez3@utp.ac.pa:tanjirokiyu17
anthony.nunez3@utp.ac.pa:Tanjirokiyu17@
jd@hooperits.com:a=M(jT6af@GhBj*
jonathan.mendez@meduca.edu.pa:Joshiel11
joseph.mendez3@meduca.edu.pa:Joshiel11$
emendez@malekseguros.com:C0nt4Asist.2021!
emendez@casaspacificas.com:Joshiel11$
joyce.mendez@meduca.edu.pa:Joshiel11$
fbarrios@intrahealth.org:panam@H558812
a.morcillo@escalalatam.com:Coco080997
lindaportugal0601@gmail.com:06101981ani
lhjicspm2373312@pgc.edu.pk:P2373312@OUed
lhjicspm2373312@pgc.edu.pk:Illustrative5345
a.abuissa1@student.aaup.edu:2480912345Ali$
davidmugela@rehanisoko.com:Inter123
shahmir.19754@iqra.edu.pk:owaisahmed123
laurent.victoria@up.ac.pa:Contabilidad24@
fh4815@of-fice365.nl:Vax92463
laurent.victoria@up.ac.pa:panama2009@
compudashiau@outlook.com:panama2009@
laurent.victoria@up.ac.pa:Lalelilu25@
8-1135-1021lorenzo@institutokilpatrick.edu.pa:lol?2408
7598652@salesianito.edu.py:21feb2012
8521724@salesianito.edu.py:hunter2021
carlos.gordillo@dimexa.com.pe:Viper#73
u21227412@utp.edu.pe:Planeta107.7
israelgraciah@gmail.com:Planeta107.7
i202510375@cibertec.edu.pe:Lima2025
1459727@senati.pe:73012299$QQR
sulvamario@hotmail.com:73012299$QQR
sulvamario:73012299$QQR
u23323313@utp.edu.pe:cemamouwu312?
u23323313@utp.edu.pe:Kiritoxnd3122
u23323313@utp.edu.pe:h2DS#!p+REDDJbK
nicole_romisoncco@usmp.pe:Estefany30Quispe30
u23251934@utp.edu.pe:NicoleJose2030*
nicole_romisoncco@usmp.pe:Estefany30quispe30
nicole_romisoncco@usmp.pe:NicoleJose2030
jorge.huarcaya@stracon.com:Victoria2729
jhuarcaya@mota-engil.pe:Victoria1
jorge.huarcaya@stracon.com:Victoria1
jhuarcaya@mota-engil.pe:santiagoflores
2021204024@unam.edu.pe:ElTioBash23
thiago.rivera@usil.pe:Dni71146222@
41403375@sanmarcelo.edu.pe:99270466
nicolas.aguila@colegiolamerced.edu.pe:41403375-Ag
73204820@cordonbleu.edu.pe:Motesita@14
yorly.cordova@uct.edu.pe:winner1
211103347f@uct.pe:$Delicias.Com2001$
vanessa_alabrin@130heroesdelcenepa.edu.pe:Alabrin21
1346396@senati.pe:Frankadler2001
u21225645@utp.edu.pe:j1ung2koo3k
u21225645@utp.edu.pe:onbar2025
leonardom.lopez@upsjb.edu.pe:Michiquita05
sonic_shadow_1@hotmail.com:Miqueridoabuelo2024
jhon.caicedo@upsjb.edu.pe:Jesus19vida
broasterconcremas17@hotmail.com:Yanis1718
roxana.belling@upsjb.edu.pe:Doctorita75
o:FlemingAlumno123
dayiro.espinoza@flemingtacna.edu.pe:FlemingAlumno123
maisa.condori@ucsm.edu.pe:DarkDcbk4
maisa.condori@ucsm.edu.pe:Cato$123
n00365342@upn.pe:Nossy/123
u201716644@upc.edu.pe:Alonso130601#
i202216615@cibertec.edu.pe:Jean2513
zenayda.cheje@estudiante.ucsm.edu.pe:arnold110325#
sebastian.ancajima.t@alum.udep.edu.pe:ULTDZKI4298lz
u24208941@utp.edu.pe:!Henry06x
renzo.rojaslo@usil.pe:736374renzo.O
renzo.rojaslo@usil.pe:736374RENZOo.
N:998096615alexxxxx
n00222922@upn.pe:Majo2020
indterceros@ransa.net:@RanInduccion2021
1601082@utp.edu.pe:Jjguutp#$2021#$
jgiron.sdigitales@winempresas.pe:Contrata.2023
grace.atachagua@futurapro.pe:Atachagua*
u20201b550@upc.edu.pe:AlexanderCuyo12@
76067293@continental.edu.pe:AlexanderCm12
u20201b550@upc.edu.pe:Alexander12@
luispongo@softkeydigital.com:superOFICE123
1437031@senati.pe:74995761$WAD
n00508734@upn.pe:MARIBEL2008
N00508734@upn.pe:Dayori.18
n00508734@upn.pe:Dayori.18
1437031@senati.pe:isabelrubi
joseblanco761@aulaacad.pitagoras.edu.pe:1*2*3*4*
joseblanco761@aulaacad.pitagoras.edu.pe:181204
1437031@senati.pe:Bendito09_01
1437031@senati.pe:36825
1437031@senati.pe:149227
al16108@abrahamlincoln.edu.pe:1vegakiwi
2020148547@talento.tls.edu.pe:kilerminirto1
2020148547@talento.tls.edu.pe:Kingameraaron1
aaronlopez13@live.com:diiego@123
pcblyrom@upc.edu.pe:B10l0g14!!!
yomara.romero@upc.pe:Lima2025#
gcastillov@cientifica.edu.pe:Biologix8$
u21219057@utp.edu.pe:Girasol1802
u18200218@utp.edu.pe:Mejora19!
U18200218@utp.edu.pe:Mejora19!
U21219057@utp.edu.pe:Girasol1802
logistica01@vicco.com.pe:L0g1$tik020
i202215093@cibertec.edu.pe:2Ywba4sp
logistica02@vicco.com.pe:L0g1$tik021
bruno_dk18@hotmail.com:chopper1479sd
u25311331@utp.edu.pe:Chopper147
u202112671@upc.edu.pe:71093881
u22316380@utp.edu.pe:diciembre16
u22316380@utp.edu.pe:movievil784321@
77164626@istsanpablo.edu.pe:manuel
u24270248@utp.edu.pe:Rios3214$1
u24306306@utp.edu.pe:Marianina,2003
u24321286@utp.edu.pe:74249918Ambar
76625321@continental.edu.pe:vacaciones21
73032392@avansys.edu.pe:1310
luciano.guerra@upsjb.edu.pe:Esmigdia123
claudio.adriano@upsjb.edu.pe:Esmigdia1997%
u201918412@upc.edu.pe:claudito10
analy.salcedo@upsjb.edu.pe:_cHnDWjW4B6J8t$
facturacion@inmenaperu.com:205157Inmena
eduardo.quispe@inmenaperu.com:Dulce020527
aramirez@senati.pe:Sob45355
a18100047@idat.edu.pe:Kevin960740689
u18200236@utp.edu.pe:Kev75071234
a18100047@idat.edu.pe:75071234B
u18200236@utp.edu.pe:KeV960740689
u18200236@utp.edu.pe:Kev75071234+
1527628@senati.pe:75416333
1529053@senati.pe:74613134
judithcastilloh@virgopotens.edu.pe:JCH62577068%
alu977_ord242@cepreunmsm.edu.pe:Wasdwasd1
EmilianoDavila@cuentafacildfs.onmicrosoft.com:Emi70709391
73032392@avansys.edu.pe:Esmigdia123
analy.salcedo@upsjb.edu.pe:Ichy191107
luciano.guerra@upsjb.edu.pe:LegqME160
claudio.adriano@upsjb.edu.pe:S@f3L!nk#89
u201918412@upc.edu.pe:Ma04092019
c24s103724@acarrion.edu.pe:Papi2024
c24s103725@acarrion.edu.pe:25786505
u202518530@upc.edu.pe:9729Axl-almnn
c24s103724@acarrion.edu.pe:Carrion2023
i202115548@cibertec.edu.pe:Lima2021
jair.joseph.solis.rios@kyndryl.com:C3nares2023*
jsolis@canvia.com:Testimonio420$
hdlima13@acerosarequipa.com:Octubre2024$
jsolisr@canvia.com:Armonia42055$
76298242eespmdm.edu.pe:MDM2024+
u24243644@utp.edu.pe:0bela2rambO/
1530723@senati.pe:Lise123456
1530723@senati.pe:mocodeGORILA2005
918037136:Aldimaq24@@
adsalazarsa@ucvvirtual.edu.pe:adrian60804909
1513890@senati.pe:7670ATF250922$
u22317682@utp.edu.pe:41605482
72278100@continental.edu.pe:Alianzalima10.
72278100@continental.edu.pe:49644529
72278100@continental.edu.pe:alianzalima19
2023184795@talento.tls.edu.pe:Ec@612171
admin@rinconcervecerocom.onmicrosoft.com:$1019$1045$S1st
41403375@sanmarcelo.edu.pe:Nico2020
nicolas.aguila@colegiolamerced.edu.pe:Nico2020
thiago.rivera@usil.pe:Dni71146222@@
dbarruetoo@ideascampus.edu.pe:IdeasCampus2021
pe002497@gmodelo.com.mx:AtleticodeMadrid1994
dbarruetoo@ideascampus.edu.pe:201820177#
100142250@cientifica.edu.pe:pe
100142250@cientifica.edu.pe:vayron2010
60884335@usat.pe:RodrigoRR23/09/2006
72256804@continental.edu.pe:Brayanmc10
62532969@continental.edu.pe:91359129
ln71173614@idat.pe:71173614@Idat
tr72119798@zegelipae.pe:Inlearning.2023
2024098357@talento.tls.edu.pe:Jb@009669
75280128@continental.edu.pe:blanarieljhowisot
angelohuamani796@aulaacad.pitagoras.edu.pe:*$V#W4ir1v
familia:fc11
u2*Gq8B4E:E,@.i
u25240509@utp.edu.pe:Chey070518
consorciocirculouni@circulouni.com:infiernillo
joseortiz@circulouni.com:Abc12345+
mespinoza@cec-peru.pe:Espinoza.2022
cec3338@cec-peru.pe:Klopsdefg
visorpowerbi@cec-peru.pe:c3c$$2021
1062601@senati.pe:Cesartacsi08
u23308296@utp.edu.pe:forever14
yamileth.mg13@gmail.com:Chinoka13.
marketing@bakels.com.pe:j%H'锟斤拷锟?
gunthergadrielgalvezguerra@gmail.com:@gunther4315
200422018@uns.edu.pe:DA43562147
307632@etud.uco.fr:A8qxyzhvt
grace.tejano001@deped.gov.ph:NLC2024-LCVs
cailin.doria@smcqc.edu.ph:prettyme14D
cailin.doria@smcqc.edu.ph:cnixforget124Do
cailin.doria@smcqc.edu.ph:prettymeD14
cailin.doria@smcqc.edu.ph:120704abcdefg
willkirth.james.pasaol@student.uno-r.edu.ph:Hol13867
jayhag@altaresources.com:11Clear!
alta504536@torrid.com:Globe@8D5A
baluntang.ranzielmir.g.537@cdm.edu.ph:Ranzielgarbin@01
leejay.fabian@perpetual.edu.ph:QurtL13213
leokarl.fabian@perpetual.edu.ph:MiDunn!816
leejay.fabian@perpetual.edu.ph:Lella062
leojohn.fabian@perpetual.edu.ph:Tooyoung23abc
Athenaisnoturgirl:Pink2020
jet23jqf@yahoo.com:812668
leejay.fabian@perpetual.edu.ph:doubleone2327
leejay.fabian@perpetual.edu.ph:1232007rblx
leojohn.fabian@perpetual.edu.ph:Leejay227NewApAp
leojohn.fabian@perpetual.edu.ph:Pink2020
leejay.fabian@perpetual.edu.ph:812668
leejay.fabian@perpetual.edu.ph:Leejay227NewApApAp
adam_miranda0149@claretschool.edu.ph:Rowena1234!
adam_miranda0149@claretschool.edu.ph:Alyanah1234
arkin_miranda0180@claretschool.edu.ph:KG4XG9
105345180022@r3-1.deped.gov.ph:67CUYt)BH/2sqDB
jca4896@students.uc-bcf.edu.ph:Centennial123
jsabada@mtmoriah.com.ph:Lor@1528
marinchelle05@ollc.edu.ph:VVire.112233
jeffrey.zabala@r8.deped.gov.ph:Gliamrey.0601
flordeliza.matol001@r8.deped.gov.ph:Florlife3!
jeffrey.zabala@deped.gov.ph:Gliamrey.0601
loida.pequero001@deped.gov.ph:Daloidz121277_
joseph.rinos001@deped.gov.ph:ComatinES.121500
flordeliza.matol001@deped.gov.ph:Florlife3!
121498@deped.gov.ph:gliamrey.0601
abdel_abing0080@sfxcs.edu.ph:abdel_abing0080@sfxcs.edu.ph
abi.grajo@informatics.edu.ph:Teletext1!
jean.grajo@infocomtech.com.ph:Vod2@cow
t-jpgrajo@pldt.com.ph:Vod2@cow
Jean.Grajo@Infocomtech.com.ph:jean.grajo@infocomtech.com.ph
abdel_abing0080@sfxcs.edu.ph:JMJ@heart88
abdel_abing0080@sfxcs.edu.ph:rcbnes@2023
im:choi
reyno.madera@gmail.com:ReynoRheaRussellRhyner24
jreblando@globalrewardsolutions.com:Wc^52IDPNhg6
hmspahilga@mymail.mapua.edu.ph:Matchalatteventi123
jmddelarosa@mymail.mapua.edu.ph:10314
hmspahilga@mymail.mapua.edu.ph:Juanmadrid1031$
heyzellepahilga14@gmail.com:juanmadrid123
resurreccionsc@students.national-u.edu.ph:mesCen-xewhi8-pygqip
m.nicdao51041@mcc.edu.ph:Nicdao
Patriciaboons.Delizo@iqor.com:Patricia$692
patriciaboons.delizo@iqor.com:patriciaboons.delizo@iqor.com
Patriciaboons.Delizo@iqor.com:Gquianne001
patriciaboons.delizo@iqor.com:gquianne001
r20220008146@feuroosevelt.edu.ph:solmux69@
R20220008146@feuroosevelt.edu.ph:Solmux69@
baluetaab@sss.gov.ph:2022Timothy
jen.sevilla@cashdirect.com.au:Crocs721!!
jsevilla@copc.com:Collagen02
j.sevilla@backinmotion.com.au:Arabella001!
jsevilla@copc.com:Belle2018
jsevilla@copc.com:#Arabella001
jeniffer.sevilla@amaysim.com.au:Belle052318
jen.sevilla@cashdirect.com.au:MoneyDummy0000!
arsenia.aladano@r5-1.deped.gov.ph:114490Gogon
ochada.sheicat@gmail.com:0556208
ochada.sheicat@gmail.com:486398
pauline.guingahan03338@pcsian.edu.ph:AetherMain
pos02@tollways.net.ph:pos02000
rvmonedero@mptmobility.com:elijahross21
pos02@nlex.com.ph:elijahross21
gnaparonable2021@plm.edu.ph:Gnap06gwen
gnaparonable2021@plm.edu.ph:Lkwe6146
+639999753365:vangeline.deped
vangeline.paronable@deped.gov.ph:vangelinedeped
norhanna.hasim@deped.gov.ph:18#Anna0922
bc007119901@alorica.com:Alorica11142020
136814140490@ncr2.deped.gov.ph:Col21633
136814140490@ncr2.deped.gov.ph:Elyu1212!
jomarieacartaciano@iskolarngbayan.pup.edu.ph:Rtc2men369
136639200093@deped.gov.ph:[NOT_SAVED]
catapia.268859@ortigas-cainta.sti.edu.ph:charlotte1203
ncsantosjr@unionbankph.com:Un10nb@nK22
ncsantosjr@unionbankph.com:Un10nb@nK24
ncsantosjr@unionbankph.com:Un10nb@nK21
haki@hakitakoyaki.onmicrosoft.com:Aldwinmanguil11
judy.sitsit@informatics.edu.ph:101315Yassi.
jimenez.285725@ortigas-cainta.sti.edu.ph:Gal05243
meyshen.saligumba@r7-1.deped.gov.ph:DwaneJJ@2014
almatheresa.diaz@deped.gov.ph:M@tutina5
305726@deped.gov.ph:RawisSHS@2018
almatheresa.diaz@deped.gov.ph:=!Diaz@deped122405
cdpastor@smsi.edu.ph:Daddyko12345
arthemann.ecal@evsu.edu.ph:Arthgwapohinduro_454
deguzmanjm@students.nu-baliwag.edu.ph:jpdg09022002
joshuadg0215@gmail.com:u47ibogu7j
lugodas@students.nu-baliwag.edu.ph:U47ibogu7j
deguzmanjm@students.nu-baliwag.edu.ph:U47ibogu7j
deguzmanjm@students.nu-baliwag.edu.ph:Iloveaxielewis
joshuadg0215@gmail.com:axieforce16
r20230013262@feuroosevelt.edu.ph:113006Rosa
R20230013263@feuroosevelt.edu.ph:r20230013263@feuroosevelt.edu.ph
r20230013262@feuroosevelt.edu.ph:113006rosa.
R20230013262@feuroosevelt.edu.ph:r20230013262@feuroosevelt.edu.ph
maryann.galas@r10.deped.gov.ph:753951456852
maryann.galas@r10.deped.gov.ph:skyjohn
willkirth.james.pasaol@student.uno-r.edu.ph:pasaolwillkirth2006
mlo@waternlife.com:Newhome@2023!
kitsch@myrealprofit.com:VPass123!
roseann.lopez@burgerking.com.ph:Ezrainnocent
jtmonteros@peoplecore.net:Stabbern@09215698282
joyce.monteros@tup.edu.ph:DAUNTLESS0280jtm
Angelasis:17.
136855130083@ncr1.deped.gov.ph:LEXTER83!
jayar.gutlay@tup.edu.ph:Jayar1903
jayar.gutlay@tup.edu.ph:Jayar1915
9673391432@cbrc.com.ph:barnachea_101
delacruz.359283@malolos.sti.edu.ph:Delacruz2024
pitogo.688775@wnu.sti.edu.ph:Lightmaster31
09950988922:Janbino.1
syrusmiguel.santamena@jm.jblfmu.edu.ph:Janbino.1
adrianquin.faeldonia@jm.jblfmu.edu.ph:Adrianquin0521
lorenzhope.legada@jm.jblfmu.edu.ph:Btsvt130613!
fatimalouise.pumaren@jm.jblfmu.edu.ph:Privatec@@kie
jestoni.sararana@jm.jblfmu.edu.ph:Taw.dry13
jestoni.sararana@jm.jblfmu.edu.ph:sararana123!
patrick.fojas@lpunetwork.edu.ph:09212513060Pat-
patrick.fojas@lpunetwork.edu.ph:09212513060Pat
sfthlezada@addu.edu.ph:IAMAGOODSAMARITAN1a
sfthlezada@addu.edu.ph:iamagoodsamaritan1A
w.villar@eleganciagroup.com:Tokloy2025
obisponb@students.nu-dasma.edu.ph:jZzgFc6F9LxR
legarda.310440@pasay-edsa.sti.edu.ph:Legarda2024
jermyn.rylie.legarda@adamson.edu.ph:Pokodoko
jermyn.rylie.legarda@adamson.edu.ph:PokoDoko!1
hizola.310440@pasay-edsa.sti.edu.ph:1qazxcVbnM
bonbon@5r4p4p.onmicrosoft.com:eksenangbasura
2021901598@feuhighschool.edu.ph:Paul101804
2023042941@feu.edu.ph:Paul_Paul101804
2021901597@feuhighschool.edu.ph:bangtan_19
136869120531@ncr1.deped.gov.ph:Css@12345
caraca.428128@ortigas-cainta.sti.edu.ph:Bag26114
jillianevelarde@lpulaguna.edu.ph:Seraxjillhaha_123
ycvillamor@assumptaacademybulacan.onmicrosoft.com:ad61Yvillamor!
abi.grajo@informatics.edu.ph:harutomahalko
jean.grajo@infocomtech.com.ph:amielDgrajo
t-jpgrajo@pldt.com.ph:teletext
Jean.Grajo@Infocomtech.com.ph:teletext
abdel_abing0080@sfxcs.edu.ph:Pasko04
abdel_abing0080@sfxcs.edu.ph:TEYTEY
kcalvarez@iskolarngbayan.pup.edu.ph:Kate110500
deato.447276@meycauayan.sti.edu.ph:noeldeato159753456
bombales.sophiadenielle@ue.edu.ph:Sdenbom0333UE
104882150005@r3-1.deped.gov.ph:Zhiankeno_08
rojo.274265@calamba.sti.edu.ph:Ojorcivor31
400082150051@r1.deped.gov.ph:Duj45225
mylin.surio@deped.gov.ph:Akonaine1980
mylin.surio@deped.gov.ph:mhar35556095
mylin.surio@deped.gov.ph:64605
gmpanggoy@mcm.edu.ph:BOSSYY!@#ace0103
136399130011@r3-1.deped.gov.ph:Lamborghini16
mbcenteno2@student.hau.edu.ph:Chigga20865971
acsiongco@student.hau.edu.ph:Juggernaut30.
siongcoanton@outlook.com:Juggernaut30.
acsiongco@student.hau.edu.ph:AntonSiongco30.
siongco:Lucita2023.
mbcenteno2@student.hau.edu.ph:toGodbetheglory001
acsiongco@student.hau.edu.ph:seemore
siongcoanton@outlook.com:AntonSiongco30.
arcilla.363613@dasmarinas.sti.edu.ph:Stda2405
jabiguero.198736@malolos.sti.edu.ph:SCIBOCAUE20199
jabiguero.198736@malolos.sti.edu.ph:Komea2015*
"gg_3f7cce2798ab32146659a5d1a2339c29","pwd":"eyJhbGciOiJSUzI1NiIsImtpZCI6IjAzZTg0YWVkNGVmNDQzMTAxNGU4NjE3NTY3ODY0YzRlZmFhYWVkZTkiLCJ0eXAiOiJKV1QifQ.eyJpc3MiOiJodHRwczovL2FjY291bnRzLmdvb2dsZS5jb20iLCJhenAiOiIzMjIwNjc1Njg4MDMtbzVmaXR2M2J0cmhkajkzNGJjbzJ0aTZmdHNvNW5xMTguYXBwcy5nb29nbGV1c2VyY29udGVudC5jb20iLCJhdWQiOiIzMjIwNjc1Njg4MDMtcDExcWJob3Zncjg3czRuNTFlbjZuODc2YjdxNTdsNmsuYXBwcy5nb29nbGV1c2VyY29udGVudC5jb20iLCJzdWIiOiIxMDA4ODY2NDUxMzAzMDM2OTM0ODgiLCJlbWFpbCI6IjIyNTJ0YWlnYXVzQGdtYWlsLmNvbSIsImVtYWlsX3ZlcmlmaWVkIjp0cnVlLCJuYW1lIjoiQ2hyaXN0aWFuIEoiLCJwaWN0dXJlIjoiaHR0cHM6Ly9saDMuZ29vZ2xldXNlcmNvbnRlbnQuY29tL2EtL0FPaDE0R2h6VHF2djc4Q25vbWwwblVuZmhXbXlGVUVFcWFDLTRja1VTU1BzPXM5Ni1jIiwiZ2l2ZW5fbmFtZSI6IkNocmlzdGlhbiIsImZhbWlseV9uYW1lIjoiSiIsImxvY2FsZSI6ImVuIiwiaWF0IjoxNjQwNjA0MTUxLCJleHAiOjE2NDA2MDc3NTF9.Zk5rY0xva6RTAXMzK8c2G6pRjhaUxePdYoCf4_stVQzoyZPa7VwMUWZZm96XSD9UBP_FtSqXVyOSOMmw2-SVu_qWkwlUXituuos4OtF4omhwk02w7hzD7lItCzigQGkp62bhETCniGaZADQHlxVmQdafpfsqd1Z-MdUZryICGLeqdPjrOYzMN0Jj7_PGZOxZOnF3EH5uEtYKK8-qiWJd5A3cNmrSnpFJFeqX8rwZyA3pgFUFrNiPD19_-npn5bKatgYFAfIqtN949ZUWhF_HHVYSPCAwdWF0u-nAKrzqW6Q3mfMP_9K5NskuKLL0oGb7tjKKK4Xa3ktNZz4XeCyjOw"}
106729120079@r3-2.deped.gov.ph:ChTa079#
marlon.alagos@tup.edu.ph:JUBrKB!Xw@00a3d
jelyn.maycacayan@tdcx.com:Jessyniah@20218
20180015433@my.xu.edu.ph:Drakieboy2013
20180015433@my.xu.edu.ph:Password0987654321911
20180015433@my.xu.edu.ph:TimmysPasswordh67h67
manaoat2175357@ceis.edu.ph:qwertymicrosft@10112004
angelomanaoat30@gmail.com:qwertymicrosft@10112004
rabor:#143mark
sabino.375592@balagtas.sti.edu.ph:STIadeline24
vinagalemdivina@iskolarngbayan.pup.edu.ph:aNGELVIA08143
vinagalemdivina@iskolarngbayan.pup.edu.ph:09185676558
vinagalemdivina@iskolarngbayan.pup.edu.ph:SXM3W9V4
vinagalemdivina@iskolarngbayan.pup.edu.ph:Angelvia08143
vinagalemdivina@iskolarngbayan.pup.edu.ph:Kenhina143
vinagalemdivina@iskolarngbayan.pup.edu.ph:angelvia08143
vinagalemdivina@iskolarngbayan.pup.edu.ph:Vinagalecutie@1209348756?
jenifer.marundan@wdc.com:jonaz123
kylahavrielle.tomada.22@usjr.edu.ph:avriellethed108
kylahavrielle.tomada@cit.edu:Tomada1208.
kylahavrielle.tomada@cit.edu:October72002.
jayhag@altaresources.com:2222clearclear!
alta504536@torrid.com:Welc0me!123#
libre.374841@pasay-edsa.sti.edu.ph:Dannrhys09
kenth.grino@jm.jblfmu.edu.ph:Nud71371
1950@6kqu2.onmicrosoft.com:leyyDG05
Rheil.Lapuz@kehe.com:yowwleyyDG03
1950@6kqu2.onmicrosoft.com:client_ALDER
Rheil.Lapuz@kehe.com:rheilganda03
rheil.de-guzman@hitachienergy.com:!0603rlekF
johnromer.bicera@v66fi.com:Jbicera-v66
Traffic:Zchaneamae21
clemente.emmanuel.shs@dyci.edu.ph:17Jgv2nNt8Dc
buenafe.451702@novaliches.sti.edu.ph:Dayang31onesti
t202212077@feucanvas.edu.ph:Mike@102702
t202212077@feucanvas.edu.ph:t202212077@feucanvas.edu.ph
abanto.345559@ortigas-cainta.sti.edu.ph:09613793076Ma
isalopez@mymail.malayanscience.edu.ph:Chichikoy2802
isalopez@mymail.malayanscience.edu.ph:ChiChiKoy2802!
kyle.ramos@lifehousemontessoriacademy.com:KenzoKaye117
office@brownellteamrealtors.com:Napoleon_17
zhyra@brownellteamrealtors.com:Secretstars_1998
zhyra@brownellteamrealtors.com:Zhyra17@
zhyra@brownellteamrealtors.com:Aridasecret17@
zhyra@brownellteamrealtors.com:Lilmsnerd@17
office@brownellteamrealtors.com:Anthony_17@
ellie.cobo@snhu.edu:Napoleon_17
joshuatnotarte@iskolarngbayan.pup.edu.ph:Apes.Together.Strong
velvette.pasion@smsupermalls.com:Yushin13
joann.miranda@rds.com.ph:jbm@02222021
jambongana.sophiaceline@gmail.com:jbm@02222021
lourence.devera004@deped.gov.ph:Rhensie_joy*5
lourence.devera004@deped.gov.ph:SapangNHS20241
lourence.devera004@deped.gov.ph:rrrrrrrrrrrr
lourence.devera004@deped.gov.ph:CgDjG8j$X*fsyZD
wmarevalo@mymail.mapua.edu.ph:Nov2020130615
mary.lauraine@myclinic.com.sa:Festin2024
agl0688@students.uc-bcf.edu.ph:Clarkquinn20
zhandrexjohn@tamaun.onmicrosoft.com:@Yecmrclip009
349@tamaun.onmicrosoft.com:@yecmrclip009
4149@thevailacademyorg.onmicrosoft.com:@Yecmrclip009
zhandrex@thevailacademyorg.onmicrosoft.com:Agnaax1245
castillo.267087@sanpablo.sti.edu.ph:@Chuchay88
hachoi@student.hau.edu.ph:h76bbrfx
analyn.delima@r4a-3.deped.gov.ph:Franzethan.delima.salang.0923
analyn.delima@deped.gov.ph:Lynn1682
m.galvez.523962@umindanao.edu.ph:Mattgalvez@7
tiamzonrj@students.national-u.edu.ph:rjt017god!
501984@deped.gov.ph:Esperanza_304670
charina.aurellano@r5-1.deped.gov.ph:Hanzavey@1976
112011100019@r5-1.deped.gov.ph:Sesjaalison0218
charina.aurellano@r5-1.deped.gov.ph:Ynah@1976
136895100142@ncr1.deped.gov.ph:Pateros@1
418639150019@r3-1.deped.gov.ph:HALILIANS@300739
rivera.431898@baliuag.sti.edu.ph:BzTUToEOisQ9G3f2j.7
136571150226@ncr2.deped.gov.ph:5022603@As
136571130746@ncr2.deped.gov.ph:136571130746@ncr2.deped.gov.ph
tddomingo@malayanbank.com.ph:jvbdd088
hazal.leal@iqor.com:Sailboat
dennis.leal@iqor.com:Dele.11111@
hazal.leal@iqor.com:Delta.11111@
dennis.leal@iqor.com:Delta.619408
sa.cebu.ssa@saversappliances.com.ph:2345678910
sa.cebu.ssa@saversappliances.com.ph:8c84pm
rrg@04282021:Yuanseven7
sv00779365@techmahindra.com:SvS779365
TIMAUHCoopKhalidiya@appareluae.com:lance081989
timhortonsetisalat@appareluae.com:Kh@lidiyah7309
timauhcoopkhalidiya@appareluae.com:lance081989
johnnorbert.tamares@cit.edu:119986120094#T
pineda.21-1907@qcu.edu.ph:Qcuislife1
vinaraocc@students.national-u.edu.ph:kvmrwhut97jS
doris.valencia001@deped.gov.ph:Doris123!
padilla.289083@ortigas-cainta.sti.edu.ph:Bak00558
mineengineering@eramenminerals.com:Mine3ng1n33ring@EMI2025
fabianji@shs.nu-clark.edu.ph:gardevoirsimp
lance@52tkxv.onmicrosoft.com:La107740130075Merilo
kdc7231@students.uc-bcf.edu.ph:kdc7231@students.uc-bcf.edu.ph
kdc7231@students.uc-bcf.edu.ph:KayceeUC2023
kdc7231@students.uc-bcf.edu.ph:kayceeUC2023
mb007275777@alorica.com:kikojm
mb007275777@alorica.com:Axelandazrael_1204
pag0006@student.emc.vic.edu.au:nicolepag7
662@handyhhcity.onmicrosoft.com:rogeramara@29
nikkapauline.arteche@rosario.sti.edu.ph:Nikka54321
nikkapauline.arteche@deped.gov.ph:rogeramarA@29
kennwheslybanaag@lpubatangas.edu.ph:@040201Kenn
kennwheslybanaag@lpubatangas.edu.ph:3059786
gainesjmcs@students.nu-laspinas.edu.ph:251zSqckPAX
8324138340@feu.edu.ph:josemaine123
queencel.salvador@deped.gov.ph:queencel.salvador@deped.gov.ph
queencel.salvador@deped.gov.ph:Japeq@28
siteadminsocsargen@ppa.com.ph:SITE@microsoft2024
rajannethannafortaleza@iskolarngbayan.pup.edu.ph:shanearwin@16
grwsetm1995853@pgc.edu.pk:fatP1995853
21FMELE045@uetmardan.edu.pk:21fmele045@uetmardan.edu.pk
21fmele045@uetmardan.edu.pk:CLE@3ZtVjr
malik:12373.1
brandmanagement@infinahealth.com:@nexus123
brandmanagement@infinahealth.com:@Nexus123
brandmanagement@infinahealth.com:Infinahealth123
waqass@eu.eculine.net:nSqcv5hdrvpkH8zfv&
0000314756@aiou.edu.pk:Rabia@1512#Dua
l1f22bsds0013@ucp.edu.pk:Lenovothinkpadi3
l1f22bsds0016@ucp.edu.pk:Singisking1.
hamna.rauf@makpower.tech:Q)463973185593ov
muhammad.0985556@talmeez.pk:researchpaper
cw_7110047@outlook.com:2014Talal.
muhammad.nafees@alkhidmat.org:taaldarling
bilal.muhammad@alkhidmat.org:2014talal
muhammad.nafees@alkhidmat.org:For31265
Muhammad.0985556@talmeez.pk:Talal@2014.
aman.ullah@alkhidmat.org:6916689
muhammad.nafees@alkhidmat.org:talal2014
muhammad.0985556@talmeez.pk:Talal2014
muhammad.0985556@talmeez.pk:noor2012
23-cp-82@students.uettaxila.edu.pk:Saeed@709
ce22f-034@ssuet.edu.pk:ssuet+3168640184
cs22f-301@ssuet.edu.pk:ssuet+3168640184
v-sharjeel.sohaib@agilepoint.com:socialSELLING
arhamahmedkhan@aakaviary.onmicrosoft.com:Caterpillar3416
arhamahmedkhan@aak16.onmicrosoft.com:Caterpillar3416
53017992@sfcollege.edu:55Fast.ghost
3660169204686@qaed.edu.pk:11223344
fa20-bsm-28@must.edu.pk:121212
8110349592136@aiou.edu.pk:Gtzq2548
0000025416@aiou.edu.pk:Qdym2530
javeriarazzaqfa20-rch-013@outlook.com:121212
03315550279:w@rface123
rwdicspm1830442@pgc.edu.pk:Micro5oftt3am
03315550279:b@cksp@ce123
rwdicspm1830442@pgc.edu.pk:w@rface123
saadq@247homerescue.co.uk:123456
irfan.aziz@unityfoods.pk:irfanAZIZ@12345
irfan.aziz@unityfoods.pk:822025
irfan.aziz@unityfoods.pk:@aimviz@1234
ahmaduddin@csn.edu.pk:nachoooo
ammaruddin924@gmail.com:12ammar12
ahmaduddin@csn.edu.pk:12ammar12
ammaruddin924@gmail.com:12ammar12@
ahmaduddin@csn.edu.pk:12Saleem12
ldrfacem2300433@pgc.edu.pk:P2300433@OXeg
0000342016@aiou.edu.pk:Jgnr1602
0000342016@aiou.edu.pk:311095a.
0000342016@aiou.edu.pk:Vamz8952
abdul.143072.isb@iqra.edu.pk:20people
zahoor.bscs22.nbc@student.nust.edu.pk:Nust@112233
255480.tcs@csn.edu.pk:Csn@123!
800055724@omnia.fi:Khanzada@2025
800055724@omnia.fi:Khanzada@786
farasat.ullah@autosphere.ai:09876!@#$%Khan
16-cp-37@alumni.uettaxila.edu.pk:1234@Computer
notifications-noreply@autosphere.ai:admin123
farasat.ullah@autosphere.ai:User1@0987
muhammad.umer@autosphere.ai:Superadmin@1
muhammad.umer@autosphere.ai:Auto@2023
cv18-068@ssuet.edu.pk:2018-Cv-068
daniyal.ashfaq@junaidjamshed.com:ssuet+2020
cv18-068@ssuet.edu.pk:2018-cv-068
3660115157102@qaed.edu.pk:03214051264
bursetm2300010@pgc.edu.pk:0123456789/*-+.SAif
alh5432112@outlook.com:Ali1234567
a:Ali123456789
anna.dziewiecka@hermanos.org.pl:XrdzYwHnpq
piecyk.wiktor@psp4.radom.pl:Astor2011%
JESTEM:LOL
k.swierczewski@sp182.elodz.edu.pl:iza.mamot123@wp.pl
w.swierczewska@sp182.elodz.edu.pl:iza.mamot
bartlomiej.goik@o365.us.edu.pl:BArtek20043
bartlomiej.goik@o365.us.edu.pl:BArtek20043!
k.urban@morskaszkola.onmicrosoft.com:Biedronka1
k.urban@morskaszkola.onmicrosoft.com:Biedronka123
edyta.urban@poczta-polska.pl:Biedronka
k.urban@morskaszkola.onmicrosoft.com:Biedronka37
k.urban@morskaszkola.onmicrosoft.com:#Ksawery2012
k.urban@morskaszkola.onmicrosoft.com:Walczak11!
k.urban@morskaszkola.onmicrosoft.com:Biedronka
ciurus.mateusz@zsbd.edu.pl:MefjuMefju69
pochylski_radoslaw_1660247@sp33.bytom.pl:Pipi1234567.
mraczak@sapsp.eu:raczek1190
r.butvynnyk@sp110.elodz.edu.pl:Romek2015
r.butvynnyk@sp110.elodz.edu.pl:Dima1010@
r.butvynnyk@sp110.elodz.edu.pl:Dima1010
abaszaraba@akademia.soward.eu:Roblox12
abaszaraba@sp14czest.onmicrosoft.com:Wab08616
r.butvynnyk@sp110.elodz.edu.pl:!b3S9_EBLEg_Ub9
r.butvynnyk@sp110.elodz.edu.pl:qwertyuiop12345
sarbar.023@edu.erzeszow.pl:06Sara06.
alessandro.vaccari@zaccagnagalilei.edu.it:GLASSAale07
p.wisnicka@gizycko.edu.pl:Wisnickap01032007
p.wisnicka@gizycko.edu.pl:wisnickap01032007
olsztyn.natalia@amrest.eu:9512
mariusz.olsztyn@zs7.edu.pl:Kaltowizna25
9572@student.puz.suwalki.pl:dlanauki1
natalia.olsztyn@nzs.org.pl:kotek2009
natalia.olsztyn@zs1.suwalki.edu.pl:selecta1234567
93069@student.ue.poznan.pl:Apartament2564
19r03-mo.olsztyn@zsdowspuda.pl:metameta12
8434@student.pwsz.suwalki.pl:K!wiatuszek8
mariusz.olsztyn@zs7.edu.pl:12345678
natalia.olsztyn@zs1.suwalki.edu.pl:M!ariuszOlsztyn01
olsztyn_marlena_1677295@spprzerosl.pl:kotek2009
knowachowicz@uczen-sp3.pl:Kropka123
kdrozdzewicz@psp2walbrzych.onmicrosoft.com:DROkam2009
barkam.469@edu.erzeszow.pl:batuta1980R!
jkorniak@zso11sosnowiec.onmicrosoft.com:K2klon99
sebastian.hunek@zpociecierzyn.pl:Sebastian2137
werhune21@lo4.lublin.eu:Wera&Molly@
s2016.008@spbrzezno.pl:HHHhhh777
s2016.008@spbrzezno.pl:Sara1234
mlitwin1@lo13wroc.onmicrosoft.com:MataWuszi098
matawuszi@gmail.com:MataWuszi098
jakubszkolka@sp3libiaz.onmicrosoft.com:Bratek11
marcinzelechowski@zspkampinos.edu.pl:Marcin2023
5fblazejurban@zspnr9belchatow.onmicrosoft.com:Dejzi2019
nikikacus@hotmail.com:Nikola2014
nikikacus@hotmail.com:Nikola2014.
bdabek@spgodz.onmicrosoft.com:Kurwa2137
stanislaw.wroblewski@salsp.edu.pl:Majonez1234
mbazan@szkoladukla.onmicrosoft.com:Garfild123
23awojciechowski@uczen.kopernik.kalisz.pl:Dusia6879
ciechomski_szymon@zs2-gostynin.edu.pl:sperma.123
ciechomski_szymon@zs2-gostynin.edu.pl:Kochamcie.10
norbertpogorzelec.uczen@szkolastubno.edu.pl:PASJA100
mligucki@ze9zg.edu.pl:H$918606559245aj
4355014u@sp4-skierniewice.pl:Ban45655
hubert.kowalczyk@spnr2marki.onmicrosoft.com:Hubi08.29.09
j.brzozowski@sp23.elodz.edu.pl:eloelomordo123E
j.brzozowski@tech3.elodz.edu.pl:hdNv2D5L*7!$jH!
olsztyn_marlena_1677295@spprzerosl.pl:Loz85633
volodymyr.vorobiov@azurair.ua:Dotafor11
volodymyr.vorobiov@azurair.ua:Borispol12!
patryk.falecki@spkarlino.pl:Kyloren-8
natalia.falecka@sos-wd.org:Itkaaa9710
a22443joaocarvoeiras@aluno.aescolasmmcartaxo.pt:solposto
a22443joaocarvoeiras@aluno.aescolasmmcartaxo.pt:Joaofrcarvoeiras2011@
boltarzewski@spkoszalin.onmicrosoft.com:ORgW1a9i
1241734@isep.ipp.pt:GFCY9XDF
ad.soldan@sp55.elodz.edu.pl:Facebook1900
a.soldan@zsp20.elodz.edu.pl:Facebook1900
BabyBoss50@hotmail.com:BabyBoss69.
flaviaandreia50@hotmail.com:05022024
7701@e-cdds.pt:SousaGR28
7701@e-cdds.pt:Prilkl1974
7701@e-cdds.pt:rodrigo13
1583@hbarcelos.min-saude.pt:rodrinana
4a.18@sp1.lukow.pl:Gierki2@
osztejnagel@zsczernikowo.pl:Oskibabeczka1
osztejnagel@zsczernikowo.pl:isusu0056
5amichalgierszewski@zspnr9belchatow.onmicrosoft.com:Gierszak.123
mgierszewski1@mickiewiczbelchatow.onmicrosoft.com:Gierszak.123
a24524@esjoseafonso.com:Faray200.
r.wieckowski@spbonin.onmicrosoft.com:Gud06085
al.918174@aeaav.pt:PPmartim#
f4166@y365.me:SP.senai20
al.918174@aeaav.pt:PPMARTIM12345
al.918174@aeaav.pt:0987654321
f4166@y365.me:ppMARTIM3#
al.918174@aeaav.pt:PPMARTIM
f4166@y365.me:PPMARTIM
a42136@aehn.net:password
szymon.danilowicz@krasnopol.edu.pl:Lubieszkole123
agata.danilowicz@krasnopol.edu.pl:Lekcje.online123
arkadiusz.chylek@spdolna.pl:Arek!rek12
arkchy.460@edu.erzeszow.pl:Arek!rek12
arkchy.460@edu.erzeszow.pl:Arek54321
kczyzewski@spuhowo.onmicrosoft.com:Cezar220
gustavo.b.cabral@aeja.pt:Videogame495
a37761@ag-sg.net:311961266
a43609@aehn.net:Escola2024!
antoni.oktaba@zst.info.pl:Oktikokti007
www.vlada2335@gmail.com:@Vlada2335
proagente007mil@gmail.com:papelhigienico2
a10005@agr-afonso3.net:especial2021
a11554@dmtavira.pt:@Qwerty1234
proagente007mil@gmail.com:admiqusc
a10005@agr-afonso3.net:oX8zw1PjCOMhHjh
www.vlada2335@gmail.com:especial2021
www.vlada2335@gmail.com:@Hen2200san
a11554@dmtavira.pt:3650
j.domanski@sp137.elodz.edu.pl:KubekBOJ24!
qdoku8@gmail.com:Kochamgenzie13
j.domanski@sp137.elodz.edu.pl:KubekBOJ24
student83@zsp3wilanow.pl:Marcin84
miloszmacidlowski@gmail.com:Guciopro123
mmacidlowski@sp5chelmza.onmicrosoft.com:Gucioprokoks1_
miloszmacidlowski@gmail.com:Guciekkk2014/
mmacidlowski@sp5chelmza.onmicrosoft.com:Guciekkk2014/
lucas.nascimento.27716@agml.pt:Davi2306
lucasdn5569@agruplapias.pt:Davyd@261107
dmalyska@spfirlej.onmicrosoft.com:Fordgtgt56
285536@student.pwr.edu.pl:Darek122066
droksela@czworka.info:eeohf
msiglowy2@edu.erzeszow.pl:Michalbomba12
22asiglowy@sptrzebownisko.pl:Marcysia29
wbanaszak@uczen.sp17.kalisz.pl:Loczek2008
829065:Dupa1234567.
a.busler@sp14.elodz.edu.pl:SlemsenggalaxyA69
z.malevych@sp65.elodz.edu.pl:robik2974
khrystyna.maievych@mojcosinus.pl:robik2974
8094590u@sp4sulejowek.pl:1F2ksmtk
8094590u@sp4sulejowek.pl:maBabeczki123
filip.perlikowski@sppietnastka.onmicrosoft.com:Kacper12
34615@aeccb.pt:76342.A00a.
feira407@alunos.ipca.pt:1200elisa
vscastro@cimatec.com:1129@Vsc
dbatoloco:Jempynmf#231
vcastro@cimatec.com:1129@Vsc
vscastro@cimatec.com:team2024
elliot.reyes@upr.edu:UPRrp#6922
e24513202@miescuela.pr:uhf682ypr00698
e24399629@miescuela.pr:Luis2283@!
a.abuissa1@student.aaup.edu:2480912345
a.alarda5@student.aaup.edu:Asdf_*2468+
27113459@shebron.edu.ps:se@271100
920316700@shebron.edu.ps:naya@joury#*2021
mu.abdalla@unrwa-edu.org:Ss@@2525
alaa.hamad@unrwa-edu.org:Mot080808$
432708584@snablus.edu.ps:Vot76574
g00104650@aus.edu:SebaFareed_1234
423684372@nablus.edu.ps:42368
421713124@rb.edu.ps:059599MOH
head@rfs.edu.ps:courts@123
431193036@qabatya.edu.ps:abed@#11
josedaniel-familia@hotmail.com:DC1983tc
a31917@alunos.ipca.pt:Itachi8.2006
ricardinhow@msn.com:AllinPriv19.@
6730075@formacao.iefp.pt:CoguWelo21
6730075@formacao.iefp.pt:Eusouescuteiro1999
6730075@formacao.iefp.pt:LQHS3W
matos_20:filipematos
fmgm2005@gmail.com:Filipematos2005
25758@alunos.aecentroncamento.pt:30678525
al2326_6846@alunos.eprodo.pt:Fmgmatos_005
filipematos2005@gmail.com:Matos@2022!
fmgm2005@gmail.com:Matos@2022!
25758@alunos.aecentroncamento.pt:Matos@2022!
admin@civetmontenegrolda.onmicrosoft.com:Anjos123!
anafernandes@remax.pt:Vilelas#2017
joana.fernandes2@ipcbcampus.pt:Joana23102003
antoniofernandes@amatoscar.pt:00030003
celiabrito@labinter.pt:Filhos2023
a21134@esvv.net:Slb4ever
30004326@students.ual.pt:daniel1de12
30004326@students.ual.pt:Massissa1999#$
a041723@umaia.pt:Massissa99
pedro.franciscon1@istecasr.me:ASTEETALe2
7919835@formacao.iefp.pt:8TJHwghTMK8zK4D
7919835@formacao.iefp.pt:VANIAmorais2005
s.bento69@hotmail.com:Helder69
gabrielapereira@remax.pt:14791Samuzito2!
aeva2238@valeaveiras.pt:V)966564779193uh
aeva2142@valeaveiras.pt:Tartaruga8
aeva2142@valeaveiras.pt:aluno9
aeva2142@valeaveiras.pt:Rita_gulosa
aeva2238@valeaveiras.pt:alexandrepro1
al32061@aejsc.pt:pILAR2015
15807@aepevidem.com:tcm642011+12
a25037@age-mgpoente.pt:Pacheco23#
a14868@aemgnascente.pt:P@ssword
a25037@age-mgpoente.pt:[NOT_SAVED]
7561@epfelgueiras.pt:gilDIAS12
3853479@formacao.iefp.pt:xavier
a10014847@alunos.aeviseunorte.pt:Aluno2024
a10014848@alunos.aeviseunorte.pt:Raz93785
tiagodantas2971@aluno.aevncerveira.pt:cctt@441428
12844@arslvt.min-saude.pt:TOrrozelas72*
a27263@ag-sg.net:293896658
a27262@ag-sg.net:a27262Rocha
a27263@ag-sg.net:a27263Alves
swro0001@undervisning.kk.dk:swroopdon123
6661755@formacao.iefp.pt:iEFP19091998
a2022140298@isec.pt:iEFP19091998
7493066@formacao.iefp.pt:Jhunhoon271983@
lucas.brasil@inteliav.pt:pajwak-0Sahme-reqsuw
brasil_340@hotmail.com:qaxzop-seWxyf-0fypki
lucas.brasil@inteliav.pt:mevkop-sofqi3-cemriG
prof@prof.pt:PATRICIA18
guilhas.cunha@gmail.com:coquinhas.
timofeisitnichenko4204@al.aeaa.pt:D0p4ek2011
a18053@ae-samoracorreia.pt:Vane4ka)
a18053@ae-samoracorreia.pt:sverchok1104)
912462443:D0p4ek2011
a18053@ae-samoracorreia.pt:Natasune2ka)
timofeisitnichenko4204@al.aeaa.pt:Vane4ka)
a.sitnichenko@rtsb.de:Cohuteac@515822
timofei4204@ee.aeaa.pt:Rujilo4_
timofeisitnichenko4204@al.aeaa.pt:Rujilo4_
92360@hvfx.min-saude.pt:Portos1108
a17570@ae-samoracorreia.pt:hellcat34)
timofeisitnichenko4204@al.aeaa.pt:Natasune4ka)
comercial@hcaraujo.pt:G%610252653738ur
a22059@aevizela.edu.pt:216200_aa
comercial@hcaraujo.pt:Quy39887
comercial@hcaraujo.pt:216200Cc
comercial@hcaraujo.pt:216200Aa*
Abdulatif.2022@ges.sch.qa:11102
abdulrahman.2234@ges.sch.qa:11102
abdulrahman.2234@ges.sch.qa:School.123
Abdulatif.2022@ges.sch.qa:bb$-55@u-QW)9
Abdulatif.2022@ges.sch.qa:Abdulatif6608
kariem154862@students.nooralkhaleej.net:Salah@2020
m.salah@qdcl.qa:1059056078841`
r.al-naemi2104@education.qa:ALnaimi101@
alnaimir62@gmail.com:ALnaimi12&\
r.al-naemi2104@education.qa:ALnaimi12@
s.naemi2912@education.qa:ALnaimi12@0
10041@tngqatar.com:1989@TNG35
hay1989@hotmail.fr:houtahouta78
hayetbouchelif@tngqatar.com:10041@TNG742
hay1989@hotmail.fr:haylif-1989
apurath1@hamad.qa:Medicalcity123!
stu14996@dpsmisdoha.com:Moneyheist$$$
stu14841@dpsmisdoha.com:vijay2009@B
f.al-khater1202@education.qa:F.alkhater7
r20240016034@feuroosevelt.edu.ph:jay77oyd@#
naas.operations@shaqab.com:saiful!@1027
pop.ezra@eminescudej.ro:ezraisthebesthaha
mara.sitas@stud.ubbcluj.ro:314007Stud#nt
petrasemanuel9@gmail.com:Manu123@
daiana.zifceak@maxagro.ro:Maxagro2023
dayana17:*
Dayana17:*
stefan.sebastian-paul.fa@usvt.ro:Q/775986624159on
sebastian-paul.stefan@student.upt.ro:S4b4stian17182729-Stef4n
szabo.benjamin@scoalatitulescu.ro:titu2020
szabo.benjamin@scoalatitulescu.ro:akroverki7464913
cosmin.iosif@cnicbag.ro:Cleopatra@Vasile!04
cosmin.iosif2004@gmail.com:SuperSimplu12
budeanu.florin@scoalaschela.onmicrosoft.com:FlorinCristian202007
budeanu.marius@scoalaschela.onmicrosoft.com:Diana-Georgiana1986
rafaelhojda@scoala2nosm.ro:RafHoj22
raul.ancau.fia@usvt.ro:Raanuclau2004#
raul.ancau.fia@usvt.ro:Fallenheart2004
610096060@musd.net:09052012
610096159@musd.net:10142015
bianca.barbat@stud.ubbcluj.ro:Parola06001004324801
covacs.luteanca@liceulpaveldan.ro:admin
covacs.luteanca@liceulpaveldan.ro:adi-becl
calin.cecilia@liceulpaveldan.ro:Veronica1!
calin.cecilia@liceulpaveldan.ro:Veronica76
davidpetrica@liceulgermanoradea.ro:03245309QwEr
nikola.vuckovic@borg3.at:Vucko1976
e.andric@tehnickaue.edu.rs:fazo102
e.andric@tehnickaue.edu.rs:SuksSuco7
1473_r5os_o2_u11@eprosveta.ac.rs:vukasin2009
1473_r4os_o3_u11@eprosveta.ac.rs:Vukasin20072009
2022_12043@edu.arh.bg.ac.rs:2212003710291
2022_12043@edu.arh.bg.ac.rs:Proleterska77
2022_12043@edu.arh.bg.ac.rs:Umcari77
2022_12043@edu.arh.bg.ac.rs:proleterska77
katarina.gregorc@aldahra.com:K21nagRe
0411024@vakademija.edu.rs:Neznamsifru57@
1650_40319_rumenic_milorad@eprosveta.ac.rs:m1234567
buyoya_220015170@stud.ur.ac.rw:Sengorore7@
nsengiyumva_220008788@stud.ur.ac.rw:0987654321zxc
buyoya_220015170@stud.ur.ac.rw:0987654321zxcvbnm,./
buyoya_220015170@stud.ur.ac.rw:merci480@
buyoya_220015170@stud.ur.ac.rw:!@#ZXC123qwe
nsengiyumva_220008788@stud.ur.ac.rw:7Byayesu@
buyoya_220015170@stud.ur.ac.rw:603288
buyoya_220015170@stud.ur.ac.rw:36987
s1863431@mkhg.moe.gov.sa:NADEEN-naged
s6318754@mkhg.moe.gov.sa:/eK!-?$iq8?_zRb
s9859996@mkhg.moe.gov.sa:@Jawaherali65
s7714168@mkhb.moe.gov.sa:Salehnaged1135109161#
s1863431@mkhg.moe.gov.sa:Sanji12098
s1863431@mkhg.moe.gov.sa:mhmd2009516200633
s2122607@mkhg.moe.gov.sa:2005823MNA@
s2716427@mkhg.moe.gov.sa:Sanji12098
106952@almarai.com:Password456$$
106952@almarai.com:sARWAR8099584$$
106952@almarai.com:Nadeem123$$
s3433272@rb.moe.gov.sa:38P@s9sW0r724
s2458596@mkhb.moe.gov.sa:P0099887766
t236896@estb.moe.gov.sa:S5965763s
s3363768@estb.moe.gov.sa:AA11xx22zz@
s6167416@mkhb.moe.gov.sa:Qwerty_089
s2549141@mkhb.moe.gov.sa:farsfahd511
s6167416@mkhb.moe.gov.sa:Qwerty789
s9991398@estb.moe.gov.sa:legend.1243
s9991398@estb.moe.gov.sa:ali321995
s5852008@estg.moe.gov.sa:ali321995
s5852008@estb.moe.gov.sa:alveen668560519
uzomaki.ali@gmail.com:FGJJFGUGJF
s9991398@estb.moe.gov.sa:Legend.1243
s5781456@rb.moe.gov.sa:Snipervip007
s5781457@rb.moe.gov.sa:snipervip007
s5781457@rb.moe.gov.sa:skopvip007
s5781439@rb.moe.gov.sa:sni[ervip0077
s4911033@asrb.moe.gov.sa:62P@s17sW0r1414
Muhammad:Sohaib
d.coe@uchenab.edu.pk:Yaris2000
dd.ac@admin.uchenab.edu.pk:Islamabad@50545
db1401@domestic.hbl.com:Yaris2000
tehreem@bhsteams.org:alam.dptek2023
s9069056@jzg.moe.gov.sa:rayanppqq123
s6872970@jzb.moe.gov.sa:Turkilo77
s6872970@jzb.moe.gov.sa:Turkilo@77
t80907439@gmail.com:Lvhl1422
essa.591227777@gmail.com:Vmpm#L4541X;Ay
s5903400@jzg.moe.gov.sa:Turkilo77
sayfalshraif@gmail.com:lvhl1422
s6872970@jzb.moe.gov.sa:Lvhl@1422
s9069056@jzg.moe.gov.sa:t123456
essa.591227777@gmail.com:lvhl1422
sayfalshraif@gmail.com:Turkilo77
Turki19902011@gmail.com:Lvhl@1422
t80907439@gmail.com:Turkilo77
s5903400@jzg.moe.gov.sa:Lvhl@1422
18lcolli@wicklowvec.ie:Cwub5448
angelsam202331650@cunoc.edu.gt:Elfin551
457809927@monofeya1.moe.edu.eg:Abc12345##
1971650008@ms.uki.ac.id:uki@2019
222000155@students.nust.na:Ndagwedha@5
i202110854@cibertec.edu.pe:_!CeEa9_aGVbD9*
20160285@aravali.edu.in:Aravali4g
eduardo.bolize@konia.com.br:Edudu15953575!
jc005973202@alorica.com:jc005973202@alorica.com
450787265@sharkia1.moe.edu.eg:Std#050314
transporteops@lima2019.pe:Transporte/123
2000094906@fcstu.org:02202010
12322021660386@pg.cu.edu.eg:01151528098.noha
esmontreal@primax.com.pe:Primax2017
allwinsundardoss:399119999531Aj
minamamdouh959@gmail.com:012088qW@
enapa.cp2103.016@napa.vn:Pvhai@123
36508@ms.tup.ac.th:Id1103200182854
451025836@gharbeia2.moe.edu.eg:Std#050715
rajesh.kumar@adglobal360.com:raju@4682
nguyenhai06.it@gmail.com:Linh210399
kennette.pitti@meduca.edu.pa:Quvai3709
bobitka@jws-rossdorf.de:Salvator08#
3303309361@hungyen.itrithuc.vn:boruboru123
1517672@senati.pe:TEAMOMEDALIT$3
ddejesus@ucateba.edu.do:D14112001
01204682517:Rt2468910
n138093359@taalim.ma:Amore2010
digitalizacion@coosalud.com:C00s4lud.d1g1t4l
20101107@uap-bd.edu:Mynameisevan1999
s7175286@mkhb.moe.gov.sa:Dell7722
l.owens8125@student.tsu.edu:!Dee0wens
gbarrancoc001@alumno.uaemex.mx:wpR14VdIL8b
test@ppzi.onmicrosoft.com:Nuf04956
jonnovik3955@emokykla.lt:Gamingdiamond78
eduardo.velazquez@cuiza.edu.mx:Dxblaster321
40504377@live.napier.ac.uk:ibifolayemi@001!
a.tall@groupeonepoint.com:leukEtBouki41!23
podpora@ipodnik.cz:Mol09957
birungikarl@gmail.com:Krysta123@
madginot@gmail.com:Herodog2881
ehab.harby0179@nub.edu.eg:eh@b2564
jguevara@grupoafin.com:Juan1213
escueladeportiva@daem.imo.cl:Edo7347*9643
407852276@qaliobia3.moe.edu.eg:Std#031001
rana.rahul@perpetual.edu.ph:Ambala@12
axel231007@hotmail.com:Colombia2109
081316254626:cinta_naruto
2711288@collegelacite.ca:Kanie2022
we786barb@gmail.com:netflix65K
s3745193@estb.moe.gov.sa:Egypt#03985
880404655@moe.bh:M10501988Aj
e2200501993@live.uleam.edu.ec:Mesias0504
ernest22@t.5tb.in:UDkFVkR2sR
arondeau0001@mymail.lausd.net:102505F094
floreslia871@gmail.com:ulises103
normaco.olayaro@esap.edu.co:JP!Q5U6#?L8#C
internaco:Intern007
bogdan.danciu@tgl.scoala365.ro:Leptop2020
900641@lcps.org:LazerVK3!
hasan.ahmed@khatibalami.com:HassaN786#786#
pe8346@mi.com:Sales360@2022
770220@khec.edu.np:@@1q2w3e4r5t6y7u8i9o0p
andrubh69:Meliodas2021bh@
abhinavv218@outlook.com:Abhinavv123@
john_oporto@informatics.edu.ph:Krypto045
f139289733@taalim.ma:Sfpq1298
haidy.ismail@almatar.com:Manalandismail
nsampson20@cowesec.org:Password1234
aberi.mbyehuzya2@majorel.com:Abeclouds@2023
lasflores2@puntodigital.gob.ar:Jimena2022
s2117903@rb.moe.gov.sa:Talal1162
danieladandrade@rioeduca.net:renan2004
itdata-fran.perez@spsa.pe:Spsa2022
202304112665@alunos.estacio.br:105212@Carlos
c_merlino@stu-lisaa.com:NVm7CsA6
nebied2@art.edu:67impolO!
sarwar.salman@dno.no:6C%eF3gmT2&5sE
assb7i08@aoni.cool:Rafael@69420
a0015@office.ym.edu.tw:henli48315112
476570639@cairo2.moe.edu.eg:Std#050516
demogie@guarany.com.br:Fdpm@2022
hasandevrim@outlook.com.tr:Ha2020Ab**
botiyak948@exoacre.com:botiyak948@exoacre.com
rey.ro@ixtapaluca.tecnm.mx:Gurrumino123
s2918423@mkhb.moe.gov.sa:Basel1234
fasiha1493:W11nner93!
s2674397@mkhb.moe.gov.sa:m7amad_sy9
201901022@bmu.edu.pk:jalalrahat
ry86837786@edu.mon.bg:RPDyan8123
cindy.vanvelthoven@sanbio.com:$anb10!!
ense1084987@tarbia.tn:Fm72461565
19es73@students.muet.edu.pk:Ami@bu786
solin.nazm@std.tiu.edu.iq:Solin1234
14984@bpl1.onmicrosoft.com:8103933628@robin@2003
1210109240031@aiou.edu.pk:Bpdx0582
cinthiaalva2006@gmail.com:muchacomidarica
r140026113@taalim.ma:hamza@2003
roneyrodrigues@univali.br:bnrn458A
harflorezc@sena.edu.co:Sena1077*
awais.farooq@hasoub.com:Awas54321/
bp-jmedin538@cable.comcast.com:Tegucigalpamobile2021
e139194409:Zqff5586
julian.kiesel@gss.kbs.schule:JulianKiesel2004
mathel@zsnachodovci.cz:Pepsina5152
de250091@ncr.com:Agustus.2020
s7029549@tbkb.moe.gov.sa:A0533260696a
ccanturin:ChCa2016
zahedujjaman@friendship.ngo:011991978z#
bradley_villon@usmp.pe:76034958Bvl
yummy245@outlook.com:@Kenya722
franmalu42@hotmail.com:amormio-7283
zdravkov@f.odpan.cn:Suceava1
nickolas.hansen@haandr.com:Haasdri17!
tredmon7@ivytech.edu:Micah@2020
ketoanhtmv@htmv.vn:Ketoan@2021
26dpr0920j@escsonora.edu.mx:Tony1802
deshik@unijos.edu.ng:Ritdun02$
lean.gonzalezv@duocuc.cl:219600178
julio.castror@ug.edu.ec:Andreina2021..
476693578@domyat1.moe.edu.eg:Std#050505
444891684@cairo5.moe.edu.eg:Std#040901
13181103116@uptex.edu.mx:Tesl@2733
luis.alzamora@usil.pe:daniel282828
jesus.morap@upb.edu.co:Mora.321
482535032@redsea1.moe.edu.eg:Std#030306
410432595@cairo2.moe.edu.eg:Std#030925
asiunia_cacaj@o2.pl:wiktorek1
629424@fayoum3.moe.edu.eg:Emp#770612
benita.hernandez2020@icest.mx:Icest2020
ycw@office.hfcc.edu.hk:321012iloveEason
448419272@cairo3.moe.edu.eg:Std#030901
hvanniekerk@cashbuild.co.za:Niets11513$
s5361196@mkhb.moe.gov.sa:Kk@0060047
jason.lee@tci-bio.com:abc12345
aangelsamathews@gmail.com:Sahmat2729
r130071832@taalim.ma:Gk1xPG0Huk
340010039:Pop2021.mkt
902718:02012014
ddiya:Holiness+1254
juan.jofre@dcs.ch:vicente.19
451745577@cairo3.moe.edu.eg:Std#070417
16olafel@csgrammar.com:TOMIlara123
ziarnonr25@pwcs-edu.org:Nz647822!
2023080077@ced-xela.edu.gt:xeugPJE113
paulo.junior285@aluno.unip.br:Paulo@alanna16
116250724@ina.cr:Alonso1995
mawan@mail.hbku.edu.qa:Aiman801
leosnet_18@hotmail.com:@Unbuenstremer1
120172201065@mutah.edu.jo:Daw27220
8773100@students.unrwa-edu.org:ahmad22/11/2015
11382hernandez@unitesba.edu.mx:240199*U*
jswift@sriit.onmicrosoft.com:Office_365
llluranr@unadvirtual.edu.co:SOYluna12345
u22206513@utp.edu.pe:Stefania3
i202114258@cibertec.edu.pe:T3e06r0c
krishan.2020289@ninaro.lk:Nagoda@5934281
fatrixmin@gmail.com:Kit19840212
2140260@sohag4.moe.edu.eg:Aa#01110414003
arnold:Matsimba#20
454941877@fayoum3.moe.edu.eg:Std#060620
a201801099:agri@123
shadia.navarro@ofimatica.mx:Idiota2221
451443150@cairo4.moe.edu.eg:Zorojoro1%
j131147635@taalim.ma:Nxps6572
fernandez_julcal@gva.es:201002ELIote&
khaleddif7@gmail.com:14dif1965*
l134269560@taalim.ma:Jqhi9958
teacher233@ate.ac.th:Ate33211
tracy.boyd@education.wa.edu.au:Educate21.
eilat.mor@office.eduil.org:%Elam)r1712
1024541445:1024541445
sjomkeaw@kerrylogistics.com:ZkK82@AnQ
gabrielwoou@outlook.com:docedeLEITEo365
fas182023@kul.wyb.ac.lk:FreeFire2018
9114025u@nauka.pila.pl:FLQ5TVKU_ffjff_
5313@ucarolina.mx:Sev14265Invaders
nhpspstd754@newhorizonsms.org:Student@123
dominic.then@biolife.com.my:password@20
fgvalderrf@eafit.edu.co:nwkFZZ43
phat.nguyen@alpaca.vn:Alpaca#2020
am-amash@riyadhschools.edu.sa:Ss114027
minseokkoo@g.skku.edu:Rnalstjr@1
bxmmh1:Tit@n42!041219
souliman:1992baraa
fatma.3041111@t31.moe.edu.eg:egyptM@e3041111
soubhy.1188924@t2.moe.edu.eg:asd123asd/*-
ppilarski@uczen.eduwarszawa.pl:Tata2020>>
57951@sss.ac.th:vanda12
201902625714@alunos.estacio.br:#Botanica38
alfredo@colnetservices.com:ALFREDO9002Q3
mikailfatih990@gmail.com:league990
kritanshyadav69@gmail.com:Gaya72721
a079332013@uigv.pe:ingenieria2021
359593@tameside.ac.uk:Hamdani300!
alvar.parvelo@ttu.ee:T90A1A2leopard2
fcm@gmx.at:Inter1978
u22300173@utp.edu.pe:#Ryuzaki22
muertefernandez@gmail.com:aDIOS100
emorenor19_2@unc.edu.pe:71807856EEmr
a.cilius@hotmail.com:acoutlook25
franciscojcsousa@gmail.com:Panchito69
oeng_mengthong@gsc.itc.edu.kh:Thongthong344827
sarah.y_chs@gemselearning.com:cool1902
407728396@fayoum2.moe.edu.eg:Std#030819
cbasas@tccollege.com.ph:Muj11170
omprakashc48@live.com:opc@@@mrp123..
19b1num1490@stud.num.edu.mn:99949683Aa^-^
rebeca.baker@meduca.edu.pa:CorazoN2010
lesly-caldas@upc.edu.co:Lesly327
lindaj:Linda123rori@123
f181213117@ktun.edu.tr:Konya4270.
i201913611@cibertec.edu.pe:0990Clwd
evan.rosiska@puterabatam.ac.id:Ammar0306
braychr@daviscollege.edu:bray5800
fchulluncuy@credinka.com:9858++Nadie
jose.parco@espoch.edu.ec:Pyamberla123
al.v.c7492@outlook.com:20130410In
oliwia.kurowska@spwielgie.pl:Wakacje2020
melis.ramic@stlcop.edu:Daisy$121606
202237034@st.dima.ac.kr:34happyl4@
servicedesk@cspecem.com:C$p@2020Service
win.qa@in.wittur.org:Wittur@2019123.
1367254@student.edu.az:ayden2004@
alumnosexactas@unimoron.edu.ar:SISTEMAS_2014
30029573@mrs.com.br:Caleb210820@
6252406992@kontum.itrithuc.vn:CaoBaLoc16
leonsanchez@coca-cola.com:lola.20141109
zooms112@ces.edu.co:Salavirtual112
s6134480@rb.moe.gov.sa:Ff202030
luis.lopez15@utp.ac.pa:Company15@
furmaniak.adrian@zs5.mail.pl:Bogaczowice1$
71459286@continental.edu.pe:crhyjunpacadv
arif@viatech.com.bd:Jihad72157671
walter.guano@educacion.gob.ec:Wal2022Gua+
amila.niroshan@dialog.lk:Paan&6%455ee19851017
142801005@ogr.cbu.edu.tr:k4y4c4n.
kadfscmm2012647@pgc.edu.pk:Mel68509
202104340621@alunos.estacio.br:148339@Lu
emsz3507@estudiantes2.edu.ec:Erick-03
innova16359:CRUSERblade09
sabbarlahsen@gmail.com:Bk339573
e1316836061@live.uleam.edu.ec:rUBENvERA@2003
dura4135@vandals.uidaho.edu:Iac59347!?!?
w1626078@westminster.ac.uk:Serendipity04
manonmani.n@hcl.com:M@noap6216
nomina@lafam.com.co:Julio2022*
22s_14_novotynski@spsjc.cz:66350564
907508790@hebron.edu.ps:Zeid2023@
u23267996@utp.edu.pe:30071987
u19208919@utp.edu.pe:Pl@t1n1umcar
az.3m7780@gmail.com:Aa09809809
n133379180@taalim.ma:Lago8293
clagarda:Cesarlagarda20
107146080370@r3-1.deped.gov.ph:javoresorhnaulrai2303
0902959101@ven.edu.vn:Buingochanhi@2
raziel@epmoedu.onmicrosoft.com:Tasmy1000@
mstmgarcia@mymail.mapua.edu.ph:May2016142611
rupesh.itale@adildubai.com:emp+yLight00
doxuandat76@gmail.com:thptthanglong0913
j136447678@taalim.ma:Ayoxfaouti
js.samacad14@fmsnor.org:Ep.1029145480
it@markplusinc.com:P@ssw0rd
admin@baumku.onmicrosoft.com:MS-iCge20%RaP
423056530@rb.edu.ps:Moe@42305
cvenadmin@motorambar.com:CqbJu2XS
balu.p@jusdaindia.com:Balumohana@1990
shwetank_17007790@utp.edu.my:Shwetank@123a
y52374387@es.atento.com:Morante2020
1164492868@mns.edu.sa:Abdullah1234554321
11059073927:adorojesus1
j136259770@taalim.ma:Eyhk2616
pro5087:Marcel32.
emorochor3@est.ups.edu.ec:1994M@ricela
manolo.munioz@espoch.edu.ec:ANABANTHA2018abc
a48039@365ink.site:Rokon2755
dhkimsin@korea.edu:Economics2!
aula_isep02@ceu.es:L3t1c14y0sc4r
it.support@qdbank.org:QDBank2022
tu04@usozonec.onmicrosoft.com:@inspector04
sirkevs086@yahoo.com:08CFF0k6e74!
87647@roc-teraa.nl:Oliwier1604
26011915@sch.moe.edu.eg:Sch4718048
sdcrichard:zedjomsocHi3
souleymane.heddaj@viacesi.fr:Feruj993
01878541650@edumail.com.br:r1e3d5c6
datphan@kingsmen.com.vn:Dpdesigner
al02624306@tecmilenio.mx:262Jc306*
s9313526@rg.moe.gov.sa:29P@s49sW0r1940
018.329.543-90:aurea1986
george_maclennan@outlook.com:Geomac123
stanekzaim@dclive.ca:cBqdkx5
jaion.wade@cmsdk12.org:J11618jj
zaman-ashad@bga-bd.com:Zaman@123
hananbamarei@hotmail.com:Hanan-1234
john.mendezh@ug.edu.ec:Barcelona1
adriana.kicula@unioeste.br:legnaghi086
mokayab@powerbets.co.ke:Power$@ben
johana.mejia@uth.hn:Joj47463
450856374@suez1.moe.edu.eg:055888ub
472194390@monofeya2.moe.edu.eg:Std#050310
ap19587@ms.nicmar.ac.in:Amg83834
kantassertas@gmail.com:Sertas.100
00127322@uca.edu.sv:Jungkook97
ahmetuyanik42.au@gmail.com:Dragon085270
418698160047@r3-1.deped.gov.ph:Czarina2000.
11170647@st.neu.edu.vn:K59@09021999
118370001@est.mep.go.cr:5e6MJGqVf5@5vvR
z.agejdos@365.zsklacnork.sk:andrejgames
d012110134@student.utem.edu.my:Hazim_hakim8184
s5164212@mkhb.moe.gov.sa:99P@s6sW0r1875
c2373@ioffice.site:Gul61214
68398@ptgez.edu.mx:Reyes07$
ayoub_fatihi@um5.ac.ma:1311539565
sh20214682:Shreya@1997
ahmed.fouad@mybuild.software:Paradigm@123456
459096582@qaliobia4.moe.edu.eg:1234567Mh$
purapha.pa@ovec.moe.go.th:maak@12345
830035270@csusaflstudent.org:kj04112012!
anna.nawara@student.uj.edu.pl:Majkeli12
87034@icpnachi.edu.pe:Dov66177
codearruda@intervalor.com.br:123456789
vsclear@tesla.com:300883Vitalii2
rocarim@hotmail.com:Adgx2702
frank.jms74@gmail.com:frankJUNIOR1995%
nethmi-16548@devibv.edu.lk:n@02072002
m133381051@taalim.ma:Txlv8312
lamssiyah.ayoub@hotmail.com:Ayoub0663195887.
2012148301@alu.uap.edu.pe:Karlinchi@35
lcmbotta@trf3.jus.br:Tribunal2023
angel.santos17@meduca.edu.pa:Aalberto1522
mresudek@coca-cola.com:TravisAndrew4#
jgosorto@unah.hn:Yosselin26#
ubartas.matas@stud.klpvm.lt:UzuMym89
davidgallegogalan@usal.es:DSTmoche20
t856614@asrb.moe.gov.sa:Aali0807
2113718@sohag2.moe.edu.eg:Emp#860118
201730080@stu.meu.edu.jo:Aa@123456
201503305@ub.ac.bw:Jesusmylord1
alba.riapira@aerocivil.gov.co:YouMyLord2023
cstark@norquest.ca:WinterStorm.45
e895_s2012_29@zszruc-senec.cz:Praha2021
shivanand:#Akash_LM19
dariusz.zietal@wp.pl:Servier123
201702076113@alunos.estacio.br:fiatARG
citra.simatupang@uki.ac.id:Universitas2020
s7063533@rb.moe.gov.sa:hane@othman5
458478827@sharkia1.moe.edu.eg:Std#070828
pjcs5732@estudiantes.edu.ec:pamelajacqueline12
anal.acosta@educacion.gob.ec:Mineduc2021*
salesteam1:LiaBox_2020
tamer_azmy@rayacorp.com:Raya2025
msoft9460@myoffice365.site:Sengmike1960gey
matfis6853:30FFqJD26853
lukman@krakatautirta.co.id:Kti12345*
karisa@hiddenscape.com:@mira2030
453099834@qaliobia4.moe.edu.eg:Std#030713
10119051@mahasiswa.itb.ac.id:Applepai10*
brandonprincedume@gmail.com:010311bd
r134555867@taalim.ma:gDUO8nHnbg
r130092893@taalim.ma:Dbvt4859
zboutghata@nds67.fr:Vik14818
18s1arif@sman6purworejo.sch.id:Goc51576
dries@theoffroadcompany.com:900616Noels!
latief-s@email.psu.ac.th.:ltfsusilaa17
giannakopoulosn@kotsovolos.gr:FallenDemon12!@
1108@office365vip.shop:Justicex09a
220608660@mywsu.ac.za:0110186085087
esthefany.aguayol@ug.edu.ec:ECal1703
19850@sjb.ac.th:Sjb8/7/2009
408964170033@ncr2.deped.gov.ph:mes_annex2009
philippe.a.s@hotmail.com:KCLZ6135
07575741909@edu.udesc.br:Udesc@123
f20160061@santisimo.edu.pe:PSNJ1V5n
marketing2@mmrtwlogistics.com:MktTwoMRTW2022
cs162635@minhati.com.br:rgiust08&
2230000450@iau.edu.sa:Yaznbash2002@
t492292@mg.moe.gov.sa:Sana1234SA@
669621@benisuef1.moe.edu.eg:Emp#821001
rhernandezb@fonatur.gob.mx:fonaturinf
siu@sunedu.gob.pe:Tuniacademico2020
cl8416@ic.ac.uk:Gib@362010
doniamagdy@dent.asu.edu.eg:level@1234
alonso.llanca_s@mail.udp.cl:copadelmundo1
jamil.moura@grupocimcorp.com:cimcorp10
hugoandresangarita@gmail.com:Andres1945*
achitapon.j@live.ku.th:Prem5213!
202102495482@alunos.estacio.br:de171398@
jacky.chen@mavs.uta.edu:Jchan206966@UTA1
elps1807@elspvtdubai.com:Lok66604
msoffice489@dsoffice.co:Sasuke880417
1049909920:sabah123456789
grwfscmm2383033@pgc.edu.pk:P2383033@UWkp
29511@student.riphah.edu.pk:asd@7324
s9781493@rg.moe.gov.sa:fkU6u@lbH25
keithmatasero@mylife.mku.ac.ke:#Mankeitho6699
s10127500@mkhb.moe.gov.sa:Mk740740
ptzortzis@chronos.edu.gr:plato#123
alalamyabomater@gmail.com:Qwe01110398259#
s2723071@rb.moe.gov.sa:mS123456789mS
michalsokol@mieszko.edu.pl:Mamaistas1
fmarreola@cosmocolor.com.mx:eA38wprt
btan@county.stpaul.ab.ca:UDT9UsHWWKdQW1IbBc80
wa@wersm.onmicrosoft.com:Oral1984$
33742588@mylife.unisa.ac.za:joz82TWK
sriwahyuni@sman8yogya.sch.id:Delayota123
0939262700:MayraCueva1014
467828042@behera1.moe.edu.eg:Std#031111
suiok@365user.net:Carakai9
qs@psp.com.sg:Poz55407
1385430@senati.pe:jorge2120032023
parinya1234@udonpit.ac.th:Ayumi1234
g21-0015-108@gma.uphsl.edu.ph:Familiamarquez1027
p143013539@taalim.ma:9_XZ9LARTiwqCp5
o_oliva:DUNU8974
pttrang.duoc22@ump.edu.vn:Suv060373
170_41548@st.bcc1852.com:T0972980088
127619140034@r10.deped.gov.ph:Ej501034
b200970124@must.edu.mn:Uchral@00
450436324@gharbeia2.moe.edu.eg:Std#050527
sjumuga@amberstudio.ro:AcidLiquid94
rinndpd08660@fpt.edu.vn:Ducrin123#fpt
6471089855:Luisymanu
i202331518@cibertec.edu.pe:Aurtb6b0
metehan.kara95@gmail.com:M_213sas.?2s!
mcortesq@correo.uss.cl:#Area516a
marfar9316@edu.wroclaw.pl:Marcepanek_11
rortiz1016@pue.conalep.edu.mx:Conalep153
ziad.fahmi@akhnatonschools.com:Loh37284
dakshpated@gmail.com:Hamesha4u
s4756729@rb.moe.gov.sa:69P@s38sW0r925
thiendigital01@gmail.com:1a2s3d!@#A
20181062@unapec.edu.do:Kiaryn*133019
srikrrishn@gmail.com:kFt3a3HCLE2nDka
engelsliranzo:Abdiel17.95
ikhsandadan:Sangupadank5324
df150057@siswa.uthm.edu.my:QIIAXWSPW_TQACG47
bast1487@assensskoler.dk:Abcd1234
fjebril@islamic-ec.edu.jo:Guf40758
jorge.flores@ipmanclass.com:Gareca2020
811121@columbiacollege.ca:Kud11god
202202960683@alunos.estacio.br:131005527020#sS
inforgpm.test1@wholefoods.com:gfZ38w6!12
d136163762@taalim.ma:Issam20023
omarhany638659@gmail.com:Passisfifa21
miguelhd70@gmail.com:mhk00255
mohanp@itm.edu:arena@123
s1108657@studenti.univpm.it:ASIMakhtar@1225
elcr@mail.ccsf.edu:Mdjo9708
fdc00367:Aib@1234
juanariel02@hotmail.com:qycnij#R
ui3ao8n@unfi.com:Bwsj3893$
d132077984@taalim.ma:x87jJRECAL
dgalezo@equatro.com.co:Paolaguerrero10
ao.cherolandry17141@pi.tn:Jabo1480
karim.boukouyen@ofppt.ma:Formateur@1984
1701308012@st.aabu.edu.jo:Mchan19990
397514.tcs@csn.edu.pk:abdulmoizbutt
jinet.lamillaqu@ug.edu.ec:semestre21
eknoe2@eq.edu.au:Louis1206
fmdg44@f.odpan.cn:19766318
mgrhr5200@mahatransco.in:Msetcln@1
448489947@fayoum1.moe.edu.eg:Std#030730
evansmaz1990@gmail.com:20010609Evans@#
76540691@continental.edu.pe:najhely123
eleve.eit1707@tarbia.tn:66a8a3c$IK
kattie02@hotmail.com:econ992611436
25019021@office.itb.ac.id:Gilang1995
juanjo.rey@contextual.team:Contextual.Team4
457368963@assiut2.moe.edu.eg:Std#070813
lucia@compufastpremium.co:Compufast2017
soha.shaikh@jetairways.com:Sonu145900
a22a24993@educacion.edu.do:sjbzxsT2
jswift@jdatsg.com:Il0vemyj@@p
vargalilla00@sulid.hu:Jaz94227
lp.gag4003@gmail.com:0790Parc
rayan.silva@csu.com.br:R@921@2019
t7708728@virginmedia.co.uk:Miranda94
ajimenezartieda@est.ups.edu.ec:Nokia5200
59021805@live.up.ac.th:earth22840
dy76623@navistar.com:Cuautitlan12
1072242@alex4.moe.edu.eg:Nfm#810416
sahroura:tbp86M82
parkevk@hotmail.com:armeNia5
1501453@hup.edu.vn:Thaothao239
s2395161@rb.moe.gov.sa:Ali55912120
leong:leong91-9397
marijamircheska:macylala2001
tami200100:11898724thamilghiwane
microsoft3367@my365.ink:Adelia12
jl.fonseca@remax.pt:D?g7x4=J
jan.michalko@spstos.cz:Lokomotiva256
luz.morales@meduca.edu.pa:Luz?MM(1964)
cartera@donmaiz.com:Cvargas22*
jairo_fernandez@ucne.edu.do:Fum65528
jbruns@uspolyco.com:Savannah!01
s6330147@mkhg.moe.gov.sa:Nn2008OoRrhan
baguilarc1300@alumno.ipn.mx:conafase132ASD
mujtaba_a_lotfalla4639@moe.bh:Gmqr6410
o.sghir@lfi.ie:Themighty2007
emilia.soto@maipu.alicante.cl:emiliA1209
poseur11@sopreg.re:DjSopreg$$974
m252308@intranetlala.com:Hernandez01
453750439@gharbeia2.moe.edu.eg:Std#060326
446604875@benisuef2.moe.edu.eg:Std#060614
camilo.lopez@repremundo.com.co:Repre2021*
sid@shaycorp.ga:holiday@123
sadouni10:tewfik1986
458469664@qena1.moe.edu.eg:Std#080310
est607.mc@cbarmonia.edu.pa:Marylen25
u201300184@upc.edu.pe:David12345@
hammad.a20@cbscarlow.net:Cbsc!0307
icm4404a@claro.com.co:ColCla23++
dogma.admin@tactcare.org.uk:D0gM42022!$
451536020@qaliobia1.moe.edu.eg:Std#051009
458139203@behera3.moe.edu.eg:Std#070601
eslam040170@gmail.com:eslam152004
yhennyvillegas@gmail.com:AsenatHMelanY02
lindalozano@ucompensar.edu.co:CAFEconsal35
as0318776@pasadenaisd.org:Pecan121
muhammadasimstep@gmail.com:@asimfacebook
alcorado@mindef.mil.gt:AnaLu3575
28896@aeml365.onmicrosoft.com:Gabriel2022
kyaw.soe@savethechildren.org:May1994124
raquelsales96:sonho@96
aacosta@cfia.or.cr:557797Aag
15jscjgr@ddvskolen.no:Eplekake123
fjrv2887@estudiantes.edu.ec:FJ2021rv
mochamaddhera52:Wilayah11
akasbi.ahmed@gmail.com:060606/08
19565029@students.ltu.edu.au:Niabb0321
karen.medina9150@unaula.edu.co:Dobleporcion2317
ayanda.gumede@adaptit.com:!@#$QwabeMnguni89
s6178892@mkhb.moe.gov.sa:Yalsahhaf2009
nathan.litt@stu.ocsb.ca:nathan.litt@stu.ocsb.ca
mufcghk@gmx.com:Mallabyfc1991
410958543@sohag1.moe.edu.eg:Std#021101
rgfreeman75:Kaleb2007
w5888@365office.site:syncmaster940.
softwaredev@best-it.tech:B3st!sB3st#
hdickerson7@ivytech.edu:Htd#1234
16.981.224-1:nico2011
ryanpagao@results-cx.com:Rnp@2021
n00267453@upn.pe:K4otakuharen
jpcastro202@soy.sena.edu.co:Samara0603#29
alvair.cunha@seduc.go.gov.br:Alvair12345
202108581917@alunos.estacio.br:Sonho@123
aarmiento@eagleprojects.it:Geocazzo!93
m08228254@o365.mcut.edu.tw:permatas18
lucas.sales15@aluno.unip.br:lucas2326
tomas@furlong.com.br:Narbua0001
463742225@gharbeia2.moe.edu.eg:Std#060119
salesqld6@australiaveta.com.au:Sug62748
450499255@behera1.moe.edu.eg:Std#041120
avijit07manna@gmail.com:Ami@kkr007$LM10
rafael.pinto@pinhais.pr.gov.br:Lordi2513@
samkumar:Chapp31132021
damnjan.cosic.17@singimail.rs:Tnaimpact88
eonnclmra42p29a163s:82_Dannato82
mi5.myomintun@gmail.com:MMt@20121984
kieuqtoan@tientv.net:mugpad-vabdA7-tejqus
currieb2@hwbcymru.net:Hwyr2859
u201718979@upc.edu.pe:0Su#2Vzq
bhuerta@grupoautofin.com:Passwd08
riazul.islam@vub.be:75195aM*
1422004@eng.maranatha.edu:ukm12345*04
2612354976:Daemiscool8811
paulo.teixeira@it2b.com.br:giseles2
phatnd@toperp.vn:Nguyenduyphat98
iosif.ivan@stud.ubbcluj.ro:5010711060021
dburgos@cuyonet.com:Diebur64
jp3652@sodastream.com:Soda-123
323674@vbstudents.com:vbJA0710
hussain.waheed@met.gov.mv:Giftworld123
cw_11119671@hotmail.com:Nemo570903UDG
thd2100932@igcschool.edu.vn:Hson1602
445364087@gharbeia2.moe.edu.eg:Std#040421
virgilioteixeira195@sapo.pt:030266*
aersolutions:@Aer060818
218731325@tut4life.ac.za:Tessia2@89
ruben.jaimes560@casur.gov.co:Casur88201560
r.t.silveira@ufsc.br:MariaLuizaLuize.123
sistemboro@gmail.com:albatrosbabilon
jorrit@slvn1.onmicrosoft.com:1991!10!Oktober
453984491@qaliobia1.moe.edu.eg:Std#080527
enciso:Sakura16
admon.itvzafra@juntaex.es:zafra0605
reservas@tortugabay.com.ec:Nuj78376
202102609801@alunos.estacio.br:@Servcomx23
jakjas.953@edu.erzeszow.pl:Codtoszrot69!
460689473@minia1.moe.edu.eg:Std#060510
marcos.szrajer@lynx.ag:Toca249939*
41701@prc.ac.th:24/06/2546
william.renson@xp-school.com:GKC-79yd
s10936003@o365.cyut.edu.tw:ok9999999ok
robert.quijano@dsj.org:Nisargadatta1
cscannell@inacloud.ca:Mercedez77&&
sbrummell@mmcsecurityforce.com:Zdev1l$d0dger
michal@michalshlomy.co.il:Kikiko090!
1383550@sga.pucminas.br:devilbringer
sarour111@gmail.com:Musabbata2006
0072172250@uct.pe:GoytoMarin77
30444214:01111440441Zd
166csomosd@rendorsuli.hu:Divizio88
0054899@academico.ifmg.edu.br:20042020mF
n00159399@upn.pe:789123CalcuC
torresf1@spu.edu:Fernandotorres20!
62659766@mylife.unisa.ac.za:pgo84KJO
gfamancha@espe.edu.ec:israelvalverde1989
ayonnepal:Anepal@123
minoralber@hotmail.com:Mainor1928
950872@sharkia1.moe.edu.eg:Emp#690320
n133360376@taalim.ma:Fati2005
jotteet22@pwcs-edu.org:#GFhs708505
2692911@aswan1.moe.edu.eg:Nj#3412347
marcelo_chen@yahoo.com:721Waw272
e.melinir@duocuc.cl:Efra1090711.
krony2086@hotmail.com:Alkaeda@1727
nazrinmn@yes.my:Vag4100ff
649836521:qazwsx098123
458694701@benisuef1.moe.edu.eg:Std#070425
zx9@hw.ac.uk:Axzb22<>?
cobrapl2@hotmail.com:Sebastien-8022
wmcue@mmsuedu.onmicrosoft.com:WynnKMC08
jbrandao@turbo-nor.pt:Novembro1234#
aroque0217@conalepmex.edu.mx:Ariadna17
ibrahim.274916@t2.moe.edu.eg:MMMMmmmm0000
451527049@behera3.moe.edu.eg:Std#050101
ar00463104@techmahindra.com:N!sha1991
zeiad.hassan@alexu.edu.eg:Duv93249
19010817@student.ltuc.com:CCF3194
re_gonzalez@farmacity.com.ar:Farmacity79
60052384@up.ac.th:06227821
201806761@upana.edu.gt:CAMALEON1412@#
779339:l-petmimie1911
vincent.turcotte@qsl.com:A1phabet1$
411020394@cairo4.moe.edu.eg:Std#030124
franko.rueda.2021@upb.edu.co:tirador27.
sunveren@nevoto.com.tr:Ruv61547
aladin.18st@gmail.com:psfdccst
zali@generalintlgroup.com:zeeshan@123
miles.hil@fortrade.com:Nci8dJgu7!#
soyel_619@hotmail.com:supersonic619@
vibhutin@tce.co.in:Tce@6789
451649679@sharkia3.moe.edu.eg:Std#051016
tecnico02@sitcr.com:Nus49656
u21225481@utp.edu.pe:Luismeneses26#
j130300546@taalim.ma:Serhan123
202136345@stu.unizulu.ac.za:dcFJqWhB
yehuda@stentofon.co.il:Pok28223
evertonmachado@edu.univali.br:ton82165911
pruebas.3101@gmail.com:30491749@archa7x
ranatarek@hotmail.com:mr01004178360
ec030904@edu.azores.gov.pt:Std1&37494
a303466@uach.mx:sru2g2gg
2019000965@unfv.edu.pe:P4r4m0r3123
343324@narayanahealth.org:Narayana@123
kchuinda@luminex.ec:Soporte2018*
m3n5qu@splm.siemens.com:Ub3rPa55Wor%!!
ds004:Dsvetak4488@
136547160290@ncr2.deped.gov.ph:10gRMM29
aalketbi63394@mhs.sabis.net:Ali3108375
z5112660@ad.unsw.edu.au:Monkey54
crevoisierj@ecpontarlier.fr:Sarah123
s3908845@jzg.moe.gov.sa:8P@s18sW0r5592
ahmed.ezz23015976@aiet.edu.eg:QAZ663bg
457352637@sharkia1.moe.edu.eg:Qwe123456#
hilla31@student.wpunj.edu:855776069
458368024@fayoum2.moe.edu.eg:Std#071001
1775123@uj.edu.sa:Vmaisaleh999
n134100788@taalim.ma:Tgaa3111
asawa:Saawa061821
pi76184385@idat.edu.pe:76184385Lll
151046@pises.edu.sa:Jan60197
31191026248@ueh.edu.vn:Ueh@212838448
a18001639@alumnos.uady.mx:Vashi250517
rfaria@pupils.buckswood.co.uk:Rf2004747$
gerarstigma:76749632zz
j.navas@columbusaschool.com:c@lumbus414
cloudninza@t.5tb.in:Krish_Baby
vip2630@v.vip360.online:v.16119428
kacper.leja@sp8-olawa.pl:Kacper2020
p137203782@taalim.ma:Mwjq2953
office355:&&LUIS17**path@@1971
josefa.valverde@usm.cl:Josepatin978
jayllana@freyfil.com.ph:Mog@48838
americo.monnott@syngenta.com:Make-1503
bbrunaprof@gmail.com:Historia2004
s4801729@mkhb.moe.gov.sa:Aa4220100
cisem.donmez@std.yildiz.edu.tr:C.d1995g
mfernandomora@uts.edu.co:maikol1095838483YIYI
sayanbofficial:Sayan@113
tamermmdohmosy:TaMeR@23101982
202001162641@alunos.estacio.br:@JesusCristo2020
dekomprascol@gmail.com:Colombi@1
sowndar@ucwf.net:1Pawinkumar#
mb00698505@techmahindra.com:Manki@123
hughesj23:6Hd9E9Cm
julio.guerrero@iqor.com:CatBurlroad2020
al16105995@chapingo.mx:dianita.14
sipra:wqalpo@1917
o170153022@stu.bayburt.edu.tr:141191.Bu
kuldeepvbm@kgpian.iitkgp.ac.in:1V@ndebharat
tlcpoolservice@gmail.com:tlcpool1
21023696@student.ltuc.com:XFY6141
coita_chato@hotmail.com:Iliana16
m.alshemali-2018@hull.ac.uk:As-11223344m
kabser@servis.arcelik.com.tr:Kuzey11703
vitor.viesba@tereos.com:19072001
vi.esposito@duocuc.cl:Equinodermata1
456479669@cairo6.moe.edu.eg:Std#050715
462918294:Std#080517
antoun:Kahale113
matteo.castaldini@spindox.it:Jhonny99!!!
akashk:Celina#375
josea_gomez9@soy.sena.edu.co:sisoyyo0920
misaeldiaz@motolinia.edu.mx:Madq3446
laptop2@scoillorcain.com:School1959
maboea01@elarabygroup.com:mm**--123456
lakeisha.pierre@mavs.uta.edu:$Gradkeisha24
452207727@gharbeia2.moe.edu.eg:Std#060616
hector.sanz@es-emo.com:HECT3705emo
2206217cardoze@zuyd.nl:5VnYGNBt
gustavo.rochat@uanl.edu.mx:-JHmJ3RkVo
20-1-42-007402@sol-du.ac.in:sol#200100067721
s7719504@mkhb.moe.gov.sa:ibrahim.AB.1322
prabesh.ranjitkar@the-bac.edu:agent1confused!
d.mercado210339@mcc.edu.ph:Dmb21110601
473445777@behera4.moe.edu.eg:Std#040821
lmercado@homecenter.co:Arya0720
emma.reab@ug.edu.ec:EmmaRea16..
djmariao@unadvirtual.edu.co:KORAZONPURO
lakpa.sherpa@nagarro.com:apjonv451501!
vampyer_k:Skull1973pass
pranav7t@davpv.onmicrosoft.com:Qag92743
mladen.mladjenovic@skolers.org:#Kuca123.?
100817@ppsdubai.org:Deardevil1
922049@sharkia5.moe.edu.eg:Abr$him24N
hssouna.dridi@takwin.atfp.tn:qU91R19@
1l39040@yuverta.nl:ajam940-
asanchezl@ripley.com.pe:Atocongo22rip
202102543851@alunos.estacio.br:P@trick741236985
462768198@behera3.moe.edu.eg:Std#080723
lopez.edison@uniagraria.edu.co:Le1003566895
7760@sanctamaria.nl:welkom7760
1200703004@ogr.klu.edu.tr:edaNur.57
eliezer.guzman@txool.com:eliezer.guzman@txool.com
anaskashif340@yahoo.com:Alahore64
corinne@ndctb.org:Lukas!22
krishihanr.20@uom.lk:devil21Rk
mnescioruk1@szkpodst9.pl:Mataple33
472880:MonsterSate6390
sergiovillagaray:s3r5io.vb
rbrahmadath@arkellis.com:passion88@S1234
20200405068:20200405068
vardhamanbogar@gmail.com:79871484
cbeltran@isise.edu.pe:70098291
amalinaqori99:Spasiajah99
211931@st.mehe.school:Lb@14022003
topxdeap@gmail.com:vojta220
fpavlicek@vscr.onmicrosoft.com:Fila2642
1044746@sohag3.moe.edu.eg:Emp#690210
1875874:14132872
26mpardesi@desc.sch.ae:Reactionz-123
ivol@schools.vic.edu.au:Gorilla.1012
94190000127@ogrenci.ege.edu.tr:2004283020gZG.
100041801@cientifica.edu.pe:JPGUE59lp
73873698@continental.edu.pe:alexitocarhua1562
t284010139062@moe.edu.kw:R97369638
ayethihan@cpests.com:Dac79079
nmvn5101@estudiantes.edu.ec:Limabella2002
alonsorodilla:Arodgar01_
robin@divetas.onmicrosoft.com:Invicta2667
abdulla_n_isa1180@moe.bh:Jaf11825
dine_sumulat@manulife.com.ph:Manulife01
17443@aic.wa.edu.au:THick1234
shofiyur2015@sman2-lmj.sch.id:Piyu011005
wubetu_yihunie@dmu.edu.et:Zaw62792
aryak@excel-learning.co.uk:Destructionist1
d171191117:Achyut@113
457197857@sharkia5.moe.edu.eg:Std#070501
keytin.colunche@usil.pe:keytin0211
hussam.atef@locandmore.com:Newluck2018
ivens_182@hotmail.com:Teamoevelia19
bouchra91bel@gmail.com:Qdil123456s
dangv05@heiway.net:Thugstools1234@@
daniell:Password01
bossputip@gmail.com:boss41123099
ernie.castillo@laverne.edu:Wsquc4hj1!!
sshowkat@myseneca.ca:Showkat1977
medjijel@live.fr:198405Kb
sureshmcdc:suresh-5713
a.elhali417@edu.uca.ma:elhali_1987
203069@jischool.org:KSA_jis12345
manel.asgharzadeh@talan.com:DmbDBgDbHT95
simon.bazantay@gmail.com:WTDspxt23ug!
englovaz@seznam.cz:zdena1967
i201814770@cibertec.edu.pe:eve.v6.login
robson_:binhO805@
14410@aealcochete.edu.pt:Samouco130.
mohamedhosary1010@gmail.com:mohamed7788
ahmedmostafa431@yahoo.com:**Ahmed431**
creyesq@contraloria.gob.pe:Vv63760f
202102309611@alunos.estacio.br:Pitagorico23
a210377@umm.edu.mx:AlanMGB3140519
pisco:AO123456.
ruiz.g01019267@stu.sanjac.edu.:Endisoconfio2.
ravi@newstarinfotech.com:Gj1jn39*&
facturacion@tcolorado.mx:sicsa.2020
pastor.andress@hotmail.com:2Famadich*
rd65370126@edu.mon.bg:Ran41836
friends_forever517@hotmail.com:mizo123menos
mohamed.586635@t3.moe.edu.eg:egyptM@e586635
i-mmontgomery:Aubrey!6634
prabin@nisarga.edu.np:Alisha1212
453979777@sharkia2.moe.edu.eg:Std#060625
5470@aecorreiamateus.pt:Lolopi123
daksh:Wun53917
stephen@leetack.com:T13tack_$XI@ANG
rodney@1365.onmicrosoft.com:R3m1lna3p3dr0
al20920@utad.eu:qzpjfenm
t9927473@rb.moe.gov.sa:Turki2546&
191121521212@due.udn.vn:maprom251
taha20030082@ksiu.edu.eg:Ta_Ha#20_03
janio--10@hotmail.com:10113914oianoza1000
attapol33@gmail.com:@Adm9935774
21306@stud.wszuie.pl:S99060508225!
std179407@agr.asu.edu.eg:Salma46512
457650843@sohag1.moe.edu.eg:Emp#07081
gyan@mymy.cards:Iamnumber44712
dhritinjoy:Amisunu@319
22910@burgerking.com.br:Bkb@2020
2101042@eng.asu.edu.eg:Reemhaleem15122011
462766333@behera3.moe.edu.eg:Std#071023
liom@uwindsor.ca:@1676Askin
harris:T#NDTG?wY7M*d97
fcharbonneau@la-joliverie.com:Jeepsie2014+
09662416207:JohnHack2895
paulo-jose20111@hotmail.com:paulo123
hassadam900@gotvdsb.ca:ayuelOwO
peter.kevin@spstjbc.cz:Psw.123456
anderson.soares@jay40.com.br:jay40@123
b211261@beatrix-college.nl:BroodjeFrikandel.002
juan.alvarezc@envigado.edu.co:Kag11376
j.susini@ipag.fr:V25aQ+SF
hieu.nguyen@regallogistics.com:12345678m@M
mramonln69@educastur.es:patinete2022
marisol_almonte@ucne.edu.do:Tuc79290
k12821@365hub.top:ha@99360200wymH
blustlu@zinzendorfschulen.eu:Lucablust1409!!
stefan.petrovic@tfzr.rs:'hL^CTJ66_{GrPf
analistayal@grupocge.cl:Inicio.1108
mahrukh.jamshed@jsbl.com:JSbl@0044
shs_147025@privatemoe.ae:Zgwt90#z
2611524@sharkia1.moe.edu.eg:Emp#760517
rey@zamilagc.com:Soy72844
446105072@g102019.moe.edu.eg:bqa@22ablv
designer8@uniwoodproducts.com:Uniwood@123
zavhieu123@outlook.com:Huongly123
andreza.pedroso@aluno.unip.br:andy120
pwuuusi99@gmail.com:A1B2I3R4
ali.sachit@petronas.com:Ahsma@#out@#1993
f22006123@tugab.bg:minavamprodavam
925828@sharkia3.moe.edu.eg:Emp#641211
jcalderona3@est.ups.edu.ec:VIRGOjessica23
47cntt7141@dtdl.edu.vn:xxxibgdrgn2021chanel&
mefmex:Kurwy13918
cs005911266:Alorica10212021
r130040828@taalim.ma:Anasteroid92005
nandarhlaing@mspcat.com:NDH@JUL2022
wj40030@zut.edu.pl:asdASD!23
ayush610bhasin:Navya.ayush01
yemaoso@gmail.com:Rayo54931*
leonardo.cipulo@telefonica.com:DB1lc1603
kheng.meyhor.2018@rupp.edu.kh:FlamingoVII4e
hamilah@stie-yai.ac.id:Stie2021
201503161@stu.jazanu.edu.sa:1095846612
posak@nichias.cz:Mates2016
j130014120@taalim.ma:Nymco7087
754984@aacps.org:Qwertyu!2
caholmes:Samierbrown1987
05000273@ms.ttn.edu.vn:Trinh@567
scorpion1016@hotmail.com:T3l3m4t1c4$2025
205988@live.stmarys.ac.uk:Easter21!
samuel.gomezre@envigado.edu.co:Lanzafuego1027
i20221982.17@puebla.tecnm.mx:TeamoEyU30
i.tapiarocha@uandresbello.edu:Issah164
chennai.ethnus4@vit.ac.in:Ethnus!@#
mohamed.lazraq@esith.net:Dupstep4Ever
20152000101778@pucgo.edu.br:L#c@$.092.
inti.coraspe@bancrecer.com.ve:Bolivar1.
galleria@officinastore.net:G@113r1@2019!
hieuvx.auto@gmail.com:H76i1e3u21!
samira.rasidovic@presskogyo.se:fUBW6427
davicompu@hotmail.com:DAVIZAN1986amy
454107939@qena1.moe.edu.eg:Std#060620
anjali.solanki@tvsmotor.com:Vdlad@2510
451024027@gharbeia1.moe.edu.eg:Std#0109230212
emma.ferrari@student.unisi.it:Engaged1
s10147751@mb.moe.gov.sa:Sohaib12345
74276476@mylife.unisa.ac.za:lvk90SIO
rabalis@optumsolutions.com.br:Raf@cagibi84
tatianaluis@iayc.co:Dilan6905987.
jlgdwin1@memphis.edu:Ihatethisshit999
tbsorb17aliabd@tbschool.se:hgkitdas1
joanabigail.tasani@sgsco.com:Garang1989C
3219999769:Diego123456
kir897540@stu.mcpss.com:Kr10272009
justin.babic@vizona.com:Jstn21107321?!
johan.losada@sedtolima.edu.co:Sedtolima2020
477864513@aswan1.moe.edu.eg:Std#060904
f146048785@taalim.ma:Ajow2778
panuwat.utho@bumail.net:pppanwat1234
mkouttoukas2@st.schools.ac.cy:FX3nT%RM
+918770657742:ankit9039
3638098@alunouninter.com:@5690034Nn10es
460870637@aswan1.moe.edu.eg:Std#051023
s311082501535@moe.edu.kw:Qq23967979
arlett.cuevas.lecaros@ciisa.cl:Asd127812.
gads@bynet.co.il:Bynet2021!
ttwserver@texastankworks.com:TTWAdministrator1!
jak.gacki@spteresin.pl:Agent2006$
juniorjashua@gmail.com:netflix
b144009829@taalim.ma:Idwl1923
ehyli.torres@adr.gov.co:Tolima2020*
vitor.almeida76@etec.sp.gov.br:66xx0088
lucas.varela91@hotmail.com:Seidor2020*
jacksical@eightbanners.com:Jack282828
dhuyna13760@stu.mao.office.gy:Qwertyuiop1
faturamento@prataforte.com.br:Prata@2021
maan@jawwaldealer.ps:Taim@2013
2615@lotusvalley.com:Masterofivory001@
anthony.dominguez1@utp.ac.pa:W17a13h06
hab5267@usedu.site:Zhanglin2016
maria_9856@outlook.es:maria14elena
115960150029@r6-2.deped.gov.ph:Fanhs7b!
rami.alaraj@tristar-uae.com:Tec@4707
f02821@stu.foeim.org:Myat123086
oussamaimzilene@gmail.com:Xtpm6877
saliha.salhi@nord.com:NEOzara75
450661691@sohag2.moe.edu.eg:Std#050109
anirak15@nube.unadmexico.mx:K3a281716*
28501142600735:1234aaaA
amon_h@saaa.co.th:App15415
12017731@sch.moe.edu.eg:Ngh9brsy
rahul_praj:Qwerty@1133
694492:Police9000
vaiarellom@eduprovence.fr:enzobb13400
s2301247@mkhb.moe.gov.sa:L7as@rnMB
wheelerc181@tvcc.edu:c1065W2002
rafa1150@scdsb.on.ca:Guidance1jr
1358344@senati.pe:Virtual21
richkidzane1@outloook.com:Tommy06@@
sazh1855@estudiantes2.edu.ec:samuel.123uwu
huseinali48_sd@fcis.bsu.edu.eg:@HUSSEINALI1982001
faris.fadli@mnrb.com.my:Dec2023!
m.munoz48@ufromail.cl:Mati123.
vendasrs01@accessit.com.br:Accessit@2021
burhanuddin1@guruinovatif.com:Jabar2020
k130502660@taalim.ma:ijgFY73fQH
lill2422@live-gp.dk:yomomma12-
totokmulyono@gmail.com:b1sm1lah
2263114114:Aseem@532007
457921407@domyat1.moe.edu.eg:Std#070314
sch119_04@schule-gaiserwald.ch:PapaMama975310?
120610335@est.mep.go.cr:midas_18
w1777090@apps.losrios.edu:Amira7y@ti
kcgreen@live.brock.ac.uk:Yenden100!?!
7544222827:Bluejay12362!
80619@siswa.unimas.my:Zeeq@2127
ruya@dalyatur.com:burak1988.
19b0170010@cobatab.edu.mx:Percruz92
s3977853@rmit.edu.vn:zabaha7724DS!
puwadon.chi@kmutt.ac.th:ment.1212312121
binuka@z2x6f.onmicrosoft.com:BikkaDeSilva14@
binder.h@student.jths.org:10122001
f132039499@taalim.ma:Momr6103
journal.upp@unu.edu:Yahoo1988@UNU
bharadwaj.tarun85@gmail.com:Tarun@93
crisbasallo@gmail.com:Meliodas2022.*
angahloz03@gmail.com:1000plus
w06840_2014@lyceum.lk:99@gmailR
454873506@gharbeia2.moe.edu.eg:Std#060908
sgurjar@congruex.com:jantadarbar@00
stagegiblo@beerse.be:Stage2340!
19bcs6073@cuchd.in:ShaunTheSheep123#
gandia@wts.edu.pe:GAalummo2021
15pjm01120@aiou.edu.pk:Kkbn5436
zafarkhan845569@gmail.com:845569zK
angelique.maya@campus.mccd.edu:Ben#qxom7742
453633997@gharbeia2.moe.edu.eg:Std#051108
55689@ms.ciccopn.pt:NMTC0M3r
469426648@sharkia1.moe.edu.eg:Std#041126
1100773@est.intec.edu.do:lamelasa123
395680@upn.pe:395680Cs
rebeca@rltconsultoria.com:siebeN007
marcel.zdankowski@vilobyd.pl:Ewamagdalena1977
admin@servermel.ml:Albl87085043
411628242@cairo1.moe.edu.eg:Std#030601
21thu.dnk@vinuni.edu.vn:69129767kT.
127165@myksd.org:#Lilybb8
mobff234927394873@outlook.com:jacky2607
jiuit1602007@a.marista.edu.mx:Hidai_jehu
mr_bagera:abody_505
g133489733@taalim.ma:Lxanz1281
dfbellop@upn.edu.co:Batuta10
s300104330@ddsbstudent.ca:16310905@Tdsb
j.medel6@alumnos.santotomas.cl:Jordi.123
18190405@istmo.tecnm.mx:Jackcfrost09
bilal.1394971@talmeez.pk:Passw0rd.123
2019066@aisgrnoida.com:123a456A@
422224656@sha.edu.eg:30204070103477
kartikesh_wasankar:Kartikesh@ghrce123
carlos.souto@claro.com.br:Zara@1970
2036230@std.hu.edu.jo:QaShD/2/
1452025@senati.pe:140904liverpool@csmr.com
aurelio.alvarado@umip.ac.pa:Toto3030
jason.gunawan001@binus.ac.id:Jasleo813*
133781382:BEnja1416.
485884927@qaliobia3.moe.edu.eg:Basmala#20
somchaiq@hotmail.com:Faith&Bravery
scorpions95150@daum.net:mkk673hg
37-is-5958@kdu.ac.lk:Ashen@1998
bluede05:MAKIMAN131
agonzalon@itsqmet.edu.ec:alexis1996
binus\pkanggrek@binus.edu:binusian
rezonanmahes_:tcgd8d2.mf51
444993297@alex2.moe.edu.eg:Std#040921
samo.sk06@gmail.com:Saz79062
luzihan@xkx.me:Lxb19900401
alejandra.checac@ug.edu.ec:Andreax3k
221575@obcnet.nl:@Du-S7gC
215327@qaliobia1.moe.edu.eg:#Tarek69#&
nojus.gaigalas@emokykla.lt:Hellomanwhatup21!
410289115@minia2.moe.edu.eg:Std#031024
mahmoud.2350795@t3.moe.edu.eg:Mah@14983
lymanhduy@vqls.onmicrosoft.com:Hoabinh123
karlaperez@unilene.com:Comerciales0618
j138068351@taalim.ma:Nxdb7074
laurad.ramirez@esap.edu.co:Manchita144
briant@nobissales.com:Valvenis.1076
456268077@alex2.moe.edu.eg:Std#051212
18700723@emu.edu.tr:BE0202594
yvallelanosa@psi.uba.ar:@Doriangray2010
mohamed.mosman@kortech.com.eg:8nmYBjSd
asayed46@elarabygroup.com:a--*654321
23324111@aridesa.edu.br:Cl@rinha2521
lsilvav379@alumno.uaemex.mx:U3G0Q.16B
tracy@ivstatinc.com:EPI9112002
pfarias7@bec24h.bancoestado.cl:Banco%123456
crash9579@gmail.com:Brit@060692
mercy.neira@educacion.gob.ec:ED2020uca**
1366391@senati.pe:RR121085c
gheza2022562@cdt.cadets.gc.ca:P45na86c!
jmuir1@ocdsb.ca:B_*dV^9x&Z
21dh203072@st.huflit.edu.vn:vosuga123
tanbv@bshc.com.vn:Bshhn2020
afrojas018@soy.sena.edu.co:Aljen9092
condominios@koningin.pt:Koningin2021
svetoslav.ivanov@vedabg.com:Asdf@1234
manuelcampo@uan.edu.co:Machot1123
k195520216208@tnut.edu.vn:Ngunhucho!
454320554@sohag1.moe.edu.eg:Std#060115
jorge.aguilera@iess.gob.ec:JFAR1961jfar
r-pas-adm@uniminuto.edu:Sa040425
270@h8omx.onmicrosoft.com/:Tah00000
e1317877940@dn.uleam.edu.ec:Nathalyvl123..
jhernandez70136@ufide.ac.cr:Shelenfermo12
zateperi@gmail.com:B@nD3R45_Zaf-379
uelinr01@braskem.com:Saturno2023++
2292@holbertonschool.com:Tennis06061997mh
anshul_agarwal:anshulFET731
alice@sea-lead.com:As10574Sh
tanakit.sae@ku.th:Aledan@579
gkp12701@365.ktgps-smr.edu.hk:smr-20110613
id53524454@edu.mon.bg:Id132008
xyloh003@mymail.sim.edu.sg:x6nLXLlxR4
005722:Beatriz.29*
ansuper1@hotmail.com:Aguila2323%
laura.rojano@meduca.edu.pa:Neko.2023
tamzidsheakh@free.stulive.com:ALLAHallah1
noc.atc.ng@ieng-group.com:iEng@atcnoc
rohail.ali@integriti.io:Lahore123@@@
renu.v@intercraft.org:Mahen@1976#
guiberg:Guijlle%797
nbarrie@daa.asn.au:Baz95513
jridi.mourad@u-jendouba.tn:Abd.ola.1502_@
a4310@365office.gold:andy1214!1
u21203346@utp.edu.pe:u21203346@utp.edu.pe
gricelalainez:Lainez19w9
airderen3918@emokykla.lt:Kat02394
452823067@cairo5.moe.edu.eg:Std#070510
dchumaceroo@sedapal.com.pe:Md42021*
1735881@std.hu.edu.jo:Amr-1992
akaranatsidis@megabroker.gr:akar123
u202120834@upc.edu.pe:1029384756Bcm#%$
i201520789@cibertec.edu.pe:I45o6nfg
wiboon.pr@kmitl.ac.th:Piradon2554!
193302046@ogrenci.ibu.edu.tr:Serhatkus54
x202112451@cibertec.edu.pe:Morshi1801
145143@ziic.net:09117@nm
hnien.ksor@conehealth.com:2004-K23J0-401C
gchavez@petrotal-corp.com:B@kup3eP
2021-075828@intecap.edu.gt:3245diego*
ruth.fernandez1.v@cevm.es:Apolo2011.
uccavianca@oesia.com:uccavianca
jda0916@students.uc-bcf.edu.ph:Couture0322
ana.aburto@onelinkbpo.com:Onelink2020
mohamed.417056@t2.moe.edu.eg:1417018Mo#
muratyavuz@gtu.edu.tr:m124578y
460019487@gharbeia3.moe.edu.eg:Std#070827
tutor5@ipfe.org.pe:Abc123xyz
t384073@rg.moe.gov.sa:Zoayed665
eric.brown6657@gmail.com:RiyaMo13
joylen.alilin@r10.deped.gov.ph:joshandrea143
diegogamboa@periferia-it.com:Periferia2020
danielmarino@ipse.gov.co:I9534110%
01018521875:Rt2468910
jdominguez@ldz.cl:Ldz2021JD
459144065@assiut1.moe.edu.eg:Std#060823
444736746@sohag3.moe.edu.eg:Std#031221
carl.steynvaard@bytes.co.za:P@ssw0rd2019
64605105@kmitl.ac.th:5204+seaMIT
nabinabishwakarma:Nepal@911335
jortega1682@ceuandalucia.es:jtega587
nikonep7:Surface4412
m.fashaevi@itstep.ge:ReisCan1998
1pc15at038@bgssap.edu.in:Muj73482
templetonl2:Leaf1530
2303611@school.ecsd.net:nw306306#
450851657@behera1.moe.edu.eg:Std#041128
personal:$Libertad672
nicolasmabu@unisabana.edu.co:Morita1010.
n1101180038@titanedu.online:Huc49790
e1313210708@live.uleam.edu.ec:AbelSin1997
opeoluwa.oluwa@cordros.com:Adventguy45
11817.dpsgpvi@dpsgs.org:21Dikshu
201801003@ogrenci.ibu.edu.tr:Ca5525544348
2g_19_u06@sp.34.olsztyn.pl:Wiosna1!
ahmed.hussain@aqarat.sa:Aqa@2020
s84558@std.moe.om:oman@P2554
d201950052@feucanvas.edu.ph:1738420Blazeit
p132453287@taalim.ma:Lquxo9058
zakwan.zulkifli@petronas.com:Mariah@pedms2021
ftkumara2021:kuma11032004
2604181@school.ecsd.net:Fishtab9066
s5610104@estb.moe.gov.sa:Whgp@35844
alexdgsilva@yahoo.com.br:Casa38@nova
tbltt.9533@dongnai.itrithuc.vn:Dangson152007
amjah:SSssirah143
nico303p@kk-skoler.dk:Nicomil78
mario.magalhaes@etec.sp.gov.br:213Enila
rocco.mazzarellif@newland.cl:Maninopi123
16rharding@wvc.tmet.org.uk:james71015
u22218896@utp.edu.pe:Heretics1008.
927552966:Bentola29122007
pauline.dupin@brainsonic.com:R@g45Arf
techpatrol@ultrabuilding.co:G3tSm@rt3r_n3w!
fernando.valdes@kccl.cl:komatsu.2023
wallagej@hwbcymru.net:Room1770
thomas.arcelon@st-winoc.fr:TA-01072009
zidsarkar222:sarkar20123
beste.durak@bwedu.de:carlespuyol5)
t_ngoulou@gavirtualschool.org:wasabicake
jcanchundia@pucese.edu.ec:Pucese_31790314
alie.edaan18050236@aiet.edu.eg:Xxyg1582
s7089910@rb.moe.gov.sa:Faisal1234
hamid.mouatassim@taalim.ma:Lboursi@2018
stum467016@ese.gov.ae:moeSTU#2023am
polycarpmubweka@zetech.ac.ke:Pr@cyl0p
19003842@sch.moe.edu.eg:egsch@0003842
zjba204@live.rhul.ac.uk:Conthils19
extensionfba@pedagogica.edu.co:VisualArts2020
mohammedkoya2009@outlook.com:Simla_321
alu23o20@gmail.com:lala2014
msatar000000@gmail.com:01285102962
jbilly4@my.gcu.edu:Heather1009!
222150710@tut4life.ac.za:Samsungj1!
0000123937@aiou.edu.pk:Csdt3695
eleanor.monge@21.edu.pe:pamer21.
kalebemeru:Ethi0pi@
ihakeem0000:Fuck0@#$
1541603@senati.pe:MarieYCallie2023
2251172311@e.tlu.edu.vn:Azc13228388$&$&$-####
s119395092443@rg.moe.gov.sa:Monasu1234
armehajr@digirom.no:Mendi1huhu
0811121759:29563078
emirandad@est.ups.edu.ec:GELERs200216
288150@monofeya1.moe.edu.eg:Emp#660213
mj.oosterhof@bnclogistics.nl:WhoopnPAss654
rick.siderfin@ubteam.com:ssej1207!
mohamed_5627a@art.kfs.edu.eg:Lsx22571
vandowe818@bwdsb.on.ca:Master_owen
emanuel.mora@envigado.edu.co:Cuq82174
o.alhaj1@student.aaup.edu:55722718
s441010282@st.uqu.edu.sa:St1135184685
lewish4493@outlook.com:Waleed2030!
463501503@qaliobia3.moe.edu.eg:Basam#1234
5405854982@phuyen.itrithuc.vn:Concacne123
miss.toasty@outlook.com:Toasty221
training@intellexservices.com:Dep@123.90
20192870@smkn6-bpn.sch.id:Balikpapanzonahitam2020
mixi.urrego@icbf.gov.co:Colombia2*
isaka.alhasan@audit.gov.gh:Jfmghana1234
hugora.lealmo74@msev.gob.mx:Hxajd2017
csmith134@my.polk.edu:truemuffin19
450826196@gharbeia2.moe.edu.eg:Std#050721
ggoflesan@flesan.cl:ggop1234
450752706@sharkia2.moe.edu.eg:Std$147147
ypromoc@unadvirtual.edu.co:Yami26023
r0872737:Absari%54
jhon.salgado@udep.pe:Udep2017
boby5799:BoBy#5799
9997375153:elenita93
hedders101:Saq28848
djotalasyn@gmail.com:xZ5L52mVZSgPxyP
mohitkumar:Mohit@1234
tania.magne@epab.edu.bo:Goc23712
xandre:3784Aler@ndre
admin@almeqyas.com:hW9!rR4%ka
aaddrriiaannc47@gmail.com:tango123.
n144066458@taalim.ma:Zolaikha2001
sakda.iam@spulive.net:1104300353023
romelasas:Alexturner1213
evergreen_egy@hotmail.com:Std#030713
vunnarun_ou@wvi.org:Nos4everever09
buc14332006@mail.udes.edu.co:Minei20861005
418375@vbstudents.com:Sunrisesunset1!
agallo@alumnos.kennedy.edu.ar:hayteves31089419
cleristonke:kE48397301
jpardo5448@uta.edu.ec:Ep0G3CyjmG
sokol_zr56@student.itstep.org:6g088jXA
thewisniamc@gmail.com:Elobenc2006
engineer78@specialist-pnu.com:Zeyad2015?
trangntn2@vingroup.net:Ilovecat5%
fjfernandezgarcia@comfica.com:Xicoxe1968.
ewaldon1@e-4lo.kielce.eu:wa20#06ES
kornilovla@obr.mos.ru:bZlftaw2
mqurashi@upda.gov.bh:Mz36341415
shubhamdhiman558@gmail.com:#London@12
459323898@gharbeia3.moe.edu.eg:Std#070507
13239@bpl1.onmicrosoft.com:sachin@189
455740462@gharbeia2.moe.edu.eg:Std#070224
maisa.sfroes@senacsp.edu.br:dede121220
yefri.perez@unah.hn:Yefri.12@123
j.buitendag@ale-heavylift.com:natashabuitendag
102200174@sv1.dut.udn.vn:Huy26112002
link.claw@outlook.com:Model081163
s132358512@taalim.ma:Xelsi2002
dsbalcheva@uni-sofia.bg:YcBH.TcwH5b$atD
fpunram@my-365.live:Muis2018
ahana.m@s10health.com:S10welcome#321
s4601411@estb.moe.gov.sa:Ktgh1408@@@@
rwqicspa2142916@pgc.edu.pk:P2142916WZkt
1755240014@ajc.edu.vn:Dot15463
a.daboussi@safac.com.tn:AMDA$2018
st28790@365.pws.ac.th:Fluke1851
narongdech.pol@ovecmail.org:Nar1460500098403
leonardo.oliveira@surf.com.br:Gordinho6810@
an.panchi@uta.edu.ec:likestone1977
njcqtlxy@t.odmail.cn:Superusuario1995
s8107041@mkhb.moe.gov.sa:A7ham1717
acorneliog001@alumno.uaemex.mx:_17AA79P
rvelasco.en@ufram.edu.mx:Encomienda#2020
cmoralesm@ieechihuahua.org.mx:Silvergoat20
2021011892@unfv.edu.pe:Devilman194445
essis.meless@iua.ci:Guk14925
serag.nn@hotmail.com:S5570517s
jessica.parker2@mavs.uta.edu:Ourhouse2020!
al64691@edu.uaa.mx:America1992sep
23012@esalv.edu.pt:Nicolau2006
cesarj.castillo@upsjb.edu.pe:bienPUTArepiola1207..
9741007790@moej.edu.jo:Moe@111974
thiluong.nghiem@abbott.com:Hanoi892020
409682163@minia2.moe.edu.eg:Std#021111
imran.badmus@bs-gentbrugge.be:Kud86631
17bcs3915@cuchd.in:23/oct/1999
password:WinterStorm.45
internship@aurorels.com:Aurore@2020
a.kowalczyk@zsprusiec.pl:Kob782441
lobbanpj192@ecc.edu:Jahaad_2002
backup@microffice.live:$4rijadi
202102509807@alunos.estacio.br:h@241402h
darllen.santos@fiemg.com.br:darllend@1
c1daksao@kontum.itrithuc.vn:Daksao@123
0000229286@escolasesiba.com.br:Rafs2022xl_
8d4e0b@guneskizlisesi.k12.tr:Gns.2020
sistemas@teleton-bc.org.mx:Zuxu2664
r131904235:Titog5507
727110@pdsb.net:Bblue676
fbravo@marval.com.co:Yosoy1992FBC
lk024vg1@elkay.com:8LM!L8n4g8ZW
rony.torres@tegaindustries.com:Bbt47gd83t
ci732596612021@jpardo.edu.pe:9pq1Arcm
vanesa02042007@gmail.com:sahian115
aditya_kale:ADITYA22.kale
jbayona@fontur.com.co:9112Preyer
frama@datchephils.com:@Sept122020
sdenis@goodmannetworks.com:QQgdmn1!
prongarj@centralpattana.co.th:Artpr05062522
t367545@azharonline.edu.eg:Th@77545??
marcio@apexadm.com.br:Marc08/07Gu2001_01
180306@ku.ac.bd:Pushesmeaway1221
c137104817@taalim.ma:Rayan2020
u18elyon@student.utcn.org.uk:Yellowcarrera01
s8286440@estg.moe.gov.sa:Vl<A191919
kamal___zer:sz3BI20S$kxBOSY
mayorali:Pa$$wordAmd01
t754704@asrb.moe.gov.sa:Sa0531190382
sneery@sneery.onmicrosoft.com:VMu4213147814569
henryareba07@mwalimu.tsc.go.ke:SCDE146
divjeet_bt2k16@dtu.ac.in:Notebook1
444839275@benisuef1.moe.edu.eg:Std#040715
fa16-epe-082@cuiatd.edu.pk:Ttf@5685c
hakan.altindas@outlook.com.tr:Fatih197314532005
juanjose.marino@rai.usc.es:Ventosa78bis
bahtiyardursun@esenyurt.edu.tr:BD4522bd
necati.serdar66@gmail.com:Yozgat66
ssob@alqasimia.ac.ae:Aqu@2023
madarchod@gmail.com:maakichut12
100616536@est.uasd.edu.do:NEV2417EFR
220134@calasanzcucuta.edu.co:Koki1301
447301857@benisuef1.moe.edu.eg:Std#060201
michael.bau@mgx.com.au:OMGPassword!
syazwana.abdaziz@mohe.gov.my:P@ssword.123
paulospuling@flowtite-sa.co.za:@caleb123d
222892986@mywsu.ac.za:W3ndyt!b3
inacio.correia@a.ficr.edu.br:Hesoyam1@*
s5108928@mb.moe.gov.sa:Asd5151asdf
is16110207@es.itesi.edu.mx:ShinoGGO96
salah.249876@azhar.moe.edu.eg:Sasa1234##
omareallan@gmail.com:5vdthvpf
stum452885@ese.gov.ae:PCqri79&
21111387@tecguanajuato.edu.mx:dao732002
dominic400:Darlenis01
bm@bmadvog.com:SB251179!
jagsional@mymail.mapua.edu.ph:K@m1nanichia
josearnaldoss75@outlook.com:131969@Jo
458526199@minia1.moe.edu.eg:Std#070913
valvinv09.comp@coep.ac.in:coepian
emrickcloutier527@gmail.com:emrick2009
cvalverde@farmaciasperuanas.pe:Melissa#28
omar401191@fsc.bu.edu.eg:FOS@2022&
41910342.ali@acu.edu.eg:42229asas$
blanca:Yougiekyzer2021
luizeduardomalta@gmail.com:Le45797@
tgoebberd@da-music.de:best!1967Ell
cristel.villacorta@ucsm.edu.pe:ctvs.123VISA
test4@sename.cl:Quarenten@
gh17037@ti.ues.edu.sv:Suggar999
b21532@office365.blue:ckstlr12!@
martoubrahim7@gmail.com:Brahim99@
409224929@redsea1.moe.edu.eg:Std#021102
202107265507@alunos.estacio.br:M@hf2600
lazababi348@granderie.ca:5b4p3k6e
miguel020909@gmail.com:netflix2022passmgp
mmhaddad19@ams.just.edu.jo:Nickm@n123
ads_871883@privatemoe.ae:PQqjf67%
0284026@csvdc.qc.ca:20020409
cginter@zse.leszno.pl:Gaf18502
rasampath@virtusa.com:one$ma11step4M@n
731341@ldcsb.org:Mastroi08!
dragan.zdraveski@vevegroup.com:Dragan#123
zindia.cisneros@telcel.com:Rocky1234
nculuskeita@manteslajolie.fr:MAGALIE
rasim@thkmp.onmicrosoft.com:1qwertyuiopasd@2022
578402@newvalley1.moe.edu.eg:Emp#650613
cpham001@regis.edu:Thaomi77
catianemorais@unesc.net:Engenharia1995
alexlauyt2015@gmail.com:202141339
maurizio.persi@hcl.com:M4ur1z10!
468300909@assiut2.moe.edu.eg:Std#031210
en1658@svip365.top:Melodyman1990
sameh.2383904@t2.moe.edu.eg:2383904@t2
m.romany2171@nu.edu.eg:beter12345
russeldallas@outlook.com:18/11/2554
cduc1@eduhdf.fr:Cr10dece5
fsadfsadf:f2342343
kt423787@schools.mk:Kristijan123
vinhvt8@fsoft.com.vn:VTV123456!@#$%^
ks-21095@ks.edu.hk:NAIlao24
fyee@diconsa.gob.mx:Calcetines@98
mnaibaf:Fabi-1975
sanchit.behl@espire.com:Password@3780
jamie.huang@kctba.org:hiffuT-nywdi5-ripgac
gangl.barbi@gmail.com:Svk-5699
48048@yothinburana.ac.th:amphicar770!
486776344@giza1.moe.edu.eg:Std#050824
208950025@est.mep.go.cr:Barberena2020
221122033137@des.udn.vn:Vt922004@
ojuarez@tecnobuildings.com:TBOsc@r.*2o22
sgdmscm1920263@pgc.edu.pk:Durki_shah651279
444810977@sohag3.moe.edu.eg:Std#031021
sd-19-20458@ufhec.edu.do:Ufhec@5617
450852914@monofeya3.moe.edu.eg:Std#050922
wxiong@kdc-one.com:S9wkvn$f0127
b00625193@bryantstratton.edu:Ballislife365!!!
anastasia.belaya@oct.spb.ru:a_belaia20154
alexander.melo@unach.edu.ec:080491928MELo
hugoclaudino32@gmail.com:hugo051075
17376859@psm.edu.ve:Manuel07
vakori92@gmail.com:Kokorito016
rigasa:NeosAgiosEymenios@777
s2083012@mb.moe.gov.sa:97P@s56sW0r4813
evgenilev1988@gmail.com:AsdzxcAsdzxc1!
2090957@cognizant.com:Bluearth@123
benyapha.theworks@ananda.co.th:tw-pwd02
12012020100793@stud.cu.edu.eg:33228006
apichart@amataspring.com:Amata365
antonio.zurita@satfer.es:AzCgTz041322
marketing@gavilla.com.br:gongo157*
402910418@est.mep.go.cr:Jdvb05032011
411185833@qaliobia4.moe.edu.eg:Std303930
s.heneidy@sakosta.de:HeaLsE7528
angela.contri@libero.it:capcap1209
s93370901@rg.moe.gov.sa:84P@s51sWr2799
cvelazquezr2000@alumno.ipn.mx:67Tg+78*
dana_lizbeth@hotmail.com:27061997
411312091@sharkia3.moe.edu.eg:Std#030921
j132344536@gmail.com:MAROC2021@
kerol.jarve@vandra.ee:Sooriku071107
milesman16@gmail.com:Supercar1302!
20212245@itla.edu.do:2245#Itla
njg001@uark.edu:Football8
393977:wargod_555
jafet.gonzalez17@meduca.edu.pa:14Chopeto
marielambert499@gmail.com:5Pact@1970N
ais92429@apple.sch.ae:apple@852
wazid.khan@s.amity.edu:M@308202@1
e130107341@taalim.ma:Ufbt9030
h130292384@taalim.ma:Hanan1994
458326338@sohag2.moe.edu.eg:Std#070728
150083.dpsgm@dpsgs.org:RikudoFoxs123*
kamelia.coly@leerling.kov.be:Anime_lover13
marcoghidini007@gmail.com:12320855963Gm
451970057@portsaid1.moe.edu.eg:Std#061212
info@sl2square.onmicrosoft.com:CommunityLab2020
bljdsantos@simpress.com.br:Ba242909@
s97704:DW9yGmE4!
admin@com.usc.edu.eg:com.usc2022
arun@interimexecs.org:Salesforce@123
mabarca@corporacionob.com:Alexob123#.
charlotte.rhode@o365.closen.de:Emma2010
adrocha@uninorte.edu.co:DanielAR28.
22003596@midkent.ac.uk:gcr!14417470
28709052501932:Rt2468910
lluciano@oattravel.com:Travel123
604320518@ina.cr:Prueba2023
alcm103@siammakro.co.th:Nov103++-
du376633@wipro.com:Anusha@012
368360@vbstudents.com:MrPotatoMan1!
bilgiislem:kets+654
marib.m528749@student.aku.edu:imtiaz.2
kak850@usask.ca:Canada77?
sistemas@arci.com.mx:Cum36528
ammaar2007@free.stulive.com:kadernani@#$%
djci0501@estudiantes2.edu.ec:Dominic2011
445607751@qaliobia1.moe.edu.eg:Std#040815
d52masaj@uco.es:Nq8qh8ey1
27178696993:Afip202210
s9239234@rb.moe.gov.sa:Manal1400
khalidmerzig@gmail.com:88khaliD88
brenda.alves@fatec.sp.gov.br:Amizade1325@
t546511@jg.moe.gov.sa:0504864252Gg
tecnico@instacon.es:Villaverde-17
463463198@sharkia5.moe.edu.eg:Ga#123456s
destiny.tier@mail.darton.edu:gonoles1
5089@lacordaire.edu.co:Moreno0950
ricardo.acevedo@uam.edu.co:1004699403
tparnell2@ggc.edu:Atived1113!!
72588166268@vegyipari.hu:Klaudia27
danfvaldebenitop@sodimac.cl:Sodimac23
carjovgar@alu.edu.gva.es:Pancho13
hmhtherath@students.nsbm.ac.lk:Xiu4#hmh
aymane.sayah@ofppt-edu.ma:fimo69@1
1041193@student.edu.az:Arzu1984
311758@conneqtcorp.com:Uni@1234
smarzullo@unime.it:Larissamia1996
jamil.alqudah@htu.edu.jo:12121@Dio
2019-3935@mgs.edu.pk:Rav690222
evans@ezdfilm.onmicrosoft.com:20010609Emras@#
makina.mirhan@std.izu.edu.tr:Gokhan1965
kubra.erkan@st.uskudar.edu.tr:ke260320
alberto.mussato@gmail.com:STAM1969
fhobson@nine.com.au:Summer2020
6320613007@email.psu.ac.th:farun@111
20080153@ce.pucmm.edu.do:ladiiK0217+3
azb2000@hw.ac.uk:AyZee2025!
hddlamine7@gmail.com:naitouslimane1994
saskya.vega@ec.nuocorp.com:Ecuador.2020
n.schaeps@student.avans.nl:Timmie10!
wa@bncn.onmicrosoft.com:Isaias43
josselyn.bravo@espoch.edu.ec:jpbh22101993*
lluis.valls@vallformosa.com:Pisuerga26641
bobamo-cont@mahindra.com:mahindra@1
3350461834@hungyen.itrithuc.vn:LQD-1234
ahmed.hajali@shabab.pro:Aa954704106zZ
tshasan@my.canyons.edu:Boyone123
s63463825005@ssru.ac.th:rcd131140!
j134324704@taalim.ma:Xagq4404
rlira@innomet.cl:Topo2020
gabriely.mota@aluno.faesa.br:Iris231115
sara.bonet@nautaliaviajes.es:Nauta125
35012669@sfcollege.edu:Rois004$
502020067@stu.meu.edu.jo:Aa@123387W
marly.taborda@certadata.com:Jomi$1979
as2799@fayoum.edu.eg:@Asasasas2019
1551010064@daihocyhanoi.edu.vn:Nguyenduy23697
482340503@giza6.moe.edu.eg:Std#030813
ana03108@mytjx.com:KunoichiLuke159!
0184882@sesi-es.org.br:@ariane04042007
areser@drury.edu:79278afr
renata.mendozavld@uanl.edu.mx:laberintos01
451550249@sharkia1.moe.edu.eg:Std#050326
z232600038@taalim.ma:U0TnreEuvS
verdin.lorant@eltegyakorlo.hu:nicolbolas
supriya@infiniminds.com:Amma@9515
gcad16114@gmail.com:piyush141114ekku
operaciones@eic-peru.com:2039EIC*
456114590@giza6.moe.edu.eg:*1H@shem1*
sadrian@3cmetal.com:$Vh!D!grU9K!
2001306037@st.aabu.edu.jo:Ka14112002
473863096@alex3.moe.edu.eg:Std#050923
409652922@sharkia2.moe.edu.eg:Std#030902
ochoa.aitor@sanviator.eus:Sanviao165
amurphy@makiber.com:@Makiber2000
461304690@minia1.moe.edu.eg:Std#060701
u2002516@siswa.um.edu.my:Yesung1106
t707562@jb.moe.gov.sa:112244Aa
priyanka@selfdrvn.com:kriyanka@123
keniabonillac@outlook.com:IlovePizza2019
cekina.1626030@t2.moe.edu.eg:egyptM@e1626030
waheed.ahmad@ebitlogix.com:Bruno2013@
moflores@itsqmet.edu.ec:Itsqmet1725290587
rafal.glowacki@noaignite.com:Nigg8qTeTuuRxZ9
2169581@sharkia1.moe.edu.eg:01011Ali$$
e24471080@miescuela.pr:Escuela1
tranlap@skyparty.vn:Levankha1993
stace:aLEX_12348765
0930085030:samara20
nmrivera@inpi.gob.mx:Acerina5*
de250126@ncr.com:Penghujan@2023
martha.lizarazo@rayogas.com:Comercialfl.02
bernierh@cssdd.ca:X4846uyu
pisethpanharith932@gmail.com:Rith111222
kalledfroes@outlook.com:Kalled-15067124601
jibin.josy@kiya.ai:jj$july9497
hutchinsondp@masters.edu:hutchinson!95
1164102160614@mail.rmutt.ac.th:New0610674961
mmu.ifrc@egyptianrc.org:erc@erc1
1967010147@ms.hanu.edu.vn:VmXL_sv2019
l1f19bsse0132@ucp.edu.pk:hassanx@bsse0132
weydersl@isl-edu.be:6ZacHqeK
abdulaziz:majed12345
it@sima.edu.sg:kmptx106QASD
surendra@ranwattaco.com:Jaye@r593
martin.munozq@ug.edu.ec:Ironmancap10
ense1053437@tarbia.tn:p12dfcf8$NV
aykut.atli@pmo.com.tr:Pmo35169
juan.moreno619@casur.gov.co:Juan11804619
a44711@i365.shop:whwhf1108!@
e00000175906@aliat.edu.mx:Job200592
ayan.roy@mpsinteractive.com:July@2020
erika.ladino@ansv.gov.co:Ansv2020+
pshfscmm2200820@hadaf.edu.pk:P2200820IBfd
javierlima2301@gmail.com:Modelo-2021
pettettd@student.gpc.edu:Myheartisfull23
310961@eriesd.org:Illampu35
rey8a:!Ton!eKCjvG1rVp
binsar:michaelrich1606!
admin@trmsupply.com.br:Trm@312@
leonor.bagnos@car.deped.gov.ph:LmB>)@2021
upgsociologia@uncp.edu.pe:Maestria2020S
m2d.eletroeletronica@gmail.com:m2d687950
steffiaerts@hotmail.com:Pikeur01
jacob-reeves@thirskschool.org:Rocketdog10!
455053413@luxor1.moe.edu.eg:Std#070209
n.v.romaniuk@ratne1.org:Rn031202
lvega@caruso.com.ar:Febrero2023
ti@cleanmedical.com.br:Gil@164348
farhad.rezaei@gmail.com:Patrice1357
mriyaz:Ta@123456
maryjoyce.catudio@deped.gov.ph:*June252005*
erdal@k2b.com.tr:784532.Go
batoul.berro@lau.edu:2b3a4t5o6u7l/
superr.gamesss@gmail.com:Gos31817
kevin@ledlease.nl:1yavSfgIZIG0Hfc
nauan.silva01@etec.sp.gov.br:77830305Nn
mohamed.1129736@t3.moe.edu.eg:bat123456mmm@
000158599@365.cleu.edu.mx:Puenteazul2
7841303u@zsnr4.pl:Kutas20021
mmenakhatun@gmail.com:Sajdahisa1
edc.9006@aeduead.com.br:Atriumpos@2022
kevinmwen@stu.csu.edu.tr:Mosfetjfet12
stephane.sutre@ac-poitiers.fr:Stephane1
japinilla@defensoria.edu.co:11342361
yasna.alcaino@alu.ucm.cl:LuIs.1398
jose.santoyo@emsirh.com.mx:Nun69125*
tommyp:October31!
gcpzzp:Ms.jkl123
norbertdan7@gmail.com:pito777
micuna@student.kcc.wa.edu.au:hinEarth72
claudio.affonso@etec.sp.gov.br:SomBeat@071421
sopvirtual_derecho@usmp.pe:TeamIC21_@@@
225201@eru.edu.eg:ZaTeULq63991-_#%
daniel.ruiz@usa.edu.co:Usa.2022#
1795810@tcs.com:Pupsabisai@2
a405544@umm.edu.mx:Camal3on0506
jindrich.pribyl@ssams.cz:Novaves12
grodriguezc3@est.ups.edu.ec:Esparnar2023
mandeep.kumar@crossbowlabs.com:$man1deep
16-1-02-016455@sol-du.ac.in:nokia@143
npalmav@est.ups.edu.ec:NPfebrero99289
pd22848802@my.sliit.lk:Mr931800876!
tecnologiag2@ejercito.mil.do:Afgflv0216@
202110012@st.cityu.edu.lb:Quq90954
01040645:P@ss12345_admin
140323027@live.unilag.edu.ng:Mayflower21730
20180004@ypc.edu.gt:Yeyito123
nazarethguerina:Naz09919725311
patilab18.meta@coep.ac.in:The1game@
645605@sv.vnua.edu.vn:Truongdeptrai123
nlarek@sp2.goleniow.pl:KcKasper27062020
abirbhab_saha:abir9573177111!
prjpvq16:20232024
ukgbb23@spicschool.com:Moh04123
tokkonen582@my.cleary.edu:Trenton12!
ddquyn@students.nsbm.ac.lk:Nkj6@ddn
hairul.priatna@dentsuaegis.com:Password23
banak.karol@zswolajachowa.pl:Karolek2011
karloj27@gmail.com:Putitoted27.
rjafallah1@gmail.com:1210236819aA
anh.nguyendinh@misumi.com.vn:Nguyendinh1711
1220819@isep.ipp.pt:@Andreleol13
alexr@i.ua:rechits1971alex
a19160.cchinmayii@bnca.ac.in:Chinmayee@24
salem-said@moe.om:Sszzmmrrnn@76
nv.dock@cookeaqua.com:S@lmon!!1
ldparra65@soy.sena.edu.co:LUZparra09
erhamy@email.itt-tech.edu:jetpowered
bfonseca@bracell.com:Sera0001001@
joses1064@live.saisd.net:Js717466
ahmed.sayedali@vodafone.com:EquipoAmante@90
19081003@ms.hanoistar.edu.vn:Tuandz12032008
chandani200812@mccmulund.ac.in:Chand2711*
leonardomateus:matrix2009
avillablancar@correo.uss.cl:Jano2001
000882771@mohawkcollege.ca:Thormarch062020
11028321@lis.ulusiada.pt:Brunobaiao98
jbasoco2618@sin.conalep.edu.mx:Conalep045
boahj0043@wrdsb.ca:27Bartlettjb
2015158261@alu.uap.edu.pe:UAP-2020
27702535@sch.moe.edu.eg:55sch@702535
amjadnaurol@manyogya1.sch.id:Jati.2002
predzel:nilugo321
rohnitrathod@f.odpan.cn:Ls0g69vg
134983@jedu.gov.sa:JEDu143983
mhuarcaya@finanpop.com.pe:Elmundoenmismanos123.
gomaasalah15@yahoo.com:Eiad2007
cedmil@ejercito.mil.ec:Ecuador2021.
20jgls-rzadu@jgu.edu.in:Eminem@313
rcastiblanco@procaps.com.co:Soporte2024.
cguiral@gruposupermotos.com:Carola2022112211
o.moustafa@ewcomp.com:P@ss4589
husarkrystof@sps-karvina.cz:Phyron69
lamurianu.marius@sc2mang.ro:unairumal@1Epar
481068645@monofeya2.moe.edu.eg:Std#040902
kimberly.wilson24@snhu.edu:Limmylove1990
202211678@souunigoias.com.br:85852314qOe
455498890@cairo4.moe.edu.eg:Std#040808
richard_cordova@usmp.pe:Psiquiatria2022
nir.alon@365.ono.ac.il:er34er34
447462753@assiut1.moe.edu.eg:Std#030713
577439:XT6Su82V
contacto@informotica.com:2148Alvasa2148
clechuga2020:Dignity10!
122442866@umail.ucc.ie:Silversonyt04
mohitjagne:mohitsrk@25
mu.bosaidi@moe.om:m99630301
pcp1@salletomoveis.com.br:modificar1#
joelmoraga2003@gmail.com:k#g7LiWrDf3s
luciane@insider2.com.br:Natureza10
pedronel.pena093@casur.gov.co:Danidani2012
zara.moiz@akesp.org:Pakistan14
sanjaysingh@bepl.online:Sanjays@123
ricardo.ruizc@usil.pe:Ricardex23
397579:Kckc1913
444933759@sohag3.moe.edu.eg:Std#040808
osarmiento:Barranquilla2022$$**
lvegacal@ibero.edu.co:VEGA8543*
k.latif@ale-heavylift.com:Oosh0057@rnd
alozanolu@unadvirtual.edu.co:Ironmaiden1987
454641196@assiut2.moe.edu.eg:Std#060312
duong.h.ctv@mobifone.vn:Haduong1408
aeshaver@gtcc.edu:Aes.9228
henry@snapnetsolutions.com:Kal56340.
201802203231@alunos.estacio.br:Safira2018
shaheen:Sh@h33n113
mail4tahsin@gmail.com:Meherpur#7100
hiron@epicbd.com:Hpgcl$789
cdayan79@hotmail.com:onlyfortoday1982
gelro70@hotmail.com:genius12
jclarke@cryptotechtrading.com:7931486250Q!qz$$G3m0t84*
shrivastav:neeru123
torres:Venganza1982
pdd109@gmail.com:Maa.00000
wasaltos@itsoriente.edu.ec:juan0987
a.meshal0608@education.qa:Mmham@@658812
jnqo9491@estudiantes.edu.ec:nayeli27$
620137531:Bea2001
22036152@student.ltuc.com:WD5N33L
40722056@mail2u.tnu.edu.tw:A131104463
rcarreno@chevyplan.com.ec:Ecuador2023*
u21310177@utp.edu.pe:soyfryky
ipodesta@uaa.edu.py:Wpd67360
18221554-007@uog.edu.pk:usg@2433
pete@anvilproperty.co.za:Funnybone123!
9997757153:IMPRENTA
23496@girlsgpm.onmicrosoft.com:Girls123
s22010220@ousl.lk:Datliones@22755
hepv_123@hotmail.com:Forestal123#
david.jayaram@acaindia.org:1002020
srg.outbound@jne.co.id:outbsrg0116
240691@student.scsk12.org:June292004
andrej:3481221223Aa
daksh:sjbhs@113
subgcia_procesos:procesos.2020
pinsnerjan@student.vos-kh.cz:Darklector666
l.borowski@lo26.elodz.edu.pl:Kappak00
469005836@alex4.moe.edu.eg:Aa#1234567
ict.support@tabasamusacco.org:Nyw1l@2020
malinowy667@gmail.com:TEH=MzC8bq66i9d
m.ahmed.mba37@msm.nl:1T4(aPXSzt
202072901558.cex@unm.edu.pe:Violinprf3
bawm0001@mitskole.net:obb63evz
vg02611411@edu.mon.bg:Veselin1
ansharitraders:Ansari@7373
omiklas@sp46.eu:Szkola123!
tan_chow_ken_387j@bcaa.edu.sg:Hiandbye1994
010580388:alastrig459
qqqqradia1111:qqQQradia1111
20021519-059@uog.edu.pk:asd.4051
shephi@primehospital.ae:pass1234
410254710@behera3.moe.edu.eg:Std#041120
saverio.cimino@rsregen.info:Cimino#15052009
rohit9934582518@outlook.com:ROhit123456789
dwoolfenden@lenovo.com:Woolfy@1000
chipanap68@gmail.com:chipana11
gommers@toensmeier.de:msNote8dr
s9369483@rb.moe.gov.sa:Younes@731byan
tpkpp:Timwng86
6201910078@alexu.edu.eg:Aa@30112111500255
s6176696@mkhb.moe.gov.sa:Raeds5178
u043779@umicore.com:Umicore@2022
83973@icpnachi.edu.pe:Wal29105
angelolonoce@dubsimon.ie:AL1357!?
steffie0023@live.nl:123Katers!
74425814@continental.edu.pe:744258142020
praveenraj@command-air.com.sg:Amsimple123
devzone@75cgn3.onmicrosoft.com:Dev.Zone8794
ia259@lindenwood.edu:kawther12345S@
yoselin.matute@unah.hn:Josue26.
sattarsi23@pwcs-edu.org:NedeAPasword2!
ehardwick@eaaofmichigan.org:uni123@EH
marek.micko11@gmail.com:marekmicko123
dpodpsl:Nikolaybruter!
2167381@sharkia1.moe.edu.eg:#REm300468
demp.diego@unl.edu.ec:dempdiego31*
scruzgreicyjhul@uss.edu.pe:SCRUZGREICYJHUL
adri@spadelaveille.com:Samsung+11
202303536127@alunos.estacio.br:195142@Ma
482480266@cairo4.moe.edu.eg:Std#030108
lyzwa.m@ostrowsp11.pl:Z@lania2
462567652@assiut2.moe.edu.eg:Arabm2023#
mandy:Pa55word
454467786@monofeya1.moe.edu.eg:Std#060422
campocr@cidgallup.com:Campo2018a
s030900oaae@onmedu.edu.ua:Therock11
procurement@b-ledtec.com:Bad26086
morgane.douilly@ribot.info:Utd2013!
23024527@student.uwa.edu.au:Welcome7070@
446748@behera1.moe.edu.eg:Emp#690226
samia.fahmy@cu.edu.eg:Yuh24052
admin:1148129@02t!
461669716@alex3.moe.edu.eg:A123567a**
98384058:Concasa505**
lb91659663@edu.mon.bg:Boqanov10
zaidsalam720@gmail.com:Nasiri11
kc33183234@edu.mon.bg:0550220490.KALINA
saadsayed761@gmailo.com:Ss1357**Ss
ducdammay@gmail.com:luu62020
w1223195@myfcc.frederick.edu:Appletree@24
iblc5841@estudiantes.edu.ec:kerlydz2007@gmil.con
f12157412@students.tugab.bg:mazda626ditd
sa02@netsun.ro:D2D!2021
qvcalnas@tip.edu.ph:LOudb@s47t
la216347@student.helha.be:MineCraft2001
unamujerrealbymarykay:Viv8l8pep8!
oscar.cristaudo@oneos.online:V8o2F5.v2A50%
mleonsaa@outlook.com:manuel2023
robertonascimento@ondrive.pw:recife19Pe
ahmedyassergalell@gmail.com:mada@2006
bonsipatrick:Here2help
liz.dominguez@upn.edu.pe:Dom1ngu3z.28
sallaiako200906:Sallaiakos2009
angelr_bandab@unilibre.edu.co:uL1047451217
joao2469@aecc.me:Yod90902
dehmke@furb.br:Dlar@8622
lina@trustlebanon.com:Itdep130
shinigameone:lucasmko098
achatzitheodorou@nyc.gr:Fz52te2b4!
mohamed.saber@elsewedypsp.com:ASDF@12345
guyot.rom@gmail.com:NewMicrosoft-Romain.2005
trangnth@cei.com.sg:Thang102021
johanthien@gmail.com:Johan10@
ryanw@emrizki.onmicrosoft.com:BijiKadal123!
al110274@alumnos.uacj.mx:AdministradorDS
servicios@dcrsystem.net:Campos2017
sreed@woodmontcharter.org:PeVf63Yb
lpineda0321@conalepmex.edu.mx:211090569-8
kevin:$Kevee6569
juentudlaurel@cruzroja.or.cr:Qpd98g5Yd
nasrtantawi73@gmail.com:Nasr239717
taiyang@ekq.me:jixueanG231
adm1@myonedrive.site:$4rijadi
pr3242@hira.edu.my:#MuridSrih20
k136228946@taalim.ma:Latifabaj1234@@
quinh909@oriel.w-sussex.sch.uk:Phone07444602890
ef9c738d8c@firemailbox.club:redadz42
chris.boudewijn@ambelt.nl:Sow64506
norcessr91:MagicMan@123
2835543@sohag3.moe.edu.eg:Emp#660919
fer.vargasm@duocuc.cl:Fer.Vargas11-04.
abrahammava@outlook.com:Lul40235
s99503967@tbkb.moe.gov.sa:Shukri1984
60790257@ulcb.edu.pe:Fabian@123
msanchez0310@uta.edu.ec:ATTCMQZ7jp
anila.das@navarrocollege.edu:Flowerpot21!
g20190007@novaims.unl.pt:cBY.sRKWsgSgMA5
paul.clinckemalie@n-va.be:2181PLKLNK2191!
sbernalo@eafit.edu.co:Polito20201213
utti192052@utvco.edu.mx:Lucasjhellen1234
kevin.thomas9@snhu.edu:AkAgreen18
cocieto43@wp.pl:Fifi0606
dagulhelcurt@gmail.com:Certificate2
mdobariya@nowfinance.com.au:password
213138135@cuautitlan.tecnm.mx:Andresoterne007
stouliat@ace-hellas.gr:@1234Diva@
larissa.costa8@unisul.br:555A5961
pthihang@cmc.com.vn:Welcome123
j149019225@taalim.ma:BQuOq0TxTY
nszafryk@nlo.pleszew.pl:Dawid223
e.arnisto@igtsolutions.com:Aira191207!
gtaylor@hydro-int.com:Sheba123
s.encarnacion3@unapec.edu.do:S08pec@1999
orionnumberblocks:4691583172
diego.araya.arancibia@ua.cl:Graceykatirina2020*
c4048@a1p.us:shizuoka100@
ashleighb@roan.co.za:Roan@2021
klomprasert:nkl92010
wiehann.putter@avenggroup.com:$t@rw@r5
219009116@stud.cut.ac.za:P@ss009116123
ok638408@schools.mk:ok638408@schools.mk
gsamarotto@caffarena.cl:Vida.2020
adegregoriober8627@sdsu.edu:55Jul@iju55
ejgioc@bepensa.com:Bepensa2022#0
huwkmcc2@od.obagg.com:ad17rojao#
equipe@hct.re:Ran21037
s910901@rb.moe.gov.sa:iiOlev1122
accounts@think7.in:Think7@123
yoilay2@365.openu.ac.il:IlayYoeli123!
445587386@gharbeia2.moe.edu.eg:Std#040910
abdullah_abed:Abdullah-20
462567076@assiut2.moe.edu.eg:Arabm2023#
vivek.tiwari@metrotelworks.com:Yoh00965
447677090@sharkia1.moe.edu.eg:Std#021114t
1124350:Virtual18
80709033@stu.hcmut.edu.vn:22121983
20060051@thpttxnghialo.edu.vn:Dungtruonganh@123
hieudn8@fsoft.com.vn:Anhyeuvk3007
aanazi@tahakom.com:TAH@12345A
hrimdept@kutrrh.go.ke:@HRIM2022
krisyuan1731242@sttpln.ac.id:Anjel2399
481526265@qaliobia1.moe.edu.eg:Hoba#91181
ddiya@uark.edu:Holiness+1254
marijan.galjar@oblak.rgn.hr:W*978Ther$56
cyc@royalpacific.com.pe:*Limas$$661236
444636260@giza2.moe.edu.eg:Std#040615
rafael.franca1@gpabr.com:Gpa@10203049
yago.castillo@hpc.edu.pe:Yaguito2107
pamron.aru@cptg.co.th:918e435849
2113226@uj.edu.sa:Aa116640770
18mte11@students.muet.edu.pk:Yuj93285
91111519597:alaa-ali91111519597
454714205@qaliobia3.moe.edu.eg:Mohamed#12
conchisantos3@yahoo.es:hM+YCjEY2E6!&a(
jferrerg@ibero.edu.co:FERR3125*
maulidia@sman16sby.sch.id:Hamped5547
031790010@ogr.uludag.edu.tr:Aseloth92
leidy.cardona@adres.gov.co:Facatativa5478+*
455742281@gharbeia2.moe.edu.eg:Std#061103
gustavo.contreras@eym.com.co:Mariana2020
a2019147133@alumni.iscac.pt:Mariana1996
jperezri@senati.pe:Senati21
17113207@birzeit.pna.ps:Mariam13579
95090@mgt.sjp.ac.lk:Gg3368124
cocse234f-021@student.nibm.lk:kc2003624@
1941202@unrwtc.onmicrosoft.com:masri@812200
psrtnk1a16@presidency.edu.in:anamika@5
mftorrescas@unadvirtual.edu.co:Marlon1998.
remotegamma:Ax1s124!
welcomehome2022@gmail.com:Welcomehome2023
armand.tohouri@op.tersea.com:LordJesus7
1123290467@mcsdgas.com:warmcrow72
mohamedahmedelsayed@gmail.com:1qaZ@246
riazul001@e.ntu.edu.sg:Aa321321
cliniccebu@qualimed.com.ph:Queen244104
manuel098t:100189330gG
moha0111:Std#030308
wingszevingin@davinci.ac.za:0606030aA!
84109@icpnachi.edu.pe:SEB@Sjavi023
marco.papp@kroton.com.br:pa@@pp1234
datmai@unicorn365.net:Dat893973
21012021100693@vet.zu.edu.eg:Map20673
j.vineet@iitg.ac.in:Vrsr@1821
heba.nabil@fourseasons.com:HNcaf2022
luca6222:gaf84byn
sandra.hippler@unioeste.br:Ambiental123
framadhan@partner.nt-ware.com:Rian1988Nt-WarePwd
nikita.romanov@ivkhk.ee:Lolgo2002
abuelvas8@cuc.edu.co:100344a
p-rbonillam@izzi.mx:M3nd3z1976**
naresh.babu@opsio.se:NaSu@2028
hvillalobos@esuaca.ac.cr:Vuv54888
406954987@alex4.moe.edu.eg:Std#020917
450818193@gharbeia2.moe.edu.eg:Std#050314
s10067379@rg.moe.gov.sa:Mm0503091916
alon.h@interaction.co.il:A1l2o3n4
mis.bgv@neeyamo.com:Neeyamo*951
maobas:Bastidas159*
2016079@dpsgrnoida.com:@1234LHKL
01111253270:tamr@23101982
464366234@behera1.moe.edu.eg:Std#000714
skotliarova@wsns.edu.pl:03Mazefaka09
support@ffmoto.com:FFM2016!
p100058624@taalim.ma:LoubabaKerkech123456
u21222948@utp.edu.pe:Anto1617
sb.charliescoffee@gmail.com:Nickelroof88
ccs@risesuntw.onmicrosoft.com:RS14075810rs*
shamed.tp@emaar.ae:901827Gkgate1970
462904987@sohag1.moe.edu.eg:Std#080715
yerli.poveda.abarca@mep.go.cr:Dariel0905
rizkiano@365office.co:B6342nol
rabha.elabdaoui@usms.ac.ma:zN@266346+
a.a.sulley-2022@hull.ac.uk:nanaOrgana23
expat@takaful.mv:Gat49644
luiz.sousa16@p4ed.com:Pm78pqtd24
105.144.328-88:dky7727
x6integra.crm@utp.edu.my:Password2019
394810261@sohag1.moe.edu.eg:Std#000328
s.ayman2224@nu.edu.eg:P@ss01124
lynettedavis45@aol.com:diamond12
zeeshan.ahmad@aku.edu:Designoffice.1234
seerat.kumra2623@tsms.edu.in:Schooltsms@135
ch71054448@idat.edu.pe:71054448Y
44129130@mylife.unisa.ac.za:megansadler
1907101082@std.idu.edu.tr:34394077478IDU@
rollno17xia@sbmsrg.in:U@D1itbrotheR
fcastanedav17_1@unc.edu.pe:ferjhocasvar
drao@moe.edu.eg:smhah@385
1201372@horus.edu.eg:Naydsh72
ricardo.becheli@aluno.unip.br:Grb190806@
tanya.petraglia@validity.com:Jacob2003
a.cardoso@lcandpartners.com:Trecate21
487183089@alex3.moe.edu.eg:Std#071019
102160201@sv1.dut.udn.vn:a3159BK$
lachera001@tcdsb.ca:lynx3288
i201715231@cibertec.edu.pe:Yisus3200
s3404970@mkhg.moe.gov.sa:Asd@6452
imurillos@est.emi.edu.bo:armagedon2006/
suve_13:Suvetha13
htoomyataung:htoomyat@82aung
2015005109@unfv.edu.pe:LU_cero123
000425113@tafesa.edu.au:Russpenn27
n0079687:Gehirn122215
seclenjua@paho.org:Epidemia2050
lrgeorgiev20@codingburgas.bg:Foy62291
746557:Diosmecuida7
18002800@alumnos.utleon.edu.mx:Exbox360gorillaz
s8290007@estg.moe.gov.sa:iman1980*
vijith.gangadharan@ltts.com:VG#0123401234
157o00879@itsx.edu.mx:Daemon-Hentai.com
estoque@stalo.ind.br:S@65487605
2527042019@mail.utec.edu.sv:03081993
21145472@st.hcmute.edu.vn:NC/dNf53_^j/h7'
vbacab@elgeneral7.com:Protools01
0914742754:Hu20Ma08
458615055@minia1.moe.edu.eg:Std#061003
kalina_milcheva@starsgroup.com:Obi4ampoker
khurram.ali@systemsltd.com:Panda1234567@
18.tantri@gurukedirilagi.com:SDNSumberbendo2
3022510170:Felipapa2014
22p1510008@alexu.edu.eg:Aa@27809251601661
ronato93:Sebas201302
chchw1:barbsbarbs
juan.rojas@woodplc.com:octubre102915
001439625@senati.pe:Myleni20082004$
lucas.pegrucci@ufu.br:Xbox021#
keegan@movesbycj.com:keegan@movesbycj.com
kimpaboy_86@hotmail.com:Maegeri22
76783510:mL7d2e72SU
nevzatuluc@ictur.com.tr:Antalya1
av787@vip365.plus:Akar7272
viggo.asp@edu.monsteras.se:Sommar12345
andreybas04:AndreyBas222
thompsonb565@gmail.com:BrianT18
7075@iisdso.org:IIS@010647
kharangarakeskumar@outlook.com:Rakes@123
matheo.hoffmann@einhard.de:chippi_5
ialmazari@zu.edu.jo:Bisher#2006
frasnata455@granderie.ca:3p7a8s3A
jp10177@office365-jp.site:Nori2350Nori2350
203325@alumnouninter.mx:Elefante2
sp47047125@edu.mon.bg:sv3583Ipn
th387@office365now.xyz:Samroung419453
enrico.tucci@gorkio.lt:Puskis82
i210872@nu.edu.pk:Bam99908
jcastagna@avc.edu:Vovannghia09
d149020724@taalim.ma:Zihdd1705
carlos.soto@cloud.uautonoma.cl:Kaxem777
702990794@castrocarazo.ac.cr:Cc2022*
angela.lasso@sanjosedeusme.com:jesucristo
482577192@sohag3.moe.edu.eg:Std#040719
64010517086@o365.msu.ac.th:Pw@1459900967440
9982054831.ups@htu.edu.jo:Jmfara980..*
faruk-4153@hotmail.com:qh@13.MZ$30
guapa:Lamasguap@1
pao.venuti@stud.uniroma3.it:s.dkPJ9Q
nhattqth00808@fpt.edu.vn:@Binnhat3004
444987342@fayoum2.moe.edu.eg:Std#040801
491358127@assiut2.moe.edu.eg:Std#050901
mohamed.2704713@t22.moe.edu.eg:ABCDE%18Ff
s6222207@estb.moe.gov.sa:Bahrain01
mvidangos@cofadena.gob.bo:2718520019mmP*
seafxg@fxgiants.net:Abyuzz71
dmsalemdawod14@ams.just.edu.jo:Dmd123456
dara.morn@icloud.com:7HCh]QWHTL
445259379@redsea1.moe.edu.eg:Std#021207
alishahrub:Arub607080
haddadi.linda@univ.teluq.ca:Didaa2005
crsabal@alumnos.uai.cl:k2kb@tZj
lamesgin.muluken@sphmmc.edu.et:lame@1216192127!
marcel.olivera@adventistas.org:Mpn2020**
melvin.thomas@dcis.co.in:Quk43590
ilazri@webhelp.fr:test789*
21bcs11342@cuchd.in:Openit@1234
ad170148@siswa.uthm.edu.my:Qayyumgempak10
mshazwan@mestech.unikl.edu.my:kiRa3333
joserpb2010@hotmail.com:Bravo2019@
hernanelpda@algartech.com:Algar@3030
463019806@behera3.moe.edu.eg:Std#080127
470866:Mandora65
91504:Giulia2002
c0hoanganh@lamdong.itrithuc.vn:Dateh@2021
410097917@sharkia1.moe.edu.eg:Std#030815
5458217@mec.edu.py:Maxifrescura2004
diego_abreug@outlook.com:cebUce*2020
donald.nano@sisal.al:Etien2201$
r136919092@taalim.ma:@WINDOWS8
rafael.solis@ext.cemex.com:0ZC8AO48
t399282@azharonline.edu.eg:GSH@1980
halawa:A7med555
finley.bici@eg-rheda.de:Finnibi2007
e_2022200063h@uncp.edu.pe:e_2022200063h@uncp.edu.pe
javalos0722@jal.conalep.edu.mx:Waq97191
mlucena-g4f@abdi.com.br:Senha2023
j135307378@taalim.ma:Doukkali@1234
01023082338:Vodafone#2022
reggie.chu@r1.deped.gov.ph:28Apr1988!
shpbha09shailesh@gmail.com:shailesh@shobha
201888@astanait.edu.kz:4561230boB!
457543230@qaliobia3.moe.edu.eg:61019736101973
262869@student.pwr.edu.pl:Baku2021!
angie.dodge@emi-rs.com:Megang0329
pannipurivsmasalavada:masalavadada
215036@kingsmead.org:mertismyson
rjcuh@istu.club:nG9*/@y2KBKDzWS
t488839@bg.moe.gov.sa:Msaadfing13241324
recepcionmarb@chc.do:recep.2104
170313095@live.unilag.edu.ng:Integrity199260
ingeniero.sor@gmail.com:Sebas15262022+.*
ivan.silva@angloamerican.com:Vale2010%
452977374@alex4.moe.edu.eg:Std#060808
a1423@365-office.team:Irondesk4
regantioquia2@uyusa.com:Franzes1251
simeon.flamuraj21@umt.edu.al:Metropolitan@21
rubens@8mxkq5.onmicrosoft.com:Binho161007
dane@ignite-performance.co.uk:Aprbristol20
abiyu.kerebo@amu.edu.et:12345678@abi
pcopley@wetafx.co.nz:5tj51q%TJ%!Q
isaac.hitam@beacon-academy.org:Toad3535
201828236@std.sci.cu.edu.eg:Tm#01179
a217220821@unison.mx:Hermosillo123
s9502931@rg.moe.gov.sa:Sn2181430@
orszulakc:&&Yingmei
05373920672:08732588Rd
reinonotfound:SonamyForever929468071
edua.aburto@duocuc.cl:edu27098237
692236389:cxD1334567
russell.stevenson@theogtc.com:emmajoe-002
21810782@ynu.kr:WJDGKS1004**
ararearies@hotmail.com:CashaNova55
guillermo030517@gmail.com:Falcons.XXIV_1580
estudiomaxim:Casa1030
s5575636@rb.moe.gov.sa:72P@s68sW0r3414
je.lopez@estudiantec.cr:J3nn1f3r/&13
dir.h2v@investepiaui.com:06s1920K@
8467@llanfyllin.powys.sch.uk:ponyo123
edu_hmkm_2444@sulid.hu:%Leilka2330
mwelu.kalima@fikiafinance.com:Tan20810
1953@italikadist.com:Distribuidor1
fetst567@school.lu:FettesStephen567
lhricspm2110302@pgc.edu.pk:P2110302KVog
445420225@qaliobia1.moe.edu.eg:Std#040301
pratyush:babajikathulu@113
485637804@gharbeia2.moe.edu.eg:Std#010101
192286@students.upm.edu.my:wAZIF!@#45
emils.blinds@students.rvt.lv:37Ster!con228
khalidabualia@onedrivejo.com:amman77@
andrewcheung@richwellcivil.com:Jqxit255
santiago.parra@gimsaber.edu.co:20190102014
pajaree@siamfittings.co.th:Loogpla@2022
20192d042@khipu.edu.pe:johaniyo_456
bodegasabanero@montajesjm.com:BS-2020*
dluna1615@pue.conalep.edu.mx:Conalep150
janieln21@hsed.net:HeartshareKW21!
ph.sorasit_st@ms.tni.ac.th:Rookies6405
v-28516489@micorreo.uny.edu.ve:CORREO123..
oa1562@o365.fayoum.edu.eg:Welcome@123
74919575@pronabec.edu.pe:MyCm140204**
pichanan.n@student.chula.ac.th:ot6h9og9
gleebslavi@gmail.com:killmonger7
12694215@mylife.unisa.ac.za:Matt1234
201802090533@alunos.estacio.br:F290rel*
haroudieltaouilawais@gmail.com:Saida-18
s3628402@mkhb.moe.gov.sa:Arori665005666
nancy.2949234@t31.moe.edu.eg:egyptM@e2949234
paradoxweb@ceox.com.br:Pxmck2901!
aassqass@gmail.com:AAaa112233
igsr.ahmedmohamed@alexu.edu.eg:Roaa1119
jerome.oboro@sitridischool.com:Sokoto_84
447677040@sharkia2.moe.edu.eg:Std$147147
ngoisaotoitrang@gmail.com:BTB@2677
63546:Zxczxc1973.$
emm1565@outlook.com:Iumafis2020*
m.diquirico@campus.uniurb.it:Almaj2492
nouroudine.younga.etu@esmt.sn:@Nouline*12mt
otaha@blumont.org:Kord0ztan
218865@qaliobia3.moe.edu.eg:Emp#M77@@@
n00167192@upn.pe:Zo11to29
malehope.molopo@tlo.co.za:Jur03379
ux19nr110@correo.ux.edu.mx:Cat37086
1463360@senati.pe:Flexts_56
s21000000281@leggott.ac.uk:10-01-2005
oncomedgpb@hotmail.com:Lmn183Chaly
piekei:Bin00110204
703230262@est.mep.go.cr:Colegio96
samar:Griet*113
a91222as@gmail.com:Moe@123456789
aa20309355@wipro.com:Iamlegendoverlord@13
20180013054@my.xu.edu.ph:#RamSyd123
cherrie.buenafe@keoic.com:#51U3n4f3!
00003216118@aakashicampus.com:Dh@231107
mah.alaa.201904968@o6u.edu.eg:Egypt1999
1715342@campus.euss.org:EUSS_Q56446874
wau@kpf.com:Design9Death
p02455_2013@lyceum.lk:mini@1234
11125@bpl1.onmicrosoft.com:jivesh@0904
ct.2022.w6y5k5@vossie.net:P@ssword1
gd.next@bkapgroup.vn:Bc171094
23071615@mmfsl.com:Chirag131
18cg0384@itsncg.edu.mx:Snake488
wilmav-uribew@unilibre.edu.co:Vane3108739761
10017870@bridgeportedu.net:20091103
ioperjardon@gmail.com:Abimael250197
ngocvu@101187.onmicrosoft.com:TrucCat99
imrich_lubomir@vsdas.sk:LIPIasd123
minigamerkalion@gmail.com:Bocian100
masterfile@sytsa.com.ec:Trebor##87j..
th4005@msoffice365now.xyz:Adv@1234
462513403@sohag2.moe.edu.eg:Std#080329Std#080329
gapomarin1409@gmail.com:gasparin14
451580265@ismailia1.moe.edu.eg:Std#050807
erickpc:Luca1019
youssef.sabih@edu.uca.ma:Chaima-7obbi/127
mankulka1@publicisgroupe.net:Mandarkul@94
r20070778@aschool.edu.vn:NgocHuy2704
cnd0024@conade.gob.mx:Conade06
developerv2@outlook.de:20Himmel30
stum2011008603@ese.gov.ae:QAZ@moe123456
john@cubeiitm.org:j9@wisdom
rafa.roncero97@gmail.com:Aa290997
jclopezr7@gmail.com:Jcaa31.13
0150624831@thcslienha.edu.vn:quan20@09@
nelson.baroi@link3.net:nel566SON
451066463@behera4.moe.edu.eg:Std#050805
s3100862@mb.moe.gov.sa:MDR_99_mdr
caraballoe21@pvhs.k12.nj.us:Diamond02
hugocleto70@gmail.com:harley3ck01.
jesse.hammond@to3053.com:720North
pavip@sapo.pt:catarina
freddy.escobedo@upeu.edu.pe:Escobedo2022
diangsun:@123MARC
llamas.212295@lipa.sti.edu.ph:Tanginaka25
oscar.carreno@levapan.com:Oscar1024496808
al197609@alumnos.uacj.mx:VAAE19755
preetammarada@invessential.org:Yan44653
elai@saje.com:Gibsons1
basherkhalifeh@sevenstudios.ae:BK@1996Seven
xerkanx@gmail.com:Start@1021
vijay.jagdale@vsit.edu.in:Swapnapurti3#
user_hsu@office365id.com:414yB@nar
jose.perezanelli@prensmart.pe:Epensa2020
nguyett@joblogic.com:Kawasaki@123
s309021601695@moe.edu.kw:saad2009
vinh.nguyen4@hoanmy.com:Tran2030@
454523397@gharbeia3.moe.edu.eg:Std#060805
patilvk20.comp@coep.ac.in:2F.*%qN88fGa_p3
j133496490:Ueddf9379
lekbira.elfadi@um5.ac.ma:Jafar.1998
485914478@giza2.moe.edu.eg:Std#041122
498.814.628-60:Nr260104
khatranminh12@outlook.com:y6C2gnMxcGeEdR4
thtanlac@dilinh.edu.vn:123Truonghoc123
s4914795@bb.moe.gov.sa:Saeed9300
ayoub.ourhzif@mathe.ma:M@the2017+
jpriscaorimba@hotmail.com:spaceme1
admin@30vw2g.onmicrosoft.com:Mamafatima200311
r138568786@taalim.ma:Eagles2006
481286636@gharbeia1.moe.edu.eg:Std#060814
carolinepn@algartech.com:Tempo@22
22palmers302@collyers.ac.uk:SY221302
34603-8490230-4@gcwus.edu.pk:gcwus@123
amitparmar1397:1397@Yahoo
dc1327@messiah.edu:GSCsnare13
marcos:198637664
juan.ruiz@nezma.com.mx:Nezma#2021
2020508667@isiswa.uitm.edu.my:Hafiz6116
medoanh:medoanh7
dianitatoapanta27@outlook.com:negro123
454609527@cairo6.moe.edu.eg:Std#060701
kunal.patil@gpsgc.com:Kun123!@#
baqqas.hicham@gmail.com:baqqas1798
6834@aic.wa.edu.au:Jimp8469
5115.tvo21@valdorio.net:Pan10848
sb803@uowmail.edu.au:$AIf1998
4800443013@danang.itrithuc.vn:Thu7$CN123
arthurrey14@hotmail.com:ocampo18
613339@fayoum2.moe.edu.eg:Emp#640414
k.haggag@nu.edu.eg:KMH@1999
mmejiav@uni.pe:@Mevale123
pv24686@alunos.estgv.ipv.pt:ddV389DyT
talhacn45@outlook.com:BY1830841LAIMR
tothpatrik28:EVXgbg75
naagehndri_20001428@utp.edu.my:Shakes07
joe@arfajengg.com:Briji1975
sorie@cardia.nl:123Katers!!
s8148715@rb.moe.gov.sa:u21429@as82
szymon.brzeczek@conectys.com:szy16mo10n#98
d134232862@taalim.ma:Zdie1799
kmhfygg@txqq.me:985215395@fy
adam@biuroavia.onmicrosoft.com:Anno19&*
oburawillingtone@outlook.com:10540601dA
lahore@iblops.com:IBLOPS@123
harshitv@virtusa.com:HKsv#2205
george.vulpe@stud.ubbcluj.ro:Fumo1@Etto2001
hassan_mansy@student.aast.edu:Hasona_123
rithvik.j1@learner.manipal.edu:Rithvik9023-!?
a1056:Sudip!123
pkpfscem2000019@pgc.edu.pk:Awais2020Man
1781652a@students.tp.edu.sg:tQ016527
447860977@cairo3.moe.edu.eg:Std#050412
jsab8782@estudiantes.edu.ec:10H00400.
roxana.perez22@sdp.itca.edu.sv:steven12227U
s2715273@jg.moe.gov.sa:R1234@1234r
anak.salazar@esap.edu.co:Esap2021*
agachai.t@thaibev.com:Aga#2510
442086031@behera3.moe.edu.eg:Std#051001
mohit-sin@hcl.com:Thakur.s.hcl@123
jsantoro3@my.gcu.edu:Futurebossrn50$
am.mendozat@alum.up.edu.pe:OAZ#36bgyqtl
ibrahim.talat18@gmail.com:Ibrahim1999
450993498@monofeya1.moe.edu.eg:Std#051207
ingrid.margalho@gmail.com:22072012
howard@paleycommercial.com:Peytay0404
rahat@ssd-tech.io:1004068@Ares
e1961_technical@outlook.com:P@east2022*
visheshkumar:Vky@957531
795134@tatasteel.com:password@123456
efe.sarac@uwg.kbs.schule:fortnite5
28409202501851:Rt2468910
aguzman@senado.pr.gov:Corvette787#
jmsolano@uts.edu.co:Marco0618
lamorenoc@utn.edu.ec:4ndr3s4188577MO
s45323715@sccb.ac.uk:Kali4r5678!
dinithi.perera@laugfs.lk:Shandini@@@1995
s5981596@estg.moe.gov.sa:Zxcvbnm@11332244
029661352@idf.il:1qaz2WSX!mom
457663061@alex3.moe.edu.eg:A123567a**
engkaique@pitagoras.edu.br:s2a8w1u4
maria:c2C4L36w5356777
a16@bbui.onmicrosoft.com:Zibulanga93
juancqjurado@gmail.com:Cisf1.941
matteo.bassi@ksm.ag:Giuliano2007+
444723469@alex1.moe.edu.eg:Std#040930
smohsin@anjuman.edu.in:SMo3o6!957
maytal@ungerfisher.com:Jabo1598
31588@smcdsb.on.ca:Panda3019
aocchialini15@gmail.com:Monxoki2
chaitanya.y@hcl.com:Blueburn1.0
pbasabe@izzi.mx:021219CYP.pabt97
yguellil@lic-sl.com:Pila8766
202210249@unifoa.edu.br:05942718784
cherine.bazzane@unilever.com:Drchiro211$$$
6238495187@kontum.itrithuc.vn:taohoigaimayroiday@123
rabat:Gerix199579
mohamad.elmawla@epfl.ch:malimawla
hammam.kalouch@uae.ac.ma:e5c300Otor2S
i12369@correo.uia.mx:27042002
tanguy.verschaeren@gmail.com:{]Lg6p9vdR
1530@hvu.edu.vn:THV123456@
cherry.han@mha-consult.co.uk:MYchMHA1998
sc.javier.mole.s@upds.net.bo:u.81903421407
carlosleal764@gmail.com:12041996Ca@
mauricio.cruz@linx.com.br:Evill_@22#
andre.lopes@arteris.com.br:Arteris2021
0421062313@eee.buet.ac.bd:NIS1506040nis
m.elbakkali@emsi.ma:Med!514101
kavya.mohan@s.amity.edu:M@B9BE10@1
sgdfam1912122@pgc.edu.pk:Pass1912122
duongsinhbook@gmail.com:Ductuong191981
uamajhaan@t.odmail.cn:Firefox129813
20-0-1126@sns.edu.pk:Ahmed@5624
403457351@gharbeia2.moe.edu.eg:Std#010801
faisalahmed30@hotmail.com:arhamahsan20122013
ad0d47176@techmahindra.com:AD@0D47176
r.perez@govesmart.com:Paradox2028
455858480@benisuef1.moe.edu.eg:Std#061001
james.eastman@giant.cos.edu:Spidermonkey7
nguyenducan_101:asdfghjkl
faishalwn@students.undip.ac.id:21Juni1994)
p134193972@taalim.ma:Sjkd5146
gdiaz@kccdesigns.com:Puy66619
deame_1960:Perla2o1o
lauraosilveira@outlook.com:lauradisney+
eguler@bmsmak.com.tr:2080182757Er
araymond@sibylone.com:TAUfruc4@
ajhuertas@utn.edu.ec:Angie25*
julian.parra@lineacom.co:linea.2018
misty_wy@hotmail.com:Sweet193716WY
lan@auroraschool.vn:1910L@n13
3344837214@hungyen.itrithuc.vn:ou#sp6Yw
rvsales@nvsu.edu.ph:vince06
sb8442lz@go.minnstate.edu:Lynx1021!
shawnlee@pinkymelo.com:Shenglee12
27strattonrm@capousd.org:7503381a
208980128@est.mep.go.cr:Darien2007
bandeira@mat.uc.pt:le3ban6be@DMUC
stephen.m.thomas@lcroot.net:El@ine1066
6166@aecorreiamateus.pt:aluno_780078
richard.krcka@zslamac.sk:Wug55255
sjrps00905@sjrpschool.online:aadhu_8b
pmd@comelec.gov.ph:Rm305femii
admin@neoniche.onmicrosoft.com:Goo@4321
leonardoworkbench@gmail.com:itaChi*19951985
omar.1265136@t1.moe.edu.eg:egyptM@e.1265136
257699@cursist.miras.be:Basket.2004
jestrelam@alumnos.nebrija.es:Zam11813
617515@fayoum2.moe.edu.eg:102030aA@#
mmuhombo@mdh.or.tz:Meshb1@2022!
u17214452@utp.edu.pe:74864216
mohammed_h_darwish0228@moe.bh:Psgf9660
j139504944@taalim.ma:Sdub2195
universityofphoenix81112:Mami1180
k215520114087@tnut.edu.vn:Tuan9999@&
jakubs200:SP23-klasa6b
laura.gbarbosa@senacsp.edu.br:morangoestrela
hsyed8629@scc.stanly.edu:Jsuhhsy@123
klajdi.xhaja@iisroncalli.it:Eco202145
s7168849@asrb.moe.gov.sa:Ddd12aszx
rosi.santos@etec.sp.gov.br:Ro251354
rverma2@ce.iitr.ac.in:Ravi@#92
11dsonal5141@mrchomagama.lk:Sonic@123
reckewega@tigo.net.bo:Alex6060
ishamelbail:Gameboy82665
abdelmoha@jotun.com:Mandofigo111
support@livefurnished.ca:SPrental$21!
rengo921@hotmail.com:3DAY2night
holgerquispe@upeu.edu.pe:MIperu2020
dmytsko@infomedia.com.au:Pox42358
20120751@vcconnect.co.za:sgora16
samya.395722@t2.moe.edu.eg:egyptM@e395722
sabelashvili.maka@tpdc.ge:Msabela$55
n00033054@upn.pe:Camiteamo17
ul20116345@avponline.com.br:Scru#3452-21.83?Lsil
ptyjajaja:casa9987554
amna.seho@osprvail.edu.ba:Bosnaihercegovina1
454530964@gharbeia2.moe.edu.eg:Std#060113
zxl190020@utdallas.edu:Zz1372920200
nshaik@outfrontmedia.com:Rainbow@123
allena.hola@email.cz:kladno646
amazing:world123
i201911605@cibertec.edu.pe:Fhehjo89
e24691459@miescuela.pr:JadJessJay1112
brian.lepage@cttech.org:Zll80628
budi.mulyono@gapura.id:@mqcgk2020
syahrul@can1.onmicrosoft.com:P@ssw0rd1
indra564@guruinovatif.net:Nazeefa16
nguyen.trant@coca-cola.com.vn:&j4ZN6Pl$5Zf
denisse.kaleh@gmail.com:teacher87!
n10515@ioffice.site:@m0R4ever
kevin.mejia@ister.edu.ec:Ister2021
assistantsales@canadianhat.ca:Jea08!Lou
joao_filipe_ferreira00:Ferreira1987
gu4483@srmist.edu.in:Neeharika@15
246583@students.srvusd.net:m1n3craftsrv
jianhao.chen@sunyempire.edu:Sunyempire01
kevin_cruz17@hotmail.com:16090730
rafik.hajji@ofppt-edu.ma:Aljannah2020
mohamed.elbaik@hdb-egy.com:qaz2020@
2022203296@fmu.edu.br:Rafagui2023
gtr56776@educastur.es:Marjose2
42j18147@sct.edu.om:AcIYacb1
2134139@sohag3.moe.edu.eg:Emp#841021
450897682@sharkia2.moe.edu.eg:Std$147147
k13623@n365.me:Natath24082525
sp23-bcs-011@cuilahore.edu.pk:Fdsa@975
465689370@gharbeia3.moe.edu.eg:Std#070701
adrianjagudelo@hotmail.com:Ral89218
6122@agnelhamara.net:lalita1977
marc.zgheib@ext.setelia.com:jellybe@ns1
esegurah02@educantabria.es:Eles_2017_
gayan.sameera@ambreyrisk.com:4s6ggs@860840600
cris_22-15-26@hotmail.com:cris22$15$26
2110517306002@live4.utcc.ac.th:Pond28062540
bagin.viktor@spsepn.edu.sk:Carpio845867
es.education@mccoikom.org:Qut68599
joevargasjulca@gmail.com:SAND0920
tarmwe@maxenergy.com.mm:m@xmm2018
atl048@usask.ca:Shiraz10
rajlaxmi.rathore@acsicorp.com:Bhavya2109
mporras@senati.pe:121071QuTRu5ru
cuvtnba@viags.vn:Nb@123456789
biolasodiya@gmail.com:potter.com
augs@federation-majal.ma:Zarana11
kuba.janik@cranstava.edu.pl:Kub@1234
1108068@st.brevardschools.org:Rockledge!
iplopezq@unah.hn:Ismary.12
jg.om@nascom.sa:rcrc@32110
amir@ungerfisher.com:Lase1743
heitor.martins@foursys.com.br:Tobias422#
gokhan.guleser@logo.com.tr:Gls-2022
13243020@mylife.unisa.ac.za:qub17LFM
dalcazar61@hotmail.com:Rup37096
phuc.197ki13941@vanlanguni.vn:VLU197ki13941
genis.egea@fpp.cat:Fppuerto2020*
amandamaggot645@gmail.com:Osmaggots645*
roshangurung@ismt.edu.np:#momdad26
wadu5113@estudiantes.edu.ec:daquilema24
s7622300@mkhb.moe.gov.sa:PLMplm09
23040@lynfield.ac.nz:b*sSi5ea
k18598@n365.me:Servimed2022.
swl850@bhs.edu.pk:Koc10246
santiagobr@uca.edu.ar:Lasvelas125+
rarayacascante@ina.cr:Jimena20
brqbon5tdc0ms99yuuejlm1d3:Aniqzakwan
benjamin@iansoftltd.com:Iansoft123
sam.raj@maxwellindia.in:Pass@123
st06569@cbfs.edu.om:ST0656961
dmejiab@udistrital.edu.co:O4AdrBKcXh5W
22187774@studentmail.ul.ie:PPZux72d8tdS2p$
usuarios.sureste@avis.com.mx:Pr0met3o_23
23777@esalv.edu.pt:Lwna.1827
453771272@giza4.moe.edu.eg:Std#060818
e.rognant_19@ozanam.bzh:secu_1223
wael.950465@t1.moe.edu.eg:egyptM@e950465
phucdt@cmb.edu.vn:Nguyenhaibang1507
yahia.bahaa2000793@aiet.edu.eg:xTezsN5n
578437@newvalley1.moe.edu.eg:Emp#650625
476488406@behera1.moe.edu.eg:Std#060929
441417.tcs@csn.edu.pk:Lahore@1234
cjtolhurst@rogers.com:64beetle
rll419085@stu.mcpss.com:Rl03082005
448840947@fayoum2.moe.edu.eg:Std#020204
mkraft@careclix.com:Eunyoung0817
n00129103:AeRw19932005
hjimenez@ugb.edu.sv:Martes090517
myousuf.memon@hotmail.com:q2ehK6!YFw4FzHT
veniciosantos.ss@gmail.com:venicio003
giftsefoto@gmail.com:@boi2MELO
heimrathmi@zs7.plzen-edu.cz:mi19.506
ofgelectrica@gmail.com:Estranged1231
3029852420009@pgdtuky.edu.vn:Duongvl2009
dathv6@fpt.com:FresherC_Embedded
a036993@ipmaia.pt:15255482
vomatthew@mytyndale.ca:14BCB8FD
doha.yakout@alexu.edu.eg:kHATKHAT2403
cotyp.mpa@ms-motc.gov.mm:Mpo@2020
asmaa170056@fvtm.bu.edu.eg:01273483088
samya.395722@t2.moe.edu.eg:egypt395722
mtoapanta7879@uta.edu.ec:kdq#GXc64C
dtnvsh4@ucl.ac.uk:Dissertaionette21@UCL!
2001080001@kluniversity.in:Salaka@1432
gregor.havlovic@zsdrienova.eu:Jelisej007
jackkroetsch@hotmail.com:Seahawks1
1600703104@st.aabu.edu.jo:Laith1213
v3514@365i.me:LAVAlen2021
445869483@benisuef1.moe.edu.eg:Std#040225
t170780@mg.moe.gov.sa:MDR_99_mdr
722999@pdsb.net:Ironman99
2.5d@c-design.in:Taq67697
2121013248@sv.ufm.edu.vn:Duaconcuathangio23
119075044@live.unilag.edu.ng:oluwamayomikunjoe602.
a7766@aebarroselas.edu.pt:Mag29190
jdeoca@uce.edu.do:69149sis
khairul.khoiri@s.unikl.edu.my:khairulASYRAF5
tom.briones@duocuc.cl:pepe4218
mahmoud_s80326:20180326
407470183@gharbeia2.moe.edu.eg:Std#030912
17b81a0187@cvr.ac.in:Shashi@2928
shellbycake:Byrm6cu9
a.essa02393@edu.dmu.edu.eg:Back1@space
juan.jara.solis@udla.edu.ec:Jj7*3%fTi
jumila@mindeporte.gov.co:admin1234*
tomhillen@sympaticloud.net:Plugin123@@
zubair@mbitz.co.uk:Dmy41286
100076367@cientifica.edu.pe:76969192
r0744709@student.thomasmore.be:sjtA500a500?
204330596@ina.cr:Kaw77300
szilagyi.eliza@multicom.hu:Napoleon001
of17@365-tm.site:Hung2011
zilvinas.stankus@jjanonis.lt:Vilkolakis1223
461899697@gharbeia2.moe.edu.eg:Std#080505
luca409c@elev.ucplus.dk:Zeugma1997
aljhiamae.navarro@cit.edu:jhiamae_200427
mayger.santiago@upb.edu.co:Santi2021
ignacio.quintana@sename.cl:ijqa.001
italo100023@aluno.ba.senac.br:P@toriot@
thealegamer758@gmail.com:Pachetes11
13208436@bac2013.taalim.ma:04051981
d133325737@taalim.ma:Rfnt1202
dakato@htaghubgroup.org:3w.#-HuB.c0M
410642126@sharkia2.moe.edu.eg:Std#030909
omar.elmasry@distributel.ca:Winter2016
garay.mario@supercanal.tv:Lara3232
sach0685:Vasavi*2681
shivangi9496:Jarvis9005
tienhocy3:b6itf2ayRH9Cwjr
hassan.gamer471@gmail.com:Rhft8292
wailamso3-c@ad.cityu.edu.hk:syy5b26sSS
jebautista@dlsud.edu.ph:Pogiako07
kacwan.770@edu.erzeszow.pl:Kacperek09
20812017100138@eng.zu.edu.eg:Hair1234
zaw.yetun@qroi.net:L0vey0urself
mn.lopezm1@uniandes.edu.co:Mipericolopez632
radu.minea@cfrcalatori.ro:Impl3m3nt3r
uob2013654@uobaghdad.edu.iq:Gasken3571
rwqicspm2022534@pgc.edu.pk:P2022534AVue
alisar.zubi@mas.edu.jo:MURADbrad1234
bartek.gorgon.2007@gmail.com:14321432Ba
epp_2virona@sep.org.gr:epp_1988
khalifi.samira@ofppt-edu.ma:Lia93107
thang.nguyenthi@namthuan.vn:Abcd@1234
sahil.12104174@lpu.in:Sahil@123
fgh179@microindo.net:Tut43173
jahernande@bluebunny.com:Iamokay21!
miguel.cosme@qbd.eu:Minino$14
faiz.wafaa@ofppt-edu.ma:SAra@2020
tiago.figueiredo@score.pt:Nosferatu.551
tngobese1@ccbagroup.com:SouthAfrica@2020#
20912019100102@fci.zu.edu.eg:Jap9671314122000ee
1085282572:Lei10852825
ibaron@cmymasesores.com:Baron2020!!**
anhhn8@vingroup.net:marukochan89#
e1312730359@dn.uleam.edu.ec:Aeszcasm1997
noah1472@ibc.dk:EmilieLund
s23306@iisve.it:MMM220906k
die-h83@hotmail.com:123.Eumermo
451543936@behera3.moe.edu.eg:Std#050706
n.mohamed01764@spe.dmu.edu.eg:Jud24653
jsantiago@arquimea.com:Arq3js22
andres.aguilar@iess.gob.ec:Peposalvaje1974
andrew.franca@tugare.com.br:@ndrewFF96!!
ojuarez@undec.edu.ar:4203cheko
tatiane.patricia@dmcard.com.br:1201$Marco
la198932@student.helha.be:Dardar01+
reynollencina33@f.odpan.cn:youtube.com
30019132@mrs.com.br:Mrs98756
angelo.silva@rj.senac.br:sen@c12345
ee0310554@me.cba.gov.ar:Jorg7980
espen.hognero@sf-nett.no:Ebike1004
u061035@chsj.min-saude.pt:marcelino17
1366508@senati.pe:PI261103h
advadmin@chellsea.com:MLf5gpYk
1318922@senati.pe:Virtual20
berna.zeinaldine@st.ul.edu.lb:brrn@12345
flintplomp77@gmail.com:Flintplomp
sorin.merlusca@edu.usamv.ro:Msi//1234
thesansenuja99@gmail.com:tsl*2007/LK#
rewilliams@kountzeisd.org:Dhafida48-68
paula.navarro@stjsonora.gob.mx:Pgnd2015
008134@santoantonio.edu.br:luizamurilo16
jonathangrajirena@hotmail.com:jgraji$1983$
nurfarain.mohdnizam@gmail.com:mataharri22
0005769@acad.itpacporto.com.br:Knup2016
5162@davduttnagar.org:4012300369
sergio.mateoshuelva@rozas1.es:Kabronazo1
cmerelom@est.ups.edu.ec:REY2013reina2017
fuad.aziz@utp.edu.my:afz@0921
218037389@stu.ukzn.ac.za:QuintinShandu@218
admin.leyte@r8.deped.gov.ph:FlaviusBelisarius565CE
daniel.batista15@meduca.edu.pa:97762121Db
448427376@alex2.moe.edu.eg:Std#060124
2239052012@mail.utec.edu.sv:28011990
18140368@student.hcmus.edu.vn:Hoaithuong2510.
michell.matamoros@unah.hn:Alvarado.19932015
455636076@behera2.moe.edu.eg:Std#061027
yahirflores355:MPtimbiricas1337
mohamed.doghaim@tetco.com.eg:Moh25779
aprilotto123@gmail.com:April123april123april123
s.virgilio@studenti.unimc.it:SabinoMarina2
43036@clarendon.vic.edu.au:Marriner08082007
surbhi.garg@lntinfotech.com:M@75875B@1
sathida.n@live.ku.th:sathida.n@live.ku.th
sarannlewis42@gmail.com:Scratch41@9
200302080@student.ius.edu.ba:Sarajevo71340
ricardo.perez@aussa.com.mx:Nueva2023*
moprzadek:Michal123
jgarcia@adsumst.com:ParisMilo0206+
m.assaf@pes.edu.jo:X056BLUP
danasif:ZdExOZeW
hassan200822:Ha54251000
thuyhien.dinh@abbott.com:Phuxuyen@12
a7568@365office.gold:rkdtj05120!
marcelo.altalef@telefonica.com:Olecram026
s1812027@m.do-johodai.ac.jp:Kryuki0710
afperezberrio@itsa.edu.co:Andres1210
brdiazro@uide.edu.ec:uide.2017
brunnoremigio:s150150s
hcolon9072@stu.nuc.edu:Solavaya@2021
g131175875@taalim.ma:Ohfu1742
s2224672@mkhb.moe.gov.sa:A7ham1717
hc@plasmainduction.com:Qur48164
451881793@monofeya3.moe.edu.eg:Emp#080107
bikram2357:Bikramjit@2357
a70496741@capeco.edu.pe:Jimmydnl_08
manikandan.a@vvdntech.in:mani1985
msalem@alnajat.com.kw:MS@123456
parag.soni@igt.com.mm:Yangon@1234
nmejiaal@emtelco.com.co:Emtelco2022++
elarad1800@alumno.ipn.mx:Destroyer199
avega01887@episd.org:20020724
boachien26@pwcs-edu.org:Redbat26?
583167.tcs@csn.edu.pk:csn@123!
s2947521@mkhg.moe.gov.sa:Command001
bartosz.jakubanis@teb.edu.pl:Bjkub78!
shivamsairam:Shivam@1993
elsanayiberg12@gmail.com:Samueldarle11
eugesevi@gmail.com:1942+EsV
rodrigo@checkbox.pt:Masterplan19
annisa.200090061@unmaha.ac.id:MahasiswaUnmaha@2020
sbosetti@onecomputer.fr:Bose1344
m.elattar@education.qa:0161446272!mM
awaad.abdo@57357.org:P@$$w0rd654321
bruno.marcelino6@p4ed.com:Ce8523tqr
s444003954@st.uqu.edu.sa:St1124426873
rhossan@runnerbd.com:Ral3w@514
469501442@cairo1.moe.edu.eg:Std#060418
yuksel.senturk@mfa.gov.tr:66Ankara6666
muziek@streektoalradio.nl:Gerardradio!
gerardo.gj@tuxtla.tecnm.mx:Amarillo1010
jorgeigonzalez@unisinu.edu.co:Ji1003308476
dodddo:dado1234
16258885:Susej01..*
s4455328@jzg.moe.gov.sa:073321784Sw
462806630@sharkia2.moe.edu.eg:Std#080619
107159160082@r3-1.deped.gov.ph:grade4saturn@2021
jmayer@cepiallc.com:121@Hunter!
alaa.taha1901@alexmed.edu.eg:adiposect2.
muj0566@muj.manipal.edu:muj@1234
me-157402et5:!klr^0JjZNQe
kamikazib@greenhillsacademy.rw:Kami@bij1
paris.m.isem@gmail.com:documentosisem
weinandt@uwm.edu:SAWsim2on123
hector.doria@grupobimbo.com:Soporte.2025
admin@powermnc.onmicrosoft.com:Kcjscho01
l145022246@taalim.ma:Cmte4468
pfernandez@avatel.es:Miur$120182
93011763@vmle.nl:Mogo1640
pindeldawidpl@gmail.com:Pandora1.
juan.campos@unillanos.edu.co:Cabuyaro2120
s2990922@jzg.moe.gov.sa:Aa123490a@
cinemaquiz@hotmail.com:Cangaceiro065087.
balajisudhan:Lionleo995
zeray@zerayinsaat.com.tr:Dod14009
noreply@parlacen.int:Guatemala23
pramodbhingole@iitram.ac.in:9466_Prajwal
201606184@student.uj.ac.za:199511280Bb#
yrabea@qmail.qcc.edu:Olfat#987
erica.scoutinho@senacsp.edu.br:19980023
doron@ait-chemicals.com:@61270do
adallol8@smail.ucas.edu.ps:asrose135372$276347
00002460537:Go@220803
n00034303@upn.pe:Uzw4UNEa
s2791907@jzb.moe.gov.sa:84P@s30sW0r186
t740118@mkhg.moe.gov.sa:Ha0509247818
davi.figueredo@etec.sp.gov.br:Abaira185
michiganontop54:_mf797rphx7y9y
14712019101242@stud.cu.edu.eg:belal9202388
matic.kostic@sc-krsko.si:Headway1
uquopiam@benito.com:260268Mode
harry@trustednursestaffing.com:TNS$$0209%%
rramos1020@gto.conalep.edu.mx:1q2w?ro#
ali_f_ali0788@moe.bh:Keel9409
caalvisr@unadvirtual.edu.co:ERRVES8779
richard@mustard.agency:aPf8G!9z
z16k.mc@hummersknott.org.uk:modoummanneh1
alexandre.cerqueira@p4ed.com:Cz289g57x3
449035175@cairo2.moe.edu.eg:Std#030302
linhlk06@pvu.edu.vn:Tuianmiy123
993810:escanor2021@
3000000057704@students-hnbk.de:Hundebabys10
thiago.silva3@technipfmc.com:Botafogo89@
306020811@est.mep.go.cr:Zeus!2011
453988231@sharkia1.moe.edu.eg:Std#060701
balante.mevoicy@smwc.edu:PomeroyPride!208950
it23574236@my.sliit.lk:devfon@2005
1115644@est.intec.edu.do:8NyEB8DF9
jsp2605@students.uc-bcf.edu.ph:kylekuzma11
sokha:Theara5656
s6290961@rg.moe.gov.sa:Shahad@2468
hsbermudezm@unadvirtual.edu.co:UNAD2020*
academia.alfayomega@outlook.es:misionero100pre
0907340129:Luagus2020
ms204215@mccblr.edu.in:Joshita@idm6
477237979@cairo6.moe.edu.eg:Std#050223
tauhid@butterfly-group.com:0171708Dt
htignesd@belambra.fr:Tournes0L3!
jmagallanes@rcc.gob.pe:Javier30
aruiz1516@ags.conalep.edu.mx:C160160417-4
nsantava@pme.duth.gr:Ekatontarxos192092
abdullah.assi@lse.thm.de:Neuanfang@1995
elfonegro09:A7gtulxv+
contabilidad@buenpastor.ec:RELIconta1601
accounts@rfautomationsol.co.za:M@yJune1985!
11703@sman1mertoyudan.sch.id:GwM17052005
rosangelamsc12@hotmail.com:87796972
bentheoc:bentheoc16
kim.turner@marketsourcerep.net:Katieharris123
jvstaines@spup.edu.ph:Teamtinker_24
gvatua.demetre@students.gov.ge:skvini29
19poa07047@aiou.edu.pk:Wgwp8527
mkarakaya142@posta.pau.edu.tr:f7oqh8jc
derk.van.dijken@achmea.nl:Sgtd2021!
p.karakalou@xtmpi.ac.cy:photo18art
zeekmenesy@cmail.carleton.ca:Zm20000216
dantegoog:soydante
449966617@minia2.moe.edu.eg:Std#060408
s139120232@taalim.ma:Fouad1999
472669008@fayoum3.moe.edu.eg:Std#040619
209283@edu.ozhw.nl:jsdsmS43M
101818592@student.swin.edu.au:101818592Enrol@
elit_ok@outlook.com:Taha1322.
speyvan@student.fullsail.edu:)n3Tw0Thr33
scejas@cbasa-ciesa.com.ar:rivendel
mekhai.munroe@stu.nesc.edu.tt:Roystonia1@
22263@al.esc-joseregio.pt:Daniela7Ferreira
mschultz@qgog.com.br:Murilo@2015
901201@estudante.uab.pt:InesTomas_210
emrekilinc@nystudio.com.tr:27032009Gs.
barmut@outlook.com.tr:BARis333000
tarren.barnes@my.trident.edu:Marine40
luccas.alvess90@gmail.com:lukinhas90
bao201a010171@st.vhu.edu.vn:201A010171
t759168@rb.moe.gov.sa:Ss@1015936212
carla.schuster@libbs.com.br:1234@Farmas
jesusm1447.c@gmail.com:23julio2000_09
dung160713685@st.utc.edu.vn:Adn10198
m.junaid@kartoa.com:"8M]."&l5#^8p)
czerozsolt@sulid.hu:Lionking8
s2675355@rg.moe.gov.sa:0554107575Mm
bastian.cordero@hdi.cl:Central2021
registeroffice365@t.odmail.cn:Quangtung99
achernandez@mediapro.tv:Ah6718130980@#1
dayse.albuquerque@estacio.br:Omnia5572*
magdi@mame10.onmicrosoft.com:AnzSw72hbqux4fr
0820184721@opsmoe.go.th:Opsmoe@123
741953@qena1.moe.edu.eg:Emp#810105
ephillips@lucasingenieros.com:Lucasing19
htunmay_san@manulife.com.mm:HanAKarit@2019
044098486@ecampus.ut.ac.id:#Nurvian181102
phindiletshwani001:Phindile@1992
maxime.lescot@cesjb.be:Z11Bc?88?!
33191025086@ueh.edu.vn:Ueh@371694141
james.begin@student.tdsb.on.ca:W1th0utF@1l7246269749
rbmuhavia2358@gmail.com:usama23580011
cusadmin:password
102170237@sv.dut.edu.vn:Nhan0905633765
n00102527@upn.pe:Peruano2024XD
haytham@babgi.net:Kh@1986@
wllam54-c@my.cityu.edu.hk:Dgon55794318
juanp-ramirezp@unilibre.edu.co:Juanramirez1031
teox2@uni.coventry.ac.uk:#Xueyin19
monibww@hotmail.com:mnb_13579
kmaung1@kmd.edu.mm:kmd123!@#
andreia2017aag@gmail.com:arthvalen
yi.kamenov10@bkiro.info:JK1qaz@RDZ2wsx
spalka@amazongrouprblx.tk:Fortnite0
frank:WALther1531
piyaporn.jai@nsru.ac.th:Jj648783
m.dallaporta@stud.iuav.it:NT7BJSFD
vey.chum@savethechildren.org:Soknin061086
paula@australiaveta.com.co:Jug27731
residenteobra@soga056.com.co:80020Mao
202008241545@alunos.estacio.br:15985230Tw@
luis.urrea@itfactor.cl:Powerilusi0n
m17441@365mevip.com:Mocanu1981
301378.tcs@csn.edu.pk:umar12pro
fsamudio51@upc.edu.co:BqET3MD@U
hakim.mohamed@ofppt-edu.ma:Hkimoumed123
chnfscem2004053@pgc.edu.pk:Kashif890
20@officevip.ink:Kuv48123HGC
voben@my.gcu.edu:Valamerica21!
tabatadze.saba@students.gov.ge:Saba2020
fichatecnica@csc.am.gov.br:cgl@2019
accounting@mhegab-eg.com:HeG@#2023Ab
avillanueva@makiber.com:MakVargas2021
charlie@ziro11.onmicrosoft.com:Mhf53748
e.zawahreh@unrwa-edu.org:Ij0568571670
scopes@gim.ac.in:mitwa@1719
lucas.silva574@fatec.sp.gov.br:a7x123Lol123
c110547@universidadiuem.net:Tule1974
facturacionek:Entr3k421**
vedanshjoshi736@welhamboys.com:Lov3MyPiano
lavoro:Rodolf@03
s7689464@estb.moe.gov.sa:Ameen1234
chooyongen@siswa365.um.edu.my:11041111
ma005433236@alorica.com:Alorica1129!!
loja129.cpd@assai.com.br:Fabioneves89
152782@spes.uniud.it:D5miszB9x
die.ospina@udla.edu.co:40092205
mknight:N0-3ntry
luisjo_guillen@hotmail.es:RM-SW-MU-cf-5699
28wells76@ssisd.net:House@3352691
itsupport@pra-me.com:Pra!@$$9@!@#
18497@kanu.ac.th:Kw123456789
tgodek@istebna.onmicrosoft.com:G@d1Son1234
kutesjn@s42pw.onmicrosoft.com:Sanhdieu123
yearbook@fbec.uk:skittles
maciek270610@outlook.com:Adriana2502788
itrwanda@rw.pkfea.com:Rukimirana1
s10110702@estb.moe.gov.sa:Tamim2009
klgp150@astrazeneca.net:Lisboa2023!
11854@marista-carcavelos.org:D3d9cec9aa64$
ssadath@eand.com:Dubai12345
120180901169@st.ahu.edu.jo:AHU@191214
d.ruiz.1979@outlook.com:Sofia2011
bjbright@syr.edu:Dec0604?!
tiwariramnarayan1968:ram@1234
ziksolakkis@gmail.com:Yarab2015
ahmed@harb2020.onmicrosoft.com:blankd123A
l.santos@cbc.edu.do:Josuesantos2003!
m12607@winoffice365.com:G@ry62114**
1376188@senati.pe:Elfin2193
mesaservicios@itstk.com:C0mp3ns4r
201902641078@alunos.estacio.br:Kr@mer7884.ws
pratchaya-c@o365.rmutp.ac.th:1103703298623
andrea@hemschool.com:aEOM2021
d1118@52ove.cf:A-b-Cterrance1901
ajulio@contecar.com.co:Resiliencia+
pakdoctor@hotmail.com:Ayaan5566
202208686524@alunos.estacio.br:*@L250799
cu178@cumongol.mn:Comfort_CU!&*
watjanan.pho@myhr.co.th:Eloopjhajah@
444626748@gharbeia2.moe.edu.eg:Std#040925
andreea.ene5@s.unibuc.ro:dOARDINAMOBUCURESTI1978
10003912@fwdlife.com.ph:Today@2021
burakagdere@leerling.wico.be:Karub.123
yathipr@sunypoly.edu:Yvamshi9110#
s8028999@estg.moe.gov.sa:Zz113322
denisaskacelova@zspsovka.cz:Zot01941
t2465@sada-trainee.edu.sa:Fum06049
paisha.cook@cciwa.com:@SethNathanCook3
660631@senacminas.edu.br:12345678
lorenzo.labarile91@gmail.com:dsgsdsgs
as948837@schools.mk:Ajan!4321>
sara36870@ll.porteum.nl:t339n!_uZvdimZn
thibautneadoum@gmail.com:Neadoumt77
emil.azurin@straive.com:Jomil@121806
462292243@behera3.moe.edu.eg:Std#071128
vikasgor@srmist.edu.in:Vg@01683265718
a.shaaban@zic.co.tz:BEmnh191
daiven.reyes@lpunetwork.edu.ph:Dv0glm5as9hhn0vr5lwe
19036217d@connect.polyu.hk:Jaimavie9840
kalvarado@upgrade.cl:Fuda2020
kittipun_k@hongsapower.com:Password@30
2022401621:YQBqsP2F
451591383@giza1.moe.edu.eg:Std#050219
maltay@dsmart.com.tr:Hh215498
lixtl53@nottingham.ac.uk:Selena!20000131*
458694862@benisuef1.moe.edu.eg:Std#070614
martinmgc_05@hotmail.com:070971Guzman
45096477860:Anabeatriz0
2021-112489@intecap.edu.gt:Danedu123
393@ihkiho.onmicrosoft.com:Zeynep123
aalbattat@nesr.com:Moq46623
kummadisetti@loginsoft.com:M@dhur!@0220
lea@sarnitzky.co.il:laSar@2016
441926243@student.ksu.edu.sa:MARAM1@098
sabari.arunkumar@maplelabs.com:Msdhoni72*
435365903@rb.edu.ps:Moe@43536
ahmadyoussef_86@yahoo.com:Hanamona250555
kd.luna.m@edu.utc.mx:Vicio2020
lp.marlene.barra.v@upds.net.bo:u.8512072
3180605056@std.wise.edu.jo:Qusaifootball11
1950096964:Gazelle1232
fruiz@mimbral.cl:fRui_!234
manar.abo@bgrosasgasse.at:rosasgasse12
rhsojefe@superricas.com:Abril.2021
t500042@mb.moe.gov.sa:Aa4363014
khrissty_1994@hotmail.com:nuyudovA02
msanchez@movilred.com.pe:Nella0106
mbalukam@grainbulk.com:Geof##0863
sharma:Child@20
vargas-estiff@hotmail.com:Holaatodos1023030188
magtangob.isagani@yahoo.com:Boss_Hero!123
mholcomb12@liberty.edu:Rh112414
394jao01@stu.olatheschools.org:Elias2020
juveeno@mylife.mku.ac.ke:1992nile
ddigital2001@yahoo.com:Pauli2922
dung211244250@st.utc.edu.vn:dangcuoima203
nscipione@construirsa.com:157660996
felix.caballero5@meduca.edu.pa:Elchapo50710
1102441@est.intec.edu.do:9IiE88905
445257627@g102019.moe.edu.eg:avr@mk7r
450744228@alex1.moe.edu.eg:A123567a**
9753155993:ISMail1313
v.cerda6@alumnos.santotomas.cl:Stomas.20
409508659@redsea1.moe.edu.eg:Std#050110
455087879@gharbeia2.moe.edu.eg:Std#070102
448369825@cairo5.moe.edu.eg:Std#020916
ashok688797:Ashok123#
awright@markettrack.com:Moneyorientated1
s3854018@student.rmit.edu.au:Gladpan797$
jdsuarez225@soy.sena.edu.co:1070014522Danilo**
rcooper1@abaoman.org:DCcomix108801
omeed.jumaah@tiu.edu.iq:Omeed@2022
mlu064:Hai4153216
202201172011@alunos.estacio.br:Culturista123@
cv1076@myoffice365.site:Dh765332814
hiet123180155@sinaieng.edu.eg:123180155Mm
potroswagdypotros1919973:Potroswagdypotros1919973
macdanie.mangoni@tnm.co.mw:Innovattor6z@1996
raul_camarro@hotmail.com:UPXhW++H
171121325101@due.udn.vn:Vanan204
1951057008@ms.uki.ac.id:Agape1997
2022_11168@edu.arh.bg.ac.rs:Gvozden2003
jakseba67@edu.lublin.eu:Kuba0987
world_vgvkwoqy:y721umod
khinmt@cpests.com:Yav13692
6979877u@zsm1.krakow.pl:Stilozapierdalacz123
mattia.lanzini@outlook.it:GbrCos2021!
17100@aluno.agvaf.edu.pt:Jimmygotbloxxed02
88h2204304@capturedata.com:iimD!@H2204304
3029850919027@pgdtuky.edu.vn:Demo@123
dyehia@mediaresults.tv:Coj63908
adam.cernak@sosst.sk:Qug03822
pamarin2019@udec.cl:Gugita2011-
ingrid.montero@ister.edu.ec:Ingrid1968.78
ssharma018@mylangara.ca:Kumari3690!
joe.overy@northwoodschools.com:OptionJoe12
ricardo.ibanez@ulpgc.es:Ris-4395
e141214862@taalim.ma:Mrgc2769
srg.pod@jne.co.id:podsrg0116
2014101900708@alunocarioca.rio:rio09/08/2008
mhmdg:Std#070410
jamiesloanmusic92@gmail.com:Nofear@12
leang_seakly@gim.itc.edu.kh:Limseaklyy0099
anrafael@skycable.com:Allyssamarie123
ricpermar@alu.edu.gva.es:fM6803d1
miguel.vendramini@pucpr.edu.br:Bem-vindo##1072
27812200202119:Aa@123456789
brenda.segura.cordero@cuc.cr:Emiliano#0819
nd184297@misdmail.net:Misd2016
pasana.k@sales.thaibev.com:Pas#1505
ulp@bankkalbar.co.id:Umum_pr!v@te
67160166@sha.edu.eg:(Magda179)
jelandazurisi@uide.edu.ec:Gus11441144.
mike@mccustomconstruction.com:MapNgp#1
s4293756@rb.moe.gov.sa:note.212598
613675@sv.vnua.edu.vn:Nguyenduc98
20216951.law@alexu.edu.eg:Aa@30308050201286
3003643@student.edu.az:Iak92057
j4ingcolunga@yahoo.com.mx:acca9173
sigit.siswanto@jne.co.id:itsi0318
paolo@rg6v.onmicrosoft.com:LanciaFulvia35!
tais.sarturi@edu.pucrs.br:22061997
aantolinez@itsa.edu.co:YUBE567jasle
0036981@sesi-es.org.br:Thurzin28022018
wrdyvnjd@unoi.ru:6u92mb#8x
j136449062@taalim.ma:Ykcbo3673
christos.vornitis@ssp-ch.com:Exikias.2
anarubira:Rubi010887
l21010772@orizaba.tecnm.mx:ARROYO9889j
7149197@zspskorzec.pl:Bartekklos2012
waldir_ortiz@usmp.pe:ZXC1437890QWE1231437
e.afrikarb@ms.ugr.es:123Mambo
hsalah1@numerique-educatif.fr:Jowuqe+5
marioisaias@tese.edu.mx:Joh92413
2623779@fayoum2.moe.edu.eg:Emp#821214
120990214@est.mep.go.cr:Mfew234sf
isaacramirez0901@gmail.com:Nz6a?On8
vadikonaklari@seclub.com.tr:Sut79890
469724236@cairo5.moe.edu.eg:Std#030809
maroramirez@bayport.com.mx:Bayport5&&%
zehra.beslija@osonh.edu.ba:Rankoghell12345
14712020101156@stud.cu.edu.eg:Youssef14714
esra.pasaribu.tc@sdh.or.id:iTAGORAT17
melanie.torres@ister.edu.ec:Melaleona21
20912018100446@fci.zu.edu.eg:SayedAli01067299061
i201820531@cibertec.edu.pe:Pvn3lkbv
shaharyar:Aftab_F5848540
2023182095@talento.tls.edu.pe:Rv@703759
jarevalo@viva1a.com.co:Colombia2018
zk702139@schools.mk:Tikves67!
5313@ucarolina.edu.mx:Sev14265S..
458839524@luxor1.moe.edu.eg:Std#070426
office_3597:Fireart29
hb0270@office2016.ink:Nagu6529
n14890@empereonlatam.com:1234party
everest.be.computer@pu.edu.np:Eec@2020spring#
ak29002@harryda.se:November25!
450876265@qaliobia1.moe.edu.eg:Std#050301
david.sisques@deinta.com:DaS1sTres
auyporn_rua@ww.co.th:Asdasdasd#01
manika:Qwerty@123
rbmodh:RR@1315793
teams08@colsanignacio.org:Sanignacio22
maxdesiron@montfort.be:MCRjb86qg
449920156@sohag3.moe.edu.eg:Std#040205
1197860@student.edu.az:Aah17844
dyehia@mediaresults.tv:5g8hee2qdb0aabj
titin1387:Laxmikant1387
tr5896622@outlook.com:Happy1001
elias.abi-rached@hec.ca:Vu51rw23
mohamed.adel@esgc.com.eg:ZEeoh511
s3926673@rmit.edu.vn:boRMIT01<3
1065916@edu.rut-miit.ru:Suv43243
admin@qasesores.com.do:Qak49374
nalvaradoa1700@alumno.ipn.mx:yosa1430
t283377@mkhb.moe.gov.sa:Aa6101405
204086@qaliobia3.moe.edu.eg:Emp#651007
msoft18990@myoffice365.site:Myaudreid10!
s4748642@mkhb.moe.gov.sa:Nn13245768
1aboelazm1@gmail.com:r&9Q*z-e/rGb8XB
agnes@gokaizen.com:agnes0808
afton.muryanto@trakindo.co.id:B11lm1llah
yasssine.jado@gmail.com:jado1705
gabriel.lemes@incra.gov.br:G@bri&l182324
peregnity@hotmail.com:RY6hu9qAVn
badou.sosthenebanda@hcl.com:Face@2020kemet
ixc10421@afgji.onmicrosoft.com:Jagk@000
1610843010@student.unand.ac.id:Bulugodok12
johnrobert.garcia@alorica.com:Shatokers10
+84909013490:loveisforever
bvilashn@ford.com:Fus02215
