isuru.jayakody@dialog.lk:Slaravinda@4488
ycouillard@fastpctechs.com:Rinoceronte73
sc-20-10103@uniremhos.edu.do:Lisbeth16
julia.frank@freshlab.com.br:Julia.101198
202208178944@alunos.estacio.br:115970@Da
r144199003@taalim.ma:Cr7cr8cr9
t563748@rb.moe.gov.sa:Wa0504171138
2266671@qena1.moe.edu.eg:Emp#841229
hamzulsm@guruinovatif.com:M@ka55ar
hram1899@giant.cos.edu:!RGfHE0l
duartekevin391@gmail.com:Iveth1234
mathias.oberschlick@inode.at:32RKWIU5Y
aswmobileservice@f.odpan.cn:asw1992525
459737640@gharbeia3.moe.edu.eg:Std#070807
202201605@mi.umss.edu:Asgyj15325
sheraz@games.com:Sh19194!
hacouzin@my.canyons.edu:1410KEKErfrf
zezinda2444444:huguinho00712345
st086817@student.spbu.ru:A486257595351a
591041@senati.pe:Aliaga21
pschtine@siqueiracastro.com.br:sc@sc@2019
130496@upslp.edu.mx:3417246Omar
indrek.jaaska@nooruse.edu.ee:H@cKeRsArENooBs2020
josemoncada@unitec.edu:Geovanna23
rashidbwika@gmail.com:bwikar999
457492812@sharkia1.moe.edu.eg:Std#070509
dzon20@tc-office365.top:auRoRa12*
dapatton@trextel.com:DPtx@2021!!!@#
info@greenlabelcompany.ca:snowbirds1!
7e5abe@studentoffice.net:Swexdcf4
1000015907@dit.edu.in:Septem@0509
mrinsch@myvu.vinu.edu:Pisscock4208@
estilo.redaccion@gmail.com:PROSPERIDAD1
asasmaz@ulasim-as.com:3696Sa.
it.manager@mawarid.com.tn:Wak81150
or.dayner.mamani.c@upds.net.bo:u.7322631
presta_gsedom@odeolis.fr:Yuw46300
a36920@alunos.ipb.pt:a912010351A
180996@eul.edu.tr:Gam26139
samhayter@outlook.com:letme1nbristol!
khalid.wadi@secdc.eplango.com:p*U8l3q4
mohamed.bourihane@taalim.ma:Medh@n2022
2602594@stu.bisd.us:RtdK8D..
uc2013151987@student.uc.pt:Mha862zt.uc
yavuz.baysan@tr.gt.com:Efendi10*
14359837771@cefet-rj.br:anacefet321A@
3029901:Oliver1004
459869918@behera1.moe.edu.eg:Std#050810
jacob.nash@harrison.k12.ms.us:JN03jn!@
ddam09@educastillalamancha.es:Lucia13600
lhy0987@knou.ac.kr:1qw23er4!!
asgeirbk2390@rvkskolar.is:Egerbestur12
achakir@nas.aero:Aym@ne1994@
2013102298@office.khu.ac.kr:dlgmldyd1!
k59.2014310003@ftu.edu.vn:Trunganh7702
pghr20pranshu_g@mdi.ac.in:Jiwan.3806
2641870@student.edu.az:Lnm93760
s7277758@mkhg.moe.gov.sa:Lbah1424
montaser@hlccyber.com:CircleFintech@1982
k46ngolamphat@tnh.edu.vn:Soc13032016
275528:abdousule2
160176@upslp.edu.mx:Churrito76
samyayaad@alexu.edu.eg:@19610Medo
1338830@senati.pe:Virtual2022
sales11306:Zonda@123
443855141@qaliobia2.moe.edu.eg:Std#031209
duong.s084623@ilamail.edu.vn:duongA1@
r01072_2012@lyceum.lk:WizardList73078
kates@myges.fr:Hpqss43A!
artuncaglar@ogr.trakya.edu.tr:Solaustin96-
jmesias@cmds-educacion.cl:Jfmm132020
kkwong@goinfinityenergy.com:Infykk03082019
carmen.lopez@unah.edu.hn:Escudo2/
1387253@senati.pe:Virtual7561
luigui1332@hotmail.com:Cincob19!
jared.martin@hilton.com:Popefrancis1!
fm@toolgal.com:rAMIRO1965A
862591@live.cvesd.org:Rr11262008
said.elkahlaoui@taalim.ma:aopf@0602
2018032400082@alunocarioca.rio:rio05/08/2013
sb.19u10565@btech.nitdgp.ac.in:Wub71603
213594168@tut4life.ac.za:213594168@tut4life.ac.za
editoralitera@unifbv.edu.br:Litera@2020
farrizqiin@gmail.com:Sj069583
vict.morenos@duocuc.cl:3251287moreno
a10233@aefreamunde.com:Dr271924268
u201722571@upc.edu.pe:3Cs#2Pxo
adeepkur1@gmail.com:Unitravel@90
dlynch@cypresscollege.edu:Dixie1968
yblasg2100tmp@alumnoguinda.mx:2I4z040615
crivarola@alumno.unlam.edu.ar:Universidad-123
juan.neiva@etec.sp.gov.br:Cachorro478
rachhartha@sastodeal.com:Sarala@198080
nicole.vienneau@hyatt.com:Batavick0606@
217200220@marista.g12.br:05682234464Br
nw022@my.tamuct.edu:zaq123WSX!@#
y2218@365i.team:YAra2006@@
133557@aulecsit.uniud.it:Malleolo97%
tnpscjuly30@shankariasacad.in:Tnpscjuly#30
2019488318@isiswa.uitm.edu.my:Haji.Ilove23
jlurizard@correo.url.edu.gt:Johanna27
mpofu-@ulster.ac.uk:October1%
charles.ndogo@solaris.co.ke:01lAPWINg
g7.ecastillo@cdsionline.com:Kol92756
421915521@tulkarm.edu.ps:malak232
26808211500048:pbb7c7nj
124704@deped.gov.ph:ZamboNorte2021.
johndave.deleon@gnc.edu.ph:Deleon190
thienlc@dtdl.edu.vn:Thien!@#123
5840015860@stou.ac.th:5240800002091
abarber@christschool.net:**Silent77s
321832159@qq.com:weiruan.365
u18202344@utp.edu.pe:74827909
lpdiaz@national-u.edu.ph:Aquamarinebeth27
ozge.yilmaz@tedu.edu.tr:U3fq72Z6190622
e.vizcarra.ccallo@isur.edu.pe:Edwinvizcarra134
raz@razgalnoga.onmicrosoft.com:Agro@2017
lberryman0004@kctcs.edu:KarahKaden0609
0953892338:walter71@
201420020028:dakotasport97
s4944865@rb.moe.gov.sa:4257987aA
b140910057@sakarya.edu.tr:8487ay.!
cong.dang-xuan@tek-experts.com:chemgio234@
21578@stjosephscollege.lk:Rockers1234
atefa0128@gmail.com:Hassana1899
kermina.romany@merit.edu.eg:Kr@200212
ramkumarreddy@drreddys.com:Drl@8928
w4kr@fresnou.org:Cherry9
727369:Ahmed3410036
covaci.samuel@scoala1dej.ro:Scoala2020
jul.olivos@profesor.duoc.cl:Mazinger123*
j135488225@taalim.ma:acab1312
cjansen@citrussystems.com:Bronco2021!@
mortygamer@seznam.cz:paek4?uO
450567531@giza6.moe.edu.eg:Std#051001
senia.andrades@unah.hn:Se@t1embre
2001002791@ilbc.edu.mm:ChanChan2020
achraf.aarab@premium.africa:wiamwiam2021
trd_pkd@princepipes.com:prince@1234
thaodnv2210037@student.hiu.vn:###HiU10037
alimahmed@dbbcg.com:bkg20128
l173100329@zacatlan.tecnm.mx:1_2-3-ALI
rautish.kumar@s.amity.edu:M@91735B@1
rachidoutouhami22@gmail.com:kiobi123rachid
gracie.k706@slcstudents.org:Gk463400
nightwing1253@gmail.com:Asdasd23_
vidusha705@klnsumangala.edu.lk:Sas21209/v
2193467@tcs.com:bushi@096C
support@maxproltd.com:Tambal52
19045171r@connect.polyu.hk:Sweet193716WY
jaddo@remodelitconsult.com:Patmiso10
201911269@ammanu.edu.jo:vbnm9999
g137117200@taalim.ma:ziad@live123
enseignant.p7880@education.tn:Ff45523009999
mbecker2@lynbrookschools.org:MB3001lyn
chouia.kcs@gmail.com:Annaba23@
449017235@cairo2.moe.edu.eg:Std#050710
alberto.pirondi@ima.it:Albacresta2
p135373387@taalim.ma:dm981GaCMR
20162256@unapec.edu.do:Rociolai15*
455118870@monofeya3.moe.edu.eg:Std#070216
student052368@st.schools.ac.cy:Ioanniskk12
449738665@minia2.moe.edu.eg:Std#030611
lulufofinhamacedo@hotmail.com:Luli-chan15
waynedebeer@telkomsa.net:wdebeer11
800949013:Adel169980
0000282672@aiou.edu.pk:Fyej1253
alan.manrique@isos-peru.com:Ac954327
y.arsalane@alomrane.gov.ma:Latifaal53
nahfg4@mail.missouri.edu:Nokona46-74
htchoy9-c@ad.cityu.edu.hk:Cindy03142000
455781462@benisuef1.moe.edu.eg:Std#051001
18143:Mu102497!
angel.magana@alumno.udg.mx:@B1019072
e-janhut@iskule.no:Flyrnorway2021
d20d4009@educacion.edu.do:5nd4oo#
isaque.cruz@p4ed.com:I@200614
remy_mems@hotmail.com:Bahia6372
avryan.jewell@student.uti.edu:Velthouse226
rkalita@almansoori.biz:assam@RIA123
cvsn101ngocns@ms.ift.edu.vn:bdcb@123
jr0299958@pasadenaisd.org:AyeeJp10
20b0640085@cobatab.edu.mx:Lalito03
thuytth3@vingroup.net:Thang2@
hakan_kaplan18@erdogan.edu.tr:71e54790.
mselmi@gam.dz:26a02m19i92n
pbelle@cenef.fr:Helene1264
stacha16@upana.edu.gt:Chacon2019
javier@whiterabbit.site:Whiterabbit.2016
joao.maroco@novasbe.pt:08481265
f.bulo@syrahresources.com.au:Castilho12345
ian.hernandez@usm.cl:Koala2003
bartomeu@biovec.net:Aviador69
458549967@qaliobia1.moe.edu.eg:Emp#070420
dixjwfkwjkchmf5@anhmmo.com:Xoj012541
2021020061@feu.edu.ph:_Csndrdln0905
457563093@gharbeia3.moe.edu.eg:Std#070204
1357452@senati.pe:Virtual21
chbani.mohamed4@ofppt-edu.ma:aRTzN487
hello@phowd.onmicrosoft.com:+m8mDxNNn
tiosen.241408@cubao.sti.edu.ph:Luq14998
42010558@sfcollege.edu:Azerty@123456@
daniel.gleeson.2015@mumail.ie:xxw3026
8523855@hcps.net:05212009
waris.9236602@talmeez.pk:asd@63345
ira@iec.co.il:tu2008*
mateusz.rus@student.uj.edu.pl:Czikama000#
lahiru@acquest.lk:Kenuli@1012
johowell@syr.edu:Ho8471310!
omayma@solvidwerkt.nl:Quy16048
dmonye@ikejaelectric.com:August2021@#
fatim2@ewroteed.com:03362107560S$
amarjeet.singh@cynoteck.com:Amar0304jeet$
zeiad193259@fmed.bu.edu.eg:Tarektarek2881998
lpvarg9678@ung.edu:Deadfly1!
h.mahmoud@beacon.com.eg:Verina@3216
s131413889@taalim.ma:AHMEDwaca1995
2687334@portsaid1.moe.edu.eg:Emp#840611
vg14471:MajdRida0037!
walid.boutebina@technipfmc.com:Radia@911
224garellano@frhsd.com:Ga2420356
m10306@onyangm.cneo365.kr:Sunghee042770!!
bsce1939@pieas.edu.pk:kh0khar9.com
evizarro@sanz.eu:Esvigo.004
19jlloyd@desc.sch.ae:Computer.1
3328916253@hungyen.itrithuc.vn:Tienloc123@
lavith@oswalminerals.com:Munot@1998
mikiyas.defabachew@ehrc.org:YeArsema@406658
zyan9077@uni.sydney.edu.au:Yzt19990324
2000030199@kluniversity.in:Saiganesh@123
praveen.cbv@emc.com:Manas3456$
jfletcher@isbel.com.uy:Isbel_926!!
vcc0993@my365.site:May251974824600#@#2020
623194@fayoum2.moe.edu.eg:102030aA@#
0799003427-1@jis.edu.jo:8siigtlc
u17105228@utp.edu.pe:47859333
s19116083@edu.ic.daito.ac.jp:try14351067
nguyenvantronghmu93@gmail.com:thhtrtra_1234
saiprasanth.212@protonmail.com:Prasanth.99
1285727@senati.pe:k2njncrbuy*#
203721686@ogr.altinbas.edu.tr:sasoki8888
tria004567@esoft.academy:Anitha@1999
782487@learn.vsb.bc.ca:easymediumhard123
451067458@alex4.moe.edu.eg:Std#050328
alexander_pandia@usmp.pe:14ALEX11pan
josue.vaca@udla.edu.ec:bIOLOGIA1902
e3034661:Claro2022**
markwong@sig-napse.com:pr0blematic##
dylan23:dylan21009
bb10@dubaicarmelschool.com:YOBW899k
b2314@b.of365.online:10la2am1967IR
2003@gmail.com:chuminhtam15092003
rudm@senncom.com:sommervinter1234
z76@365pro.plus:Kong14479839969@
belhajji.dalal@ofppt-edu.ma:DiAz1998.
f.citro@almaviva.it:Luglio@2021
lbraz@stone.com.br:Lyc@n#251188@7
scruiz@valledelamanecer.edu.ec:Sara2021
kabarihari@gmail.com:1P0dnan0
322794033@idf.il:Ibest4me!
hussam@scanllc.com:Scan$378
abhijit@csktech.in:Password@123
manuel.dick@sesotec.com:Eins01eins01
afs0005762@agderskolen.no:Emilie1402
congtam.tran@seatpi.com:J7ZiGjw5
wisanu_ph63@live.rmutl.ac.th:1509966184680
kp196040307042:Karma@0112
qc_71659530@uncp.edu.pe:CERME03@andi
s9814384@asrb.moe.gov.sa:57P@s35sW0r5783
robson.fernandes@cmng.com.br:binho2783@IHP
987891157@tulkarm.edu.ps:Moe@98789
t512232@mb.moe.gov.sa:Wiam1234
445522803@suez1.moe.edu.eg:Std#040901
william89707@ceuma.com.br:Wil@270200
g134700845@taalim.ma:Clsd5328
ioo.andersson@gmail.com:sessan01A
atziganshina@edu.hse.ru:nZ123654!
a10373@365ink.site:!MP0551bl3@!234
442305901@behera3.moe.edu.eg:Std#050108
janis.neubauer@gymlohmar.de:LoLivc19
jamal.1182744@talmeez.pk:asd@2465
ii56163174@edu.mon.bg:Katana2006
a.al-hajri31071@education.qa:123456Ma@
mo.pasham@okstate.edu:M4054105062p@
idan.yagil@alstomgroup.com:Nureuav33
bio100:Auguroni1949
a1231350@live.ouhk.edu.hk:aAA110112114
tareq@kjuffali.com:Kjc@2021
5924009540@student.myscps.us:Honors12261
liamferriggi@k2trial.com:LalF20!13
jbustillos@utem.cl:Jazmin1099!
kaique199746@gmail.com:katia00
adimous@outlouk.fr:DjamaliA613
m139421483@taalim.ma:Xtnx6937
chris@whywebify.com:Black0blivion
a321174@alumnos.uaslp.mx:*UNIVERSIDADnutri12345**
877194@pdsb.net:Ghostarmy20
vlad.moor@stud.wvsms.de:MSTeams2021!
2000153467@fcstu.org:05162014
depc1991@unitec.edu:De@413993
samrat.ahirwar@gaincredit.com:Radhelal@123
ugs.20100china@suez.edu.eg:Bpok63652
950242@aluno.uniasselvi.com.br:F@94073520130
r130047373@taalim.ma:Elm@c2020
amos.kimiti@equitybank.co.ke:2010.Love
nivelatorio436@uts.edu.co:2815Emm@
61025236@grupoingenieria.org:abiteamo
joakimhelm@hotmail.com:Solros00
457583604@qaliobia1.moe.edu.eg:Std#140520
sabadell@pjespana.es:Gat17046
abankura@gmail.com:Bas3kaj!
nadim@mentalthon.com:OKRproject@123
jsalgado0116@conalepmex.edu.mx:Quintana109e
masalamanca@defensoria.gov.co:1110450443
samuel.lapointe@brp.com:Brp202001
kumarp16@kecrpg.com:Koderma@#123
x202116001@cibertec.edu.pe:Ciberkids2021
l21320189@acapulco.tecnm.mx:cTcPH-CJ!Y_i@4o
tranhuytuankhai:khaitran001
702583@unizar.es:02-05-2003d
assia_aherti@um5.ac.ma:G133486994
solojan1@hotmail.com:Mburu1981
485961489@assiut1.moe.edu.eg:Std#060423
dominik.simko@amrest.eu:KoteqKoteq1
940558@aluno.uniasselvi.com.br:T@55128505200
hadeer.elsayad@misedu.edu.sa:Kadyadam2
lucas.lemos.bertao@gmail.com:DollSeuMiguinho123
s8174531@mkhb.moe.gov.sa:MaM@1122
reyaz@kfranchisesystems.com:Stiles1994
mlugo08@unisalle.edu.co:95112908499
samuel.ojelere@suntrustng.com:D@mil0l@0807663
gloria.manon@rbgroup.com:C2vs21c2v#
m26584@vip365now.com:0CT52umzk/()
aramirez67@unisalle.edu.co:11082267
theo.nothias@lidem.education:lololpb66
af211082@felda.mrsm.edu.my:Mrsmf2021@
ahsan.anik345@gmail.com:Thursday04
42882@sss.ac.th:Ploy-2548
seiji.the.sage@gmail.com:ihwihwihw
das_luis13@hotmail.com:engein159357DAS@
1687@cucj.com:dEREGRESO21
umut.polat@mektebim.com:3185210plT
malaak.fayaz333@outlook.com:student@123
fellow@lbctindia.org:Passw0rd$1234
al161708@alumnos.uacj.mx:Enrique1234
399047@student.pasco.k12.fl.us:Stone57?
10922513930@mackenzista.com.br:Tabletporta@2022
26516641@psm.edu.ve:Fa12gc34#$
eman.2215579@tse.moe.edu.eg:Yu@3113024262
221832327@edu.vut.ac.za:1Hallowkayy
ahalam.83621@t3.moe.edu.eg:egyptM@e83621
willheiser@yahoo.com:Wph548473531
l135208098@taalim.ma:yassineBR@197
saul.galeano@unas.edu.pe:SACKSCR72&DJ
458417696@sharkia1.moe.edu.eg:Std#070721
fallengrounds@outlook.com:J@renzo0912
1352590@senati.pe:JL010603j
14jstone@theferrers.org:Password12345
tonyacosta_20@hotmail.com:amormio13
milkru9666@edu.wroclaw.pl:Bonusiki12
k39128@office365svip.site:Eddie12Elise13
blukonrinaka:Fukashironmochiron
264_r4os_o4_u9@eprosveta.ac.rs:DAVIDkokos009
lucas.pedro5@p4ed.com:Xz2s645wmp
aagge@tre-go.jus.br:99981Uj2398
bilali.chaima@ofppt-edu.ma:Ch.Bi@2003
021160063@nusanipa.ac.id:Fevryanto23
450867733@behera1.moe.edu.eg:Std#050306
jakub.auguscik@amrest.eu:Zmiana-2022!
m.brindicci@studenti.poliba.it:Carlotta
anton@telexpres.com:7Usr_479
manchester:united1
j.molina@aduanas.gob.do:Adabelle20
a12690@aecastelomaia.pt:Sweetcakes11.
mavro.lekondua@yfai.com:America1234
rapsodyx_engal@hotmail.com:~F9E.a2k%/Yku"P
carla.rodriguezn@unife.pe:ValeriaaRrodriguez03*
2015228111@alu.uap.edu.pe:Pordebajodelagua96
drehmer@ufpr.br:leinaD#UFPR
marcial.trejo@sasmexico.com.mx:SAS.Orion123
chungth@365.gslc.edu.hk:QQww2211
servitech_02.anovo@outlook.com:Caceres20
motttocs@gmail.com:Giants_1958
sahc9194@estudiantes.edu.ec:Uesr.2020.HS
n00022661@upn.pe:colarCOLAR147@29jho
5778715u@spkryspinow.pl:Elkomenos123
jasbir.singh@peelsb.com:Rubani2004
fickry.firdaus@imkgold.co.id:indonesia.1
ac54274@assumption.ac.th:*KZDGkJR
813giantoil@giantoil.com:creamsoda
mak@bbfh.onmicrosoft.com:AAaa)(*&^%$#@!
trinhho6@vanlanguni.vn:Suju061105
galberti@eurofirms.es:2020AleixP
srg.bbp@jne.co.id:bbps0418
kaluarac_ct16029@stu.kln.ac.lk:dhanu1997*
740528-l0646@slim365.nl:lpL9^QXy-bS4K9N9
jasa1999@estudiantes.edu.ec:Segundod2020
marina.tarasenko@lamoda.ua:380734151614Lamoda
danius200612@gmail.com:Zgoniu1253
pjj1117@guruinovatif.com:sAPRIL91
loja@gympor.com:lojafgp
josue.sanmiguel@espoch.edu.ec:liguistaJM07
m130046868@taalim.ma:PipPJAo0Xz
124148140006@r8.deped.gov.ph:Lolitayap23
dcabrera@dospinos.com:Enero2021**
gagik_grigoryan@abedu.am:Aliceareg5
fvidalo1400@alumno.ipn.mx:Fv02N7D6
k60.2117518004@ftu.edu.vn:Ftu@2021
tatsuro_52@tcs-ipnet.co.jp:qp6zvIl7
sn8g3m@azure.ppke.hu:Fi0997122132
ptomczuk@tekwurx.com:Klepsydra34
justin.foster@kellyhba.com:Firefox72!
abdellah.rachidi@ofppt.ma:ISITT@isitt123456789
mohamed.samir@lpplus.net:Ragab.2020
pbh@pvbh.onmicrosoft.com:Papabo49
balogh.f@szi60.onmicrosoft.com:Edit0707
maria.lobo-p@uniminuto.edu.co:Yoonmin.2016
457415220@monofeya3.moe.edu.eg:Std#070501
52039706@seduc.go.gov.br:CEPMGcastelo2020
parkermervin@outlook.com:H3DG3HOG$2007
454422786@assiut1.moe.edu.eg:Std#060716
a.nabil@titankonstruktion.se:x2+Ahna2020!
411115774@sharkia1.moe.edu.eg:Std#031001
1978130191@hpn.edu.vn:Hpn@1234
00003305207@aakashicampus.com:Bh@300906
amohamed7993@conestogac.on.ca:Messoona1987
perazo@tejecsa.com.ec:Pe2017pe
soh2900@windowslive.com:MeMosy1212
1000012832@dit.edu.in:Neha@9456
wjurusik@sp2osobnica.pl:Student.123
feguzman@colegiocumbres.cl:welotufA2
ndurusoy@posta.pau.edu.tr:46972888192
21100077@lums.edu.pk:niaz.1998
yblodcdc3@seehsarya.com:Cap90375
12030094706@cefet-rj.br:Filiseu15/87
lais.spinelli@educativa.com.br:TAta200*
phuoc.dx@oude.edu.vn:12082001Lvt
123169@vechtdalcollege.nl:Vechtdal@dv
kmaurya@symplr.com:Whitedevil@666
mramir105@calstatela.edu:Myko2020!
ads_925926@privatemoe.ae:PExlu65#n
1021260@choctawnation.com:Confused13
tgarciar2000@alumno.ipn.mx:GART050429
5066e@bnks.edu.np:bnks@123
sahathep:Spv#eft@2020
felixlh@hotmail.se:FellantisTE21
madej.oliwia@psp4.radom.pl:Dorota123
s1878705@tbkg.moe.gov.sa:TAIFtaif20
yoann.kooh@rocroysvp.fr:Ejysum20
e134241569@taalim.ma:Kenitra2013
gabrielly.f@aluno.ifsp.edu.br:Zumbi.56964
3303695822@hungyen.itrithuc.vn:Tienmanh2009
osamaboshi@gmail.com:Osama1977
n.arqoub@sajdi.com:Nazir@abuarqoub
a19a60881@educacion.edu.do:6D2atGf
hamood-2lnashmi@hotmail.com:mom0501125642
ns98628916@edu.mon.bg:NNiikkoollaa4895
sermaarun:Sermasiva123
au715993@uni.au.dk:Mackemacke13
arlene.luansing@furla.com:Furla2018
jdlondono679@misena.edu.co:Pegote2012
eman.306168@t2.moe.edu.eg:eman23872
tarun.verma@unitedlex.com:Dog@2117400
9732507528:Alaka@123
453771583@redsea1.moe.edu.eg:Std#060428
haitt@gigatum.com:Dangnhap123
oren@green-energy.co.il:O123123s@g
s160358@rguktn.ac.in:rama9492094297
p.fuentes@kipic.com.kw:carteluo*02
hiam.220320@t2.moe.edu.eg:egyptM@e220320
ss70172696@edu.mon.bg:Ss130109
estherabelha:03042008E
11834:1106227472
82991636840:jh12041988
jerzey.metcalf56@frenship.net:jerzey11.
fencl.lukas5@spscv.cz:5qxh1scd
stefanie.f@edumail.at:2506955976
thanhminh2002:thanhminh321654
ifking1@stu.k12.wv.us:Ik40086723
husain.ali@gac.com:IP36973336@39733387IP
kruno.buden@krav-maga.hr:Krunokmg74
1017247798:Jessika08
abasalonabiada@gamestop.com:Kate1234!
naicoroman327@gmail.com:niconiconi
kromero0053@mymail.lausd.net:Canterbury24
broquagraciela@psi.uba.ar:Contrabajo1
2845121@cslaurentides.qc.ca:n20040723.20
giangpth.pathway@vief.edu.vn:Tueduc123
litonmia:Liton@123
pa.arevaloo1@fmsnor.org:Lojadab2374
stum20210011184:P#7xpWSzJL36
202107101661@alunos.estacio.br:Fa080902@
rbgue@schools.vic.edu.au:cobyisgay10
bilay@dlit.dp.ua:Mrbanana6272
elliq.othmane@gmail.com:jTnF0SW22c
caralexsanlope@outlook.com:Qweasdzxc@13579
zawhtet0116@gmail.com:Kingsofleon@1313
y16-zjaff@garthhillcollege.com:ss7361SS
jocel.solis@informatics.edu.ph:jT032803
terapeutas@clinicanueva.com:Faq06558
518180058@sha.edu.eg:Amr@3299
ysezgin@baskent.edu.tr:EFEL1712*
vbskovorodnikova@edu.hse.ru:1Q2w3e4req
e133051749@taalim.ma:Xhok1361
z218100044@taalim.ma:xS0XkCrDa9
krzysztofbihun@op.pl:ZSsklodowska1
ismael.guerrero@utp.ac.pa:Canelamen12
togmeiner@schule-fuegen.at:nicht_schlecht9
apiecek@uczen.eduwarszawa.pl:Zux90243
sammyjadhav6699@gmail.com:sameer6699@jadhav
11072@loretodelhi.com:Nischay2008
topselvi@servis.arcelik.com.tr:YAsa2877
cdavis89@broncos.uncfsu.edu:Angelmom531$
dcollaguazoa@est.ups.edu.ec:DACA7354EAa
t201912021@feucanvas.edu.ph:voidmicro1870
karcepas4983:KARoliukas0123
mjoa04@educastillalamancha.es:Encantada+20
divya.b_mhs@gemsedu.com:@Adichikki17312511
npeters1@pride.hofstra.edu:JMnjmP2321!!
c16052@utp.edu.pe:16402970125Dar.
d132115737@taalim.ma:Urxo2325
abdelhafeez787@gmail.com:Privateteam301
12837@student.riphah.edu.pk:asd@12958
brs.melissa@yahoo.fr:Paces2015
201901253661@alunos.estacio.br:Ir023103
jackker@hf68.onmicrosoft.com:Hoang3112000
arthurfelipe@corpstek.com.br:Flycat1457
rmcwill1@vols.utk.edu:Freebird!
gparlagreco@mixervideo.com:Solomixer78
ck@duyenhagroup.com:Xmdh@333
tiphaporn.l@avlgb.com:0956687802por@
211516114142@pit.ac.in:Wun17809
kevenrsasso@outlook.com:K1e2v3e4n5
t1348@loyolaschooltvm.edu.in:EsjXZAuy2066#
sofia.dominguez@meduca.edu.pa:EMILYYohani2012
458506040@qaliobia1.moe.edu.eg:292006@Samar
sameera1234lk:Otlphp07*
pastor_toribio:bCba$2020
motinho2020@f.odpan.cn:Motinhom2020
vudinh:Toan2507@
m.vitiello@unicampus.it:thewinner1
thoonphyo141@gmail.com:thoon1412005
7707@ihsvaranasi.in:Fob44373
l.makulova@intevo.cz:Intevo2017
xiaolin.zhu18@bcmail.cuny.edu:Zxl20010116..
stu99244@thebes.edu.eg:821TIE77
4637@alitqanamericanschool.com:student@123
angel.herrera@pid.com.mx:Pid2022!
huytran0303@student.vus.edu.vn:Vu$@5013
aldo.arana@previcor.com:03lUciana03
lilya.mezied@aqabais.edu.jo:sahar2233@@
26753@satit.buu.ac.th:Pa@68887
i201916578@cibertec.edu.pe:Salam2018
u201811749@upc.edu.pe:Notemetas?9
info@ams.net.vn:AMS#123789a@
d1074171046@o365.lhu.edu.tw:ff34496523
ema.terella@stud.uniroma3.it:sFZ#ZnYx
17419065@mahasiswa.itb.ac.id:Gilobabikau19
belle.alvarez@maersk.com:Dale9876
a9454:EscolaSobral18052009
u73jaksa@dobrota.edu.me:u73jaksa@dobrota.edu.me
g139021308@taalim.ma:HesoyameS2005
info@missuniversenp.com:Umanga200$
coperry@k12.com:Bleuse#1
210303074@ogr.cbu.edu.tr:DAA643B
s.hammar-118171@fedecampus.com:inead.shm.480
sara_y_mohamed5844@moe.bh:Eulq9909
wxs200011@utdallas.edu:Validinfcoorp1234$$
455479211@qena3.moe.edu.eg:Std#071001
diego.navarra@hcl.com:Sindaco6!
rajendra.thagunna@labim.com.np:rajan@123
jacinto.herrera@lc.cuny.edu:Pa2cho10456-1
rajoruruc@est.emi.edu.bo:Rene1245*emi
05394291262:Assasins02
microsoft:LISBELISBE
50957m@taalim.ma:KoneKtion22@
saidsajad.kazemi12@icloud.com:Sayedshh.4312
nicolacili56:11Settembre07
1160577@isep.ipp.pt:Ratoeira157
support@entrex.ro:2dsdjswik#238
mata009116@esoft.academy:#Model23pu200e#
msa74632@udelasalle.edu.mx:JVed3024m
2000098@universidadiuem.net:Hum64994
angel.palacios@alice.com.ve:Alice.202111*
art.pdt@centralpattana.co.th:Central@2022
soleyanas1@learn.cssd.ab.ca:1028243
201910813@ammanu.edu.jo:201910813
riccardo.ponzo@meduca.edu.pa:EuribiadesH14
edilson@aluno.unilab.edu.br:@17Erc17
vvswstuc035y18@vviedu.in:Arav@16nov
l19te0845@teziutlan.tecnm.mx:1.12alaska147.
bpatton23@student.g-pisd.org:gp239260
5452255882:H5532965882
420181501592@mutah.edu.jo:Yousef@33
joao.goes@dasa.com.br:Dasa@1303
yahirflores365:MPtimbiricas1347
mtamayo@grafandina.la:Yotenia13
s8524500@mkhb.moe.gov.sa:43462SAfa
62799037@mylife.unisa.ac.za:1995M@hlo
jojie@thebig.ca:Eijoj121588
m134275196@taalim.ma:Walid2002
468574560@alex4.moe.edu.eg:Std#030407
u23101099@utp.edu.pe:04121811
hanipah@uctati.edu.my:inspirA8248
tnopgulw0001@mymail.lausd.net:0868263547sun
techdept@moraitis.edu.gr:vaslilal@152712
pedro.silva@jotacom.com:Jotacom*2021
jcallen@pfic.com:Dreammaker@1
6861583@qualificaepvc.pt:Zog50283
superjay7789@gmail.com:sc0nes0fst0n3
henryf5@mypolkschools..net:Napkin12
anil@meisei.com.sg:10156273Comets
ronald17@estudiantec.cr:Roman2001.
20sc1119_ms@psu.edu.ph:Jirehsalangad04
nayeli.zavala@usil.pe:nayelizavalaperez
fjyearwood:Minorteeselsur18!
store1@muhibbah.com.qa:Mebkp123
19190135@istmo.tecnm.mx:Arleth@1809
hadi.sajjad@o365.bayer.asia:Shabbar44
david.huang@ientw.com:24744332Ien#
s38683@wilberforce.ac.uk:Wilber2712
yasin.kocak@std.antalya.edu.tr:123asdqwe
5134@kcmschool.onmicrosoft.com:Wuc99296
ibrahim@cdfj.org:Complexpass@2022
8144247236:Nitu@2001
391800144@ecu.edu.eg:SharqawiECU77844-=
ngzhiqun.17@ichat.sp.edu.sg:schoolshit
mahmoudsleem.2020@azhar.edu.eg:M3236113210ss
487198240@sohag3.moe.edu.eg:Std#070912
s2922891@mkhb.moe.gov.sa:T7hamer7
swpchoyvr@t.odmail.cn:Ri190606
ana.penalva@alumnos.uchceu.es:b2e4943f
dhakal@xpvh5.onmicrosoft.com:Kamal9846365407
ettiene.luus@voxtelecom.co.za:Carmen@053
abaltazar016@mymail.lausd.net:Yeetyeet21$$
6929@dbs.edu.kw:Aa#45166
v104@app.win10.ltd:Petr1223
9bwosadi7351@mrchomagama.lk:Janajaya12
shah-saj@ulster.ac.uk:XWbf3v7F
4614222295:Mark251091
rvalentin@my.polk.edu:1Lamanana50
sy20336891@wipro.com:77020school@Q
1900006022@stu.iku.edu.tr:YV3dPw?4
akpvalimento2019@plm.edu.ph:082701Chingchong
jmmasamayor@tqa.edu.ph:Josef.82110
200097857@aluno.unb.br:guga>123
ol_phearun@gic.itc.edu.kh:P951999@gicitc
josemauricio@sas.com.br:250572cmfAL#
mhipoli2@calstatela.edu:Cryptic14!
laura.calderon@cemex.com:Juliana13302811
shaunadoswell@yahoo.com:Dawson11!
llebdeh@cypresscollege.edu:CutieCute1
461728052@matrouh1.moe.edu.eg:Std#030524
oim.t15@shelfdrilling.com:Password9101
nerocha@qtec.pt:Saka8499
alnajjar:TTU@4416
victorsouza@alunofg.com.br:987821616Jv
bdgonchoff@mail.wvncc.edu:Gonchoff2
659697@pdsb.net:St20040818
a.0404@education.qa:AbbasAbdul123+
w5@vsfsv.onmicrosoft.com:Quq13527
knyumul@unilab.com.ph:knyumul_12
3311323769@hungyen.itrithuc.vn:Tqk2021@
a1349@office-365.host:all23781818!!
johnbaron:Jeremias175john
s-eadiev@bsd405.org:s#1013385
e1601060@esc.myp.edu.mx:31052013_Vi@
jmickwall4@student.mtsac.edu:Apalosemua1
shs_78944@privatemoe.ae:PThzo87$
kyd-210110:20090526
aa@techfruitspl.com:Fruits@2019
107036@scoe365.onmicrosoft.com:akash@1070
2527925@fayoum2.moe.edu.eg:Emp#860601
159303721@mayor.cl:lope1593
atapiac1@est.ups.edu.ec:105630784
m19938@365up.site:!lsensodellavita2
dzinz@students.salemu.edu:Compaqteam12
62020066@up.ac.th:TPshouta2010%
hyunjun.kim@swbts.edu:@Seminary1
mateescostel@gmail.com:Steaua_22
451278558@sharkia2.moe.edu.eg:Std#040910
r120010272@taalim.ma:Lsokf2069
mahmoud.1615150@t2.moe.edu.eg:AAA123456@22
181121723129@due.udn.vn:Nhithao0804
alba@albacabedo.com:Pika8586$
wissanu8967@outlook.com:bang038617
pmalark@isgvalue.com:Winter2021!
21-1-44-001632@sol-du.ac.in:sol#210100012782
eric.angellano@motivit.com:PogingTotoo!
raffy.geralde@tdcx.com:P!ng03181997
vpawar@amity.edu:vpawar@amity.edu
devranapp2012:Sivaskangal58
oswaldo.valle@unah.hn:Miley.C.16
qasim@little-mistress.co.uk:W3lcome.B4ck
i201814608@cibertec.edu.pe:Cibertec2019
s7973212@bg.moe.gov.sa:Rahaf123
yauri:Nfc8b97e1c21d
ayden@guiaexcel.com:77001219Alc*+*+
75795243@continental.edu.pe:RODRIGO91
a32243@alunos.cespu.pt:Aegnn200
lai@chipmast.com.tw:Office365
edgardo.gomez@iabfh.net:cleomiamor2020.
856886@senacminas.edu.br:prozinho1
ktvsn55toannk@ms.ift.edu.vn:bdcb@1234
vineet.saini@robo-soft.net:!&*1692Vnts
s5211345@jzb.moe.gov.sa:mouyAD1267
lixiaopan0502@x1.tn:Lxp@0502!
stonejr220291@my.gvltec.edu:Jstone29
1452100038@dnu.edu.vn:Sehunlevent1485
z197600599@taalim.ma:smlq8166
shakerf12@t.5tb.in:anillo12
021200266k@uandina.edu.pe:Thiago23
admin@lat35vpo.com:Simplex456&
salvador888:MAKAKOcueva@
sxra6f3g@t.odmail.cn:horse1Ho
m1071398@mindtree.com:Mahashweta@12345
202002256@unapec.edu.do:Octubre011029@
06011814@sfcollege.edu:Mo3gza2000
m1054268@mindtree.com:Hades143~!@
63090046@my.buu.ac.th:fern@1248100007451
prodesa_ps_4@senasa.gob.pe:C71769598*
messcom@iimv.ac.in:messViim@19
458379108@cairo5.moe.edu.eg:Std#070328
kcaceda@webhelp.es:Caceda19/
abderrahim.fiddi@taalim.ma:1052403@ab
c0795885@mylambton.ca:RavBinayPalSingh@8146
pedro.1096977@discente.uemg.br:Sales1097
f.nusrat@virginmobile.sa:sell@sate2O21
hadi.rasid@live.iium.edu.my:HadiHaris97!
e145018627@taalim.ma:Ghizlan123
abdul.momin@aamra.com.bd:@ctglion123#
5239685@leerling.college.nl:Stanvan1310
457573425@gharbeia3.moe.edu.eg:Std#070310
darsena@gmail.com:Dario184
9439782u@sp191.pl:Marcinx1
bmalarz@edu.wods.pl:13Znakow
1801149@hup.edu.vn:Lhg210199
409575123@shebron.edu.ps:M@0597660035
2011051480064@alunocarioca.rio:rio04/12/2006
heyyquel:queijo88
luisa.santander@espoch.edu.ec:LuisaS.2110
grodriguez30822@ufide.ac.cr:Monstruo1
tomasgrosek2:Grosek123
r136595313@taalim.ma:Yxli4469
niasantos@pup.edu.ph:angelinanina
d132785271@taalim.ma:Oubacha@2000
mattswang1234:Fortnite123
amit.manal@bcp.edu.in:bcp@2020
ms28770@psg.nl:Vano7983
t180786@nthg.moe.gov.sa:KkRrSs1427
lapadillaca@unadvirtual.edu.co:DNZMJBKXRA
298611@office.umcs.pl:FordMondeoMk3
u202013801@upc.edu.pe:3Mt#2Rdf
mespinozav@est.emi.edu.bo:Zun90016
0699504353:19970312Yahya
happyksu@live.com:elementaLev1L1
sirail_20001027@utp.edu.my:SsssLlll123
u22220964@utp.edu.pe:Alum75411057#
ayethazinphyo@ucslashio.edu.mm:Atzp-300591
0932282346:0904Plbv
f134567334@taalim.ma:Raja2001
rana_663a@ai.kfs.edu.eg:Nsn00127
anhtv8@tnex.com.vn:Hana1901
emmanuel.ovando@alumno.buap.mx:Ovand09804
jford@acbsolutions.net:Alaska2014
cristian.nunez@alu.ucm.cl:Monoporfiado232
ntt@ontoan2020.onmicrosoft.com:daihoc@2020
ashraf.229221@t2.moe.edu.eg:Touba@2018
j58300@lutonsfc.ac.uk:Maroon2004
rafal.malczok@spiid.pl:Doskeyb1_!
id74600935@edu.mon.bg:Vanko094312
ils1001@sru.edu:Thejuulthief6
paw.grzyb@starabiala.edu.pl:Pawel1357531
uwperson13a@outlook.com:Shanine15
65772@ioffice.site:123Icandoit
bruno.aquino@bunge.com:Bunge.2019
anthony.leung@hotmail.ca:Job@2020
d130043771@taalim.ma:Oelb6508
chldaniels@my.lonestar.edu:86Tyrant!
egtg7700@outlook.com:oman@D2374
477373293@giza6.moe.edu.eg:Avotik28042004
itswajuka@gmail.com:Paris999
s2771899@asrb.moe.gov.sa:Saed3141
bscott@crisisprevention.com:jamesbond
63144236@cmru.ac.th:63144236
m137338481@taalim.ma:Svtl5333
wventer@motusrenault.co.za:Renault08
taila.cunha@etec.sp.gov.br:BMW!654bmw
464503396@giza6.moe.edu.eg:Mar@2009&w
543365:09212005@Rks
elasilva@voegol.com.br:Voegol1979
mrc.yt.official@gmail.com:judytajudyta1987
u202222932@upc.edu.pe:Interbus032102%&
joelpm54@educastur.es:Wuyugu42
mahijazi140@eng.just.edu.jo:Mash12396
20192845@stu.uob.edu.bh:020506104
6540@kwcollege.nl:Overwerken1.123
essam.2746909@t3.moe.edu.eg:essam8@1984
s4333726@rg.moe.gov.sa:Ra818643
ecaro@corona.com.co:iniciarseguro71010
ksackey@students.pgcc.edu:Sackey123
ahmed.1608661@t3.moe.edu.eg:egyptM@e1608661
m.magdy1594@outlook.com:Pp@12345
phtso@schools.vic.edu.au:Violet@025
varun.ramcharitar@my.uwi.edu:ishwar123.
ymanafova@psa-az.org:Lov34PSA-AZ!
52002305005@std.bau.edu.jo:bau@8187
julieh@team-eagle.ca:Oshkosh1
mohamed.zayed@bdpint.com:Y@sso20201234567
macastillo@lisinskifirm.com:Mc@l5843
soto-a@uadec.edu.mx:Maricela44%
rishabh.ak@somaiya.edu:Ronak@1208
6601684441@pgddtcumgar.edu.vn:Cmg!1234
syahmi:@Whatyougiveyougetback7
450640788@sharkia2.moe.edu.eg:Std#050201
mmartine85@cuc.edu.co:M@u3653511
dormevilr@csviamonde.net:Classe62019
ahmadf36741@mnpsk12.org:Af092607
paulkrastev@yamazen.com:Bulgar!a1
z.essam2275@nu.edu.eg:34s2DZxUtz5q3@P
449064025@giza3.moe.edu.eg:Std#050825
earning:5f65e7eaed381@
abanobhakeem@outlook.com:Std#080925
aschons@spraberryenergy.com:Sprab3rry!@122016
julyana.luna@unisimon.edu.co:Lu192214
21761@thedps.org:Ab091002
amsymonette2023@sw.edu.bs:SpEeD242
28404032600939:Aa@123456789
bar.yahud@smkb.ac.il:Bar123rab321
s3207877@rb.moe.gov.sa:AaFf@1122
catlugtu@gmail.com:Catmeowz1914!
3613375@vingroup.net:vsm@1234
stephen.okowi@mavs.uta.edu:Okonkwo2020#
lgw020@bcps.org:which272
453853905@monofeya2.moe.edu.eg:Std#061001
2017110259@alu.uap.edu.pe:Vane.12345
943821@cognizant.com:Deepika@123
s4140929@estb.moe.gov.sa:hx!mj5u8uW56jL!
nur.andy@pgrislcc.id:Ramanov2004
patniujjwal265:Naugawanath05122004
voros.adam@hallgato.sze.hu:Baldr2283
vq2-giaphong@cecvn.edu.vn:CEC1234@
soumitra.paul@gtplkcbpl.com:Octane@0610
s2815176@jzb.moe.gov.sa:Ali@1399
458292360@alex2.moe.edu.eg:01279704175
190030024@stikom-bali.ac.id:Vocaloid22
cl16977@rhmail.org:9032006
1611816@st.brevardschools.org:4052020
d.tesinic@bautechnikum.at:Mr.Krabs
paloma.diaz@a21.cl:PALO21569732-
fa17-bcs-118@cuilahore.edu.pk:asd@01376
vireak_chanthy@dtc2.itc.edu.kh:Chan2306
welderalves@mobilecomm.com.br:Mbl@T@2019
1713321032@niet.co.in:Noida@123
amr-hussein@eru.edu.eg:Mero_hero595959
karpalex04@mail.ru:Sansay135
omar.lindoro@aerolineas.com.ar:lL4040356
isaac@amaclogistics.com:Winter2020!
jlow3934@hwdsb.on.ca:Blue3934
dr_atheero@uomosul.edu.iq:atheero@54054
aruizb2102tmp@alumnoguinda.mx:Youhavefailedthiscity1
thiha:TUM@1011
marksmar000@gisd.org:Gisd56677
chen0138848556@gmail.com:chenziqi8556
dhiraj.pareek@cjdarcl.com:HRHK@123
frmunoz2021@udec.cl:Fim@2015
dvassilev@3tscapital.com:4756Moko
leonardoalonsop9@gmail.com:Ara6ic25AP2
mserranov@campus.eug.es:Marsevi97
jordana.gonzatto@grad.ufsc.br:Nlg192837
1045413:Anderson2020
s26s2147@mynct.edu.om:A9066003a
e007476@cigniti.com:Nanna@030810
thamal@sripaliecontractors.lk:uVSINCOS45#
frodriguez@vialidad.gob.ar:Ferchu5q
1428767@senati.pe:VelasquezRenzo482
almom3514@wrdsb.ca:340753514
aebrahim@fpconsultancy.com:7878@abdo
2018020781@feu.edu.ph:Aushie13
cristian.gomez.2016@upb.edu.co:Hola*9812
4a_21@sp1osiek.onmicrosoft.com:Mikolaj1
nazli.amirova@bsu.edu.az:N17092000n
395045998@qena1.moe.edu.eg:Std#020930
18686@ioffice.run:Of_861012
n00247314@upn.pe:gatohuivon
noecal1@bmd.com.au:P@ssw0rdbmd2026
202300699@epraghna.com:s@r@n2005
pd22020:Alghaniy@2003
herrold.43202@ihsdubai.org:IHS@104517
kevearellanoba@ittepic.edu.mx:kekevero123!
baa10161@gmai.com:Lumia650
1701010070@kafkas.edu.tr:A5364126756s
santiago.parra@groupcos.com.co:Yaj644571
n00052204@upn.pe:Mikael270314
cf2020238@365.cesf.es:EwZJM6WQz
2017100002@hiet.info:Abdo600#$
e00000348540@aliat.edu.mx:Djgaso90
uc1635_1_4_17@eprosveta.ac.rs:Petarnikolic123
freeoer@office.jimschool.org:mpharm12
ricardo.gervasoni@gmail.com:Ric1964Lau1983
u22209160@utp.edu.pe:Sandy05.
g130711452@taalim.ma:Uawi10259
eroa@husi.org.co:MARZO2019
vip3845@vip360.online:19051993Aa@.@
denis.dumuta@student.uem.ro:Daminuta12
s3622176@rb.moe.gov.sa:Fayez123
014946@twbs.co.uk:Benis1234
blackjackr467@gmail.com:blackmd124
rojas:53117920
tranngocy1997@gmail.com:Tinhlove000
0971080492:klaton455678
458445239@monofeya3.moe.edu.eg:Std#070411
anarca@educastur.org:SilPau1973
z1940079@students.niu.edu:NIU.2000Sep29
daevalparaiso@inacap.cl:INACAP2020
aurelia.wijaya@binus.ac.id:Au08126058107
l135176317@taalim.ma:Ciqa4244
10716@stanselmspinkcity.co.in:sharma@1234
20011598-045@uog.edu.pk:asd.2186
i201601935@cibertec.edu.pe:Presonus26
kelly.lohk@student.ttk.ee:Miisu1234
abuahmed930:saber980091
cyrus.yau@student.tdsb.on.ca:02321012@Tdsb
marion.lesher@my.witcc.edu:ML10101971
16052008@myrp.edu.sg:Nadine!1202
a21c78837@educacion.edu.do:mansana16
ais90800@apple.sch.ae:apple@965
danang@tarunanusantara.sch.id:Niko#16012003
g130918300@sakarya.edu.tr:yeko12345.
291401011109@ven.edu.vn:Dung2004
446103145@cairo7.moe.edu.eg:Std#040426
janda.dominik@sosasou.cz:Hasici2002
sara2.darwish@live.uwe.ac.uk:2252018Bob
a10674@aejics.org:Pedomonte2015
im1c0117@tdm.com:klop567
wediazp@itc.edu.co:Z3u5127D14zW.
victor.pineda17@unitec.edu:SAMUELpineda10
nguyen:Vietnam2020
rtdn8h@mail.missouri.edu:Sarala1959
hs2023a0437@c3caobaquat.edu.vn:Dangkhoa123
20194601032@ogr.akdeniz.edu.tr:Emin2001
5894@dpsid.onmicrosoft.com:Phvsadadasmpepe7
21070054@vnu.edu.vn:taminhphuoc2003
n.lamon@m2railgroup.com:LN-m2srl
sirawittu61@nu.ac.th:pat364819
2007003@bcas.edu.du.ac.in:Password1234hai
aj.pires@campus.fct.unl.pt:DF7ee762
pepe.zapata@aonia.es:@Pablo2016
muhammadnizar@alisragroup.com.:Xab54845
sabd1y@schools.vic.edu.au:Panda.7385
4211.dehan@ithsbd.net:Dehan2006
rspears@absampling.com:Janeene1
tresphormoses@yahoo.com:Animation@123
boterocarolina92@gmail.com:Chispita2012
mumirjat@sau.edu.pk:User@123
nguyenquocan.hs@thcsmd2.edu.vn:Qn14251425
osamaalmaghraby@gmail.com:3247010063457993247
311215251006@midas.ac.in:@Buildupsoon@3
842480@live.cvesd.org:Mh03102010
qcj6837494@utecnologica.edu.bo:Omcz1330
d134510876@taalim.ma:Fqmv6552
l136185256@taalim.ma:fatima@2002
ol003@hep.gob.pe:12345-XL
g2231142@m.sojo-u.ac.jp:3wEQ0nj9
s4716376@rb.moe.gov.sa:Su11122233344
kimberlyantonucci@gmail.com:Suffolk83
science@office365std.com:vios2008
14018373@mylife.unisa.ac.za:LatanyaW97
432865277@hebron.edu.ps:Moe@43286
nayellimilagros24@gmail.com:unicua2484
g137073117@taalim.ma:1niggachi0!
s5291294@mkhb.moe.gov.sa:14101989We
152456@leerling.het-rijks.nl:Qm3UZBK8
hassan.albay@st.ul.edu.lb:p+X$Bc9
amir@streamlinebath.com:Vad34834
robinkivits@mgzl.nl:Mg136500.
s01261141@acad.tri-c.edu:Natebartel04
s2111093@jzb.moe.gov.sa:9kTv@RW8a
ed3524bb@go.minnstate.edu:Startanew_19
wael.970645@t1.moe.edu.eg:WA@970645
dbarclay1@gaels.iona.edu:Natick475
tylermaenz@gmail.com:Bendi123!@#
morndara@relaaa.org:Office@365s
a1409537@mail.niu.edu:(Zornslemma86)
pongrawi_fujiwa@cmu.ac.th:Pongrawi1176
lmmunoz@cafam.com.co:Cafam1971/
445438211@giza5.moe.edu.eg:Std#040414
452378208@giza1.moe.edu.eg:std#051212
l8iismail-siddique@rmgs.org.uk:Exaroth98
20041418@ulis.vnu.edu.vn:Duchoang22102002
932361@pdsb.net:Anderson3B
40500367@live.napier.ac.uk:WILIAM2020ENUENU
p.oyarcel@duocuc.cl:9e8o3e3e8o1e6e1k4C*
sam_masunda@srmuniv.edu.in:@Twenty&9
ocbaintranet@barcelona.msf.org:Msf-1789!
19me066@bvmcollege.in:A@shish1402
supervadmregion9sp@mec.edu.py:Mec12345
ayush.5478@dlps.co.in:7dec@2008
vy03053938@edu.mon.bg:vencislaV05
fb20066@stdmail.ump.edu.my:Moazal321#@!
nikoloz.kurdadze@parkhotel.ge:nikaloo26$
11204@bmchrss.onmicrosoft.com:Deniskeys17$
va20354214@wipro.com:MaanPetter@718
hdelgadosi@hotmail.com:Aa2806840011
202110463@ua.edu.lb:Jo123456
william.strandh@mtr.se:Sommar2021
tt49880363@edu.mon.bg:Bakugan123
eurotierklinik:ee8.t9Z-oonNg@LjxQHd
js832845@schools.mk:Dajanaim1
stum2013042679@privatemoe.ae:expoDXB@7985
francisco_a212:Reichell.1234
20103051@sv.ttn.edu.vn:dhtn@2021
10417027@office.itb.ac.id:ITBTeams2020
johncausaya@avivamiento.com:Carolina1006
sperreault@darntough.com:Gmyc2063
dfmontano@poli.edu.co:A6537248*
20184638@stu.uob.edu.bh:ISA*001202510
ktrzaskowska@miarka.edu.pl:Liceum2006!
mgrhr3100@mahatransco.in:vijay12467
soportepasto@tmssas.co:TMSpasto2021*
vit.reisiegel@conexxa.cz:Reisiegel#73
136848130128@r3-1.deped.gov.ph:athea_1231_janine
202202636487@alunos.estacio.br:goodloveB@1
kenneth.cravens@delmonte.com:West72Town
victoria.duran@redieb.cl:Gop74538
800730@parceiro.copasa.com.br:12345678
28reyesoliver@iusd.org:177150054
0929292076:Fernando_1999
peam9908212ma:Cjua1234
232892@edu.rocfriesepoort.nl:Nichijou_episode_24
mayank.12002122@lpu.in:Rishu8298937100
rkong1@jh.edu:TonyKRT111
08180@esrda.edu.pt:Tomas@2005
adammazgut@mercury.sk:Bratislava2020
ajogunbiyi@gmail.com:Dannyboy@2021
j139112662@taalim.ma:Lnws2370
manu23814f:lamparalen
lindonj:Carambole1970#
lmadeira@fiemg.com.br:Mlkj65M05a23l
grwsetm1980021@pgc.edu.pk:abdP1980021
pecasbr@modasa.com.pe:america20*
destructorsito12@gmail.com:Ricardopedro6802
rollie.abelon@gmail.com:P@rk$2021
mosesworck@gmail.com:heumisanos99BK
1010085002:Luis0728
457549754@gharbeia3.moe.edu.eg:Std#070926
111116@upslp.edu.mx:080430675g
joseph@ugmy.us:Namo3290
shouaib.m@arjd.be:AR76011+jd
adrian.escamillalz@uanl.edu.mx:Escamilla2141
sslpascual@ssc.edu.ph:123456ssc
snegroni@kardham.com:kardham@123
khaterine.ordonez@unah.hn:H0ndur@s2014
pabrown11@liberty.edu:Bluerose1995
kelly.santos@ucb.org.br:C@rol2022#
upikambarwati@gmail.com:suciprihatini
ajantha@anthesis.co.uk:q974631
c.vidalaguayo@uandresbello.edu:1120Trini
lam.buitung@vndirect.com.vn:Vndirect1!
458621543@qaliobia2.moe.edu.eg:Std#070625
15382389@unn.edu.br:070610Rm!
othman.hamam@dabur.com:Bahaa.2022
ss2103@me.jgec.ac.in:Ek2haguu!@#$
sarapictura@myonedrive.site:Picturasara123
99008642@ivo-deurne.nl:Kwarts17
yokeshraja:yokeshraj28@
a19006547@idat.edu.pe:72685322S
27981@aesa.edu.pt:9920037Hd300
dludeke@adcomsolutions.com:1237fuCK
dirkfeiler@t.5tb.in:71derWeg!
jtorrado@sura.com.co:+Torradin1971
chengd@apperley.org.uk:superior45
ngotuandat97@gmail.com:139AsE08
can@tolgamimar.onmicrosoft.com:12Ferah85
lolo9920091@eng.hu.edu.jo:Lolipop-99
451936998@qena3.moe.edu.eg:Std#071125
caneza_rita33@aol.com:chosen16
dwoodford@draftkings.com:Poopy190
u201412158:1Yl#9Trk
post@svakstroms.no:syposzek1
bodendoa@students.dsbn.org:kidmine1*2005
16720095@mahasiswa.itb.ac.id:mhsITB2020485642
s2690769@rb.moe.gov.sa:AaRr2008
bscs20-075@ssuet.edu.pk:PvcZ7049*
43862209@continental.edu.pe:hudbaymining
31911128042@std.bau.edu.jo:BaU26051
1039941@student.auhsd.us:eNEYSOD2
jforeroh@invima.gov.co:Bucaramanga2022**
582313@lfnfoot.com:MuanceFCfoot14
195435:Unesa@4321
sahjor@csrdn.qc.ca:kx657566
oficinalugocintron@gmail.com:Bola26362636
136753180395@ncr1.deped.gov.ph:8039516@Fl
canavarrete@cafam.com.co:Santi2022*
jfarres@tmbbcn.onmicrosoft.com:Inircomve1
natimrn:141121+-
brayan-497@hotmail.com:3142824874Bv
03577290825:TRANG281112
nandakumar412:Nanda413
s.salmi@sofimedmaroc.com:Yar572088
juancamikaelson:garuman3730761
0101923@wellant.nl:J9g3!rs7
it@oshinhotels.com:IOH@111$
myo@horizoninternet.net:6593504452My0
r130147783@taalim.ma:Fbmzj5237
fa20-bec-009@cuiatd.edu.pk:God@5313
jimmisimon@karunya.edu.in:pwd123@PWD
36321@ms.tup.ac.th:Myqueen1
gjea806@regiscollege.edu:Partyman205631
rodrigoao@artivinco.com.br:Karine29
0000782594@alunosesimg.com.br:Nick222416
user5349@365office.club:Melbourne2017
duc.b.tran-1@ou.edu:Tbd19041997&
tuandvph09622@fpt.edu.vn:Humg1234
bruna.cristal@aluno.unip.br:50271844841
sonama@ecobank.com:59118907
pisarnica@hkdm.hr:SarPi.987!
ddmucu3@region4.mineduc.edu.gt:amor@1234
prof.sdqpcs0053@pgc.edu.pk:tahir.123
woynareg.kassa@uog.edu.et:Pa$$w0rd
souravthakur1992@gmail.com:Newpass1234
s1735291@online.houstonisd.org:10302006
3679452@vingroup.net:Yeucaudoilaimatkhau@2022
admin@landrykling.com:$Mauskar2018
452242902@cairo2.moe.edu.eg:Girgies1@#
narmin.mammadzada-2@bsu.edu.az:passw0rd
rjvangelderen:C0lafl3s
tp037748@mail.apu.edu.my:Md037748@
ygarcia@sam.eu:Yohan1997
20181316036@ogr.akdeniz.edu.tr:antalya0707A
407673644@giza3.moe.edu.eg:35571559
e136196302@taalim.ma:01020310aA
jgordypulliam@lafontaine.com:LFRYGFZS
sp.tatuape@lfg.com.br:Lfg1060604
455183261@benisuef1.moe.edu.eg:Std#060513
j.karol@sp184.elodz.edu.pl:Kodfelix123!
delseyt2@irhpl.in:Clava@IrhpL
thi0014:Canberra
136551150909@ncr2.deped.gov.ph:jeson12_
deyvison.gomes@tjrj.jus.br:Thegodfather+2
201511196@fbsu.edu.sa:2151598683
21161@365ink.site:A1b0c2d7!
derek.shaw@meduca.edu.pa:Kuroi1810
s3321@dpsraipur.in:Dha67454
260004480@acg.ac.nz:pcjkvxyz
aa32013100144@alexu.edu.eg:Aa@29809270200195
451938034@qena3.moe.edu.eg:Std#070725
viteker@ssot.cz:Masaryka1279
antoine.birling@edu-vd.ch:Ant01ne
mohadn@alfrdous-school.com:mm*ohad2
453779149@cairo5.moe.edu.eg:Admin2022#
59011128@kmitl.ac.th:TGBiowa1998
iraizrojas@nube.unadmexico.mx:CyU4BMRb*
eugenio.perezg@uanl.edu.mx:nhCxio9g
brains@inwind.it:81mso9x8zy0yp
opedraza@edemsa.cl:Ped#01Oma
kujatrance@hotmail.com:Esaminhavida1
rasa.maminskaite@softeq.net:Raskila789?
mthien@abaso.vn:@a01885579351
s5365863@rg.moe.gov.sa:63P@s62sW0r917
444889018@assiut1.moe.edu.eg:Std#040316
rwu5@student.umgc.edu:son025oak
p137278873@taalim.ma:ImR@n13101807
psvitacone5@outlook.com:Xbox1209
01023190039@student.uph.edu:UPH0417.
mj1700@users.hjedesign.com:qbtf6540
xavi@readyexpress.eu:Ready.4842
solafa_m_saleh0449@moe.bh:Xreh9845
116367@ids.rmutt.ac.th:Ids715138
assem.eltaweel@hassanallam.com:Ae@2020!
a131013367@taalim.ma:Rzzq4348
paolasuarez2020@outlook.com:Wad26566
74170@365ink.site:Aram19845
cnelson@calvertschoolmd.org:cnPassword209
18dh711664@st.huflit.edu.vn:Datnguyen120
ceci.loo@ftlagents.com:cL332211
jackerjigsaw@hotmail.com:JzjZjz1984
s20-jsmith@sharemat.co.uk:White242
eduardo.rodrigues@eneva.com.br:Eduplan2023
d.simon@secheron.cz:benqsenseye123
410933898@minia2.moe.edu.eg:Std#030705
extwelsekaily@sidf.gov.sa:ASd123ASD@$
psherza1:Najeem123$
4800479948@danang.itrithuc.vn:Khongbiet1974@
jcapuyan@cambridgebizserve.com:Kog11024
er344@pro365ms.site:stc7A7##
eariasl@itsa.edu.co:cristiano2005EAL
n11308_2019@lyceum.lk:lpr2@dpk2
crh4088@star.carrollk12.org:jpp3362
mauricio_ampuero@usmp.pe:tplimctow2020
r131586544@taalim.ma:Alaa1949
imrakhta@publicisgroupe.net:ImrAkh@pub2126
00341395@red.unid.mx:wagneger.5
kgilbert@claflin.edu:kg*91456
martin.gabriel@pedgym-kv.cz:Martinek18
jjpvilches@gmail.com:javier1981
e.bouhsen@gsabboud.com:Yahya123123
chaitanya1622@rs.rmhs.in:Rajesh@1234
451514838@sharkia1.moe.edu.eg:Std#051001
rex0003@heathmont.vic.edu.au:Password1
t_rana.saha@tata.com:RanaSaha
bagus_eka@webmail.umm.ac.id:BLitar28071997
metinkaynak@ogm.gov.tr:Mk6186..**
598@e3plan.onmicrosoft.com:Than@1414
mmella10@beco.bancoestado.cl:Banco.54321
john.wick.uk@gmail.com:soft2ev11112222
paulina.schade@teb.edu.pl:cyckiMartyny11
d.simpson@minster.notts.sch.uk:Minster10tw2
11011797@sfcollege.edu:Wowfriends91@
ap02437@siswa.ukm.edu.my:Animetion1
18b0140690@cobatab.edu.mx:19/09/19MR
zhathi2-c@my.cityu.edu.hk:jyotiwadanhathi666
davidsalas18@hotmail.com:Fresa1963
mauro.quisnia@educacion.gob.ec:MA2021qui*
74225828@continental.edu.pe:meriodetix100pre
frru1828@colindegdl.edu.mx:2911_Eyepet
creid1788@gmail.com:Spring13!
s7952313@asrg.moe.gov.sa:Aa1020304050
kwolff22@klschools.org:668365Sv'
x_in_da_facex:KissMyAss6
demonfall_altacc12:gerisop24
3552905@vingroup.net:Abc@6789
mo4596@office365user.info:Takashi3!
thomas@djb.no:Sam2014Tan!
amitabha123:Nilanjana1
s2690235@rg.moe.gov.sa:R257sm12
nuviachavez@conmed.com:familiaburron
uwhye890:0797226161
iamzanhub@gmail.com:Xuv49807
acordovac@osinergmin.gob.pe:Caraz2020$
s20090330@kaizen.edu.vn:Hanhan123
v.borta@proficlad.co.uk:Vicu1997
talan.rogers@studentssd.org:Zebra423
t404952@rb.moe.gov.sa:MnMn1038
190750@ntskolkata.org:Aa2010riv*
451293009@qaliobia3.moe.edu.eg:Std#050828
rh272@6ji2.a1p.me:#45F61fe30e
j131088738@taalim.ma:Mkhv6178
jrctuason@mymail.mapua.edu.ph:Jun2019133702
hani.iss@ifmi.com.sa:7ByYS!H"i%m43xA
pahernandez@distraves.com:Drey1024-
andy@fmgs.co.uk:Jun1nh0!0
xdelima@est.unibe.edu.do:rH0cNk8
kellyca@students.dsbn.org:Grass1212
admin@eastpowerkr.com:hong4986**
214335@sydneyrussellschool.com:hFTFoh10
1621954@mec.edu.py:123456789
20578@vip.of365.win:Telek0m06..
gleon@conservaslatorre.com.mx:Peron2019
9841023302@moej.edu.jo:Moe@22101984
elpidioauriemma:Bigsh@ft22101986
g139780786@taalim.ma:Yahyabourra.2003
reganong0411@gmail.com:9884356x
phuongnguyen@nguyensieu.edu.vn:Phuong01091986
muharada@outlook.com:9932650478mr
rsudhirbabu@torrentian.com:torrent06@
nguyen.phan@vieon.vn:Hhan@1804
202202017604@alunos.estacio.br:819074@Fe
ahmedfarouk@emaar.ae:Rem@321$
22280028@student.hcmus.edu.vn:Thaihoang200$
nghiep2504.2@gmail.com:P0395847309p
divyesh.patel-iotnm@bvp.edu.in:@Myonlinelecture
61143227@cmru.ac.th:12/03/43
0223490:Mf06555340
shishir.subedi@bizbazar.com:Welcome@03
rah661934@tatamotors.com:oct*oct20
microsoft116@my365.ink:arbolDEardilla5
p.somet@telecom.gouv.ci:Koussiele2969
matiasjesusroaroa@gmail.com:ArgentinaParaguay21
g132657149@taalim.ma:Xzxf2366
jardel.oliveira@nmcaixa.com.br:@Jso*157
maiconalexdesouza:anonymous2S
10180701@ess.ipp.pt:horse8Love
gus@c21nm.com:Tango1972$
raulalomar@campus.monlau.com:RaulAlonsoMartinez1_
droegeca@experitec.com:Welcome!
ggl.1430@lasa.com.br:ggl.1430@lasa.com.br
thejas.hs@iiht.com:$MC13is034
edson.poma92@hotmail.com:CAMU5upn
sn363096@kent.k12.wa.us:lilhomie03!!
artur.federowicz@gmail.com:Szyszuni@2007
446878439@cairo3.moe.edu.eg:Std#021111
ayatm:Ayatmm1990
n138222944@taalim.ma:Hdzk7176
manuel.molina18@itca.edu.sv:Noemi424#
s21510408eg@std.aou.edu.eg:Aa@21510408
admin:88888888
ishamu:ishanaka861985
vilius.radzevicius@tvdg.lt:*VilRad7c*
ddiazc1@est.ups.edu.ec:jadeADALINA92
e1316834819@dn.uleam.edu.ec:Ndsr1316834819.
httnhi.y13@ump.edu.vn:1234@abcd
karinastasiunaite@gmail.com:Mawa1753
jakub.kaszny@o365.us.edu.pl:Bubawiki2001
rjy2dzqi-@t.odmail.cn:Adriano009209
329257@stu.wvusd.org:Chaparral23
s20227580@sistc.nsw.edu.au:Thatswhatshesaid@
riri@polibatam.ac.id:Rizel301189
201903315913@alunos.estacio.br:Innervision5%
1276294@senati.pe:Virtual21
info@kandyancostomcars.com:Dog65803
apo.igreja017@adventistas.org:Ucb@2021#
damian.neij@elodigitaal.nl:Damian12345
yeider.guerra@unisimon.edu.co:Yeguera1997
daniabez@campus.technion.ac.il:753159Marina
30202010146@alexu.edu.eg:Std#031025
gilang.topani@bssn.go.id:Xav18645
202204079771@alunos.estacio.br:Kadu@52198
1530993@tongji.edu.cn:15200934894Yan
acervante0212@mymail.lausd.net:cervantes18
congnvph28878@fpt.edu.vn:Hadew14072008
i202016161@cibertec.edu.pe:Cibertec2021
ahmed.325069@t2.moe.edu.eg:ahmedalhdad101@951951
gmmerani123@onedrive5tb.com:Hackme12@
sejoeres31@hotmail.com:21sE0478
spvaly@aseegypt.aero:HBESpv@234TaM$!#
fairinco@outlook.up.edu.ph:ganunparin@1
zakovicova@go4insight.com:Alenk@1994
admin@traffix.co.at:DcC6KHunlDQt
n00069176@upn.pe:Curitaonezamora7233
sofi.ag.96@hotmail.com:Lamejor96.
vs87458937@edu.mon.bg:Mirka123
rohit.11801301@lpu.in:J@ychand1
454917861@behera2.moe.edu.eg:Std#051030
bunny@levcoservices.com:lydia214*
ismair@goldphoenix.com.br:Gpe@231223
jose.luis.briones@pemex.com:Rs0697932023/
1473824@senati.pe:jhordanchalan24
tunhc.pathway@vief.edu.vn:Caj25208
452484388@matrouh1.moe.edu.eg:Std#060101
657845@universidad-une.com:Andrik2004
18nixont@thomas-hardye.net:Tank2005
tramostx@alum.berkeley.edu:Bear1984@
namdp@vnpt-technology.vn:namdp@124
chirag1801:iitkgp@18
476270800@benisuef2.moe.edu.eg:Std#110709
chrystianhp@algartech.com:Hesoyam12
202254319@stu.unizulu.ac.za:banelekhanyo
6717798@hcps.net:08/26/2009
486096@cognizant.com:RahulMajumdar@20
455805278@cairo3.moe.edu.eg:Std#030505
b.panjateharam@geolog.com:Ganesh21.
berbererayen@nabeul.r-iset.tn:rayene123456.0
1431407@sga.pucminas.br:#Brisingr3r4g0n
mmilik@office.sp45.edu.pl:Dupa1zbita
atesoto@dt-cloud.net:Hdates2016
c.y.c@hotmail.es:Cristian6-
jesse.padilla@zenlayer.com:whiplash.12
20184839@alexu.edu.eg:Aa@30102210201736
m22925@365mevip.com:javier$021
al_18227@aegp.edu.pt:Kikimiguel2
alimitch2002@gmail.com:#Sunsh1ne
vvasconez7382@uta.edu.ec:Victor1996*
a.zineddine@amadetergent.com:Today/01
batoolaljaaferah@hotmail.com:3afwakyarB
m.kegel@lzn.pl:Maksiu05
t.danesse@stjude.fr:Fyfa4448
alex@jovanlock.com:11275alx
habukaboos@nesr.com:Hus565888646
darnelln@brint.com.au:BRpass2022$
th.guraidhoohc@health.gov.mv:THAH@2021
hamid.bashir@ecrestex.pk:Crestex01
nnguye24@lfay.com.vn:dn-16032004
abdelilah.soualhi@ofppt.ma:abdoW202209
adolfkumordzi2@gmail.com:75MD321u
22cs080@kcgcollege.com:Nigel@2004
ahmedroptoderozx:Ahmedjr2345678
ahha123:minhquang2k9
pchambers@drury.edu:Hfc8jDDj!
202212429@std-zuj.edu.jo:ranamansi3219087321rs
admin@cdainf.onmicrosoft.com:Mym071714_
20bme027@mcet.in:Babu@99655
455547858@cairo3.moe.edu.eg:Std#060323
s94890189@asrg.moe.gov.sa:Ladon2016
ahmed.amatoch@taalim.ma:ahmama2018@
pallabi97:Pallabi@1997
sabrina.valladares@unah.hn:Mamali5695.
omar2017170258@cis.asu.edu.eg:Feshoo1998
yahmed1092@iscrak.sabis.net:Fousseygo10819
mtbthe42@gmail.com:Cindysin69$
luis_arias@my.unitec.edu.mx:AICL8107123TA
yann.gordon.2023@wolmers.org:deeznuts123
mahmoud.230328@t2.moe.edu.eg:0244684475@mb
k.moukmir@upm.ac.ma:Lob46036
458966621@qena3.moe.edu.eg:Std#070701
jennifer@080vh.onmicrosoft.com:L01817859594@lalto
lrodriguezc@minedu.gob.pe:Lu01345136+
sergiom.nascimento@atvos.com:Lucia_1929
nihal.eng_3145@eng.kfs.edu.eg:P@$$w0rd
abdelali.midar@ofppt.ma:AyaSaad20001995@&
javier.diazc.ext-adm@gfi.world:28280101A.
atemp@renewsleep.com:Admin123
jonathan.dyer@mdlz.com:Passwd73
innova12582@innovaccion.mx:Lgl80d373
d.plotka@osw2wejherowo.pl:Tal30125
588043.tcs@csn.edu.pk:Minimum67
seno.nugroho@bptikpjateng.org:Arsenic79
alexander.laanemagi@tptlive.ee:AlluAreNm1
safa13@sghll.nl:Agenda92
ryidios@utb.edu.co:Utb#140404
n.haider@htlstp.at:#h11tl@*!
hj5m71@tr.pte.hu:Mary1993&
i.perez04@ufromail.cl:Copi1424
nikehuzo@email.essex.edu:Maria@216
nlw0453@k12.smcps.org:leafs!goat7
410516965@qena1.moe.edu.eg:Std#020101
r133429169@taalim.ma:BCE54@2x
njgflores@mymail.mapua.edu.ph:#mapua2019
manuel.garciaro@issste.gob.mx:Megr100821
20212289@itla.edu.do:2289#Itla
1432376@senati.pe:PCX0909pcx04
sc@advanceddxlab.com:Beau!123
11292@dwhs.co.uk:Dormers123
6262322@formacao.iefp.pt:iEFP06021994
136144@ioffice.site:C9f4dd9509
z196600573@taalim.ma:Yxbh1479
445150651@benisuef2.moe.edu.eg:Std#040513
huydg2160107@student.hiu.vn:###HiU60107
che20rjones@chepstow.school:Welcome1
victorpaiz838@hotmail.com:1610@Vpaiz_2812Gaitan
t0073666@cardinalnewman.ac.uk:Chiltern13012004
dan.benner@daugherty.com:1THI$MFMOTlotr
saguaranda:SA0925233421
stu8561@dpsmisdoha.com:Ayaan2017
federicomuni148@gmail.com:)HV2Hc9s%u@Qmj<
56294890:KayKeuth1978
simon.yami@hotmail.com:Multi12832182755
d130019214@taalim.ma:Rngtglton123
b031810218@student.utem.edu.my:kakashi98
20152@sman1bpp.sch.id:Untungbotak123
siso.caujaral@mashouse.com.co:Pau987alz1
erick.tejadap@ug.edu.ec:Ishoycosho21
lz34932848@edu.mon.bg:Df998322
1821004141@sv.ufm.edu.vn:Thienthanmymy79
aassaf@alajou.com:asa_2008
michingv@poligran.edu.co:Edwin*enero1
vascoferreira37@gmail.com:3MILIONARIOS
squishpet@est.ups.edu.ec:Teclado1993
451098027@cairo5.moe.edu.eg:Std#051001
agustin.valerio2003@gmail.com:Alas1443
darla.wolf@catolicasc.edu.br:Effting18@
cz.spisak@sp5.bialystok.pl:Kasips77
yotams@appleseeds.org.il:Puna#2323
sheapelc@mcmaster.ca:Coolbluepelt50!
daniel.arevalo1@colegioceu.es:Daniel2020
s5673748@rb.moe.gov.sa:Ahmed12345
db93586569@edu.mon.bg:Burzak12
othman.zaher@taalim.ma:bano10@1236
elisiraux@arbinche.be:Doq74370
jessyca.ussa@uniminuto.edu.co:Canada-Argentina2701
josiah_rand1@my.vcccd.edu:Negedstrefa483
jvalencia8817@uta.edu.ec:@josevalencia@18
kavindaj@masholdings.com:Sap@1234
mof50010571@nrc.ac.uk:WoodBury123
uaesaif5@hotmail.com:Ab21inahh!!
mariaa.castaneda@usa.edu.co:Macc30.95
u902315@cat-technologies.com:cat*12345
cciprari@tsdweb.com:Rocky@c1
edward.baltan@christus.co:F4r4ll0n32**
erick_jatzu@unitec.edu:Culturapro2
chatpd@fecon.com.vn:CHuat@2018
472549098@suez1.moe.edu.eg:Std#050621
rmartinez@chuckecheese.hn:DjBass#2020
vthawng@novaautomation.net:Talung23
jasimina.machonska@gmail.com:Myszki95
1036569@zaam.nl:Eren2003
459863798@gharbeia3.moe.edu.eg:Std#070929
10177reyes@unitesba.edu.mx:Reyesjuan2019
452405622@alex2.moe.edu.eg:JoeAuf2003
adam.bradshaw@maxwell.co.nz:Frostbite1
greeomar73@pvnccdsb.on.ca:basketballnumber1
cesarletu@unisabana.edu.co:10012003Dl@
tre0123@bssc.edu.au:eddy*size4
102010742@student.swin.edu.au:Bhanu13005$
halamus_filip@zsrecz.pl:Magdalena1987
edu_xtso_9765@sulid.hu:ChelseaFC1905
maoa.carcangiu@mail-sjib.be:Kiyo2007
waha1704@hotmail.com:p00m00a00P00M00A
a11465@aeovarsul.net:pernika160@
thenicmob.1230@gmail.com:Gangster1355.
01454149@wf.uct.ac.za:1994091119711304
jamie.hesford@hapaitia.nz:jamie.hesford@hapaitia.nz
m.mana@smartstore.pf:ch0cOl@1993
silvial.moran@educacion.gob.ec:Ammy5808
prabeshwagle123@outlook.com:Cimalkarki12
usts004017@ugb.edu.sv:Luis98pipo
s3657438@mkhb.moe.gov.sa:Aboode33
lhricspa1943225@pgc.edu.pk:ammP1943225
hainm@sig.id:haitac35
domasbrazys@pociuneliupm.lt:Xug68549
dmartinez15@sdsu.edu:Roque1999.
ahmadiothman.2022@outlook.fr:Manoumonamour1964
58820@siswa.unimas.my:zabidi123
prof.jhanpcs0086@pgc.edu.pk:RANAurdu340
mshvildadze.n@itstep.ge:Step2021
2018997016@stu.yu.edu.jo:altshift1982
fpatel@ibts.org:J@yhind32
sberry4949@student.egcc.edu:Ramessis12?
kayden.m420@slcstudents.org:huskey420
vkk520893@tatamotors.com:Tml@apr2021
fabio@agromond.com:Eltinho15!
josue.guerrero@adventistas.org:marijos3
rajneshkumarbharti:4563217834
randol.gurmendi@upsjb.edu.pe:LIMaro123
audit@acropolismall.in:Merlin_123*
nikkiekharenacc@stulive.com:54841143Ignicris
eperezp@tvcanaria.tv:trapisondA75
u21207623@utp.edu.pe:Coquismorita2
faiq@finte00.onmicrosoft.com:UNITED55*
m139399920@taalim.ma:Oyua9878
15241a1233@griet.ac.in:Shruthi@98
cobfd192f-002@student.nibm.lk:Charu1997
elmahdiprof@gmail.com:Hafida2009?
mitorresp@estudiantesunap.cl:salomon21952288-6
kumukahoiwai@mms.k12.hi.us:Kumi_2008
00261538@red.unid.mx:elanibb13
jmateo@maviju.com:Yum55932
201703437683@alunos.estacio.br:almeidabarroso
28672965876:Secret@12
fabio.albornoz@scj.gov.co:-Xp14Uzt
l17370732@apizaco.tecnm.mx:jr.m4c14s
221765346@tut4life.ac.za:@Lehlogonolo01
matheo.drian.20@neoma-bs.com:Geronimo31
v9264@365office.press:simmi3651$
f132097365@taalim.ma:Efhc8397
aryaman.ray.2019@sse.ac.in:Aryamicro1234
thanh160802374@st.utc.edu.vn:0203864332
1480814@senati.pe:1480814@senati.pe
442967869@cairo5.moe.edu.eg:Std#030720
beheerder@hughrotterdam.nl:Ronald1952
id17084@dasc.edu.mx:Italikavx250
20712@redeemer.com.au:DavyDoDo10
10846815@cc.peralta.edu:Afgus3ey
21240395@leon.tecnm.mx:Regina1605
tc317088@bdpuser.com:pocketpC1+
447578744@alex2.moe.edu.eg:Std#050612
1150509@student.edu.az:Ibrahim2008
ismaeilj@q-pros.net:Changeme@123
smurilloce@uanl.edu.mx:SashaLumnuz09
office@cajai.eu:B@ndit01
100516202@unimail.derby.ac.uk:Cruelcruelm00n
azgestion@orange.fr:Montreuil93100
pankaj.rohit@bennett.edu.in:Kunchimunchi@007
juan.martin@vb42.com:Miriam1904
brisivera619@gmail.com:Familia619$
as875494@schools.mk:AnChO009
sherif.943160@t1.moe.edu.eg:egyptM@e943160
test.intelux@industowers.com:welcome@123
ebautista746@puce.edu.ec:83878583
kmartinezs008@alumno.uaemex.mx:Hesoyam120
filzub.918@edu.erzeszow.pl:Szkolna17d!
nevertouch918@gmail.com:Discordiscool11
marcia.farias@h9j.com.br:julia16!
f138338983@taalim.ma:Youssefait@123?!
12s161758@stu.hct.edu.om:12826237
mtzab2120@qroo.conalep.edu.mx:conalep2020
miqmal715@gmail.com:kartiwi20
1353476@senati.pe:Quw08831
gtcpev:Lumiere81
73794@siswa.unimas.my:S3mbil@n5.
tahrusestudio@outlook.com:Tahrus0087.Desing56$
office@dax.energy:25mtna19.87
angel@pri-fl.com:01Mongos
moussoni.anderson@icloud.com:Anderson0510@
17740.gaurav@auto.apv.ac.in:Security
jonkok@ms365c.com:Jk0k010705
5925007221@student.myscps.us:MyD0gH3rsh3y
vojta.hronek@gmail.com:20040415Dub
il950158@wipro.com:ra@WL36085
buse.zabun@student.rrma.org.uk:IAW58ivs
486625292@cairo1.moe.edu.eg:Std#050625
0775630776:suresh@987
1809888@eng.asu.edu.eg:0102660707Hhh
biglex.rv@outlook.com:Informatica77
ka20048420@wipro.com:nopets@llowed7
angela.navarro@inxaitcorp.com:Inxait2020
z-ponzi@hvcc.edu:gtaOp5yksd14
ozgur@genom.digital:Ok34ist34
445646028@minia3.moe.edu.eg:Std#040107
h138188361@taalim.ma:Amin1234
n131260871@taalim.ma:salma@11@10
1507455:kevinquispe_17
helmi@pomi.co.id:Jambesari9
abdo.1016482@t3.moe.edu.eg:egyptM@e1016482
shikhar.jana@mitid.edu.in:madarMIT.420
m.sayah.2@st.ul.edu.lb:Ms@18136
rgorman1@gulls.salisbury.edu:Rchristopher1999$
uberlandia@osbrasil.org.br:osu@1501
manuel.richner@swisseducate.ch:madrid_1897
annaji.abdelhakim@taalim.ma:Naji@314731
ahmad.awan@techaccesspak.com:Khola@786
wcshawn@timbercreek.com:Cutecoyote42
denise@glgins.com:insPro6332
lbtiwari@pidilite.com:Lalti@2376
foviedop@correo.uss.cl:Oldirt2003
rolando.castillo@outlook.com:Tropico1
shalaa@hak2wels.at:alban98
baohanhdienmay:Hd26092887
369214@students.lrsd.org:20070428I
tiago.rocha@unicesumar.edu.br:Vivo@1010
eolopez:W1ck3d9245
thuwaiy6@teachersucenter.com:thuwaiyan23
20171193@unapec.edu.do:Mango101@
idiall200@caledonian.ac.uk:Mamadou@2012
ene.luis@liceultelecom.ro:ene@1Eparo
sohaib.akhtar@pgc.edu.pk:Cuf52755
dhirendra.palla@hexagon.com:DhiruSuyansh@27
19100084@vnu.edu.vn:ntt_07092001
trerob271@hampton2.k12.sc.us:8262006
a.hol@affco-flowcontrol.com:Axelsbusa-2001
hicham.lemhaider@jesagroup.com:3jtyhRG2
salman.razzaq@khaadi.com:salmanR3553
noreply@live.no:F1shsticks
210531596@csusaflstudent.org:ph03172007!
yhj051124:DBSgkwns05
18p6337@eng.asu.edu.eg:Likeunow321
gyrueda@poligran.edu.co:Ares2022*
u22207342@utp.edu.pe:Pelotita123
nvtinh@thcsbaoquang.edu.vn:Myuyen@123
smp297808@tal.co.in:dec123456DEC
nirshad@qau.edu.pk:Q@U00670
danieldundarov09@104ou.org:Bah12690
saberloveu@gmail.com:17216476
m.ali@pakreading.org:Pak123pak
davearmstrongdadybals:Adomas01
ahmadsayrafi25@outlook.sa:sayrafi2002
2011120700668@alunocarioca.rio:rio10/04/2008
maroatn1@gsb.or.th:Mar@332531
vicente.monarte.turra@imlp.cl:DINOnataniel2014
1101228@estudante.uab.pt:LYWBYXGA
tic-270010@utnay.edu.mx:UTNayarit21.
jdupuis4638@conestogac.on.ca:Sonic22!
dg47227862@edu.mon.bg:D0897567490d
s22000003034@leggott.ac.uk:31-10-2004
csh005@aou.edu.lb:Charbelx12
alexandre.assis@ewave.com.br:Workout@2307
976762400:jose0152
ruiruiclips@usenode.net:948794rui
louis.delombaerde@saoo.be:Djoelie4381st!
godbless0623@stulive.art:unisoft123
lojain.e_mil@gemselearning.com:thanks33
reda.2653264@t22.moe.edu.eg:egyptM@e2653264
omr.amar@commerce.au.edu.eg:tiger201071515
u20100021@utp.edu.pe:61342282
gt95750024@edu.mon.bg:Gti24689
1559504:cpebo74p
s304083001166@moe.edu.kw:66550166
tesl_xa91@student.itstep.org:fcY2J887
p135128204@taalim.ma:Faji.Faji
chokchaim62@nu.ac.th:nung0987519282
djvava@homerom.onmicrosoft.com:IubitulTau1234
mmotyka@spi11debica.com:Mikolaj2009
s6455111@mkhb.moe.gov.sa:bod@bod71
v.juracka@zak.1zsfm.cz:Vojta1812
it@mercancloud.onmicrosoft.com:Mercan@2803
nolbon@xkx.me:0593016281ALI@
42557319@istsanpablo.edu.pe:Kow63781
johnluis.pepito@cit.edu:119882090321Luis
gurcanlokman@marun.edu.tr:Glokman.4342
afigueroaq@unal.edu.co:Felipef14012004i2021%
gal_p05_2242@online.leeds.lk:Lasith@2020
m.hussein@mgc-tech.com:Sob11300
harishg9384:G-Harish9384
20170305@esac.pt:Xac31907
773999342:Shaheer1289
naruporn.bura@kmutt.ac.th:Ja-jah3009
falecomodaniel@hotmail.com:753159As*
ivan.valdez@csa.edu.mx:Colegiocsa9951
bruno.grassi@fatec.sp.gov.br:51968815813
goderking2:1234$%boben
admtaquaraldegoias@outlook.com:Mpie1324
henry.rodriguez@promujer.org:Mensaje34
e147111114@taalim.ma:Wfegf8053
stum2013080346@ese.gov.ae:P#8s5Rajk8vE
std116587@ac.eap.gr:73474073Esc
s4558522@mb.moe.gov.sa:Aa0508619580
v.dirosa@liceofermisalo.edu.it:Admdl2609
mharis@wwcny.com:Welcome@0719
s59001@calvertnet.k12.md.us:Iam12yearsold13
rafaelnunes@unitoledo.br:St4rw4rs
angelique.romo@uac.edu.co:Angieromo1
abdella-maftouh@hotmail.com:Kanzoddine123456789
elianeb.lima@santacasa.org.br:Kaua#18
118703@deped.gov.ph:ieliver12345!
5454708126@phuyen.itrithuc.vn:Tayhoa@123
ramyasree:Vz4R!f4t9s7fJN2
hasan-ms1@ulster.ac.uk:786rony786
s2513454@mkhb.moe.gov.sa:Wa25802580
sp17-bba-113@cuilahore.edu.pk:asd@05587
s3189377@bg.moe.gov.sa:Rahaf123
9761040645@moej.edu.jo:Moe@97010
73170212@jghuanta.edu.pe:CIelo2021
fan.duan@udla.edu.ec:1314521D771881il
300311@student.bedford.ac.uk:harry123
454165194@assiut3.moe.edu.eg:Std#060712
it21813320@my.sliit.lk:993101834V
design@arkbrasil.com.br:Senha@001
li-0141@camhigh.vic.edu.au:Kongbarca10
kim_aoon@cmu.ac.th:Kim641810020!
453790752:Ah#2211496
wasimkhan@parco.com.pk:August_2021
23-wolfecon@soudertonsd.org:Corvette707!777
4a790082@office.stust.edu.tw:+asd9768974
duberney.soscue@udea.edu.co:joginu17
thomas.hendrix@alliander.com:Spartaan071.
ismyhur@intellias.com:149211_ism
thethtetnyein4@mtu.edu.mm:Byunkwon569&
support.mn@gmeremit.com:Mongol@135
a110163072@my.uvm.edu.mx:merida343
marciliosantos@sescmg.com.br:Manuzinha123
gambole@the-entertainment.net:Om0kay@de
kevin@krwindturbine.com:$Kevee6569
strycharskipatryk@spbalin.pl:Annamaria12
md@we-brilliant.com:MagicMoment2017
barsoc.739@edu.erzeszow.pl:Bartek123*
sergio_casiano@grupojulio.mx:Grup0Jul1o
aaarabi@editinfo.ma:1812@1966Aa
pcardosofan@uniminuto.edu.co:Paca4637
smassadi@tjsp.jus.br:apollo2020
jan.waatze.broersma@ced.group:Mazda123!
darkbuster:darkmega
sport.admin@pays.gov.kw:pas2016
r142044267@taalim.ma:7000Lynk
01284467989:1020304050
dassamyajit96@gmail.com:Bigboss96*
adam.rizki@thermaxglobal.com:Dedisuwardi27
admin@sw2xh4xw.onmicrosoft.com:htD3f85k
istrin00@fesb.hr:Kraljina1
bensaaditidel@isggb.u-gabes.tn:Lina98830930
andres_kieraeditha@bci.edu.ph:KLemos@1!
sm451946@gmail.com:Std#050111
diego.coles@espoch.edu.ec:Diego0991336828
admin@mlhv.onmicrosoft.com:Mlhv84600!
josef.vican@mzskamenacky.cz:PepaJeNejj2
214210@sayrevillek12.net:Haas1203
kninech.hanae@ofppt-edu.ma:0636809556Yy
bijulal@acsllc.ae:pass@1234
rocampuzanoco@uide.edu.ec:Ckz5uhp9
alloucha.reda@ofppt-edu.ma:gjw9gjw9@2005
barntayl422@granderie.ca:Game2020
paiman@thieneseng.com:@Pai%321
nc00791653@techmahindra.com:CHAN1234567TP
doanthanhnien@htt.edu.vn:DoanTN001
pjceledonv@eafit.edu.co:1kB66T2&
20450@ucfb.ac.uk:Manchester2021
dalyluke494@gotvdsb.ca:Teagan123
mvjcs120@mvjce.edu.in:debjit2002.
naefyva@divtec.ch:3e4e5efriponS
457245253@qaliobia2.moe.edu.eg:Std#070909
ramanih@uwindsor.ca:Canada@2020
202302407625@alunos.estacio.br:705884@An
20y07073@sashhb.jpi.edu.bn:Onepunch2156.
nirwan@cetc.qa:nirwan@1234
sv75431884@idat.edu.pe:Nat2nati
krojas@corpmontana.com:M0ntana2022
sasha.marchant@condorcet.be:Thma5971if2771tm
u20206996@utp.edu.pe:74174432
200580nguyen.hoan@isneu.org:Isme200580
921670220@shebron.edu.ps:Moe@92167
d137526612@taalim.ma:Qzst9520
andre.silva195@fatec.sp.gov.br:L@g9095424250
principal.attock@pgc.edu.pk:Sulmen@#0
202002148977@alunos.estacio.br:@Tigre1998
6557@keysexpress.net:Yahia2017
472307188@aswan1.moe.edu.eg:Std#070507
bruno.sousa1@ipcbcampus.pt:Sebastiao2000
paulaandrea.acero@cemex.com:junio2019
dasnic70@gmail.com:Tweety26
issam@box1box2.onmicrosoft.com:Alpha30013001
lopes:davi123456789
s7702267@mb.moe.gov.sa:Ganakaki99
mahmoud.basha2017@azhar.edu.eg:Mpkfa2006@@##
sbooshi@taylorengineering.com:!@#$%^&123456JHGFD
454106081@monofeya2.moe.edu.eg:Std#051025
2017249306@ogr.cu.edu.tr:Jeolojikahmad98.1
afzdau20@tda.education:qwaszx12
david.fredrich@ds-shanghai.de:Schlawumpsel04
dhrthi.n@ascension-dev.org:Iamhappy@123
400809150185@ncr2.deped.gov.ph:Student02$
dat10t3:0387299484sS
dfs@pssit.com.pe:Master$123
yousef5hatem@gmail.com:Yousef484644
482864315@qena1.moe.edu.eg:bjnltisu
erica.barrado@microcamp.com.br:Eab0188@
raul.mere@opilane.ramkool.ee:Ram7R9sK
998345@senati.pe:Virtual21
maria.simkova1@zsmsdn.sk:Skola123456
mars77ya@gmail.com:!an802177
naiara.peguim@aluno.unip.br:Naiara@1
kdemonchy@coyote-group.com:Charo78711
bora_sahin@ide.k12.tr:AAbb**01
pietro.bagnoli@p4ed.com:Dm2yentzad
wkhirzallah18@eng.just.edu.jo:2322000wW
jrcqtjb@solarunited.net:9HUG33Ngd.E4JZ4
fernando.macoto@unah.hn:Fer19603$
mario.cuvic@educacion.gob.ec:MA2020cu
kp211096@kpasu.mrsm.edu.my:mrsmkp2021@
ratthapumy63@nu.ac.th:Ratt0808521700
457723835@aswan1.moe.edu.eg:Std#061026
cblopezr@correo.url.edu.gt:cash123)
fidelizacionidat2@idat.edu.pe:@dmin2021@
mbocanegradelacruz@gmail.com:18212777
sawashita@baiko.ac.jp:Sawa4711
hakersid@outlook.in:Sidharth@123
mcummuta@dminc.com:Iamawesom3#
gric_kez0@student.itstep.org:PLatongric1234
kuba.gasinski@uczensp5.edu.pl:Pysiek12
fjimeneze1400@alumno.ipn.mx:draiger159
erick.santiago@casapio.com:Acesso@1953
mostafa@mlslearn.com:Mokka@10102020
bsnino@ucundinamarca.edu.co:Mierda545
gargi.kulkarni@mitid.edu.in:Charliedontsurf123
studio@in2beats.com:5601staeb2nI
fferrat@unid.mx:TY666q61
a36920:a912010351A
dt89167804@edu.mon.bg:101215681Dani
nespinozab1@correo.uss.cl:Benja220501
belal_1998_sh@hotmail.com:2360312Bel198
f26294@y365.me:AAaa)(*&^%$#@!
mohamed.belkouchia@taalim.ma:BeLi10081975
anurag.sharma@celebaltech.com:gillu@123
yshen65@alumni.jh.edu:980426Syc.
2011085@bit-bangalore.edu.in:Akshayg147
aroshakk:Arosha1/
amal.a_mhs@gemselearning.com:amalayat123
fatima_pt@hotmail.com:canada12
s2238130@estg.moe.gov.sa:Basbosa7school
p.marozzi@technemetrologia.it:Techne!e21061971
s5578021@mkhb.moe.gov.sa:11P@s30sW0r5149
u20304378@utp.edu.pe:Flores1998
hs.n39sc3a5.17@vcmi.edu.vn:Hot07555
bilal.hassan@knobin.com:Graphicsdesigner1.
cjoseph2@eduhdf.fr:Cr1f138cc
dana.castano@upb.edu.co:1234Dinosaurio
bilal190957@fnur.bu.edu.eg:30012161601252
t.boem@stud.iuav.it:PZJ+QY4H
stefanie.fraga@p4ed.com:Pt37Kbk9A6
cesaralvarezserrano@gmail.com:torrelavega
202106005358@alunos.estacio.br:Senharg0408@
admin@everexpress.com.br:43r0moc@
e139124721@taalim.ma:Glgb7584
gabrielab@algartelecom.com.br:Algar*2017
storemanager@skins.co.za:Yob58043
marcelo.scarpel@nepos.com.br:FelipE18
225714023130223:225714023130223
bm742321@schools.mk:BlMet08.
marcel.glomb@splisiecwielki.pl:Netflix2021
general:Brayan#2607
tgo3130@my.holmes.edu.au:26/01/1991
jntua19148@apsche-edu.org:raghava123H@
lejnieks.karlis@jak.lv:B37meita
n00184166:tequieroJESUS19
jakub.stibal@student.sssmep.cz:Jarajekokot2020
davidfahrner@t.primeschool.pt:arroz_C0M_polvo
rubina.naz@ucp.edu.pk:Feelmeok1234@
juan_romano93@hotmail.com:ILoveApple93
botta633@aucegypt.edu:fuckshit12A@
suraj.jaiswal@polestarllp.com:Anaplan@123
sudath.mudalige@wartsila.com:#200011Dilmay
suedasisman@ogr365.iyte.edu.tr:Suedastdiytecat!29
vanshika11129@hrc.edu.du.ac.in:k@t@r!@vk123
ra00085187@pucsp.edu.br:arthur&96
k_ibrahim@metragroup.com:Kh_1702019800
arnold.dobber@persgroep.net:Media2020
kumardeepu@gmail.com:Potato@Germany
marca:Lima2022@
jane@openserve.co.za:Telkom148
erica@themonogramline.com:QXUbru55rS5KZRi
carolinaog1@blanquerna.url.edu:Lalala14
astoumbos@my.gcu.edu:Coop0614
benzouhir@hotmail.com:Zouhir991941
abhishek.sinha@ethan.com.au:Love#2407inan
ecastillo5@luc.edu:Jiminiepabo101
dusan.ciric@mesbor.edu.rs:Intheair23!
drd0232@dlsud.edu.ph:Reish171991
maria.castillo@trico-group.com:2168Capibara
chmoratinos@etisa.com:Woho45411
em4379@stu.armstrong.edu:candace445
igor.tarasiuk@edu.rmcs.pl:43G3m6su
totpatrik59@gmail.com:P4tr1k555
meriem.essakhi@taalim.ma:2019@pass
abderrahim.larhlimi@taalim.ma:Doctorat2020*.+
m1393332@ca.mg.gov.br:Sejusp1234
alamine.benichou@taalim.ma:Am010101@@
iurrutia@otxarkoaga.org:Ibou2019*
szykure63@edu.lublin.eu:Kowalscy11
lhrfscem2108278@pgc.edu.pk:P2108278XTcs
csimari@uade.edu.ar:Mariana-27
gert28@wp.pl:KishanMister1
d20bae11033@cuchd.in:avenger@777
tanveer.ahmed@nishatmall.com:T@nv@@r123
anna.boueid@hotmail.com:Rironouna1
dollm8766@wrdsb.ca:Password2020
xpc1997ff:Ls13716865673@@
bhavit.dave@flairstech.com:XN66v)gA
7416009177:Dag45050
stum2013050125@privatemoe.ae:PWlzn29%
uguronganlar@outlook.com:tokur8530752.
2167492@minia1.moe.edu.eg:Emp#841204
ahmed.elmolla@student.aast.edu:Ahmedelmolla99@
jessasewdihal1981@hotmail.com:jessasewdihal1S
ahmed.samy@sofinter.it:ACBacb@!1221
s316111201148@moe.edu.kw:rabyesaad
pierceivan_shapit@uv.edu.ph:Nano030102$
180040112@kluniversity.in:Krishnareddy@1234
darip@opilane.peetri.edu.ee:Viineripirukas15
420699449@nhebron.edu.ps:Moe@42069
14526@of365.store:Yjd071108
tnnamdi@usiu.ac.ke:2011402400.ab
l.delgado@doctor-obregon.com:Laboratorio13
1458891@senati.pe:@@APB210244@@
208157@students.upm.edu.my:Khairul221
10210338@ess.ipp.pt:Alhandr@09
295939@vbstudents.com:Fallout4
wl133@phao17.onmicrosoft.com:At20bi95
mina.403321324@s6m.moe.edu.eg:Omelnour462000
cuccntt@ehealth.gov.vn:admin@2018#
t660757@nthg.moe.gov.sa:MAha6666ma
2535909@sohag3.moe.edu.eg:Std#120301
psy17d109@otu.edu.mn:Ne95687129
42474@365info.site:Hateem1418
flavius.toma@tms-ro.com:Mecatronica06.
jak.kranc@spmd.edu.pl:TUF39gk#
u22241197@utp.edu.pe:75737743Salvador
romantic0510@o365.ice.go.kr:2_dlrkxdl2O
kristo.saragih@ptcs.co.id:Ksr418r4!
219490236@mycput.ac.za:Bern@2019
202003043338@alunos.estacio.br:Micro123.
ng475910@ohio.edu:Ohioku121804
sg4815@365sg.xyz:Ryhn2897
16658@hcckalutara.org:Welcome#12345
faizahmedc45:BY1830841LAIMR
milica.stojovic@emotion.rs:Misastrale1
2180913@cognizant.com:Pvn@2000
fcordero11@alumnos.utalca.cl:Gaspar178199161
fajer.alahmad@cba.ku.edu.kw:Ffa123cba
re151000@students.euc.ac.cy:Rn3201370185
ksgorospe@mcm.edu.ph:beljot_14
s5219540@mkhb.moe.gov.sa:Oncordahamid1
pedro.esquivel@infocdmx.org.mx:Wolverine77
t928963@mkhb.moe.gov.sa:S@L1101988
06974@to.msoffice.pw:NRsobuz817
jrmercado10@gmail.com:Tomix@0071
ghulamhu@student.gpc.edu:Activate12
444339683@ismailia1.moe.edu.eg:Std#030510
phcsilva@sp.gov.br:Vilma013
iwos@brainshop.onmicrosoft.com:Cuw47071
irfan.abbas@spu.ikm.edu.my:Irfan@110303
njb101@uakron.edu:bartel100
477869467@cairo7.moe.edu.eg:Stu#050926
s.bhavana.725@tswreis.in:rebal9948427513
sjjsjsjjsjjsjsjsnnss:097556hvyvc
g20053@astra.xlri.ac.in:Mba@xl2021
zss33@drexel.edu:RingoGeorge16
hugo.cmartin@rozas1.es:Jaf85922
tobyelliott21@gputc.com:Yazwatson7303
murat.bilgin@bahcesehir.k12.tr:Mm9243133
457548624@qaliobia1.moe.edu.eg:Std#070201
crystal.russel@ab.gov.ag:Twilight24
id10403@stu.aisegypt.com:10403stu@
13170488@itculiacan.edu.mx:PuroTecnologico1
445513039@sharkia1.moe.edu.eg:Std#040111
cesar.silva190@etec.sp.gov.br:Isabel/1976
s3343031@mkhg.moe.gov.sa:4P@s63sW0r4583
ante5nza3:Andrey0912+
sangyanix39@thepillars.live:Sang@1234
diego.alvarez@ica.gov.co:Ica.1006.10
per.acosta@duocuc.cl:A20916495-7
16mccars@porthcawlschool.co.uk:Mollythedog7
sameer@mymrplace.com:pjI@02pxRwMWDEQ
anshad.ellias@almatar.com:password
aneesh@gmevents.ae:@GM9988@
khinthidaaung@cp.com.mm:Office123@365
andrii.pavlenko@kname.edu.ua:N7jp0HqM8y
fnorleans@aims.edu.ph:FritzHayley23
21kmd00856@aiou.edu.pk:Vysu3509
2000010571@fcstu.org:juice12345
gabriel.garcia15@aluno.unip.br:Gg@040508
a.almacristina@sinadep.org.mx:MiAngelito30
eduardov@pregrado.ubo.cl:Alfacentauri76258
renantbom@gmail.com:lourayne0222
am20019@ues.edu.sv:Danhydhylvdg.
a1613835@idat.edu.pe:umfPERU1998
dm07308932@edu.mon.bg:Deniibobi
salacartagena@rcnradio.com.co:C4Rs4l4c4rtagen42021+
2017800526@isiswa.uitm.edu.my:Lokian96
emily_silva@ecglobal.com:Mily5h123
admin@itsb21.onmicrosoft.com:Luxury@2022
s9062852@jzg.moe.gov.sa:WwSs@1436
eloi.msouza@economia.gov.br:Brasil@2000
houston.dowling@snhu.edu:Alaina31719!
asamblea@wesco.com.co:Clave123*
2131145.joel@uib.edu:batam@12345
cdstime1@stu.k12.wv.us:Muqxz@suncrest2018
gilvan.linhares@icsk.com:gL251347
poula.kamal@sharm-college.com:Diana3326
toshik:Toshikzilpe@123
458025220@sharkia2.moe.edu.eg:Std#070817
l142007418@taalim.ma:kaoutar@2000fadili
mspinks@kicker.com:Mcs252502
stum2014017659@privatemoe.ae:PIjrc30#
sidnei.ferreira@kroton.com.br:Kroton@2019
414.752.278-50:Alelo123
611910159@utsalamanca.edu.mx:GLG-714-A
kacper.wrobel@sp5piaseczno.pl:Cznoder1
107180351@sv.dut.edu.vn:Gondaica123+
21006135@vcconnect.co.za:steyntrein13
j.cerna@unadeca.net:Joseluis80
verbeten@ziggo.nl:Laura1993
kdasilva817@paps.net:Mustang4
a.derienzo@studenti.uniba.it:Ale14122000
mariana@univali.br:m99a61r46i93
bigikonik123@gmail.com:Password7
455234269@qaliobia1.moe.edu.eg:vunbtxld
mano.manoufar@add-mind.com\:mm@indie2017
hawrryjaff@gmail.com:XBOXdarian@01
s-jjones103@buffaloschools.org:JJO28814
harinder@reqroute.com:MontenegroDream2022
s5488602@mkhb.moe.gov.sa:Aa143323
mhm8150572@fgs.ju.edu.jo:kPry36836
etudes@mulleinvest.com:7U#quFP99Q=nbaT+56&#
hyaproulq@abcda.tech:Talaminh123@
219804148@tut4life.ac.za:SbonK0@#64636
ventas@miavitta.com:matico28.
wang_fan2@connect.ite.edu.sg:Wangfan@123
1667491@formacao.iefp.pt:iEFP20101964
creativos@villanueva.edu:Supertramp1!
ventasperu@interflon.com:Jon27145
alaa_alshaikh@amjaadco.com:Sopo1000
khanhhoa.nguyen@verus.vn:Fest@101
kamruzzaman@bankalfalah.com.bd:Jul@2019
erika.valena@localiza.com:Va202021*
phyopyaesohn@utycc.edu.mm:Johnny2712
w211497021@student.hccs.edu:Lucifer@666
2107040125@ms.hanu.edu.vn:Minhminh123
dlopezr@itsa.edu.co:alexandra0322
chris@cobalt.aero:21june00.
s8951157@rb.moe.gov.sa:AB1132437284lk
mohammed_z_mohammed7694@moe.bh:Fkjw4805
samim11-5027@diu.edu.bd:Diu123456
siamsanthosh@kluniversity.in:santhoosh.y7me
nida09@elev.globen.nu:Dragspel2001!
csladmin@wls-h.com:User@123##
msnaparato@brc.pshs.edu.ph:Marcdmac2010
11218304:MinhAnh2003
lksaibati@dapcpa.org:DAPCPA123&
2237938@std.hu.edu.jo:Hu@25957
a01082835310@gangdong.ac.kr:quick998@
135801@savorninlohman.nl:Mimema01
u23236764@utp.edu.pe:steven2508$
63avilla@yd5qm.onmicrosoft.com:Lillina95
framos@maintech.com:Pac0is4816
firda.arfianti@binus.ac.id:I4msm4rtpr3tty
voluntariado@cvbrs.org.br:cognitivo@2020
19985a0363@raghuenggcollege.in:Niranjan@363
dorian.huayhua@ucsp.edu.pe:dorian2000
iellenovales02@gmail.com:takecare
iyerv@gram.edu:Ringling132grambling
joaosousagomes@icloud.com:Benfica01
2503274708@hanoi.itrithuc.vn:Ambulangshi12345
kalettre@supergiros.com.co:SaudtKlt32021+=Z
a21-31477@student.mseuf.edu.ph:LeahWatiwat18
erussell@campbelltractor.com:&Combine#3142!
dccortinat@unadvirtual.edu.co:1004616778Diana.
1312064@student.hcmus.edu.vn:Manhcuong258
candy.aguirrev@ug.edu.ec:Madremia0987
dlouhy@zaci.3zs.cz:R6owernhl20war
belinda.salinas@umb.edu.mx:SaLiNasBeli2102
deadlyshaz786@gmail.com:Shahzad786
af34683@ba.lv:21AlekssLV
20812016101457@eng.zu.edu.eg:Aa05546123
gerardo.mazzotta@vallauri.edu:Calamaio1972!!
kit221162@adachi-gr.education:Kit2022!!
aldino.priohutomo@elnusa.co.id:Aldin0123#
std00132@agr.asu.edu.eg:Yos63001
gianfranco.rondon@ucsm.edu.pe:Rondonns288
sakibbhau@free.stulive.com:125Sakib
cfu-46@jhbchildwelfare.org.za:Ch1ldren46
lisa@risestaffing.net:theBOSS20$
s715257@charterschools.ae:AFB@715257
natalia.sularz@sp61.edu.pl:Natka121233
86-0780@pagcor.ph:Portal0780
earce@clark.edu:Homeroom123
n136039167@taalim.ma:Laskettelu2019?
aurel.ganea@xpo.com:Fenestela68
pavici@tcd.ie:Paris2626
s.nabilah_20880@utp.edu.my:farahayu32
dieperbor@alu.edu.gva.es:bT5XWs2t
khuanchai.t@dksh.com:Dksh@123456
mvtan.gdtxq6@hcm.edu.vn:Mvt@1234
elsa.guzhnay@educacion.gob.ec:AGeducar2023.
joey.bergsma@nl.cpm-int.com:cmqsrrmrbpsdpdgd
tagaban2190571@ceis.edu.ph:AkashiSeijuro1
dharrell@mail.roosevelt.edu:K3nd@ll112
1901bav002@abbs.edu.in:Aswin@1998
ngcyuste@addu.edu.ph:Nicole@0203
khai.bascoe@haringey6.ac.uk:Haringey6
al232908@edu.uaa.mx:021206KOr
mulfscem2262188@pgc.edu.pk:pubgisno1!
201710040@std.jadara.edu.jo:9981011662200Aa
opsda1@moyo.gq:Rahasiadonk123
sumarsono@staff.uty.ac.id:Sumarson0.se*
manuel.afonso@nbgi.fr:Mafonso01
mayconmorais@fitec.org.br:89ASr@4rd4s
buddha.kumar@nuvoco.in:santhu@84
jason@jasonpilgrim.com.au:PinguLumbar1
1163110020935@mail.rmutt.ac.th:Zuzuzaza75
vxs5406@mavs.uta.edu:Visionexx21!
cfiencoe@est.ups.edu.ec:Crisafe1604
1141516@senati.pe:JUANmarco20
ajones@richland2.org:Kn645e5x?
narsum3@fgtikknas.or.id:Fgtikkn45
mamyot07@ubishops.ca:89t5XpN
yadav.10@iitj.ac.in:Shubham@majoryadav
2018204031@unam.edu.pe:Mariarc3005
hartonoputra77@gmail.com:P@ssw0rd
2021012569@office.cju.ac.kr:@kgm020302
daniyashaikh:8626068028
d136241457@taalim.ma:Mama2001
mm56420436@edu.mon.bg:Vizi1301
s7190024@mkhg.moe.gov.sa:Saad789789
a20002@cetach.edu.gt:Enrique19
nathan.obexer_0409@snets.it:z6@HYL{UJZmtT9Y
21b8072@ubd.edu.bn:mamasayang1977@1402
daniella.herrera@volaris.com:Alexander28
kt.hsu@shl-group.com:As90-iop
madelabarre:22sdTD5b
i10713001@live.uch.edu.tw:HC30673548!
jonathan.perezv@alumnos.usm.cl:Jp154215
jgone@my.lonestar.edu:Masteringram11
thanawatwon@crg.co.th:parafait!1
phichet.kh@rmuti.ac.th:pan25438
2371397@tcs.com:Satti@#44
adalbertoagg@hotmail.com:lumperitoag.0104816570
kwasilewski@osemka.edu.pl:artuR020707
dq.bosanroadmul@qaed.edu.pk:WYyqy406
jmhidalgol@utn.edu.ec:Mercedlapo2098
0000126890@aiou.edu.pk:Fxpa0236
bigbootybitches921:Gabriel3124
t281295@azharonline.edu.eg:Egy@02072016
092016ima150009@grupocedva.com:092016IMA09a
ganesh.sharma48@bloomn.edu.np:sucklinG048
editha.lopez@upn.edu.pe:PeruUpn2020
mhnelsonpepe@liberty.edu:Duke1947!
bfrye09131@episd.org:EPISD#478525
453981588@sohag1.moe.edu.eg:Std#060110
imam.705180224@stu.untar.ac.id:DragonBall@
f133212814@taalim.ma:Fvpjn1367
duribef@hotmail.com:muyAUR90
randy.barrett@perkinelmer.com:Badhuskies08
physic_08@hotmail.com:Sinupol08
18a91a05g0@aec.edu.in:NSVKalyan-20
lovetta@canffa.org:Isaac0721!
maria.nisperos@deped.gov.ph:TLE2023@
kavindu-7760@mbsmalabe.edu.lk:Student@123
202271@alunolusofonasp.com.br:Gabriel95929447
taylor@alfwear.com:H0lySh1t
2016816961@feu.edu.ph:B@drock18adidas18
leerice21@365.stulive.com:13048087937qq
k137312363@taalim.ma:Salma1999
u21227249@utp.edu.pe:Catzwell123
kacszcz59@edu.gdansk.pl:Sznaucer123
20bcs9889@cuchd.in:Ayushrag@1
saurabh2328:Saurabh2328
457802028@sharkia1.moe.edu.eg:Std#070901
unopar0369s@unoparead.com.br:Polounopar@0369
sir.santos@quantrics.com:Malikot826
agorebi:Byte@1234
lm200110829@tecmm.edu.mx:RamitoDeVioleta12
sigit.purwanto@dso.astra.co.id:Sambelijo*07
kdergachov@naqa.gov.ua:Boy90738
6431.143@edu.fb.org.br:giratina
qawy@mailinator.com:password
pr20127643@wipro.com:8240350890_-abc
szoli@stud.uni-obuda.hu:K19970630z
20170256@unapec.edu.do:a@8HYm*6.G
pranav:pranavs4
maks.kaszkowiak@zhp.net.pl:SorbetTruskawkowy348!
l142033224@taalim.ma:Amitaf2000
loubna.essalmi@taalim.ma:wiam@3300
roney.ramos@yaliholding.com:option2020
edu7622@office.bz:Miarda11
omar.hateem@acu.edu.eg:Tamatem.04
100034899@ccisd.net:00270793
jose.cubos@toyota.com:jcubos18
455301578@qaliobia2.moe.edu.eg:Std#050824
451555843@sharkia1.moe.edu.eg:Std#050501
kthom492@gmail.com:Madresxr80!
zainab_alawi@moe.om:zmzm@6316
ksdfscem1902613@pgc.edu.pk:te@msapp440
d131902145@taalim.ma:ooopss1234-
luka3790@undervisning.kk.dk:Emma3103
ken.le@havertonhomes.com.au:Kienle2412
076bce005@jec.edu.np:maghi@9805963731
forgotmypassword69:Forgotmypassword69
210532@edu.ozhw.nl:kj8hqBm9M
dwi@smkn6-bpn.sch.id:Rayhan150702
saul.pvilla@alumnos.udg.mx:Antonieta123456
brunomassolini@hotmail.com:Bela1996!
s.antonyselvaraj@cipla.com:Mar@117256
ammurph10@stu.k12.wv.us:Am890026601
s0032267@wyke.ac.uk:Zenix9977PL
accounting@stoneprofits.com:C1o2k3e4
tsabalic@racunarstvo.hr:muf97mrr
vernon.pena@onesubicpower.com:SliverKing1
sarinah.siburian@gms.church:TuhanYesus191184
573925@cjuhsd.net:41850Pwd
mil.radic@stanislas-cannes.com:milZ9977
ads_251899@privatemoe.ae:PassJFR1SZ
rafaela.piton@etec.sp.gov.br:Rafa#1418
pg45995@alunos.uminho.pt:Escola1!+
powerbiadmin@acima-r.com.ar:PuntoACMbi-2022*
diego.hpcezar@senacsp.edu.br:Diego@1234
msoffice10749@office365svip.tw:Vawemi23
23zengzhaoyang@huijia.edu.cn:Student123
n136372459@taalim.ma:redox/bac2022
matthewdurzi11@gmail.com:qwerty123
j149027284@taalim.ma:Ayoub147
papaoserro@t.odmail.cn:Pa130190
rolelegoynabemabe@hotmail.com:rolelegoRLLG(10)
laurabrca@unisabana.edu.co:11Transparent11
23485@sman3-slo.sch.id:siswa-sma3
481426563@assiut2.moe.edu.eg:Std#040902
pdominski@zsp2.katowice.pl:FCBarcelona123/
9101@leerling.vpco.org:macr22517!
17007550@sch.moe.edu.eg:egsch#007550
agung.budi.2014@law.umy.ac.id:Romelah56
t_akash.shetty@tatamd.com:Superakash@5997
ahmed.964867@t1.moe.edu.eg:ZADahmed100
leopold:Nzitaba2
clemilsonoliveira@aedu.com:Leleracabu
comunicaciones@constitucion.cl:@conticomunica_2022@
k147021454@taalim.ma:Uhsh10371
duc0289367@huce.edu.vn:M@07032004
mmbusiro@hivfreegeneration.org:2022Kenyan+12
framirez@cdm.unapec.:fran2011#fran
x15011551@student.ncirl.ie:ZdenekSmetana5
hzabdullah@dundee.ac.uk:Chilya12345678
angelo.villa29@gmail.com:Angelo29
tm907013@ohio.edu:Housegoat1
info@uptech.tech:Blr@6789
446553319@qaliobia2.moe.edu.eg:Std#041001
l136272674@taalim.ma:Gesw10872
rdcchnpl@viveks.com:picklist123
steven.araya.reyes@mep.go.cr:Wehrmacht88
aleksa.vidovic1@skolers.org:Daljinski12!
my.lnt@vlu.edu.vn:Vanlang@2021
sci.promotions@nawroz.edu.krd:455GRhat
khaled@buildozer.ae:Ahmed@123
u201915456@upc.edu.pe:#rtXG5Q9bxUA3uz
jramirez556@student.rccd.edu:Maryjoy88
mm14187:mathias2018
aosindero2@outlook.com:Password1234
thanhnhan.tamchau@gmail.com:tamchau79
my57106@mi.com:Xiaomi@123
campos_m@vta.org:02301978Mrio
lr-20-10517@ufhec.edu.do:Peguero10517
a173563@siswa.ukm.edu.my:#Nrfrskmn0184680
kh23431355@edu.mon.bg:12345678Kris
s4498870@studenti.unige.it:Saretta97
reception@meetrich.net:XS4root#jan17
ab535917@ohio.edu:Nachohotdog7
ricardoifct@bol.com.br:Valdecir2021
u6315244@microsoft.au.edu:0818284855
ufukyeter@teknosergroup.com:Su9251821335
202202526924@alunos.estacio.br:22021981Ro@
452007786@cairo7.moe.edu.eg:Std#070509
21003083@midkent.ac.uk:Amelie241014
wallisonsouza@uninove.edu.br:Letras118910
johnroversinag@mseuf.edu.ph:Plsye913
1316077@senati.pe:Virtual20
agarwalgg@rknec.edu:Gaurav_23121995
jared.doherty@tbcschools.ca:358561470
hatc3516@estudiantes2.edu.ec:TitoGamer50.
1719909@go.ack.edu.kw:Taa123kkdd
jduran28@students.imperial.edu:Juan1985
omartc@stulive.com:odskk2006
eos207@bangor.ac.uk:LLionwyn2404
20240834@leon.tecnm.mx:Masterhalo5Co17
powerbi1@fretefy.com.br:Fretefy@2020
u202110608@upc.edu.pe:Ayabaca103@@
jovelle@duedex.com:Q8FLJmT#QMVdnd5
reynacastro@mexshipping.com:MEX.Ago.2020*
00181568@red.unid.mx:Contrasena02
c_heist@gavirtualschool.org:He07232003
686380@pdsb.net:Apexextremer4431
animesh.sahu@s.amity.edu:MD170B@1
923688964:lisette.00
sbu210480t@sbu.ac.in:raj@2602
siddharth.bhansod@adypu.edu.in:Sunita@123
salaselk@banacol.com.co:juliana20
srithevi.bavaneethan@ycdsb.ca:@ycdsb121743364
abdallah.ali2@vodafone.com:ABDO@7878
workshop@sawyersarmsauto.co.nz:Pun91500
p1b13pmye@kbtc.edu.mm:Kbtc1122
heba.318360@t2.moe.edu.eg:H.F.H.A.S.1978
813719@student.lmc-vo.nl:Pass4226
gooscarj33@est.ucacue.edu.ec:2232004Salah!!
gabrieltantawy@gmail.com:12345678
tfistonic@tvz.hr:Cackalica94
henry.singcol@r8.deped.gov.ph:maestroko2_
202008664268@alunos.estacio.br:067269@Lu
t555994@estb.moe.gov.sa:Zahk1401
ascione.n@gmail.com:napoli84
w213250800@student.hccs.edu:M1lkcontent?
2131002.rezky@uib.edu:batam@12345
amar.cosic@ets-sa.edu.ba:KonektinG77!
contacto@palmaluminios.com:AlumPalm321
mdlsan017@myuct.ac.za:chocmilkshake1
l.desala@student.e-ndc.org:Louiswedsa2307
i202319030@cibertec.edu.pe:Mancilla47209623
mtzab2120@qroo.conalep.edu.mx:M202860115-7
ziad.fm.10@icloud.com:Asdf2005305
nr938372@schools.mk:Nr052009
amarjit.singh@utp.ac.pa:AABDoiv16%&12
dolivos@iepcristorey.edu.pe:@121285David
do610@my365office.net:Sa13061991
ads_767917@privatemoe.ae:PAwxw88%
werntrev145@gotvdsb.ca:trevor62
adm21ise4899@sjbit.edu.in:dr@260203
north.sinai@pat.edu.eg:Ibib191960
canand@virtusa.com:Mar@1710
n139102189@taalim.ma:Jumd9719
henrique.larcher@gmail.com:Orkutporre1
contacto@farmamarket.cl:cfm2022CL
2019143128@talento.tls.edu.pe:N@403765
2011162290@alu.uap.edu.pe:uap2022tesisA!2
6395766652@relaaa.org:jasjeet@1996
pavel.gordelenco@imi.utm.md:Opelzafiracpu942
u18306426@utp.edu.pe:Wnkss.74964413
db86649045@edu.mon.bg:Denka203
a57971@365ink.site:Mercado-libre10D
mlara@dt.gob.cl:DT-2020#.
792613@pdsb.net:asdfghjkl
mark.crawford@threattec.com:A9r84x#2002
heididaniels@365online.co.za:211507DBai
25nguyenrobert@iusd.org:Longme6517
hya@bulbee.me:9Azri@123
pramonr@campus.eug.es:Paupirata7!
abdalla.eissa@umanitoba.ca:Aydeda3414206
morlaco28:Virgo2000
djd@pm.am.gov.br:Justica/disciplina2009
cargo.soc@citilink.co.id:Santoso1234
prijembegram1@begramservis.rs:begram4
s6660721@mb.moe.gov.sa:2276391659aB
458642493@monofeya3.moe.edu.eg:Std#070830
m.defaria@bedrocan.com:Carp3diem*1987
madhoriya:Himanshu@4612
eli@stu.chino.k12.ca.us:El20194
1731363@sliet.ac.in:Chai24Chai24
446995929@behera3.moe.edu.eg:Std#030626
gilberto.niebla@uadeo.mx:Gnieblal2014
ftrejoscordero@gmail.com:tjc#$56%
fver374@msoffice365.site:Nasher22
reymondt@apc.edu.ph:Akoaypogi1234
hairul.nissah@ktg.edu.my:azurestu@2005
aidan@scf.com:AppleRules1
dzundza@stud.lyceum100.dp.ua:Tuf79744
s8114013@estb.moe.gov.sa:TjR+gxuSZ5!6mC"
sales@camspec.eu:Sp3ctr0n1c2018
s5064949@jzb.moe.gov.sa:Sh2006sh
2019280008@stu.yu.edu.jo:9881041151
p150942@jzb.moe.gov.sa:Mm1386mm1386
bakirci.sila.sevval@ibu.edu.mk:sila123456789A
39693012895@edumail.com.br:conta987
adriano.baresi@atbrc.com:Capriolo.2
ivank@curbsoft.com:Ik07062019!
m130064567@taalim.ma:Wtsg8470
user506@microsoft365now.com:Moq66128
m.baroan@eicsciv.com:Eics1971
luciane95166@ceuma.com.br:Lu1997*01
minhnk.2112088@tamkhoi.edu.vn:123@Tamkhoi
rgallon@n-link.net:Dumfries2019!
aa20277025@wipro.com:Ozymandias@1
breydford.soto@usil.pe:porsiempreyou1
roni25:Roni@259s
erik.leacock@huhs.edu:1A10bolt
etlevine@pbpediatrics.com:eTl121502
ivan.hamdayani@gapura.id:GapuraIvan2022
davide@devallegomme.com:David@016
louisozza@gmail.com:naotemsenha2022
brian.hurtado@o365.unab.edu.co:z5X$r4G(
e1316661030@live.uleam.edu.ec:mario121
abdlla.esam1132@dtu.edu.eg:Vuj48883
raphadosite:guilherme466
daphne@cafeandlaptop.com:M2rvyn01
tim@unmecnormal.fr:Puz07157
alivalgom@alu.edu.gva.es:vI139xXp
andrew.d.angeles@accenture.com:143143DeNDeN@01
g135708645@taalim.ma:Zeaj4694
mcortez@umsa.edu.bo:2627MiCoAp
marketingacelerado@edrive.icu:As7r0nau7@
t8026@tvv.kim:bjkupid31#!
323873@vbstudents.com:Stcroix2
luciano.paulo@autometal.com.br:Auto@#2021
m_ortega@gruposatelite.com.mx:Mortega123*
487273973@sharkia2.moe.edu.eg:Std#070428
account11@seguridadamerica.com:JcSa1801
sales01@candy-hoover.cz:Candyhoover1
20170770@isctem.ac.mz:Trezefevereiro99
sales@vpmarine.com:Ernie09Mark
herb@daviemechanical.com:M@5terit
mmc@al-mohanad.net:Elagouz3232A-
elizabeth.florence@binus.ac.id:Otista283
94whc3938@capturedata.com:Nimesha@123
n.baalbaky@batco-group.com:GetMe!nBATCO!980()
18060241008@ybu.edu.tr:Ybu99117073813
nicolas.perron@mhetudiants.ca:Nicolas211
amagana@casystem.com.mx:AlfredoYair3112
christian.gravel@mon-avenir.ca:Orange79
mohamad.solihin-c@ctc-g.com.my:$Olihin0008
doraliza.hugo@educacion.gob.ec:DHeducar2022*
1345285@students.wits.ac.za:Mbatha.123
arkadeep.maji@ptw.com:Fireblast25
4301-3830:Blackinudi98
2802291@cityschools.net:Student1
thigopooh@hotmail.com:15021986tH!
abhd@ramboll.com:Aadhya@143
wajahatcn71:BY1830841LAIMR
denizesilva009@rioeduca.net:120405ma
rodgm3296@wrdsb.ca:CArpet2019!
briancody.garcia@ae.edu.pe:roblox.100
shrief.saea@fci.suezuni.edu.eg:Shreef33adel
dleszka@uczen.zss-kalisz.pl:Kowalski15
13juliandavid@gmail.com:100O595681j
muhammedk@dotnext.co.za:Muhxmmxd1
ayagar@akdeniz.edu.tr:22111954
wesley.cheruiyot@mogo.co.ke:Cheru.2020
s2792729@jzg.moe.gov.sa:Kalaed20
ntyler@cpt.e4.co.za:pass@word4
bkpowerbi2@coldex.in:Coldex@123
evalvaradole@uide.edu.ec:Colombia1985
a830161692@my.uvm.edu.mx:Al16051982
rrocha@alpekpolyester.com:LuanCRH##2020
aleph10560@innovaccion.mx:Open123+
464188625@monofeya3.moe.edu.eg:Std#071127
caswella4@hwbcymru.net:wEN29ULg
b051610131@student.utem.edu.my:abysslullaby94
oscar.dublino@dealercc.com:Caferacer2009
marcel10534@sp1chodziez.pl:Yow45255
nancyy.gomez@educacion.gob.ec:Educar2021
ramelsasukesampang@gmail.com:Yum96911
59162402176:U.6954841
shazainmuhammad@cdcfe.ie:SHAzam2020@
fos20bknellerj@365.bk-lk.de:jksfslgsw2.
7242@whschool.co.uk:Wolv3s778
amar.faress@lsq.sch.qa:amoora/-123
s0097449@fm-edu.org:Sufi@8384
magn527d@skole.vejle.dk:wallahyt
liann.garcia@meduca.edu.pa:LvGp2003
pmoreta3353@uta.edu.ec:11072011
tareq.nabil@edulighthouse.com:TaN#%$5687
vlad.dohotariu@stud.ubbcluj.ro:336371Stud#nt
diegoandrescc@ufps.edu.co:dieg@1211
helkiran@atlaskoleji.k12.tr:Stu12345
muhamed.korman@osmp.edu.ba:lopta123!
202203307721@alunos.estacio.br:Kaua1308*
abdulwahabpc52@gmail.com:Pass1942004
wakim.assaf@servier.com:Nov2912/22
lili1342@elev.aatg.dk:rsa89qkb'
mohamed_barkat@cis.asu.edu.eg:Hav04065
vojtech.sivr@oadc.cz:siv+voj+2511
55611@kobart.be:Peggylore1?
19854@student.riphah.edu.pk:asd@16773
kantarat.k@ands.co.th:Toz16045
s5274382@rb.moe.gov.sa:Blank123
457847514@sohag2.moe.edu.eg:Std#070121
recruitment@innogea.com:Innova2004!
karlla95332@ceuma.com.br:euquelute@123
s7736091@mb.moe.gov.sa:Obbjfsawan600884
kenneth.hanopol@tup.edu.ph:Rosieli123.
opryor@flvsft68.flvs.net:Furrypaw7895
25422@aesa.edu.pt:Mafi2010
rf1382vx@go.minnstate.edu:Willy2544!
c17903@365i.team:Ailen1608
6331263730@student.chula.ac.th:FriendZa5
tvchien-20it6@des.udn.vn:Chien01012002.
selectppe365:Ry@nH0lm3s
timesheets@theprodigy.biz:Wolfpack2021
interface@vintages-adv.com:intVIN33?
20808698@sts.adveti.ac.ae:Saeeds4-
1957210235a0008@upes1.edu.vn:Hoanglong2012
fernando.resende@klabin.com.br:Md3683909
n10103_2017@lyceum.lk:Thisandi@155
xisdesigncreate@ondrive.pw:Designmonstro80
assis@geniusfixers.com:Pass1234!
klysell@reaganpower.com:Kl671010
kthieffine@lyceerondeau.eu:Hugo?9031
tpzulei@mapfre.com.pe:Mapfre.2021
181400@mail.unacar.mx:Canche_000
melina.bocco@ecolab.com:Mm52584565
sean.tomson@stu.ocsb.ca:Ialwayscomeback
ms390262@nycdoestem.org:!Lehman123
andy.huaman@upsjb.edu.pe:GIANlui120388*
mukeshwar.p@precise3dm.com:Zut78712
pos.campolargo@censupeg.com.br:PsCg1735
577298@newvalley1.moe.edu.eg:Emp#621230
ps216624@summacollege.nl:Jazzy123!
m_equebal@india.judge.com:Nabb@9934
gomathiselva:praj&naav16
6122040017@ytc.ac.th:00987Pok
maghlaha.deya@digitalgg-fpa.ma:Wut88407
62013604@sfcollege.edu:Mat13fran6
candelgadillo@poligran.edu.co:Tedijeron.98
dinan_harish@linkaja.id:dilink#123
timo.hageman@zpkids.nl:Reien1558
matan.schwartz@365.ono.ac.il:Matans1412
19210000244@ogrenci.ege.edu.tr:Tsgs3428
s444015308@st.uqu.edu.sa:98765432Aa@
msachan562:Tanishq562000
ricardo.ramlogan@my.uwi.edu:19990404
458588209@monofeya2.moe.edu.eg:Std#071202
lakea999@tcdsb.ca:Ageofcars66
joao.pirozzi@basa.com.br:Chinesa28
alfonso.conturso@unicatt.it:RR348348ucgiurid$
samuel.jurcak123456@gmail.com:Sam06123*/
ugs.140044@ci.suez.edu.eg:1041997Moha
stum2018014360@privatemoe.ae:PRakr35%
kacaldeira@latam.stefanini.com:K@ique0000
451254849@sohag3.moe.edu.eg:Std#123456789
457446591@behera3.moe.edu.eg:Std#070101
yahaa1982@hotmail.com:Ja5Bp1#*Gh
andraigar@alu.edu.gva.es:Monochrome2703
nk38499@ms.nk.ac.th:Std38499
7136@sandsacademy.edu.jo:Sands@2440
kamaraj.sarathy@rezayat.net:DapU@934
0023-msfc-19@web.gcu.edu.pk:Asd@12345
22512@burnside.school.nz:kaka5582
admin:evam1910
fouzienvato:*Fsr2014##
jaime.valdesm@sansano.usm.cl:Jaime1005
mbsalinas@mayniladwater.com.ph:Macmac12345@!
480696890@behera3.moe.edu.eg:Std#050125
chuongtnt@driveweshare.com:Chuong2011@
holloweieyt@hotmail.com:KF31012008!
nathhd@outlook.com:Angantyr1978!
marcel.szczygiel@sp73.edu.pl:$i$ferdeq123
1990013169@ogr.cbu.edu.tr:24836100666
hizrin@pjh.com.my:Fuck0FF11
cuwubanmwen@gmail.com:Anvil$draff6
rtem5j@gmail.com:Rt2846555
w11274_2021@lyceum.lk:Madu2016saku
rcardona97@hotmail.com:pOKEMONVSDIGIMON2021
zein.basem@sharklasers.com:15101902Bf!
n01486799@unf.edu:Jenifergocaj13!!
455560574@giza6.moe.edu.eg:Std#050213
bvzain01@bvssas.com:laetitia
guillermo.belford@utp.ac.pa:Gottenksvsbroly0
jorge.helvia@gmail.com:Codelco08.03
cs-abbas@raneen.com.eg:Ee1234567
1689502@mec.edu.py:Diaa1602
vinkras1996@outlook.com:mineduc2022*
jeunesse@chamrousse.com:Telemark38
almmalldelsur@efe.com.pe:Cotrina4040
ajn0808@edu.madeira.gov.pt:Ponch1nh4
fin-tur-emb-01@vfsglobal.com:G#vfs@2021
rcribellini@promotive.com.ar:Promo2018Tive
7494@elibrary.su:882199563Da
chg9209020@utecnologica.edu.bo:Rosmery1986
ubo_277@office.dlit.ac.th:pass@word1
s9482023@mkhb.moe.gov.sa:30P@s96sW0r4377
klaiton.ricken@sc.senai.br:0BH8@2Kgl
shota.makhatadze@nexia.ge:Duc30745
afiq_1966@siswa.um.edu.my:Qifa_1966
aungpyaethein@ctu.edu.mm:APTapt123!!!
cjubelag@lamacchiarealty.com:Chris_0497
9245219@senati.pe:ZM129992n
1153659@senati.pe:Virtual19
archv@alhammadmedical.com:Mitokhokha1
jchica@msiamericas.com:chica2018co
f203501115@ktun.edu.tr:Mimar127384
toanit.neu@gmail.com:bumbum1998
vi47824640@zegelipae.pe:Lola9870
igor.bazilio@fatec.sp.gov.br:Chocol@te040100
24132jasper@werkmancollege.nl:jasare123
1912019@nec.edu.in:APK@2002
a1056@365e.live:Sudip#123
5312538@mec.edu.py:Franbaez1994
202202712906:yzqsx6bpt9qn66c
afathi@vibrant-group.com:Mr-159753
1112868@mymab.org:19VI93vi
azhang@elitepminc.com:elite1234*
tony.clark@morganclark.co.uk:Kosa9142
saevah@hpfy.com:$@#vaH786
14037956@sunway.edu.my:520kitkatWALAO!!
elam@dyellin.ac.il:036461226
455394234@luxor1.moe.edu.eg:Std#071101
trynys31@vgs.nfk.no:Incomedia2003
achrafamine_moustaj@um5.ac.ma:J145025862
mohamedattia.013@azhar.edu.eg:123@abcd
nathji162:Deep@123
fares231@student.aast.edu:Aa*01090708964
adam3038@min-friskole.dk:Haz89685
cesar.diaz@probaar.co:Mica250436
sbenali@maristes.alumne.cat:qypYJ@46
s2194983@mg.moe.gov.sa:Renad123456789
mahmud@namthuan.vn:Abcd@1234
2016826821@feu.edu.ph:/musicman016
kimmyungeun@ces2021.tech:rty456fghvbn!
482750645@behera2.moe.edu.eg:Std#980719
958154754:areyou10
s2493304@rg.moe.gov.sa:Anwar111
lperez9243@uta.edu.ec:Tecnico1421?
felipe.santos@praxio.com.br:Alpha@1712
g136750263@taalim.ma:Scbi7069
s3771962@mkhg.moe.gov.sa:Murad901225
sanjeev.chopra1@philips.com:Monday@123
ajuluchukwu.nwafor@hilton.com:Blaimless.3
glazewska.ewa@mum.edu.pl:Ewulek1224
454499727@sohag4.moe.edu.eg:As123456@#
bhuvan:bhuvan316
upload@ecgsa.onmicrosoft.com:Ecgsa@1969
j.lee@muxlab.com:lzj320!!
19tcherkezov@rgtrustschool.net:Beentime77
gabaga@skole.rodoy.no:Romania6
n00162107@upn.pe:Princesaleia212015
juventud@hcsvalencia.es:Aida2018
hayden:motech01
yasar.karakas@roi.k12.tr:YK76.ck77
zettavance@my.smccd.edu:Koo0llooiuplp
u2291959@unimail.hud.ac.uk:25may88
lucas.oguimaraes@uvvnet.com.br:Luc2003ped2006
omss68@06nwl.onmicrosoft.com:VqLpcbghX323rYp
alviss2811@gmail.com:Royalgarden2811
ivlec@lwv.me:sZ1v1dz11
catiga:20022pc2
kyla.pontino@salary.com:Casyukiel23*
7501025@formacao.iefp.pt:Brain1010
ds210708@alumno.udb.edu.sv:807012SD
a05200154@ajc.edu.vn:Elpuga10
19020095@chunghuakb.edu.bn:PB240886!
454268043@qena1.moe.edu.eg:Std#060530
fatima_s_kadhem6819@moe.bh:Teid1535
nguyencongvuong@gxd.edu.vn:Cup89813
5920007688@stou.ac.th:3300800096381
notificaciones1@ugel01.gob.pe:Documentario1591q2w3e
doaa@eminsco.com:Paris@9900
3000000042823@students-hnbk.de:cocgax-rogzys-jEtzo3
abdelali.hamza@taalim.ma:523878@bh
k130056577@taalim.ma:aqw.1232015
rasheed.worthen@ocsbstudent.ca:Leaders5
17447@365vip.run:Antonio1966$%!
sshehbaz@pamllc.us:#pamwelcome21
anna.clemmons@cmsdk12.org:A26357aa
22gask01@lillestromskolen.no:2Easy4u123
hicham.bouhfid@taalim.ma:fac@2023
vvswstuc035y18@vviedu.in:Arav@159
thdamianidis@st.schools.ac.cy:teo-_-loser13
19307032@sv.ttn.edu.vn:Matkhau1234
59576@carmelemmen.eu:Cce01012006!
463517339@assiut2.moe.edu.eg:Std#080710
ondrej.vaclav@zszerotinova.cz:1234*nht
u202112717@upc.edu.pe:Pmspupc_12_*@
adriano:AdrianBravo30
cng031@e.ntu.edu.sg:6102@Office
niska.silva@alumnos.uach.cl:Silvaduhalde2003
s1003423@edu.beonair.com:Waldrich#2
leonlai8@jde.goe.go.kr:kgb@479001
jonathan.lloyd@maf.co.ae:@Mahalski19
482167567@giza2.moe.edu.eg:Std#060906
maria.madrigal31@ulatina.net:Hnbsqr95
bngfam1806506@pgc.edu.pk:3be91c75
6039235@students.fusd.net:Martinez111
451774230@assiut3.moe.edu.eg:Std#070403
iv63385355@edu.mon.bg:Shoguna12
cabriol_3x@hotmail.com:90012451260mio_y
mlvasquez@coopjep.fin.ec:Euzip20Tar.2020
091202007449:Sang2002
2026aprasek@ghb.cz:dogmaniec1)(
s131425685@taalim.ma:Wlfc8885
mahmoud.atef@madkour.com.eg:MaF@@999
juu.sou.ru@east.ntt.co.jp:Ena001001
23274037@mahindra.com:Dhinchak02
simonwaagner@gmail.com:Forpuscoel31
548780:951753Db$
r928224162@taalim.ma:Vqpx6142
g134163510@taalim.ma:Sfaz61702
gismera@generalimediadores.es:finita20
s9813964@mb.moe.gov.sa:72P@s90sW0r4753
montran@pragatisoftware.com:Vux90931
s3667136@jzb.moe.gov.sa:92P@s98sW0r5957
alex@alexcorro.onmicrosoft.com:Esponja2
043252:Clochette_48
yasiin:Tafel12345
bhooshan.jagtap@viit.ac.in:frc2QhZAx7tnN26
122170772@sha.edu.eg:NARIBA4K@
expert1@gecgan.gujgov.edu.in:Wxyz@12345
1822a325@thcsbuontrap.edu.vn:n@19042007N
socrates.vargas@cfe.mx:C0misi0n123CFE*
contacto@itex.edu.mx:$COit@305
camren.cruz@snhu.edu:NALINYa17!
zenati.mehdi@petrofac.com:Fslhggithe1##@@
s7741176@rb.moe.gov.sa:Mm246810
eb.abolmagd@azhar.edu.eg:Yuh94764
bgarciaw@edu.upolitecnica.cr:Lokmto#1
omur.turgut@bilgiedu.net:05430543aOmrtrgt11
singhkumarankit.atg@gmail.com:Aa@12527121
18ueee031@kamarajengg.edu.in:Fahad@1234
sejal.zilpe@ltts.com:Sasuke@@123456
wolferson@faeca.com.br:Wja171286
23618702@office.itb.ac.id:ITBTeams2020
salehziad1999@gmail.com:9mDnYYY8b@3EBYp
pumin.b@mail.kmutt.ac.th:!Bd0818618199
2979060@sharkia2.moe.edu.eg:Emp#870101
1619011@uab.cat:karladanyirina
backup09@sbjp.onmicrosoft.com:#uy$pH5T
qi@zbkrl.onmicrosoft.com:Yaopt063191.
463051994@cairo2.moe.edu.eg:Std#070916
457739004@giza4.moe.edu.eg:Std#070617
ruppertsoncastor@gmail.com:tRC16_Gj
3lxl@fresnou.org:Sheep19
ais79939@apple.sch.ae:apple@468
6110210611@email.psu.ac.th:Kim_230543
hai.truong.lam@vas.edu.vn:VAS&%124
1558097@senati.pe:Nn75417962-2
maujor:bruno2712
cwhite175@ivytech.edu:Bcb21209!
223757944@tut4life.ac.za:Shudulu@2003
alkased17@gmail.com:alkased17@gmail.com
dtompkins@acsdny.org:bevatu97!
aa76004278@edu.mon.bg:VodoleiSkorpion77.
parkev.junior@itsgroup.com.br:Iluminacao2023
15heyesd@saintwilfrids.com:booboo1234
lhrfaica1938118@pgc.edu.pk:Naveed.3535
444732907@sohag3.moe.edu.eg:Std#031109
jirikja@student.uzlabina.cz:AnalogWrite5179
khal9566@h-eng.helwan.edu.eg:ZSC956kha
anas.benachour@univ-tlemcen.dz:Messi2019
21458823830@avponline.com.br:Emul#2145-3.14!5551
seatf5557779@outlook.sa:Khaild002
j130435950@taalim.ma:chamkar99_
452591475@cairo7.moe.edu.eg:Std#060914
ko20165253@wipro.com:G@K#20165253
sierradiana411@gmail.com:Diana1018.*
pharris1@stthom.edu:Taliahollis22
s8154757@rb.moe.gov.sa:ALsaif2009
nminayaromero@gmail.com:dios4578
j147031227@taalim.ma:Ekkn1039
vgundu23@my.trine.edu:Trine12261998
kvs1365@leerling.spoutrecht.nl:Groep4aonline
j137133408@taalim.ma:Elhammouti1464
impscftd:stcgrcpd
14338.137@edu.fb.org.br:shqzwyeg
mohamed.elnagar@phdint.com:P2860128%
t759546@asrb.moe.gov.sa:Aa0508781814
upitaseptiani@sci.unand.ac.id:Umarsyah2014
rk941462@schools.mk:Milki4ka
kridsada_ji60@live.rmutl.ac.th:1439900301484
maria.palmaba@ug.edu.ec:Mariaelena23
kathleen.pinzon@utp.ac.pa:Kgissell4utp
cjohnson350@pvamu.edu:December1002
r134676346@taalim.ma:Rtnr7040
randonaire@isise.edu.pe:61742447
return.warehouse@oppo-aed.ph:Defective123
920802@pdsb.net:Mogheerhijazi850
daniel.scott@whitecode.co.uk:BOLLucks0
marianamfarinha@gmail.com:Mariana1996
454001170@sharkia1.moe.edu.eg:Std#060921
rp_beringen@limburg.net:pw_35805*B
lhrfscem1880534@pgc.edu.pk:e05/f06#fpc
r1r_b4gcu@xkx.me:Sa@067102
leze.fredo@wanadoo.fr:Emoyov63
r137427863@taalim.ma:MOmo2003@
gabriel_biel35@yahoo.com.br:Vine@74212188
mats.czarnecki@bsahrensburg.de:Keeper20189
malishka1531@fasn.in:rv5XpzyL4917!
mohit.paritosh@orbispay.me:Orbis@2k21##$%
453015934@behera1.moe.edu.eg:Std#030614
ismunandar@hso.astra.co.id:Nandarismu@01
t635025@rb.moe.gov.sa:Ali@4321@4321
1073291@sohag3.moe.edu.eg:Emp#800816
coulibaly-ha.mr@gret.org:Bonjour123!
terence@365office.co:Ficon2017=
b.bekaia@adjarabet.com:qwerty23$
ph388@msoffice365.site:oktrisoN!23
admin@livingsevilla.net:Chicote202120
armalis.jonas@saulesg.lt:Nuot_shule
thuynth@truongthanh.com:ttfbd@2022
6200520003@kontum.itrithuc.vn:dplhvv.123
kgia79097@gmail.com:giakiett1@
2012024200330@alunocarioca.rio:rio16/08/2008
26946403@uts.edu.ve:Lorgame233*
1022096506:3482837
pbaran@student.kul.edu.pl:Justynka98
z214500952@taalim.ma:Rkh4iPgaGx
g146019377@taalim.ma:Hfjw3385
yamoussa.keita20@inphb.ci:Guine@224
miguel:1043435940
dqt0286@gmail.com:Korosu0286
21030548@siswa.unimas.my:Unimas!980525136485
rokzukau460@emokykla.lt:Roq78617
velez45245@cuerosvelez.com:Velez4698
ff6666482@hotmail.com:Fareswww2889
shah.fahad@ssloman.com:Ssl@1234
dina.aljundi@ese.gov.ae:Rayan@201616
yaya.soumah@edu.isga.ma:Orange2241258036@
animeclub@clubs.scad.edu:scad.ac2019
davonteb86989@mnpsk12.org:Db030608
admin@imrep.onmicrosoft.com:Tq95Lj98SPtX5i
leanda.balgobin@my.uwi.edu:19991018
galvarado@distraves.com:Distra4550.
mic808424@365office.site:Miri0511**
userfreecourses@ulcb.edu.pe:Vax61093
sjimenezm@est.ups.edu.ec:GREY1997sajm
mmquinterob@televisa.com.mx:Televisa.2022
451251986@monofeya1.moe.edu.eg:Std#051230
464699527@sharkia4.moe.edu.eg:Std#070929
awais.qazi@techaccesspak.com:prtsc@1234
gzl0210418@ju.edu.jo:G123456789*
rafsel@rafsel.onmicrosoft.com:arnar3399?
tatuape.tjsp@it2b.com.br:Kyrie0203
454341335@gharbeia2.moe.edu.eg:Std#060314
ktogbe17:20102003
arellano:Rosalia1
wwxvd@mail.mst.edu:Abcdef=123456
hezron@controltech-ea.com:nellykesh
gg61398072@edu.mon.bg:Gabi2007
000891240@mohawkcollege.ca:Nagi@2002
s6852335@rb.moe.gov.sa:AL-shqifi99
160111251@ufuk.edu.tr:1407Fatmaypek96.
geanella.quinterot@ug.edu.ec:Geanella95
16-31328-1@student.aiub.edu:Ri35635635633390
196034@nitham.onmicrosoft.com:SHREEvansh@123
472663441@g102019.moe.edu.eg:40i@whoj
soporte@traffilogla.com:Tr@ffilog2021
ce19b074@smail.iitm.ac.in:Pkcertified2503#
ejquispec@utn.edu.ec:E0401785712q
k283032597@hupes.edu.vn:K283gdqp
ayene2002@wldu.edu.et:Noz66357
j132537358@taalim.ma:Jppi9302
460193410@qaliobia3.moe.edu.eg:Std#071118
p1.ab.eaa@adventistas.org:0jrEhtHN
251672:hxMonaro253
aalhomaidan@alnokhba.edu.sa:Ff0541791662
4053@itescam.edu.mx:Hackmemo2013
shahnda.20180970@buc.edu.eg:BUC@12345
gerencia951@soriana.com:ABRIL.2021
rima.cheaito@ul.edu.lb:samaya@2020
sam123@ajou.ac.kr:samdigi0106!~#
vanja.samardzic@ingka.ikea.com:stokholm33
lbachir.oiskhine@ofppt.ma:Essaouira2008@
naumanfarooqii@gmail.com:Zidane10/
zelenayova@elsys.sk:Michalekova1979*
patelh85@csdmedu.ca:gybajuwi1506
96180216@united.edu.in:Shivangi1
r01453b@upla.edu.pe:#Faceb1#
darvaliu1388@emokykla.lt:DaVa3911
truongtorres1999:0944481252
emanuel.baez@tygvecchiola.cl:Clave2019
mmoram1400@alumno.ipn.mx:MmCRRR03
akri_etec_19@edu.helwan.edu.eg:Abc@12345
vn0144@gs25.com.vn:vin14@store
jugarciapr:DCZjay43
hugo@hiper.com.br:Tuback95
6122000:Yogeshwaran@16
kolipoki3040@hotmail.com:K0lipoki2006
ksaa80@hotmail.com:nevnen8080
202104004@yiu.ac.kr:kim800509
alfonso.rincon@pemex.com:Rayosx.1816**
ajlopez85@misena.edu.co:k4u5i8ilyko
19011598-072@uog.edu.pk:ska@0072
joaslg2127@gmail.com:Joas050303
74134636@usat.pe:Mqyy3011
453811916@sharkia1.moe.edu.eg:Std#060301
btellezdin@covanta.com:Unodostres12345
stum2016055260@ese.gov.ae:P#7GKza3FCiB
hoda.khalaf@bmschools.net:YounesFarida2013
scardenasv@ucompensar.edu.co:Sebas1000474631
awatson@matson-logistics.com:Anuj@123$
202960693@mayor.cl:ddbr1p0o
jreyes533@soy.sena.edu.co:Promo2022-1
460497001@behera3.moe.edu.eg:Std#071014
3141@aeoscarlopes.org:301097461Zy6
murat.dirim@antegrup.com.tr:GUrq31C2
453117973@cairo2.moe.edu.eg:Std#060226
z.mohammad@exakta.com:Seko@2023
directorhseq@masenergia.com.co:Ingelectronica4&
halimaritaj0@gmail.com:Ritaj2017
6623753903@pgddtcumgar.edu.vn:Cmg!1234
mayra.venceslau@etec.sp.gov.br:Carol1807
zq527@my365.com.tw:k02042822H
damianvch@outlook.com:@mad199923
ifantoni4602@uta.edu.ec:Y25z3ED8Ny
dvtho.it4go@iesschool.edu.vn:Hoianhtho@123
jennifer.munozm@alumno.udg.mx:Jessy_210899
abdullah.munawar100@gmail.com:msMeR_3f_4rLAFe
anreypad@poligran.edu.co:Amr260478.
infoiasl23@unicusano.com:Iasl.023
34603-8844834-0@gcwus.edu.pk:gcwus@123
trungdt14@fsoft.com.vn:Huonghang@1267
sherouk_a_salem2056@moe.bh:As36819115
prince@iemsc.com:Welcome@12345678
a140564@ugm.com.mx:ZIANYAS951#
dgpg@udep.pe:Videnza2016
bcklau@stu.mao.office.gy:Qazplm666
473274372@cairo2.moe.edu.eg:Et01224078849
jfgo2599@tododigitalonline.com:juan.2599
20011052@woodhouse.ac.uk:bridge500
20lash4945@ichs.org.uk:Labib20097
teams:le@S17FfJcquGUZ
abderrahim.digoug@mhai.gov.ma:Sg!dig20
s7577168@rb.moe.gov.sa:Gg#10203040
valentin.roy@myesup.fr:Valou1106#
luiz.silva1344@etec.sp.gov.br:Mercurio_123
201912057441@alunos.estacio.br:!Gt2012@
daria.horbulina@kneu.ua:22022002Dasha
j130468019@taalim.ma:xb0aLTwnNo
madgic1@mail.com:Mrgwss999
sbering@spstaniszewo.pl:Rometogar900
fetoc_optometria@hotmail.com:Robj7209
dieters@mecfab.onmicrosoft.com:07lirpA66
ajose@hsdyn.com:BabyAbi1947$
19-1-16-001520@sol-du.ac.in:Sop07169
453972458@alex2.moe.edu.eg:Std#060314
anna.paula@escola-morumbi.com:Temporaria1
50312@student.surasak.ac.th:Pechara1450
t201511842@feucanvas.edu.ph:s1J4nXR5AEz
jason@rockrealestate.net:!JT52562012
791788@aacps.org:loveisalie12
vanessa.guevara@uniminuto.edu:Va204836
bk16110200@student.umsmy.edu.:Kendy@97!
jessie.vanlieshout@edu-kw1c.nl:094109282
s2127522@rg.moe.gov.sa:A554143043k
qie@whitefriars.vic.edu.au:edward3128
liz.zamora@educacion.gob.ec:M37eqyrg*
yogi@office.itb.ac.id:Rap05505
ahmad.faour@lau.edu:okaykaykay.11
jesus.alvarado@raura.com.pe:RauraMinsur2015
2016231281@unfv.edu.pe:Chamijpchavezm59
claudia.faundez@usm.cl:1Abrapalabra1_
64710012@my.buu.ac.th:Thep!110
pvnc.prepj@gmail.com:PVNCPJ@4EVER
u069034@bca.co.id:calvin0522
jakub.sedlacek018@skolavdf.cz:IntelcoreI3
seowoo.park@student.sph.ac.id:g3sphseowoo
eman.131521@t1.moe.edu.eg:kamika_micro123
jheger@numerique-educatif.fr:Baleme&1
alessandropaiva@id.uff.br:Al04219418121
457748629@sohag2.moe.edu.eg:Std#060806
kunnawuthm64@nu.ac.th:nu867230
hjal1391@kk-skoler.dk:Vct62txd
ak086833431@edu.mon.bg:gb}e8LsR
saher.kashif@skbzaps.ae:#saharkashif123
wuy67104@educastur.es:Bucefalo1a
fvivas@avalora.com:Exceed60
mahmoudm@codevalue.net:DybalaJuve!0
35791256@chancelightedu.com:Snickers5
mostafamazih.00@gmail.com:@Mazih2020
1558719@sch.moe.edu.eg:Emp#123123
barauna@gmail.com:Pastel_19
aperkins669@student.msjc.edu:three-cools13
2018-1542@uteco.edu.do:jose6564
info@awakish.com:Nikhita@1123
pr56885@student.vit.edu.au:$Ade26P4291
wimran.zaludin@s.unikl.edu.my:Nuttertools43791
s4465302@estb.moe.gov.sa:Nn113355
darv@1cnw.onmicrosoft.com:Cdzpyjq27815692
s9861710@mkhg.moe.gov.sa:aA@4268512165*
ozgurkaraca@gtu.edu.tr:Ka16232
a22004900@alunos.ulht.pt:ZX805ihe
support@innenleben.co.at:Rap03729
rajnish@wk54r.onmicrosoft.com:UN947694#m
mido9282@outlook.com:Sameh123
p991006:P991006
421617523@nablus.edu.ps:raneem#12#
ett@myfox.fr:myfox14789
616283@fayoum2.moe.edu.eg:Emp#660415
3630308153944@qaed.edu.pk:Mul305565
tcorrea@novared.net:321321.aAA
450962380@sohag2.moe.edu.eg:Std#050905
davi.nolasco@p4ed.com:Sm9r2d63j5
ruibastos.ext@dstelecom.pt:dstelecom
dqv1-valencia@otlsolutions.es:Amzl2018
33441@princeofwalescollege.lk:Githmal@grade5
mshuynhanh@ngocanhthu.com:Ngocanhthu@0909
kingf:B0109035400083!
ikinwot:ezekiel
cn183@tuxtla.tecnm.mx:Acuario2003162701VC
banana.mahosod@gmail.com:Rung270720
yusuf_bakici@tarsus.edu.tr:yusufbakici2002
2018me320@student.uet.edu.pk:Humza1234
442078000@alex4.moe.edu.eg:Std#030222
sshrivastav@argustech.com:P@rr0t!sRed
floriano.grieco@outlook.it:Carlo2108@
p7638@fidelitybank.ng:Application@123$
alexis.cruz@cfe.mx:cuna721105/2020
jason.wilson@firstgroup.com:Diablo12
mju6419101009:Mantana003637
ricardo.santander@alorica.com:Samsyren170501!
447109588@alex4.moe.edu.eg:Std#050201
urvishpatel2827@gmail.com:Jaymataji2827
16561@pmmv.onmicrosoft.com:Welcome@1234
maja.baric@syrmia.com:@vremezivotaiSmrti6
s119778537889@mkhg.moe.gov.sa:11P@s78sW0r4926
bsangani@encore.bz:Hub82599
20067000@student.stcg.ac.uk:Jolanta12
e1313954958@live.uleam.edu.ec:Mvsb199910
3201816764@alexu.edu.eg:Aa@29610290200255
wardaashraf1993@outlook.com:healer.962
fdflorezp@udistrital.edu.co:w6Rve50hKeub
22126704@bucks.ac.uk:Raluca2022
std145597@ac.eap.gr:Eua@Isidora2006
800072@welingkar.org:Abcd@1234
w.guzman@urepublicana.edu.co:Nico2006
memad@ball.com:Ball#123
2054040013@sv.spnttw.edu.vn:Nuae1234
24027@musaeus.edu.lk:Isnahes*765
erick.duran@medellin.edu.co:Edm1021807610
211218@lasallecancun.edu.mx:Reyes1212
a20a2181@siswa.umk.edu.my:nabiq123
olo131@o2.pl:@Zacisze936@1
gmeliyandoko@snv.org:BiggerBetter1
8949778815:599143201
ajbalaji8@ajso.onmicrosoft.com:wxwf+n&H'eR2.=~
kk44177765@edu.mon.bg:qG1gQ2HgF34$
vm212468@alumno.udb.edu.sv:Viote309
u201910745@upc.edu.pe:Carlin2001$
f.franquinet@fblasalle.fr://AZERTY123//
esraa.hamed@gu.edu.eg:1612020E.h
rafael.calderon@uamcr.net:Tjfenb60
wesley@55rbjj.onmicrosoft.com:Madrelaguna@100
gilberto.serrano@inegi.org.mx:2020Enero
cesar.meza@pe.gfi.world:Hundred2021
nma@lg65.onmicrosoft.com:Elmijoesjoto1
458929095@cairo7.moe.edu.eg:Std#030820
a6082@ioffice.plus:c4200w25ac
luis.rocha@scml.pt:Mr.0519@@
20-42773-1@student.aiub.edu:titu-191635@
ltloi.hb@hcm.edu.vn:Gi@o220303
mifu@cypress.com:Nai8uller$
gold8644515@gmail.com:Aa123456
202223016@uns.edu.pe:Pedro123.
f130273537@taalim.ma:Zzsj2657
rpadilla@dibeal.com:Padillar2020
s7599506@estb.moe.gov.sa:Hussain2067
jefe.brasil@comexa.com.pe:MXsfp709
jaychauhan007:Bapsswami00$
alfredo.hermosillo@datateam.mx:716284ApAche
raquelsvidal@hotmail.com:Fakee159
emma@my3c.tv:Welcome123
66660769@u.icesi.edu.co:jOHANNA12345
462744543@sohag2.moe.edu.eg:Std#080801
74@qsmb.moe.gov.sa:rCqF@zd3WrCqF@zd3W
42011552@sfcollege.edu:Mipad@235
kairawee.t@th.fujikura.com:June0861385805
980999@mec.edu.py:CENTRO.lapaz999
a23983@aecanecas.eu:Moloseima@
mtkashi2@cougarnet.uh.edu:MtK.598354
hmibrahim128@xams.just.edu.jo:Hethooma1994
https@3ygcs0.onmicrosoft.com:wEn!u~d!4+n2'Lj
imran@woamaldives.com:Online@Woa123
ricardok569@outlook.com:ALcl2606
deaky@deaky.onmicrosoft.com:MAte5550=
juha.reinikka@kvl-tekniikka.fi:Kielonkukka6
2446396@students.wits.ac.za:MiliMes325.WI
jjgabriel@student.hau.edu.ph:Gab.10302000
rusmini@smkn1-rotabayat.sch.id:Sebloh212
26927370@psm.edu.ve:081098saia*
lebora@sbcbatangas.edu.ph:Facthard1
20220532@nileuniversity.edu.ng:Passwordviva2004###
yesicajimenez@fundapec.do:Yj40214617686-
eleanor.parker@ultatel.com:Vav60528
487261805@qaliobia3.moe.edu.eg:Std#851010
6352300448@stu.pim.ac.th:6352300448
ch.michantasis@mc-class.gr:xristosmichantasis1992xm
romantomsa:ww3e6uzpRrHEwYN
ghasal:Kacamata24
z5097498@zmail.unsw.edu.au:17Fatboy!
dlesmana@learner.nexford.org:Cyberd33
renato_gp@hotmail.com:427723ftzd7bic@
angel.cantusnt@uanl.edu.mx:jxtx4T6p
taher.masoud@cleohc.com:Tm.102030
it.bue@geo-park.com:Pelusa10!
odbayar.b@tsetsee-goun.edu.mn:Odkus123
vezina.glen@gmail.com:Iamgod316*
b-rebovi@microsoft.com:Julian13118
ifall021@gmail.com:Latif129
202102827@stu.uob.edu.bh:030610575
26664009@uts.edu.ve:McDani*29009
17wareev@bradleystokecs.org.uk:Evieware!!7
lalainejoy.garcia@cvsu.edu.ph:Lj.01282020
mru00006644@trac.astra.co.id:S3r@S3r@
th3759@msoffice365now.xyz:Sangabriel.03
direction.globaltech@gmail.com:Warrior77
lnmfxefr@lnmiit.ac.in:baBu2019#
202208646701@alunos.estacio.br:Robi26/11
cory@reverseadvisor.com:AppsbeeJay@1
haralds.melkerts@ds.edu.lv:Xad05210
lujan.ferreira@ctj.edu.py:Lf5880084
10004177@opensis4us.com:Sux47799
jalegriae001@alumno.uaemex.mx:Airbusa380
kshah088@rku.ac.in:karan@675
attharv901028@npsmysore.com:Attharv@@(
s7900324@mkhg.moe.gov.sa:Ayman1400
martinez.alexis@hotmail.fr:lorelei54
andrespaez@upatlautla.edu.mx:Tav14897
454817373@qaliobia2.moe.edu.eg:Std#061203
younes.ettouhami86@gmail.com:Sez@r2016
15256220712@163.com:chuliQn235564
gpassarello@buenosaires.gob.ar:Rojo2022
beatriz@725fvp.onmicrosoft.com:Cristiane.21161970
admin4840004@medle.mn:Bayn_ebs
jj.barrerau@fmsnor.org:Maristas20
m136146361@taalim.ma:Youssef123
maya_rona2000@live.com:Emp#780219
claire.lost@mineuniverse.xyz:@nelson123
u21222183@utp.edu.pe:74079882
mgutierrez@minvu.cl:Captiva27.
hamzaa2@state.gov:00Maradja1122@aly
xxxdlegoxxx4:12345678910
2686982@formacao.iefp.pt:iEFP22011986
ownerkey-m:Waleed554544119
yasin.42au@hotmail.com:chs*123123
s1841096gq@s.chibakoudai.jp:vtke63px
maryam@homesandbeyond.com.tr:09128586467
smironiuk@szkpodst9.pl:Sofisofi.pl123
j133084796@taalim.ma:Fcifherppt1
474278806@cairo1.moe.edu.eg:Std#031116
1057586812:y$D3mk0_5Hw84yA
446312610@g102019.moe.edu.eg:6la@vjqk
65212304@mylife.unisa.ac.za:zjp17VOS
m.miranda@evolsystem.me:Cuta5615
mukul.dhall@acelerartech.com:MSforever712
mihajlo.injac@skolers.org:I08#m@15
100109274@cientifica.edu.pe:@Lexis21478963251230
100026126@arts.s-mu.edu.eg:Znk4636#
egjin:#eJ5h5$6_9*GjKp@
ense1024636@tarbia.tn:pb383da8$NV
ym2021-2792@uce.edu.do:LeeMinHo
61081@cgcjhanjeri.in:P9877845588@
2018989093@ses.yu.edu.jo:yaser1f34$
melany.moyav@uhispano.ac.cr:Mercedez.24
chase@arzoumanian.net:Healing85
599839@student.pasco.k12.fl.us:Avocado2019!!
e22cseu0483@bennett.edu.in:Bennett@#898634231
19316:FMc316g
huan@netwealth.com.au:LMH@2210
m145081425@taalim.ma:QMKbroXqrF
vungo3083@student.vus.edu.vn:Vu$@3358
csegura@deming.edu.ec:Amada.1984
qa1b@msn.com:5020806Fy@
j137359535@taalim.ma:Lam28112004
430300772@hebron.edu.ps:43030.ed
a0496@aofoqe.com:Ibra@1994
d.mezurnishvili@kdvm.ru:AZ636dato$$$
bp@licence-klice.cz:PolgarA8890
20b1num1061@stud.num.edu.mn:20021005
rotellamw23@mail.vmi.edu:ShsBazinga3!
elvis.puntigam@ms1bruck.at:Hase1199
robin:anaP2099016
vojtech.kliner@zsoslavice.cz:Bas02725
20812019100323@eng.zu.edu.eg:ar610372001RANDAALI
nyaradiviktor@reichsuli.hu:Balaton123
paulina.soroka@ckziunr3.pl:zima1234XXL
1923@aminhaescola.pt:Baquiz2010
kcagiran20@posta.pau.edu.tr:FD5ERK9?
t305211@jb.moe.gov.sa:Qaead050
445739473@cairo2.moe.edu.eg:Std#040125
rh@albertonitransportes.com.br:@R#h2023
kchristmas2608@mylincoln.edu:11268332608
pritul.saini66@qmail.cuny.edu:Pritulbn63
maintenance@southsideobgyn.com:P3rfectFit!2016**
t596796@mkhb.moe.gov.sa:Mass1234@
emilio.ramirezc@utadeo.edu.co:Elaspero1992
luis.urrea@sag.gob.cl:MagnificaIlusi0n
ankur.tripathi@jadeglobal.com:Welcome@123
mcallev_cb@est.emi.edu.bo:But72502
3186652@t1.moe.edu.eg:egyptM@e3186#
alesspark02103@outlook.com:77715Velasquez
harry@hjft.co.uk:Faith0107@
coneycomas1@coneyparkperu.com:Rud59033
a010138935@my.uvm.edu.mx:Manuel.2624
nikolotobiobioba:cola888j
itsarachai.l@kasikornbank.com:Its201726
edku05821@student.su.edu.krd:Ahmad@@11
a18608@emds.edu.pt:Ted97033
danulasandeepa3@gmail.com:M.63s~rbpuA+TXh
participant15@paf-iast.edu.pk:password@123
jayvo23@llmw.nl:Paling81
tisetsomosala5051@gmail.com:Tisetsomosala@gmail.com
devdeep242:devdeep123*
f136126438@taalim.ma:ELYAMAMI123m.
tolima@defensoria.gov.co:Tolim401*
f1314000545@students.cud.ac.ae:fa@311295
mohammed.kaouachi@ump.ac.ma:Kaouachi785
462689636@luxor1.moe.edu.eg:Std#080126
lukole3999@edu.wroclaw.pl:Lukole57
ph06souza@gmail.com:Pedribatata@10
kacper.angel@sp11wejherowo.pl:KA123456789*-2008
antonio.mejia@espoch.edu.ec:Markito0984823839
hamed.2802498@t2.moe.edu.eg:egyptM@e2802498
parrotcitylights@outlook.com:Phoenixys0077!
m_tahir@utb.cz:test@123
zhenghang@protonmail.com:Beijing2008
454460468@luxor1.moe.edu.eg:Std#061001
emilh@softtrans.net:Aaleeyah1992
490701069@alex4.moe.edu.eg:Ali@#01063
hasantiago@corridorgroup.com:Happyfour20
409764562@giza6.moe.edu.eg:Std#030601
455301048@qaliobia2.moe.edu.eg:Std#050430
nghianv@itu.edu.vn:2906@Nghia
22020801029@ismu.edu.tr:55126565476
smuthukumar@hcl.com:Yethuku@123
daniel.baca@polygraficka.sk:Machedons008
sagarec@transfunnel.com:Suriya@123
u20224697@utp.edu.pe:JuChi*.1*.8!
s8017742@mg.moe.gov.sa:Danaa1413
st-1900274@e-arsakeio.gr:mgo24e!!
n.mohan@criteo.com:RMTS@2022
ha.dang@buffalotours.com:Hanoi12345
ibrahimwattoo33353@gmail.com:w2ogumti
tatuape.tjsp@it2b.com.br:Tatuape257
a24542@esenviseu.net:juninBetoneira123_
barbara.parfazi@publika.it:Travelling1104+
19418aniketsharma@dbnajmer.com:student@123
232091532@ogr.uludag.edu.tr:08310702Bb
stum869543665@ese.gov.ae:King2565
d20c1255@educacion.edu.do:kjr1kf@
cpareja@farmacorp.com:03Cepacha
462914289@sharkia3.moe.edu.eg:M1234567m#
2018-1826@est.itsc.edu.do:Rmcc-061982
1118537@student.edu.az:Uuh41019
vw80031@student.uph.edu:Gvswvalen1911
425792@echnaton.asgleerling.nl:JustGerard123456
death_slayer29@hotmail.com:Galdo691
welligton200@hotmail.com:Coroa11981543367
youmarcotrancs@gmail.com:victorhugo1998
w213778574@student.hccs.edu:Dorisa!42878
459447547@sharkia3.moe.edu.eg:Std#071010
karim.soussane@taalim.ma:AmineAmine@@@@2010+
renan@softeasy.onmicrosoft.com:Suporte1910
mzm069@student.bau.edu.lb:Rania2017
1030215601@erciyes.edu.tr:A4538770.aa
rbehera@naiacorp.net:Mdivine2@
l133105749@taalim.ma:Jndb9893
2816546@sharkia2.moe.edu.eg:Emp#760312
jvisbal@confianza.com.co:Actitud1958+
mylopez@registraduria.gov.co:Lahormiga1405++
marcke.romero@unah.hn:MRunah2019+
jtegueto@ibero.edu.co:TEGU1491*
a.montagnani@gsr-technology.it:Dod46252
chonticha.sr.63@live.ubu.ac.th:Jahaha88
kristartari@schoolplus.it:0KJbHar4X1
kabrusseau@croslex.org:o613oVw
194016@student.duet.ac.bd:Shuvotanni-0
tolmakri999@battlegroundps.org:kt126149
anhduc.envang@envaco.vn:EVACO123@
s442009152@st.uqu.edu.sa:1233210606b
gfanelli@maiora.com:Despar1234
fer_290@hotmail.com:Joaquin1403!
chbani.mohamed4@ofppt-edu.ma:pass0000*
1830699@std.hu.edu.jo:Noor#660
116225@ids.rmutt.ac.th:Ids197858
giacomo.novalli@liceofermi.com:Giacinto51$$$
mmibrahim@pis.edu.eg:Moh26693
s3478544@mkhb.moe.gov.sa:055916Nn
audrey.miranda@stisd.net:Imam6557
fiscjuli13@borg2700.at:Jusetomo1
rebop663@hsd.k12.or.us:rebo6632032
p135488086@taalim.ma:mohammedronaldo246@
renan.magri@claro.com.br:OoW$FEa7Ufo!
contabil@millennium.cnt.br:Mc@685050!@#$%
a2@popeea.onmicrosoft.com:123sel78S
marcel.osciak@gmail.com:guwno098
t_e_fredriks1@hotmail.com:Munnbind123
iseghir1@stu.vistula.edu.pl:MadkSuo94
ayesh@universityandstudent.com:@gotohell
464078951@alex1.moe.edu.eg:Youssef@#7
410007943@sharkia1.moe.edu.eg:Std#021208
2110280@sue.edu.eg:Cah93879
151628@alhamdanyaschool.ae:Xop86738
202210471@stu.meu.edu.jo:Aa@123457
a219204198@unison.mx:lH2mvjatvx
anurag.17bit1109@abes.ac.in:Anu@anu321
d132080859@taalim.ma:Tdfdg2833
f.yousif@aawsat.com:Monday2021
naeem.1672854@talmeez.pk:asd@13502
orow4727@uni.sydney.edu.au:Jasper23
adevito21@odea.org:b4OtgdEy
jjaweed@almahmal.com:Won97125
u22310197@utp.edu.pe:Inversiones.8
achrefnawali23@gmail.com:2641993Nawali.
kendy.truong@bureauveritas.com:Pppp00000@
299981@monofeya3.moe.edu.eg:Emp#701026
essam.2820679@t22.moe.edu.eg:Omda2466206
he_elas21@xkx.me:Hichamov90
martelland@cecytepuebla.edu.mx:ReS_2021_1
u202222078@upc.edu.pe:Alita@123
jufruiz@bancolombia.com.co:Forcepoint.123
s3861683@mkhb.moe.gov.sa:Z1xc2V707
edersonodorizzi@edu.univali.br:egbo1007
13307863@sch.moe.edu.eg:Emp#730313
info@tpc.com.qa:TPC@74781717
app.dzscc@nascans.com:Qwerty12@3
j.costa2@alumnos.santotomas.cl:Jorge2131999.
sami.atik@ogr.altinbas.edu.tr:Samiatik33.
408278619@sharkia1.moe.edu.eg:Std#030101
myomyozin@tum-mandalay.edu.mm:Myozin15
info@accademia.com:Arv48l!g
23717488@fwc2022volunteers.com:Na13hla..
niall@montway.co.uk:Sunshine100
sg43357177@edu.mon.bg:8Bnomer23
mbarek.fellah@taalim.ma:moujanKHADJOU89
melvis.alvarez@psm.edu.ve:MrS27.969.
2023_a03_12@quangoai.edu.vn:Khanhduy2005
munkhnomin53cg@medle.mn:iiOJ236601
5626@redsea1.moe.edu.eg:Emp#710923
iva.batista@ebserh.gov.br:171473Wu*
bentoncar@wcsdpa.org:Pcqy99RQ
s4963389@studenti.unige.it:GEnnaro17!
ialamin63@gmail.com:Rawan@14
0081177@feevale.br:Pe33827.
450470429@giza1.moe.edu.eg:Std#050316
macalarcon13@alumnos.utalca.cl:76002848Maca
p2206189@parent.lsts.edu.vn:ph@03062023
ul0270215@edu.uni.lodz.pl:Bilmayman@2003
d19012@365i.team:aksg@220713071512
hergift.pazziuagan@iqor.com:Pazzword@#$01
a209204322@unison.mx:Lushram49
ap63991803@edu.mon.bg:kukurukuSfustuci6
amelia.silva@bwstaff.de:Microbiota-123
mmouhammadd@gmail.com:Faye2039
k272284967@hupes.edu.vn:K272gdqp
elhoumourrachid@gmail.com:rachid@123
azzougnassim79@gmail.com:Azzoug123
yoshimar.garram.94@outlook.com:Garcia9418$
artesandyreyes@gmail.com:lchsky#
co.chicoloapan@cecytem.mx:ir7105cI
mottyi@hastingsdirect.com:Kiko!Ushi314
3470333@fiamfaam.edu.br:qd311009
bisantisilvio@gmail.com:Pa66er0tt8
61040901114@365.udru.ac.th:Wara1114
a930038543@my.uvm.edu.mx:Al11012002
2063216@fayoum1.moe.edu.eg:Emp#820101
tmyska.21@ohradni.cz:mys.TAD23
angela.leon@icbf.gov.co:Colombia.2022*+.
hanh211410786@lms.utc.edu.vn:HoangHanh2k3
husain-e.alhosani@ese.gov.ae:A5zx2345#
suayip.tekin@gmail.com:Ramlah2021!
rgole@impactiva.com:rcg_01007130333
materos@correo.uss.cl:Eyxu9380_
23-101342@students.eui.edu.eg:Yt1052002
matthew.abela.@go.com.mt:mcast33495
enzo.carvalho@uni9.edu.br:Ara846321%
lukasdurcek14a@zsmojzm.sk:Lac01153
191977@qaliobia2.moe.edu.eg:Emp#579918
isabella.madiedo@aspaen.edu.co:Imadiedo.46
felipflash@gmail.com:Pompier06
rmander05ksgc@wfgmail.ca:Phallewal&249994
lquesada20179@ufide.ac.cr:ldqf..1791
shahn@sbjgroup.com:Kyung901!!!$
nayely_violeta@hotmail.com:naye75851217
bruna.moraes@claro.com.br:Diana.2606
brodrig@cilnet.pt:CilnetCisco
450734134@assiut1.moe.edu.eg:Std#050914
08hornsby@bisr.com.sa:!Snake490
s7005156@rb.moe.gov.sa:Rayyan1983
mc@muninconsult.com:Wof58812
ruhaifi.ismail@hkbnjos.com:Epi0193558100
jay.tractors@tvsmdealers.co.in:tvsm123$
m.maj@sp182.elodz.edu.pl:2008Maks!
834792@gharbeia1.moe.edu.eg:Amr$30170$
tjc@5yw1vw.onmicrosoft.com:A350-1000is7654321
bxef484@365office.site:Kym2202!
454168691@sharkia1.moe.edu.eg:Std#061001
samc_xr07@student.itstep.org:S0T9pE10
th4382@o365th.com:Jakapan2Stz!
7895975849:anushka13
nizarbalenkidoel10@gmail.com:@Nizar11
matheus.sales238@gmail.com:Mtu1995@
hasan.magdy_a811@pt.kfs.edu.eg:Dox21178
uideveloper@junept.co.in:Front@2020End
s2222001358@uhb.edu.sa:2202956997@uhb
202102277949@alunos.estacio.br:AK2022K@
411200018@cairo3.moe.edu.eg:Moca@#$240
s8287978@estg.moe.gov.sa:qazwsxedC1010
borys.pedziwiatr@teb.edu.pl:OptixG27C4
kbialek@zs1debica.pl:DorotaBialek03
454668466@qaliobia3.moe.edu.eg:Std#060316
t.afana@unrwa-edu.org:0599673268TS#
aeroporto.xap@voeazul.com.br:**2017Azul
gr1c.elias.slaiby@asg.edu.lb:Yod91634
s5265729@mkhg.moe.gov.sa:Leeno2011
student2@phoenix-one.com:Juh75961
tiana@ppzi.onmicrosoft.com:Office@365s
t292977@azharonline.edu.eg:2Wf@2977
bay103@posta.pau.edu.tr:BaSaK.3424
lynneker.alves@ics.ufal.br:Lynnekerpt95
9179960999:vaibhav@jain
464163879@matrouh1.moe.edu.eg:Std#123456
sogarcia@kleyhertz.com.br:Ninaesa2019
mohamdazhari.azam@petronas.com:AZ@ADout140721
shahbaz.khan@inboxbiz.com:Pakistan@321
mmerito@myjmc.edu.au:30091990
truong2anh@m.yoffice.net:188612Abc
2276948@bdeb.qc.ca:aKham2005!
sava.stoimenov1@gmail.com:50wtmz00
4826740432@danang.itrithuc.vn:7lAE6B04
42017171@hti.edu.eg:asd26842684550
l19450506@zacatecas.tecnm.mx:P3r31r4.$
thuhtinthit@starfishedumm.com:Vud36665
gurwinderhsp@outlook.com:GUri@3818
prishika@usp.ac.fj:password1995!
douglas.yu@nirogroup.com:East3r1@#$
216968@ccboe.com:Parchment2636
cernamartina016@gmail.com:Qwerttzuiop123
eamejia@sena.edu.co:Josedaniel12345*
samid2108601@st.jmi.ac.in:Soniayaz7869@
450121771@qaliobia3.moe.edu.eg:Std#040826
10031213@christschool.ac.in:UBxJ51SE6119#
matjazp@mmcsi.onmicrosoft.com:Buf59374
rscvieira@paschoalotto.com.br:Rs123456
449925734@qaliobia2.moe.edu.eg:Std#050721
yeenuemman.ngoa@cit.edu:Dondothesupamida123
noahstet@gym-gleisdorf.ac.at:k7W8Ltb0
adduarte@uts.edu.co:(NLA72D)
cleitonm-silveir@hotmail.com:692718Aa.
kadkins0003@mymail.lausd.net:muir8354
mahafeki@marun.edu.tr:xiexie@@99AA
ksr@365office.site:robottino.max32
h.ibrahim00484@art.dmu.edu.eg:hendibrahim.2020
20150126@student.ianz.ac.nz:Harjot123
cruz.johnmarc@mdc.com.ph:P@ssw0rd01
edu-sup-rydb10@moe.gov.sa:Ah456720
ab2621@gnvsk.lv:Kingunder26
m134267425@taalim.ma:Zoro@2003
pb15296659@edu.mon.bg:Ep268069
graham@grahamparkin.com:W!%7yaHFd8j@Z4
renz.delossantos@deped.gov.ph:@@Bushbaby24
tbrun@my.gcu.edu:081001Tpa
451595910@sharkia2.moe.edu.eg:Std#051027
wojtasdawid@sp1chrzanow.com.pl:A1bc234l
477566415@behera3.moe.edu.eg:St@#$22334
al76953@alunos.utad.pt:WBL4WKABdop7oUn
andrea:g5VgKZsHg23PU6a
ysti@schools.vic.edu.au:Redkill123!
cam1008691@est.univalle.edu:6deOctubrede1998
b2758@n365.me:Escr@adv#2022
newvideocorporations@gmail.com:AA@@11()
20021583@student.lambeth.ac.uk:Barbarafrasson_123
3_202213156@alexu.edu.eg:3_202213156@alexu.edu.eg
mlasa@mondragon.edu:A10-thunderbolt2
0919633594:Macias2011
mghouse@artharealty.com:Ammi$4525
santos@metco.com.sa:Ac_123456@#
sdmedina@cougarnet.uh.edu:a5n2e5tAB!
erik.leqque@ucsm.edu.pe:Erikleqque.5
8770908678:maafkaro
lcuyubamba@senati.pe:Alv@r1t02021
20191045@nuv.ac.in:Rajesh@3011
mo.elabedaly@madina.ac.ma:madina@645555
rita.t.hojeily@net.usek.edu.lb:2G!DjWEv
jakmaj.465@edu.erzeszow.pl:Kuba.Majder123
mudassir.rahman@systemsltd.com:Mudi2@faulaad1234
juliana.santos@idp.edu.br:idp@1234
f2030@aemgnascente.pt:1423jpl_Anita1
ebram.abadeer@xceedcc.com:Peroperopero12@
a12003928@alumnos.uady.mx:Papaleta2
paloma.arias@alumnos.uv.cl:ka-co_123
o24804@365up.club:Sujuelf1314
per.kraze@mbvfcombera.de:53$nickers75
31915150173@std.bau.edu.jo:Salem.12345
141672@wvoranje.nl:g6W9UuQr
pra0041wtebaev@msev.gob.mx:AoD#AgC2212
a32017@365site.net:DSArquitectos1843
e4545@tuvch.mx:Sog70258
rejane.valerio@seduc.go.gov.br:957299Ric@
krce2585@krcot.onmicrosoft.com:Art001art
856328@aacps.org:20101013
dquintero2602@uta.edu.ec:DylanQ2023_
khenderson@drapersacademy.com:Cokaaata04
20180354@stud.fci-cu.edu.eg:@ysel9121314*
t38410@tvv.ink:A303025w
randymendivelso@sanchobbdo.com:Jng@@90.px
admin@stratalogistics.com.sg:Strata729938
samriddhi.gupta@s.amity.edu:M@7C1F17@1
leticia.mendes@uva.br:7Nikkisept
vi.basaure@duocuc.cl:kn8mhJspHsr5
kakouch.hamza@ofppt-edu.ma:AZQSazqs**12
ymarquez@diconsa.gob.mx:20Inf0rmatica
460042656@behera2.moe.edu.eg:Std#051203
17pg01@students.muet.edu.pk:JuneEnju80
it20182878@my.sliit.lk:Tharusha19465%
islammohamed@centrogs.net:Centro@14029!!
regina.breland@cfisd.net:August6918
8a220@thcsbatrai.edu.vn:Ray48338
zok@crone.com.au:ZoCrone1101#
sang@vinacbc.com.vn:Lethianhtuyet85
s8515779@estb.moe.gov.sa:Ob159915
ridwan.a@mikano-intl.com:123456Ri
morehb@ucobank.co.in:Moreh@3273
yjj2319@email.vccs.edu:SbpKDa#8
w0489889@campus.nscc.ca:Oluwaseyi1
l1f19bscs0159@ucp.edu.pk:Hassan123@
inunez@seidor.es:seidor2010
promociones@latina.pe:Realizadores1
460689270@minia1.moe.edu.eg:Std#070825
misam.k_wsd@gemselearning.com:Bugdawi3
evillalobos50046@ufide.ac.cr:Ydde142099
luenart.kh@eastern-groups.com:Toy9398@373
4203@aug.nu:Y@Ri2002
1384166@senati.pe:Tx4F$hRa
21dh711880@st.huflit.edu.vn:Khoi@862003
451993571@luxor1.moe.edu.eg:Std#070601
0000717511@alunosesimg.com.br:Gm@09102007
ut102@13.a1p.me:mocho1.0
devika_surendran:Devika@121
marciosilvafelix2018@gmail.com:WPjkf640
450917556@qaliobia3.moe.edu.eg:Std#050917
juli620z@undervisning.kk.dk:vfq23glz
juancarillo@gsmep.com:Snake1983
170904039@live.unilag.edu.ng:Dreezzyj23
dudau.lorena@scoalazece.ro:Scoala10!
mturley@mdltechnologies.co.uk:orangeBo@t88
sutisna.wijaya@iconpln.co.id:@#sw_1707
s230315@med.ninu.edu.eg:Zah63481
ta.thanateekul_st@ms.tni.ac.th:2213310358Tni
deniz.sengul@isik.edu.tr:19273757450
mohsina66@outlook.com:e_TZYmK%U.s88C%
crojas91@unisalle.edu.co:Warriors3*0
fernandotarkus@live.com:Frs273030
9751027976@jolearn.jo:Moe@0123
julius.pensotes@smcl.edu.ph:Greenninja15
6410-ri@apgsws.onmicrosoft.com:Mylava@1
willian@cursosactive.com.br:Londrina123*
p122494@rg.moe.gov.sa:Aa0553554465
yanerysmarileisy08@outlook.es:jeanfrailyn06
r130132309@taalim.ma:Vvvj4686
s4117275@qsmb.moe.gov.sa:sHmookH7033
annamary@smatrinitas.sch.id:Apaaja123456
202307592668@alunos.estacio.br:710196@Ca
473516669@behera3.moe.edu.eg:Std#061213
mercadeo@casaarani.com:)M'7X.grKgjY(k#
robika1@sulid.hu:Robika2009
445928575@sohag2.moe.edu.eg:Std#040101
allozamo@uide.edu.ec:Anlozam2814
sergio.rocha@goldentech-e.com:Golden2014
dia11289@diaestudents.com:Changeme@2019
kacperploszka@sprogow.edu.pl:Ebr39fh199
madelyne.miranda@utp.ac.pa:Bombom1727-
teodorbilqnov07@30su-bg.com:Dac14647
miguel@grupomr.net:Grupo.MR.mi
ianagbogu@feu.edu.ph:Cabicona0611
p9313410@estg.moe.gov.sa:57P@s27sW0r5051
s5097468@rb.moe.gov.sa:0554107575Aa
al341438@edu.uaa.mx:Aldo2006
metal:tears2468
jbaker@novastarlp.com:N3w3ma!l
mkopoi2@collin.edu:Freetown1
givi.birbichadze@kiu.edu.ge:Gia10asm10..
parinas1991141@ceis.edu.ph:Anthonychooksy1111
nerc@ceme.nust.edu.pk:Ma@#ceme4355
cruce:Alberto1
dylanc522@alu.bue.edu.ar:jirafavidabuceo
naciri.jaouad@ofppt-edu.ma:Jawad2000
422236430@tubas.edu.ps:Moe@42223
thecuong0@onedrive5tb.com:Pol1star
gh11563485@edu.mon.bg:Zy602382G
p03286@plearnpattana.ac.th:Cyrus1911
64040427133@365.udru.ac.th:Srwut133
s5415773@mkhb.moe.gov.sa:Wafa1411@
anreypad@poligran.edu.co:Amr1978*
feri8928001@jatengpintar.id:paijoOTO2
dawood.shamsan@iryemen.org:Morningwalk@54
adil.ziad@mawarid.co.ma:mawarid@2019
com.bs.21.210109@aics.edu.ph:Officialjiggs01
tri.207ks33571@vanlanguni.vn:VLU10042002
p140097715@taalim.ma:Takichi1985
abdellalimajdoubi@gmail.com:Aucr8227
mbi_north@multi-linegroup.com:mbi_svs2_0018
20211003300770@pucgo.edu.br:ziul9589
etu_oukhouya.hamza@emsi-edu.ma:BEENason04
isaac.garzasrz@uanl.edu.mx:LzV6EofV
halehmannp@unadvirtual.edu.co:Matthias2017
fnavarro@utb.edu.co:J#33mlaGBtxm20
10922548@cc.peralta.edu:@Jakeobolo2015
l1f19bscs0178@ucp.edu.pk:danish123@
lamortdenono1@gmail.com:Cyvago(7
apimentels:lim@SUR2022"#$
chutikarn@netbay.co.th:Ratirat.14
db24371265@edu.mon.bg:Mitko421
457366675@fayoum2.moe.edu.eg:Std#070212
salmendraram@outlook.com:reyan25
vilma.huanqque@ucsm.edu.pe:29-marzo-21
christian.ananga@snh.cm:0Liver@19710503
c6305@theoxfordcbse.in:Darshana1304
iedeldique@sedbolivar.gov.co:Jly+8612
2020020174@unapec.edu.do:21032003
mela.sciacallo@outlook.com:Intermark@123
admin@hdebrand.fr:15799751Hu
karamjit@ecedpup.ac.in:Par37085
576658@cjuhsd.net:41973Pwd
nsacha@sp144.pl:Ns144.5a10
624793@fayoum2.moe.edu.eg:Emp#730125
aayushi.sanghvi@the-bac.edu:Aayushi11!
filip.frackowiak@eduges.pl:ruB&t3LL!
s4540873@mkhg.moe.gov.sa:A0532853970a
kassa.abate@amu.edu.et:F&K13243546576879
xl@andrewphillips.co:LXDwhy123
gama014919@esoft.academy:Jab53279
tecnicofisio07vs@aosshp.org:Fisio2020
2945534:Worldmedicalcare1**
nipuna.f@outlook.com:h1YJL02M
info@smartandsea.it:Smart&Sea22
walemeim@fis.edu.sa:Arar@1400
411884902@qaliobia2.moe.edu.eg:Std#031205
amiqueo@ext.sancorseguros.com:Sancor12#
h110038796@taalim.ma:othkoss+1
rayen4408@gmail.com:Moe@2020
veronica.pazminop@ug.edu.ec:Vuh73009
sontran1@nashtechglobal.com:Hvn654321
jamesorvilledelan@dti.gov.ph:Cardpuppet01
3727@colegioparque.edu.es:Trufillo2004
it_adm_mfr@zfv.ch:PizzaMargherita!!
uc2013151711@student.uc.pt:Amote666
manuel.piva@itisvc.it:Caccarosa19
452151895@minia2.moe.edu.eg:Std#050402
s7617571@rb.moe.gov.sa:Tomy@9449
459776645@monofeya2.moe.edu.eg:Std#080603
chi.anh.tran@vas.edu.vn:Barney2020@
gperezy@sdis.gov.co:Colombia13
s141497@ap.be:K2$Vb9!Rh*Fw+6Ut
a.chobbi@my.bpp.com:Samman88
k22113@ca.ac.za:Kickboxing2000
katie5948@gsck.edu.lk:stu@06A1
esneidersarabia2508@gmail.com:Leal3001
a111929@esagarrett.com.pt:Futebolboavista10
govaertsy@oasis.uclouvain.be:numbat0607!
fjusantamaria2023@outlook.com:Bekka123
houssamraoui47@gmail.com:18.01.2000ghazwan
s2501701@estb.moe.gov.sa:Aa5651020
6201538390@kontum.itrithuc.vn:Thien1980
000511080@trn.bti.moe.bh:Ka75ienat123ishfaq
u20237098@utp.edu.pe:73655706
awesomee@learn.flvs.net:TryHard4Life
compliance03@arunima-group.net:Im@coM%dMc
t1920043s1@tll.sg:Tankt2010
452059657@qaliobia3.moe.edu.eg:Std#070812
p04371_2019@lyceum.lk:Safra@0777
213659103@tut4life.ac.za:Kona@123
elswiver@hyunbul.com:eccbc87e4b!@
abel12345678u:liljamarie123
josemanuel.gomez.valea@uva.es:Jomagova60
m29311@we365vip.com:Dinand22!
brighton_fang@wistron.com:fangliang1230.
mce2109005@xmu.edu.my:Wongkingchuan87
0325085675:Maw11585
2018200503@ucss.pe:Cerquera17
s5197452@mkhb.moe.gov.sa:hKvm@Tk7T
431208818@nablus.edu.ps:Moe@43120
rahmi.indriasari.b9@mail.toray:Kalimasada06
obezite2021@medipol.edu.tr:OBZ.mdpl2021
202117370@o6u.edu.eg:A7A@ya@5awal
virat.parekh@hansaresearch.com:salmankhan5@
yvaldez@colegioellaurel.edu.do:Monica2607
alwin.tseng@x10.ai:Mou817221
77885@office.mans.org.pl:bfdb0EB96
diego.cortes@esmic.edu.co:F13g0M40
hebatalla.abdelhakim@ect.ac.ae:Heba2022
nhansu@vietnampcs.com:hanhchinh12a@
wail.sehli@etu.uae.ac.ma:Rrih8113
dleaguila@live.mcl.edu.ph:Dalandan13
charlsmeer@bks.fm:Nofa5755
yusuf.guldur@boun.edu.tr:1593574862Yu.
s.g.tamang@wlv.ac.uk:AlinaSupral@1212
dchacon20505@ufide.ac.cr:TRC_DOCO19.
19wbailey@elycollege.co.uk:Wesley210108
shihas@4alfarah.ae:Mint1@3456789
kawther_m_alsayegh9075@moe.bh:Ee39862128
pp06171344@edu.mon.bg:055130964pepoO
shivam.vyas1@s.amity.edu:Lolnoob@123
al2203039438@azc.uam.mx:AlexisFB859
benedicte.nbola@polell.be:C2UXnt75
20052618@ulis.vnu.edu.vn:Vesaumotthangkiem10ty
den1976:alderam
atif.hasan@almaha-iq.com:Abcd@1991
jan.herlic@sers.si:Dot80018
danvi.sarah@id.pvmgrp.com:Oktober18
xana-yova1@hotmail.fr:Tayilaliz@6745
capelinha@sstelematica.com.br:208484Ss
llz@outlook.jp:Ikeuchi325
sg2023@o365now.xyz:LoBo2121@!@!
404022379@giza6.moe.edu.eg:Std#020210
41051011s@eduad.ntnu.edu.tw:pspig123
a29191@i365.shop:Rosaxel2021
p130255537@taalim.ma:Boqv9091
452618284@alex3.moe.edu.eg:Std#061008
woraphon.se@rmuti.ac.th:KhAZa8643
khaledlogyn@gmail.com:Yara@30104260202027
hanytha34730730:hany102030
casimirsoro@infas.edu.ci:Mynewmicrosoftteams2022
rs18110353@tecpurisima.edu.mx:pepe.1999
320990@aljoudschools.edu.jo:Mo0546633777
oa726031@schools.mk:oa726031@schools.mk
jamil.o_win@gemselearning.com:Wins9996
batel@techno-ad.co.il:Zubo8517
rodrigo@ldg-mail.com:Flash12345
macarlaann.delector@syf.com:ChanelAlexa14
ivonne.brenes.rojas@mep.go.cr:Tauros1961
195159@ppu.edu.ps:AR3AJWQ9@
geethupgeorge@gmail.com:leogeet7
andreitang06@gmail.com:54_pr1l2oo8@1242
202103207@unapec.edu.do:Aal040404.
58794@must.edu.eg:rania2020
mario.valle@cimat.ues.edu.sv:alcon.16
samypecu@hotmail.com:Andrea10..15A
rohan.gaikwad.2021@sse.ac.in:RrgRrgRrg123
ghezouark@csviamonde.net:Pomme1234
s7289433@rg.moe.gov.sa:nourah.505
2022a.gilamador@arkacademy.org:i2_8A=MP*XA)Sa6
m_osadchy@gavirtualschool.org:123456qwertY
s2408124@mb.moe.gov.sa:aS26552655
esc.alemania@mep.go.cr:Alemania2496
pnoviello@juleriaque.com.ar:Usuario.123
ismandev@wb6p8.onmicrosoft.com:Usman@281990
nbv6785:Hut$$11
weihaoong7@outlook.com:Lucas@2906
ajuarez@copiloto.com.mx:Copil956
461779326@gharbeia1.moe.edu.eg:Aaa#123456
sour07233@a1.free365.org:s6s6s6s6
79673216:elsa9octubre
oraniuspro:pravin@123
pruetsaji.aun@obecmail.org:Obec@2561
holly.caldwell@accordcare.com:Cac$1129
50037803@europeia.pt:Iphone4s
oliv797f@lollandskoler.dk:fre47eaj
kchen57@mylangara.bc.ca:Three16122
fgonzalez@grupohexxa.cl:hexxapent01/
hientt@sustainableenergy.vn:Thehientk08
p132390719@taalim.ma:HAssna1999
seminar@murdonolaw.com:District8
11548@enppi.com:enppi0210
igimenez@inti.gob.ar:Ab1hZU5LkctlR
hawan@fort313.com:Musa.9080677.
2124464@benisuef1.moe.edu.eg:Emp#831119
a0139332@ayrshire.ac.uk:Hollydog01
6552300069@stu.pim.ac.th:1640101430275
6211@cfgs.co.uk:sidratul1
bugraozturk98@hotmail.com:Mavi2020*
21-1-40-003387@sol-du.ac.in:sol#210100153919
mxpbarrientos@belcorp.biz:D1c13mbr3.1310#
444821138@qaliobia4.moe.edu.eg:Std#041115
407709437@qaliobia2.moe.edu.eg:Std#041024
mohannad.ajlouni@jhtec.edu.jo:m@123456
mehdiaythammou@hotmail.com:Wktp4110
aledom6125@edu.wroclaw.pl:Wakacje2
226486@corpbank.co.in:asd@123
e24511887@miescuela.pr:JYparana1600.
noecardenasaguero@mec.edu.py.:Cardenas4586056
amr.ali.info@gmail.com:Aa0103145505
485014127@sohag4.moe.edu.eg:As123456@#
willi:Fartnick69$$
modavis1@stu.k12.wv.us:Mdavis19139
ger6881@k12.smcps.org:Indiana705
jgomcap1305@m.educaand.es:oscajavi1.
zhuang012@e.ntu.edu.sg:139!#(hzk
noreply@naseba.com:Naseba123!
creditocobro@cedralcr.com:Rachell30
promocja@wroclawpolnoc.zhp.pl:Bos67046
201605212@ub.ac.bw:Seth7533
knysirios@helpe.gr:Kostas78
m155027718@taalim.ma:g1dbRQXrnQ
15205@eleve.lycee-jeanzay.fr:(Mp78942!
ranabadr033@gmail.com:Juh99063
74845329@bryce.edu.pe:ivethe2002.
ii250041@ncr.com:Lucprd@.5585
ali.albalushi@msbtcars.com:Aa95448081
5910121059@email.psu.ac.th:Bmz=0849687385
57010699@sfcollege.edu:20011811Iglim
elezio@07hkm.onmicrosoft.com:pWN8YqY7nM4cRQt
jevil.modi@devx.work:MjMt@101291^
htetwaiaung@ctu.edu.mm:Hwa@2020
khibrah@hess.sa:Expertise2020
u201918606@upc.edu.pe:5Gz#6Dyy
jakub.matuszewski1@zsmg.info:Linijka2007
mirfaf@exide.co.in:June@2020
fleonc@isise.edu.pe:29684727
raula@transparency.mv:Private3358
n12969@std.moe.om:26697429
joonas.kilpelainen@eventio.fi:Kilpimonni37
451913290@giza5.moe.edu.eg:Mahmoud_12
ruffincl@dhec.sc.gov:Morehouse81
191367@uma.edu.pe:123456@uma.edu.pe
cchen@lientai.onmicrosoft.com:QAZwsx471204
bhumi@webxpress.in:Bm70698$
449103524@fayoum2.moe.edu.eg:Std#021011
dang0112@uni.flinders.edu.au:Vuyen2012
837142@gharbeia4.moe.edu.eg:Emp#701201
matias.ramirez489@lcb.edu.co:Mati0920
laltamiranoq@isise.edu.pe:73984698Alt
dfonseca7611@uta.edu.ec:RGuiVmiP8a
controle@maximaseguranca.com:Max20182019
dphan116@bjalearn.net:Mapdit@911
49454.odear@student.nssc.ac.th:chanwud1016
brian.obure@mtn.com:b123456789@KEny
0668554093:0622348756Aa
jm.archivo@cehm.org.mx:Moguel88/*
a20b36939@educacion.edu.do:3hein7d#
m130252514@taalim.ma:Zakariaed1997
19ntucs1126@student.ntu.edu.pk:\T`&E"AxWbm-7!>r
r137474118@taalim.ma:Mounir2018
12094@brxyg.top:Teenoi2020
ryan071601@learn.flvs.net:Jordan319
452591550@qaliobia3.moe.edu.eg:Std#060501
ejpg1815@estudiantes.edu.ec:JONmax2020
2018122430681@alunocarioca.rio:07051982jsd
delazyd@edu.hel.fi:Unohthe7zo
446836175@gharbeia3.moe.edu.eg:Std#060430
mohamed:Lb@MC<9W*a=2-V?
19939579@ce.pucmm.edu.do:7984715199Aa
u202124223@upc.edu.pe:asphord&A9
z5253369@ad.unsw.edu.au:Shehnaz9623@
askaricomputerlab@gmail.com:Csn@1234
std082700@ac.eap.gr:SPIvla052987579
s9326476@mb.moe.gov.sa:Mm0532929047
arlet.roqueg@uanl.edu.mx:SMk8h6EH
malya:NJMMLY?301205
rodrigo.zuniga@verisure.cl:jAVITO3112!
sutarayush:Poojaurmi!2001
s7009183@estb.moe.gov.sa:OSAMAosama1969
d136326617@taalim.ma:Badr2002
458976588@portsaid1.moe.edu.eg:Std#070930
boshellmegan@gmail.com:sheSlut57#
s6638203@nb.moe.gov.sa:Saeed1425
469008519@alex3.moe.edu.eg:mahmoud@123
tiago.fatini@hi-mix.com.br:senha##33
g146036494@taalim.ma:Llqz5778
umair.ashraf@hotmail.co.uk:Pakistan008@
n139375309@taalim.ma:@2016l2016i2016
4858562325@danang.itrithuc.vn:Sag62536
omar.tr@piximind.com:HELLOmadridwx1995
kcs3360434@udelasalle.edu.mx:GBwz4107v
20200020133@my.xu.edu.ph:Qazxcdews13
pellero9@gmail.com:VBAPP@2001
ahmeda6509st@privatemoe.ae:Aasd@Aasd
013156131@aschool.edu.vn:Cuong007
adespontin@uade.edu.ar:Alolito023
00667596@red.unid.mx:Xup42861
m50283@alunos.uevora.pt:Gos74199
velez.yeriel@csjbpr.com:YRVelez15
452153155@qaliobia2.moe.edu.eg:Std#060525
kveliyeva@psa-az.org:Love4PSA-AZ!
brandoncraze2:!Mandeville18
amdadul.haque@foodpanda.com.bd:Wc01600296704
214884:Xtra.2022
n7130@std.moe.om:oman@P7474
br121940@alunos.unisanta.br:Guas1984*
392000041@ecu.edu.eg:ayyaayya_44
rufus.ogundare@oml42amtng.com:#deepblue9#
1032407953:As#88032256540
st39011676@stu.ipa.edu.sa:0563840304
2137972@std.hu.edu.jo:m7mod*m2442
km.est4353@cbva.edu.pa:Chopthedog16
519458@upn.pe:Caca1905
04021913032@student.qau.edu.pk:Qau@2021
581569@unilabs.com:Bernardo2005
paul.banos@ister.edu.ec:POLROD2020MARY.
eng.ahmed@al-ghunaim.net:Nouryreem22
jonatan.sanchez@psm.edu.ve:Jonatan00
21274@burgerking.com.br:Pier2017
financiero@ingasa.com.gt:FIngasa.2mil19
n138194465@taalim.ma:mjvbC4OWNd
wiseet1_11@hotmail.com:Tra2122531
mohammed.rameez@masafi.com:Masafi12312
stum2012023875@ese.gov.ae:KHa026111@
dennis.richter@bancos.com:1.Fcschalke04
manish.sethia@ivanti.com:Happiness@989200
mhtalafha20@ph.just.edu.jo:Towfox14.
sede.adm.3@appacdmcoimbra.pt:Wuy67984
tbfp-hrs@tavanbogd.com:Qwer123$
manager1@ms.morris.com.tw:#Mm0225778383
phongtckt@bvtd.vn:Phongtaivu2605a
an43387@student.vit.edu.au:Sunil@124
ernesto@digitalingenia.com:Pasta2019
julian.lobo@at.seg-social.es:jlobom90
18500591@emu.edu.tr:04997915
admin@schadhls.onmicrosoft.com:Heizung#9219322
450665741@giza4.moe.edu.eg:Std#050524
digantahazarika:Diganta@123
hss-trsc1402@hssfds.de:kNRLnS!4
qa137@msoffice365.site:lotusegat541990@
s6821501@qsmg.moe.gov.sa:Aa0534354423A
e134363@esoft.academy:Ryan*Tranchell
helal.behiry@rsc.com.eg:hel@2018
r134375074@taalim.ma:Moee1242
sharif.212002017@green.ac.bd:Tushar#812
shahid.akhtar@tme.edu.pk:Mos41184
pablo.entony@erobr.com:xXsWgT1@aeae
nhi_2051010159@mi.dau.edu.vn:1234@abcd
452731626@monofeya1.moe.edu.eg:Std#071215
u22310461@utp.edu.pe:75569914
paulj@trencor.net:unixLOD!2
ia.jonathan26@ufg.edu.sv:Milagro1995
ti913074@schools.mk:Kex21153
f132319832@taalim.ma:Yled9137
res4.dxb@lamarholidays.com:Poq25548
mayemen04@gmail.com:ma.370677
21tec006@edu.charusat.org:Man-6204
marialindao23@hotmail.com:Docente2023*
admin:hik12345
6231050088@365.kktech.ac.th:0880703803Diwte
457449429@giza4.moe.edu.eg:Std#061201
r131251162@taalim.ma:Gxkf9325
24091500504@gujccc.com:dili@9644
a.darwish@amcde.com:Rawdah610++
dyrektor@sp21.lublin.pl:ndsnznLESP1
22712011.vu@student.iuh.edu.vn:Vu27102004@
umairbabar.pucit@pu.edu.pk:AI538ST
foreverlovenh1234@gmail.com:YOLO19999%
jesus.jair_sic@tesco.edu.mx:Tex3099rojo%*0809
sisiaka@siue.edu:Si4barcelona@1010
w.guachetaipu@colmilap.edu.co:1111336568Wi
857763208@ecampus.ut.ac.id:Ainun08071997
ibrahim.doummar@mymail.aud.edu:Cag57953
guilherme.cardoso@cvm.gov.br:Sofialara@01
saqib@underthedoormat.com:Utd@1510
jordan.graham@congressmail.com:Purecloverhoney567
chlober@alumni.uv.es:Chri$2002
manuel.amado@cu.ucsg.edu.ec:Gbr3c8sdg
20223142@zu.edu.jo:Afu$3852
napineresp@ul.edu.co:ManuelyNicol01
2805684@giza4.moe.edu.eg:Emp#870201
20181912@stu.uob.edu.bh:W98IFK7C@
2161423@dakahliya4.moe.edu.eg:Emp#840303
462025479@alex2.moe.edu.eg:Std#080330
r0023161@ems.com.br:Sofia@2010
mahmutlapa@free.ashmeyer.net:283328Ml
hafic.tobias@zspodle.edu.sk:MamulienkA67
ma3218216@gmail.com:AFB@703140
181409935@students.uajy.ac.id:cheseburgeR21
omunozf@osinergmin.gob.pe:Agosto2022$
tariqnho11@hotmail.com:Zat65470
ntbtparents@mail.com:2900Moratuwa
a2201410006@alumnos.uat.edu.mx:y01n47QD
maforero12@poligran.edu.co:Junio123#
20162344@unapec.edu.do:Marzo1003*
duman.adrian@liceultelecom.ro:namud@1Eparo
aracosta@uninorte.edu.co:diosmioteamo1
atharp1314:AthArp$1314
emanutp14@live.com:Adam12345
harry.clist@felpham.org.uk:Volkswagen2007
soporte@llosaedificaciones.com:$rvLNxx1
457883566@assiut1.moe.edu.eg:Std#070828
gerencia@imporsystem.com:Cc94471565*
galfonso@acueducto.com.co:830530Jose
taono@productivedesign.com:Windsor0714Productive
musa.shah@lightsourcebp.com:Monday01
2022003572@unfv.edu.pe:Jord@n0310
2012126@leerling.o2g2.nl:Magie1433
mtiruneh@my.prov.ca:ProvidenceWinter1216@
adburgosv@dane.gov.co:Bur98393%+
454422877@giza1.moe.edu.eg:Mm1234567*
customer610@mftaah365.com:Tak@122333
ojarrett22j@mymbcc.edu.jm:Otheruser21*
aux.sistemas@tariplayo.com:15Ventas15
0000142033@aiou.edu.pk:Ethr6217
a19590@ae3evora.edu.pt:Severim#T^Po
2813749@ucm.sk:9608021379
rabmate2021@gmail.com:RSCSkypvp9
bide.prasad@jainaindia.com:prdbmp@49
blackfrre@onedrive5tb.com:dadi25101990
tamirat@kuc.edu.et:1qazXSW@
201097@sjkcchungkwok.edu.my:Karen9979
hitaga@repo365.onmicrosoft.com:Swarthih1!
19dec008@lnmiit.ac.in:Greek-123
maeva.simohappy@eleve.cspu.be:alcOHolshell2008
gauravmishra:jeetu@2007
omar.ahmed566@eng.s-mu.edu.eg:Ugp5400#
bloc_ontario:Chien286
s5098825@estg.moe.gov.sa:Abdullah@2
217522@supinfo.com:Ponypony31
segen@summit.sk:Oldfordclub0001
s4491174@nthb.moe.gov.sa:Nasser1234
dorrel@servicefusion.com:Newbaby2021
mamunur2@illinois.edu:Kyo22Kushin22illinois
niceonekay@gmail.com:74Norbury
silvanscrivener@gmail.com:Paypal1234
khumo@blackbrain.co.za:Kingb@se27
448639666@g102019.moe.edu.eg:yousef@1964
harishsedi@ms365a.com:m1ch@r1sh2000
b134048219@taalim.ma:Ofppt2022@
ms2414@fayoum.edu.eg:25900825Msss
rcy1783@gmail.com:L0ganJ@mes0712
bgm-equx@equinoxtransport.ma:equinox@2020
136794200114@ncr2.deped.gov.ph:ChalmersMathew@1129
dawid.slusarczyk@sp8bedzin.pl:Dwer06087977
r133429674@taalim.ma:ruLyojg7Ry
45548257@usat.pe:8257cym1A
neagu.razvan@balcescucj.ro:Scoala2020
52694189:Gordo123
2020489362@ogr.cu.edu.tr:ss181783
sakshi.choudhary@ais.amity.edu:@E5FA111S
b0247249@ulive.pccu.edu.tw:kenny0123
469128290@cairo6.moe.edu.eg:Std#061001
1914154@cegepmontpetit.ca:Shadedsummer!
ronaldo.cotrina.r@uni.pe:CARLOSmihermano02@
71854493@ucsm.edu.pe:estrellita.A
elmalkih@lacroixrouge-brest.fr:42tvtwzf
lhtfscem2040102@pgc.edu.pk:omeP2040102
cschong@jos.com.my:Abcd88299
l143004514@taalim.ma:2002jesuisFadma
nmoral06@student.sisd.net:nm826477
monika.reiter@bfi-ooe.at:Habibi_1971
s4250140@nb.moe.gov.sa:Sal@13122
dheeraj1087@gmail.com:dheeraj2810
451256894@sohag2.moe.edu.eg:Std#010101
julio.v@willfly.live:Ju639184
477085531@cairo6.moe.edu.eg:Mezo55#$Mo
martin.acurio@educacion.gob.ec:MAvl80Ame29*
467916526@sharkia2.moe.edu.eg:Std#021221
sriramd.v2020cce@sece.ac.in:$Sriram2002.
s4873369@mkhb.moe.gov.sa:Saf@6318950
486723154@behera1.moe.edu.eg:Std#991205
vajticona@cec.edu.bo:Faq23899
abidihamza@tbs.u-tunis.tn:microsoftOFFICE!!365/TBs
doris.chamba@educacion.gob.ec:DR6564cb*
2020959@isiswa.uitm.edu.my:Aiman1997
simofekkak1997@hk2.in:MQ75DjGep5cxj8z
nithin.mh@iiht.com:ebmoG@123
coachingipog@ipog.edu.br:Mara12345
gutierrezisra34@gmail.com:Gordo_123
uecaractes@uecara.com.ar:Cambio$2010
stasiorowska.adriana@zabka.pl:Adriana!2019
kstachon@zstio2.katowice.pl:Kondziu04!@#
savaneli.elene@students.gov.ge:Dancerellene
aldrinjay.david@hcl.com:!W3lcom.311
erlemp@uninove.edu.br:Tri@281000
msyldatk1@zsmi.pl:Miloszw12
ve005854504@alorica.com:Washpost2021!
opecallao@uigv.edu.pe:distancia_1627
febers282@gmail.com:14956414280981
akshat@innovatia.co.in:m@nU6811
rsanchezg@infonavit.org.mx:Eneroyupi56
b.rouchdi@cosumar.ma:AMINE@1234
e1313501650@live.uleam.edu.ec:Fabiola.91
d100601319:Simpi@1997
sagar.desai@adildubai.com:gi@ntStar28
jaykayan@gmail.com:Christine@1
452291328@benisuef2.moe.edu.eg:Std#060330
217041134@student.uj.ac.za:@Emohloding98
993745660@bethlehem.edu.ps:Moe@99374
supersandou@gmail.com:Sandrine03
0655244878:90431112
nevin.1314955@t1.moe.edu.eg:egyptM@nevin
7638175@hcps.net:7638175wd
458040502@sohag3.moe.edu.eg:Std#070723
rstc.t15@shelfdrilling.com:Optiplex15
c06.gsuite@cecytebcs.edu.mx:Plantel06
445752746@assiut1.moe.edu.eg:Std#040108
jaombk@26k6sm.onmicrosoft.com:S@ndro9785
hyd@ampoil.in:Suresh@365
vsvelozsaltos@ibero.edu.ec:Valen2022
107165200315@r3-1.deped.gov.ph:FES@136543
joao.tonolli@sysmanager.com.br:J040v1t0r@
michal.janac@zak.frengp.cz:Kmwaxx789
sc.jose.gonzales.r@upds.net.bo:XSdanitzaSX*
ricardoinf:Ics@2018
mbt2002218@xmu.edu.my:Chiek0004089
isanusi@bluechiptech.biz:Maximilian26500
202205008657@alunos.estacio.br:128643@Ar
ljimenezj1300@alumno.ipn.mx:Lr94R8H6
ethtsol69@gmail.com:Ruh17191
admin.depotnkw@ip-one.com:P@ss2020
edenys.abrego@meduca.edu.pa:Maurethhh1926+
s8652786@rb.moe.gov.sa:28P@s16sW0r5721
gobiernoyanalisis@duoc.cl:Duoc.2022
rzamora27@student.epsd.us:Rh15699
aleynaayar@ogr.halic.edu.tr:Dp59?Zzc
d130016458@taalim.ma:Fzmn10098
l22885513@ugalvan.tecnm.mx:HitlerTeniaRazon88!
465168178@cairo7.moe.edu.eg:#I54590z97
b3330@office365hubs.com:sainisohan@123
cjaramilloa@msuteq.edu.ec:Cristhian2003
2307048@brunel.ac.uk:Anakha@1312000
norlang26@hotmail.com:TCPOffice365
e183403@esoft.academy:Abdhullah@2005
6660800@sv.vnua.edu.vn:protein542018@
457773824@sohag2.moe.edu.eg:Std#061113
s31393@utwschool.ac.th:011247pR
slar1203@tfranchise.com:furqan@20178990
jbaker@productionlift.com:@Plunger9423
linh5202038@st.utc.edu.vn:linhtoan1234@
cjchaconm@correo.url.edu.gt:Maximo123
marcio.costa@solutis.com.br:serverN$mP4Sf
17029@burford.oxon.sch.uk:Jamdog12345
johan.barquero@babelgroup.com:321Joh@bar
quangdai@stu.mao.office.gy:123456789Quang
3029852420016@pgdtuky.edu.vn:T.hieu2009
paolo.lawo@concern.net:@Concern0023
minhminhha1986@gmail.com:01762542Ph
off365318@365office.vip:Sawikulayu10
202210931@urp2.edu.pe:Mamamelhuevo12
rafal.abouhamdan@st.ul.edu.lb:4Cq+s!T2
juliocesar.mh@t.odmail.cn:MirnaMoran1957
ruiagostinho@colegioamparo.org:IUR2020#
ma1d17@pdm.ac.in:Mohammad7584
2147652@tcs.com:Msd#97@07
siti.aisah@guruinovatif.net:Habiburahman13
hasan.ali@maisonconsulting.com:Aleema12
bern.ada@results-cx.com:Rholen@15
jarekmiedziana@gmail.com:Alleluja#123
femi.samuel@poisenigeria.org:Patrickahaotu28
124148190018@r8.deped.gov.ph:Ciriladalmacio004
simon-thien.tran@esss.de:$imThiTra1
202012734@keyaka.ul.ac.za:Gravityfalls@15
aadieef@trevecca.edu:Tr6622180818
jacob.hughes@mds.ac.nz:DimakTV*9
20150414@hti.edu.eg:Zizohany97
sac7.rio@gruposuprimed.com.br:R890b95s
quinyus@hotmail.com:94Marc20
a.blanco@winsysgroup.com:Password0!
j.ormskirk@unasat.sr:Rhyno607
zeinab.abel@ind.suezuni.edu.eg:Ze01118816231
2018017545@unfv.edu.pe:Andryuryr147
2018899215@stu.yu.edu.jo:asd-2010
mara.corona@schulenkoeniz.ch:flo7%4me
452232539@sharkia1.moe.edu.eg:Std#040523
clodoaldo14@gmail.com:davisoares1431
mohammad.atif@fao.org:Welcome$234
jose@pandoasociados.es:P@ndo.20
teshaun.floyd@stu.nesc.edu.tt:Password829
1720830296:Veronica.19
lw10237@cherokeek12.net:banana0912
ma.inostrozab@duocuc.cl:Dominga16.
an20092734@wipro.com:an20092734@wipro.com
klpkg2@vishwasamudra.in:Kerala@6789
163040017@kluniversity.in:@VEnki8692
gds04668@docente.ujat.mx:022j1084gl
arjun_20388@utp.edu.my:Bigbang9
goram001@e.ntu.edu.sg:panda_@123
joaquim.cruz@etec.sp.gov.br:Aberto77
m137462253@taalim.ma:Jaepc7686
082.135.837-31:24091979
se23237@student.uniten.edu.my:uni10pass!
21126596@thedps.org:Js041002
454744550@behera3.moe.edu.eg:Std#060411
ssszzz:12BEmacho
t205356@mkhb.moe.gov.sa:86P@s17sW0r2413
5275@wsfi.edu.pl:Haslomaslo8
glein.toraz@remotual.com:Remotual@9712%
s4382472@estb.moe.gov.sa:bnDRYTA5
s42624@stmonicas-epping.com:6969696969
carolina.barreda@usil.pe:TeKiErOmAmA
z182100756@taalim.ma:A1Z2E3R4T5Y6Taalim
mineum.lee@student.tdsb.on.ca:Kingmin481
s10079375@rg.moe.gov.sa:Aa0533310910_
jjsc@unitec.edu:Overkill01
joyce@singularanalysts.com:Anusha17@
lamfo@unb.br:Lamfo1234$$
diaadhewane@gmail.com:Diaa@1234
mayank.mj18cmm038@spjain.org:Zuj70518
rebornrulz@xkx.me:880725Reborn
emvulac@namwaterhrdc.edu.na:0Shikuku90
r146027286@taalim.ma:Mehdi5757
23523040@mahasiswa.itb.ac.id:mhsITB#333491
coco_lara@pco.com.mx:Wuz50754
thanakorn.chan@bangkokair.com:Fmlo534221
477105952@sharkia2.moe.edu.eg:Std#050701
piotr.sampir@sp7.net.pl:S.c/h'a]b]o-w\y
tk981@haeata.school.nz:Awake854
16hpickering@ladylumleys.net:Blue2021!
didier.loty@socotec.com:Vendeefrandid85+
453822597@sharkia2.moe.edu.eg:Std#060401
k.workowska@sp170.elodz.edu.pl:Kla09Wor
s8453398@bg.moe.gov.sa:Saraali2014
sibrox@sibrox.onmicrosoft.com:111123s.i.SHIshir
444975114@gharbeia1.moe.edu.eg:Std#040103
dsanchez5257@uta.edu.ec:kSnUzrXLrQ
mary.daniels@email.wesley.edu:md1131105
rainu.malhotra@mahischool.com:Rm301158
standout-jndla@sitstech.com:Globe@2020
18b1num2684@stud.num.edu.mn:Noenvy@0901
gamercoxinha5@gmail.com:shl@7544
margon.cz@gmail.com:Morfox2002
mechtech:Alrivwrnpro7
dtv0135m@desysa.gob.mx:Tvtezoyuca135
202009103464@alunos.estacio.br:TCM1982.
ioviedo2@cuc.edu.co:1002155990
bharat6569@onedrive5tb.com:bharat@0019
mramos@funcionpublica.gov.co:R@jAsMont@n3s
p_umrab@vfsglobal.com:01Nis@2020
d.kadlec@zshabry.cz:7219330252792007David
fabricioreichert@ufrgs.br:n3w@g3152000
tmp00035@earth.lk:As#lesson12
t509783@asrb.moe.gov.sa:Yahyazahra4321
2008136327@alu.uap.edu.pe:Mequito2020@
1107530509@u.icesi.edu.co:Jessica617
hazem.mohamed@phyedu.au.edu.eg:Fuzu3605
202203523686@alunos.estacio.br:Edz1311b@
455759902@luxor1.moe.edu.eg:Std#060803
emendoza0351@mymail.lausd.net:Mendoza040608
a20111@alunos.aepbs.net:Yocu2433
s6360949@estg.moe.gov.sa:Ef415678
ventas@unmundo.com.ar:Ijh75Gtf*
dh1@mail.tau.ac.il:Dana1408
0000273548@aiou.edu.pk:Sckj0379
8269041:Shavir1629
d132733924@taalim.ma:Ayoubayoub123
abhishek.jha@bennett.edu.in:Pass@895
joan.david@thebayleaf.com.ph:c@maroan831
n137370924@taalim.ma:Hicham2000
g.house@powerhouse.net.au:James8558
kunwar21:SDKDmeera21@
201205488@keyaka.ul.ac.za:Demakatso1
hafizr10@free.stulive.com:Hafizrezoan
rhernand14@cuc.edu.co:lafamaoriginal
u3_98_5r_1o_u1@eprosveta.ac.rs:Uu.981273
b092210204@student.utem.edu.my:Sosalas&48
mdudzinski@szkolawrzesnica.pl:Miki2007
merna.ibrahim@ngu.edu.eg:p3upoepr
l20170708@culiacan.tecnm.mx:Jj6674616512
admin@coopaisd.onmicrosoft.com:MeDaVn2622131009.
elshafeey.304020@t2.moe.edu.eg:egyptM@e304020
jparada_84@hotmail.com:jps17959076
judemichael.yocor@straive.com:spiglobal@2022!
joep.boorsma@bnnvara.nl:Haarlem100!!!
damon.l.douglas2.mil@cvr.mil:Nomad77!
hector.fernandez@i-s.com.mx:A$tr0d0m3
iabalogun@futa.edu.ng:justme@FUTA
u21201323@utp.edu.pe:moisesalvaroP1
sm20873136@edu.mon.bg:Kurecbarec69
90375640@thedps.org:Sr050201
n137198762@taalim.ma:.simo20001
seham.18320740@art.aun.edu.eg:P@ss320740
a.o.elkoumy@student.aast.edu:pody255-PO6301#
ben.h@fullduplex.co.uk:tiptop123!!
3171173@horus.edu.eg:tgdy552#
dvelas46@uniminuto.edu.co:Millonarios.2018
prueba@edu.upolitecnica.cr:Upi.2020
tecnico@sstelematica.com.br:1930_telematica
851j2467@cssmi.qc.ca:eleve-J0528.
s9832671@rb.moe.gov.sa:Aa0509451336
1800957@formacao.iefp.pt:iEFP08031983
grsj@inttpartner.com.br:hQz*35448_
4754@online.medfak.ni.ac.rs:17112006Boki
55438@lln.sint-michiel.be:Pitouky9
msaglamer@dengedegerleme.com:225711Arven
heymy.velezs@ug.edu.ec:OtiAmoreMio30
financeiro@contafer.com.br:Cfs473947
ternode000@hsestudents.org:Hse122105
jorgearana:jujituss
msbgat@uni9.edu.br:Zork520%$
royh@loymark.com:RH.loy2022
danielrowe46@gmail.com:los3monos.com
haymer.abreo@cet.cafam.edu.co:Cet.0218
kumara@mme.ruh.ac.lk:Jayawewa2023
hillariusgilbert@gmail.com:Ius@18602
cvega6545@stu.nuc.edu:cidlancer5043
ab619425@schools.mk:Ab060807
453765667@sohag1.moe.edu.eg:Std#060905
dulce.navap@my.unitec.edu.mx:18218230
aarri.aya@gssk.ma:sweetpotatos
g.bos@sportclubneede.nl:Kiprich9
bartalis.hunor@erdmarianum.hu:Mov58385
445326741@cairo4.moe.edu.eg:Std#031026
jkeaton-b0001@mymail.lausd.net:Student1
eilman.sharani@s.unikl.edu.my:Susooscar97
ibrahim.mohamed@suezsteel.com:Hema_4066
z221400462@taalim.ma:xskh79ovT9
chmielewski6@raciaz.edu.pl:Zxcvbbvcxz123321/
matheus@web7online.com:Davi1405!
divo@t.odmail.cn:202720Day
syamsuldzjr@bptikpjateng.org:Syamsul27
safak.polat@smg-schueler.de:rotweissessen3345!
lmontoyag@eafit.edu.co:Eafit1020306465*
ojok.norman@warchild.nl:35@Acelkene
ajabollosa@mymail.mapua.edu.ph:Oct2023108852
celwy@officeoriginal.com:Losaga1213~
luis-vargas5@upc.edu.co:sonyz11995
s9656243@mg.moe.gov.sa:Mazlr123456
ddob4565@student.fcusd.org:2553371209
michal.sroka02@qmail.cuny.edu:Rzeszow123
447677549@sharkia1.moe.edu.eg:Std#030106
ngshs.lehaiminh2g1@ngs.edu.vn:Ngs@lop2g1
ymcastaneda1@poligran.edu.co:Azulejo1*
j.ainoussi@gsabboud.com:saraBenani0
bre0035009@ffbb365.com:LaTouche35
rmarks@ibyte.com.br:tltt95!@#
richard196767:voltage666Q@
2001040@eng.asu.edu.eg:abba102030
19hanlond@markhallacademy.org:Academy545
worldmuzik@onedrive5tb.com:world@9878
lifeschool-056@streetchurch.ch:top4job.777
hoidtn2@vingroup.net:Abc@1234
444952239@qaliobia2.moe.edu.eg:Std#040825
916539@sharkia1.moe.edu.eg:Emp#631201
nm240709@nm.org:summer2019$
ugs.7898@ci.suez.edu.eg:01201290739Mo
jcallisayah_cb@est.emi.edu.bo:Princesa19
9100@htl.rennweg.at:um$3?bNAb
r132638651@taalim.ma:Amina2003
yulianus.wasis@an.tv:antv123
mbarak.a@outlook.com:97P@s76sW0r449
jpalacios@ferconce.com:Plata2015
k0448567@kellogg.edu:jn8Ruhan*
sultana:9224335
lhmfscmm2179060@pgc.edu.pk:P2179060LCoq
g138028931@taalim.ma:Uszi4037
341666522@ismailia9.moe.edu.eg:Std#949991
mohamed.lamchat@ofppt-edu.ma:BOBich@85
aobwogo@copycatgroup.com:Myles2019
469379970@gharbeia3.moe.edu.eg:Nada2050&
jelmer.bestman@elodigitaal.nl:Jellmer09
aungmyinthlaing@cmhl.com.mm:City@123
joaovictorcreed@hotmail.com:Joao123456
acn2019045@est.univalle.edu:callapiCHI2108
salamadeen@kaia.gov.sa:Manosam32##
ahincapie@defensoria.gov.co:alvaro1986
kunal.sharma20@s.amity.edu:M5C98F@1
s32741@students.upm.edu.my:Meijing01
d091200966:smriti@3
lucas.rocha165@etec.sp.gov.br:Lu10203040
79859@assiut1.moe.edu.eg:WASAmm2020
sanjayakunz@gmail.com:SanUwU123
3112541860:xestrada8*
gsolano@uts.edu.co:Fabian1710
thettooe001@e.ntu.edu.sg:Zinlinmaw@102
ultagabriel@estudante.unisa.br:47542365aA
500794.tcs@csn.edu.pk:sidra2008
au-garn.mo@rmuti.ac.th:Abc1200901264829
jar@ldaspain.com:Paf55415
k.tremblay2000@gmail.com:8750270$lapersonnelle
s5315503@rg.moe.gov.sa:6P@s29sW0r4333
kliviasilva@bemol.com.br:Bemol@99
channyeinkyaw@yomaland.com:Ycp@2020
202010573@std-zuj.edu.jo:NDlph458
t.ovcharyenko@atschool.com.ua:369877Alina
454379041@giza5.moe.edu.eg:Std#061001
1601678@eng.asu.edu.eg:yaso721999
922482@sharkia3.moe.edu.eg:Emp#640701
461708284@alex4.moe.edu.eg:Std#070617
victor.rojo@tam.gob.mx:291985Vare198529
u20181b203@upc.edu.pe:Upc123456#
degoult@csdmedu.ca:ryrosyhy23
gdwnkevin43@gmail.com:Godwin@0007
0910651185:Cuentamunicipio-001
ealbarra@stumail.jccc.edu:Ea!00920174
eljaafari.zineb@ofppt-edu.ma:Adaobi.7043
imran.6834504@talmeez.pk:asd@9907
457989615@minia2.moe.edu.eg:Std#060213
940843027:PrimeroB6!
karam.ali@smbservices.co:Million_123456
belan.marek@zs-studanka.cz:Be.Ma.99
fmnp@mail.ccsf.edu:=wesunUjosu1
samratnaidu@t.5tb.in:Samrat05
457363136@sharkia2.moe.edu.eg:Std#061208
aleixomax@gmail.com:60t_yft0uw01zg
austin.newman@nsitmsp.com:N3wman#107%vard
s7970216@estg.moe.gov.sa:Rm11223344Rm
ajt19549@uvg.edu.gt:Blackwidow2022*
r136427752@taalim.ma:Il1ya2s32004
u23227250@utp.edu.pe:KDalexit0!
jared.culcay@montessori.edu.ec:monte2021@
frozanski@zsp4walbrzych.pl:KoLoS123
455094509@monofeya2.moe.edu.eg:Std#080828
tnielsen@swedishamerican.org:Pine7410
pratchaya@wp-energy.co.th:purpur*22
c100059@thebishopsschool.net:soham@1234
cassio.freitas@enel.com:Dourad*0
6411000@unicollege.co.za:Jump@3335
s133241581@taalim.ma:Mufh1043
200560@students.upm.edu.my:symph0nY_
larisa.dumitrache@endava.com:Trandafir1989!k
1397681@senati.pe:250604suydee.
jfmurciat@ulibertadores.edu.co:Aa1072715164
482267757@sharkia1.moe.edu.eg:Std#040801
191216014@fdiba.tu-sofia.bg:123698745Kiki
k49026@365hub.top:Toq@qa2020$
adriana.souza@unilin.com.br:Bfpp$@04
57629@ccg-leerling.nl:25-10-2002
algirdas.montvydas@vspm.lt:Algirdukas123
haxxla@outlook.de:Xx601365902
s7024001@rb.moe.gov.sa:49P@s35sW0r603
tutor31@cepreunmsm.edu.pe:Fuz92906
michael.ogemaauku@mtn.com:mamaERUMBI@1989
2501202092@k12.hi.us:May#6340
x202130551@cibertec.edu.pe:Lima2022
natasha.n@rhombuscx.com:Nat@0987
farid@oakland.edu:Chicken900!
pordonez@naturalsoft.es:Ecu2019*
junggou.lee@insstek.com:juyu09072@
eondndvcn53d29g631g:Cajmartin.90
hstm30297@tmt.edu.vn:Thuyanh123
mpopal0002@mymail.lausd.net:1989@sharif
phong.vuhuy@mobifone.vn:Bh@23112009
toshi@forschner.com:For.123Jt
202020295@students.asu.edu.jo:Daz75861
0599449692:An29101981@an
dimitar.spasov@dnvgl.com:MegS@61Mit1994
ja100419@edu.azores.gov.pt:Grupo700
10756677980@udesc.br:Senhadainternet@1
yabin.12004445@lpu.in:iAMLOCKED@1234
ln70358646@idat.edu.pe:Kalinpro20
giac0011@rygaards.com:nonno1930
kamrul.hassan@sindabad.com:K.h@321##
42916382@ucsm.edu.pe:QQQwww111222
me97459@fms.sjp.ac.lk:Zenbook148356#
suhane:aditi@123
s3807670@estb.moe.gov.sa:Mahdi12eds
sakunkap.ka@rmuti.ac.th:Sakunkap12
380753@student.s6f.org.uk:Calamari1402606
tsomaia.dachi@students.gov.ge:Kodikodi22
afaq.ahmed@myaccor.com:Accor123$
jzamoram2100@alumno.ipn.mx:JPzm_2002
ifa.6882@ifa-ba.com.br:Dav65050
intranet@esap.edu.co:Esap.2021*
nadiaol.santiago@msev.gob.mx:Marz7712
x.blanc@biason.fr:Redhot66__
11112025@snablus.edu.ps:suha1234//
ernest.bentil@digicapgh.org:Sofoba2000
p135126930@taalim.ma:Whkp3691
monica.tapias@icbf.gov.co:Soporte2021*
ahmad@communityactionnow.org:Havit123??
202000939@learner.open.ac.mu:piksou2402@
rquispe@palmaslogistics.com:Fud88421
swaugh@learn68.ca:red76164
huy.to@mavs.uta.edu:@Crabapple123
aaron@adlis.co.il:mimi1234
830422@sita.in:Zqczok_909
09411201121@senacgoon.com.br:Geogeoaf8322#15
458859924@minia1.moe.edu.eg:Std#070712
457296503@behera3.moe.edu.eg:Std#070530
a.ortiz@prodarqsa.com:ANGEl9036
yusuf.imre@serban.com.tr:Hhydnke.1995
jsolis@legado.gob.pe:Pljp2021
cadviento@hamad.qa:Joanne01
417768:Tito0508.
00319831@red.unid.mx:20Fjjmm20
445485986@assiut2.moe.edu.eg:Std#040518
h.a.hewehy@outlook.com:H@ZEM199
p1864@fidelitybank.ng:Oluwakemi@1234567
ltorref@unasam.edu.pe:Jhosepga15*
ibrahim.eisa@cic.ae:Mail@cic
d132378440@taalim.ma:Kbfn8652
223058930@stud.cut.ac.za:P@ss0307275291085
km297150@schools.mk:Kristijan2007
s151040@student.ablmcc.edu.hk:Aa456987123
213421014@uzem.education:Sam4165041
u15876@jcc.ac.uk:DetriSamo10
drosa@telesul.com.br:1qaz1QAZ
hungvuong@stu.mao.office.gy:Vuong@99
1035978926@itagui.edu.co:JUANMANUEL2020#
rkihc8ghu@xkx.me:+B2ru7yFgWwo
m26146@winoffice365.com:Kimibono92
pramos@anahuac.mx:Paupinto22
a453290560@uigv.pe:derecho2022
rtoc@moblize.com:G3t_10st
ef190714@epsnj.net:erildo12
ebenfel@velement.mx:Ror33124
nitin.gaikwad@itc.in:T3chL0cu70r@M$
461823479@behera1.moe.edu.eg:Asdfghjk1#
waqas@abasyn.ml:abc@12345
wmp_qmk@hotmail.com:Amoenum2307!
stum870127@ese.gov.ae:Pass#B123456
23020042@mahasiswa.itb.ac.id:mhsITB2020247216
ahamed:@hamed7851$@
201214030@uns.edu.pe:202020Jj+
mohammed.elmazini@taalim.ma:Mazi$1982
451210556@sharkia2.moe.edu.eg:Std#050616
ben.tzion.cohen2@jlm.eduil.org:maywehaveanicewik
lucas.santos@qodeless.io:99877-8549Lu
josebertus@jmail.com:SocialClub02014
shuja.rahman@dimensiondata.com:Cisco_ccna2020
s2002013478@sd.uni-vt.bg:%9hSDgkg
jpdendievel@movitex.com:Vipere99$
maliktafheem@t.thetechrim.tech:Sabt-260589
thomas.steenebruggen@nsi-sa.be:widow.be01
rouichi.ahmed@ofppt-edu.ma:123456789Mongraal
hunter.jakus@sckans.edu:VBNghjyui789&
jhony@mirabras.com.br:J1009tri!
ansanar69@gmail.com:Au*90809080
486504478@assiut1.moe.edu.eg:Std#041026
sagaleano@correo.iue.edu.co:Alejito2006
ps11264787@edu.mon.bg:Csc791230@
willsaol@dinamicaips.com.co:Marianaj2328
al16320632@utcj.edu.mx:Jm9m95p&
rajeshjamod:normal24dec.
azzouz.rabja@taalim.ma:R@j@r@j@326
nahuelsosa@meta.stulive.com:Vapormax123
mtiraoui.rached@bene-edu.ch:Halima247!
1446661:14082004
richard@exelee.co.za:Mondo123@
213454341@idf.il:Arel12345
eriquett@meditotal.cl:001Grillo
jucalol18@hotmail.com:Jucalol_18
470411599@assiut3.moe.edu.eg:Std#041215
jpereiraro@uninpahu.edu.co:Pmjk1053
yogesh.bhattarai@v2c2.at:31!happyday31!
u20305574@utp.edu.pe:1234577777789
al166913@alumnos.uacj.mx:DOPD42879
78716085:xtx3b5rf
454361515@minia2.moe.edu.eg:Std#060222
2106a018@std.yildiz.edu.tr:KA018ytu!
julio.dem@uanl.edu.mx:Jcdlsm27022002
200030790@stikom-bali.ac.id:Pof16301
u17307478@utp.edu.pe:47189312
jr11145@rhmail.org:11222005
t314420@rg.moe.gov.sa:Bd0569774555*
470354715@cairo7.moe.edu.eg:1a@2s#3d$A
445532721@gharbeia1.moe.edu.eg:Std#040412
vadebomi@emory.edu:Tolulope-306
mimmokoky@stuabroad.moe.edu.eg:Mimmozag79
tp066739@mail.apu.edu.my:Abdo@2003
rania24906@et.ae:Aa123456
mohamed.bousenane@taalim.ma:bous@1972
yrigueros@ucompensar.edu.co:KAthy1022R
femerino2020@udec.cl:Felipeconi26
adm-o:Dinan6567
lirio.floyd@gmail.com:passwortohelL
a.schneider@cicclos.com.br:@2020cicclos
1034507@zaam.nl:Doaa1988!
gomoaeast@ges.gov.gh:GeodeP2022
dennissotomayor1@hotmail.com:Siegeskunst2022
s9256565@estg.moe.gov.sa:57P@s10sW0r5284
01220462343:#@01220462343
ahmad:Loves@n@81
stemcl02442@nbss.nbed.nb.ca:yellow+442=Door
0000826611@alunosesimg.com.br:@64KBlpcc
1047@antaneschool.edu.es:Cedu_18595
rojas:N4m4stE2021!
108121025@ideastudent.org:Idea051316
eduardo.navas@meduca.edu.pa:Tiburon_507
cmarin22542@alumnos.uemc.es:yBhUsiaVO
tx9111@officejp.vip:AHaf55729
450872314@sohag2.moe.edu.eg:Std#010101
38-eng-0099@kdu.ac.lk:AssAssin2001
joan@escairearq.es:Escaire2019
tanln@bap.jp:bapTanjpmic^09
padios.252487@naga.sti.edu.ph:RAFAELvelarde06012021
pkosturek@stoszkola.pl:Hej60909
j.mwarazi@workforceafrica.co:Dop65964
t8phho01@students.oamk.fi:Bin@0932794100
eduardo.santolalla@usil.pe:B0k0n0w0K
18070@globalcollege.edu.np:DoRaEmOn10
s2021624@jzg.moe.gov.sa:azsx123A
ishaki@courts.com.my:123Apples
1721031712@dntu.edu.vn:Damhuutuan10112003@
764408929:EpUuqlX
e_2017100373l@uncp.edu.pe:Rosmerydenis18
ronaldo.junior@inpasa.com.br:Verdao1000!
dce-bevisegscorretora0257:dayco422
aaron@adlissmart.com:Virtual37
stum20812715@ese.gov.ae:P#8gt7ymFbAK
s_155069@emis.am:Gormovsisyan7
opadelyf:ISAAClore1983
cneir071@uottawa.ca:m`3L5ey#YB
x4563@365e.me:@Anjay21737
info@mukamiradairy.rw:Kigali@123
jekaterina@ondato.com:On344050137dato
t638467@hb.moe.gov.sa:45P@s26sW0r801
valary.okelo@magnaafrica.co.ke:Valko199804
saira.tanveer1@jazz.com.pk:Dontshy@12
pbi.sv55@gruporb.com.br:M@rdonio2912
k287011418@hupes.edu.vn:K287gdqp
allenjay.fernandez@cvsu.edu.ph:Alleahko442
s6844119@rg.moe.gov.sa:S@0501144005
rruizcuautle@techint.com.mx:Junio2626
schiriboga@itsqmet.edu.ec:Shotoooo16?
594217@cjuhsd.net:45465Pwd
david.betancourt@ine.mx:Juarez..2007
wenjie-zhang@student.scusd.edu:green43sky
zilali.mohamed@taalim.ma:Tayilaliz@6745
5877@redsea1.moe.edu.eg:Emp#720710
jose.garcia7@gerdau.com:021098)Ja
bm.jaitpur@ampl.org.in:Zab57263
sewa.agbodjan@wilsem.com:pierre13
457886097@assiut2.moe.edu.eg:Std#070813
skereboy159@t.5tb.in:sk8terboy159
bethe.sm@paracletetx.com:Bethe9843
erick.miranda@qbd.lat:65230pSophy@
20210515@miucateci.edu.do:xwekqd4c
eduardoluiz@ufpr.br:@Solu8201
ulogandi:Telas_26
meyr.silva@aluno.ic.ufmt.br:Fr4nt1c86%#@!
sona5511@corp.sonatrach.dz:ABDES1015trust
dhananjay.p21@imi.edu:PAPA1*mom
423415736@qalqilia.edu.ps:Roro09.l
12873734@bac2013.taalim.ma:Mohamed1996
lucifer288@outlook.com:Lucifer666
a14131@alunos.ae1marco.pt:Avd.gongas
srinath_s@swissre.com:IlikeIndia@123
filip.harbas@osmesaze.edu.ba:Fil05sko
avazz@outlook.com.br:M$354624#m
andryusgomes2803@gmail.com:angeli.09
charisse.santibanez@maersk.com:Chicha117
17103533@siswa365.um.edu.my:DD2vwqne
tien.nguyen@vifurniture.com.vn:Xuantien@0402
jona68b6@undervisning.kk.dk:bvo73lgk
b00624640@bryantstratton.edu:My2kingz16!
ericsson.ruiz@mymodular.com:Bark2971&
202302013491@alunos.estacio.br:wellington1798
ariel.curin@adventistas.org:iasd2020
nofar_ma@jerusalem.muni.il:Ka`808091
khiljiarslan21@gmail.com:sarmad786
vladyslav.milka@cs.khpi.edu.ua:06062003bM
soporte@waiver.com.ar:Newronas7075
bgperez@ucompensar.edu.co:Vogo970810
henrique@henerg.com.br:Orkutporre1
aa02691@surrey.ac.uk:Salim005
0116451099@hanoi.itrithuc.vn:Audi2004
zayyantun@ttu.edu.mm:K&z689312
ktarevalo@espe.edu.ec:Herm0401
452053160@cairo7.moe.edu.eg:#I54590z97
sandra.amarod@minedu.edu.pe:Suxi2401
20221205600012@pucgo.edu.br:ananicole
edmondisabane@gmail.com:Berthilde1
444848772@ismailia1.moe.edu.eg:Std#041106
b6119362@office365.sut.ac.th:Tt0901829198
tmunga@uade.edu.ar:Only.thebrave21
10814@agnelhamara.net:jyoti1978
kotelkevin@freemail.hu:Tattoo01
2016_12060@edu.arh.bg.ac.rs:0901998710240
kunj.gandhi@etax.com.au:Qwerty@8866
u017139@chsj.min-saude.pt:BBaa7805
mosaic169@msn.com:1122@Charmer
nawamalis@anandabalika.edu.lk:Ns756741357v
cha00173@students.stir.ac.uk:Bremang@2012
fiona-latten@tvtmedia.de:jLkv6sMCKG
corinne.ondet-mezioud@gfi.fr:Marwan*98
juhlinsta0504@gmail.com:05040504p
krizma@zsdobrany.cz:1234567
tfouquet@app.afpma.fr:c11221122
221006692@aluno.unb.br:aarodasi5173
s6237903@asrb.moe.gov.sa:ASOaso88
460021986@monofeya1.moe.edu.eg:Std#040621
779668791:2004malak
454072861@sharkia1.moe.edu.eg:Std#060616
kerlly.flores@espoch.edu.ec:DomenicaKerlly122003
s2220006362@uhb.edu.sa:1122266875@uhb
gupta_s@hcl.com:Singapore@1234
fatma.hussein@uhia.gov.eg:FH**112233
w20bbch008@kinnaird.edu.pk:kc@w2037
student729@kbs-edu.com:Lub91971
453971108@giza4.moe.edu.eg:Std#060710
lukas.zyzys@lapesmokykla.lt:Margupis15
nischal:P>$c_cN#CB?)2fv
2001062106@moej.edu.jo:Moe@2562005
2019361755@ogr.cu.edu.tr:Adana0142
flinder2302@gmail.com:casadelasflores02
1460282@senati.pe:Cr04022918
an15077@365e.live:Adham@1505
32084@sgzuidwest-student.nl:Mog62290
schottleitner:Schotte89
dantas@xl80t.onmicrosoft.com:@#Servidor2023
nequ9567@agu.inter.edu:AC130above
kcastillo@anai.edu.ec:Tania20julio1992
462433414@behera1.moe.edu.eg:Asdfghjk1#
ivan.remy@grupoayeperu.com:25021954YuliaMM
thanpitcha_am@cmu.ac.th:Amthanguar123
embajadores@lipigas.cl:aqswdefr#001
frasotoc@estudiantesunap.cl:Epsylon427
672666@cityofbristol.ac.uk:Evening85
5643999@formacao.iefp.pt:AMS24Out91#
457989905@minia2.moe.edu.eg:Std#050520
aleph03745@innovaccion.mx:aleph03745@innovaccion.mx
husain@rookh.onmicrosoft.com:Anas@786$arham1
202110201@issu.edu.do:230702Lewars
a6242@365word.vip:starcraft98!
ctumbaico@est.ups.edu.ec:CLARAydario17
81001642@stu.hcmut.edu.vn:lamtrieuanh
it21032592@my.sliit.lk:d26393dN
siddiqem@sheridancollege.ca:Wcss2020
458379797@assiut3.moe.edu.eg:Std#070117
csaba.havasi@foxpost.hu:Fap44995
wilmerfabiangelvez@gmail.com:1092336064
156952@csgkluiverboom.nl:04032009R3jk!
mosaad.saleh@ese.gov.ae:ESE@ese#00
est4157.sa@cbva.edu.pa:P@estud4157
dryszka@sp27rudasl.edu.pl:Domin2011!
casantiago00@gmail.com:Yesirm25082173@#
201617412@ump.ac.za:Ump@7412
ro40043892@wipro.com:left@123
quandm@anphu.care:Quan1234561@
1112984@mymab.org:1986DImi
zthompson18@unity.lancs.sch.uk:Password123
2000056076@fcstu.org:02182005
sylee@verywords.com:wldn0725!
17brunetma@coll.st-alex.ca:Mhjb2184
henry.ruiz@udla.edu.ec:5Jp!%4Tjk
182011010@vu.edu.bd:NNNN@123
ramon.arenas@alumnos.usm.cl:ingarenas
angelicapulgarin@utp.edu.co:fRa161214
041516406@ecampus.ut.ac.id:suPER27_2
jp.soekhoe@outlook.com:Jespri/2001.
dbolanos70200@ufide.ac.cr:!Pmvp1979
anderson.trindade@localiza.com:#Celular982165
canerbozkurt@365ofis.com:Gop48690%&
120210422019@mutah.edu.jo:Eygqe@3148
drsma@zs-ebeso.cz:Heslo123
fat@indobamboo.com:Indobamboo2022
rodrymsc@gmail.com:__Rodryy.123_
tubd@fsoft.com.vn:@13051998Nicholas
laura.rios.medrano@u-erre.mx:Laura13201
118bt0023@nitrkl.ac.in:Happybaby@16
aya_farouki@um5.ac.ma:J139545903
2194159@ismailia1.moe.edu.eg:Wafiwafi#0
amaia.compliance@amaialand.com:P@ssw0rd
praveen@hpfy.com:twity@6804
bd21tc3016@hv1.hcma.edu.vn:Ngocanh1994
contato@gabrielrabreu.com.br:@Jacare123
gianella.angulo@ucsm.edu.pe:Giane*03
pg_66382@science.tanta.edu.eg:rememberme@1
tparra46:Thomas8#
sales4@vishalprofin.in:FO-sb@234
aarzubiaga@mercania.net:Alejandro123
jcondori303@gmail.com:65196496Jose
capankajgangwar@gmail.com:Anika24*7
esma.mahmutovic@osmalta.edu.ba:Otaku2706.
473127352@ismailia1.moe.edu.eg:Std#071201
kdylewski@grodzisk.edu.pl:Jedynka06
mueedbahi@t.5tb.in:bahimueed123
ruzvidzo@srtc.co.zw:Password2017!
mriverach@est.emi.edu.bo:Aliveyrivera300
sales_2@modimining.co.za:Hap19417
olubukola.ajibade@ubagroup.com:Oluwafolake77$
jburitica@est.ups.edu.ec:1303Jb-18
rkhatwani@one.al:rkhatwani@one.al
prastowo@staff.uns.ac.id:Ub9z9g2pCBsBxJV
59717@carmelemmen.eu:Cce13022007!
mari.novoa@duocuc.cl:M515627110.
bertine@vanderven.nl:Balu8598
481356379@giza5.moe.edu.eg:Std#030929
caiobraga@ufrj.br:160466Cb
erikams@omegahms.com:Blythe@nika052315
ry13883@grupo.ypf.com:Oilandgas#01
pankaj.jaysinh@ufomoviez.com:gopal162
172d14108@alumno.ujat.mx:243547637
michelle@finaoeducation.com:Pointfinao1
2015151117@alu.uap.edu.pe:Alexa498
pr113488@stud.ur.edu.pl:Siarka00/
almaberisha@ushaf.net:design123.
64010815105@o365.msu.ac.th:Pw@1409903154784
hra@preferredregistry.com:Preferred01
473313662@gharbeia2.moe.edu.eg:Std#050901
cristhian:0981370470Aple
as193933@alunos.epb.pt:porto1893
josu3lcrackk@gmail.com:Lupitacagona1234.
eduval@lafar.net:H@pkidito2023
sgalvarado@uam.edu.pa:Rojorojo2992
jrendono@emtelco.com.co:Espinosa2023++
jacobheathershaw@gmail.com:gZRD_epr&d*d2&3
lasha@telco.ge:Vendi202014
20agqu@hatchend.harrow.sch.uk:Quindale_dingle3
vidit.pgdm21@nbs.edu.in:Commerce28
2142035534@alumnos.xoc.uam.mx:SUaRws5279
mahamuud.mansuur@hhrd.or.ke:Mediaofficer-01
nt160147@serting.mrsm.edu.my:hazimhakim456@
h136336048@taalim.ma:Dcnv9951
582741@newvalley1.moe.edu.eg:Emp#720612
asuitcap@stemassiut.moe.edu.eg:mozfa_481999
csh2193018514@titlani.uam.mx:Alberto69333$
445153760@behera3.moe.edu.eg:Std#040201
alotaibiali7@outlook.sa:almohem7
xzz200:Wyw991026
0981.aapp@gmail.com:wjk19990921kkk
218043315:Nhlxs.12131415
glicostarica@jps.go.cr:Lop96229
t3112@tvv.kim:Eylul2406
anderson.camargo@trustsis.com:@Bra03075
155@ahmetbahadirilhan.k12.tr:Ankara2020
kunyarat_su63@live.rmutl.ac.th:1520200054191
oa726031@schools.mk:Ogipogi12345
d130674894@taalim.ma:Utdc7619
ianugalde@ujsierra.com.mx:Mariofreddie2010
lazystar@t.5tb.in:LTJAvUKs9P
salahsharaf22@gmail.com:mrsalahsharaf@1963
ndemba.yade@univ-thies.sn:Ndaye@19
mineriskeducation@xkx.me:Soehtetaung2342014
dovilas.urbonas@juventa.lt:LOM34720
1349331@senati.pe:Realmadrid1728
si.midolo@sielte.it:Maggio2022!
afraray.mohamed@ofppt-edu.ma:Lmimalhnina7252
ikefe:4858260
nfc_manager:Nfc@Manager
889250@students.wits.ac.za:nhluvuko1
lf282459@schools.mk:Khj37810
genta.merzira@financa.gov.al:ministriashtator2022!
p124882@mkhg.moe.gov.sa:26P@s79sW0r2163
izesy@izesy.onmicrosoft.com:9u!ssoq143
ranveer9426@holyangelssbd.com:Gwn@H3h2
ronan.carvalho@cdicom.com.br:Gcdi@2021
jmaggolingan@velezcollege.com:Skippy030515#
72618588:lavalava1234
alpuslu67:Alp200467
57097@ws.ac.th:AJchB6kjcY2_4fH
daniel.brehm@kb365.de:Zikisari08@
vanessa.osorioslv@uanl.edu.mx:planta12
nvalvarez@outlook.up.edu.ph:Mmsklx1p
ngo.van-hao@hdsaison.com.vn:NVH686868@
e.a.mohamed@student.aast.edu:Extreme#rules2013
davetiye@mobilet.com:Mobdvt2018
ateng.cop09g@o365.nctu.edu.tw:hnjm40449
mnikolaou43@st.schools.ac.cy:Pinias_g1.
72484259@losportales.com.pe:INGRESO_2022
04604310998@edu.udesc.br:Chiv4uri1
quyth@vip.stu.office.gy:Quy11335577
adt2104139@xmu.edu.my:Zxcvbnm0826$$
mario.johnson@envistaco.com:Devil$DOG_88
200118360@students.uajy.ac.id:Richie0502
a14575@aetrofa.com:ArianaAlmeida202012
2481326@minia4.moe.edu.eg:Emp#760405
ajdiya.anass@ofppt-edu.ma:HH120042anaj
mohamed.habiba@smartv.ae:Moh#1312
jaime.almestarr@minedu.edu.pe:Jaime_2023
maria.estradam@envigado.edu.co:Maria1234Paula
adynyelau@adyendre.tmszc.hu:Laura2005
han.sangbeom@hdrinc.com:gkS.1932527
projetos@multigraph.com.br:Multi@29913432mp
el.bamba19@inphb.ci:alpha2.0
462795004@luxor1.moe.edu.eg:Std#071204
ohessen997@agrnv.au.edu.eg:dr$01021490643
naruto0144@hotmail.com:tfou3like&&&&
efrain.cutipa@adventistas.org:Sc210487
victor.cardozav@uanl.edu.mx:dHS4Tqzm
lytvynov-o@foxtrot.ua:A!exfUr19119!*!*
20520514@gm.uit.edu.vn:laohoang!
tranlap@skyparty.vn:sky12292750020
gk42204628@edu.mon.bg:Pepapig0547
61020477@kmitl.ac.th:Mi8vgjltby
jennifer_24_04@hotmail.com:SaniPer21#
sterbas@gjj.cz:StSi6145
npoomk_13@hotmail.com:Poomk@130422
451993463@luxor1.moe.edu.eg:Std#061101
ktenecela1@utmachala.edu.ec:Ksisi_25#
jessie.briones@iqor.com:jessie.briones@iqor.com
21q6030@bztf.ch:Squi1712!!
liuyuhui6712@a1.free365.org:T^H~7L7LK32hZk~
03035266295:pubgmobile123!%%
ayasar@zirveholding.com.tr:Zirve1608
kadlecek@zszatec.cz:Heslo391
eleanor.medina@campus.mccd.edu:Rama123@
arthur.m.l@ufrn.edu.br:M.l1970@
s007080@sols23.onmicrosoft.com:Legzmaa1010
joseph990108@o365c.live:jOSEPH0108@
s2200000050@uhb.edu.sa:Fuad001999
2530081@gharbeia3.moe.edu.eg:Ayman#1972
t10mn21@abdn.ac.uk:N0m_carg0
mathias.cirino@arldelattre.be:Nike2006
a302084@umm.edu.mx:302084DT.123E
100133045@ccisd.net:00125714
maria.ramos@uaem.edu.mx:230778ml
3170673373@qq.com:Y2573560504zq.
a374564@uach.mx:fDMNJU92
458588093@monofeya2.moe.edu.eg:Std#070730
arcena.marklester@mdc.com.ph:Philippines1.
218014292:Nokuzola00!..
2101001@st.brevardschools.org:Bunny2020@@@
chris.oigo@student.akesk.org:Dangersib0p
sgaj0503@uczen.sp71.wroc.pl:Pansmietanka08
akonamatata1:.lenejth8tt8
s18bca028@students.fui.edu.pk:stu@123456
bahram.choupanzadeh@wit.ie:ANUTAF7me
nguyenbaxuan98@gmail.com:rollinsxuan98
486577076@giza5.moe.edu.eg:Std#050618
e-bouhaya.m@ucd.ma:SUGAsuga2001
jfernandes@jpleitao.pt:Marfra@1508
administrator@stsonline.org:!ValleyCircle!
woliveram@sena.edu.co:Wvivi@gmail.com
fakhrul.omar@mara.gov.my:fa@306267
hans.dahlgren@bylundsvvs.se:Skeppsbron67
nitin.m@nauvata.com:Shabd@21
raquelgarces@imparterapias.pt:9747Rt00
2008000526@ilbc.edu.mm:Kaungsw2020
datle6149@student.vus.edu.vn:Vu$@2577
g132539808@taalim.ma:abdelilah456++
louise_ricardo@hotmail.com:L@00049692003
tecnoltermica@hotmail.com:Vegawalter29
kelly.santos@adventistas.org:zh@sp!2020
ejts9761@estudiantes.edu.ec:Emy12478
27634092886:19122010
75477535@columbia.edu.pe:Forever18bts
gwsmith@waimea.school.nz:p@rRoti4
l133133420@taalim.ma:Okzul7765
jason@hiossen.ca:Konakula@1983
452687061@qena3.moe.edu.eg:Qeft#19#10
09827745@continental.edu.pe:CRACKCITOII
00006025@student.altec.edu.au:Sew@1234
luis.bolandi@uned.cr:L180489b
e139127343@taalim.ma:PILOTkarim@
1742155.merinda@uib.edu:18022000
410485086@behera1.moe.edu.eg:Std#030410
bamohe7434@onedrive5tb.com:mdeb9834@
k137348455@taalim.ma:Aboy1345
l1f19bsse0285@ucp.edu.pk:gleevivs#0014
s6114011640067@kmutnb.ac.th:stamp0130
betty@gumboassociates.co.ke:Buyo3170@2020
rm204164@misdmail.net:Sep252004
andi.maulana@tritama.co.id:Kopihitam_4648
vali74ro@gmail.com:8aB&@JJ00
salvasarrion@hotmail.com:vI69lCQC
b.riedinger@dokusys.net:RiBSommer2016RiB
info@hvaco.eu:dejan7531
10001112@continuumgbl.com:Dell@123
b011610067@student.utem.edu.my:ulearnmaha28
1701219@eng.asu.edu.eg:tmohamed
chau.207du66804@vanlanguni.vn:VLU23082002
126082100171@r9.deped.gov.ph:Loyloy123
kariluthi@gmail.com:kariluthi
jairedu59@gmail.com:dimacopa4
imr0030678@est.univalle.edu:Ignacio11217
20016@pisjes.edu.sa:Mna89912204
152326@mcvo.nl:Jo@347113
leyons@office.jimschool.org:Shetu122
ximena.medina@alumno.buap.mx:HaB6iv4###
450603051@alex2.moe.edu.eg:Std#050714
ruben-alegre@hotmail.com:123-Corralillo
ap23983286@edu.mon.bg:70781013aP
theguyamin@outlook.com:Thebigguy1
pizzi23006@iistorriani.it:MammaBarbara06
rsacommeng:Konnekt45
u5765409@csdgs.net:yito0276
edwin.ramirez62236@uped.edu.sv:Ued250199
yixian.cao@cawgcap.org:Sc20040110
mprendas@edu.upolitecnica.cr:agn2708_zeus2004
jjparraz@upn.edu.co:Jheison75195392
teams:6574839201QwErTy
enchagwa@amdt.co.tz:Procu@2023E
leochen.sc11@m365.nycu.edu.tw:Leon0303
psgz121@thechildrensfocus.com:Prashy01
ahmed.nasr1431@gmail.com:Efta7yasmsm1
vipul@satyanamsoft.com:Mahadev@123
gustavo.alcala@traffilogla.com:T@vo19alc
thir0050@koldingskoler.dk:132465xx132456
2021170423@cis.asu.edu.eg:Markgamal305?
202002211962@alunos.estacio.br:04985669199@Ma
640113189003@outlook.bru.ac.th:Guzxcv285
phuongty@icogroup.vn:tabico@123456
449618069@minia2.moe.edu.eg:Std#041024
igp.gcm@osasco.sp.gov.br:Igp@2022
it@statecorps.com:Admin@123456
d.shortman@stmarks.bwmat.org:Chromebook1
ibalcerzak@zsksieradz.com:Jogurt23
hacp@nbt-hk.com:Ruthie00
marykathleenl._lim@uv.edu.ph:Kathylim28-
aguilar_joselin@unah.hn:J.daniela659821
mesa.armado@clinicameta.co:Clinica2022
mzafir.17@ichat.sp.edu.sg:Robotboy@1998
fin1909564@xmu.edu.my:Swm@100831
n2015100@dlszobel.edu.ph:94152130
heba.765640@t2.moe.edu.eg:egyptM@e765640
bc200414748:Malik@7728
lukas.pajchl@zsotrman.cz:Scootering2
predrag.predojevic@skolers.org:Ognjen@123
453848406@cairo4.moe.edu.eg:Std#060123
lady.castro@upb.edu.co:Felizdia19
gumbo@gumboassociates.co.ke:G.e@2020
21-2-42-017747@sol-du.ac.in:sol#210100175125
451797210@minia2.moe.edu.eg:Std#051201
zhiyuan.yang@thetradedesk.com:4Wr!95C12
rafael_marsango@hotmail.com:R@01908760265
ferenc.lubas@kraft-fm.hu:Lubibeni1
kevingodbv:holaxd123@
3450.138@edu.fb.org.br:MINEGIRL
victor.cervantes@uttn.mx:Qa1Zw2Sx34
nsanchezroj@unadvirtual.edu.co:Nico1194022-
michal.jakubczyk@iqor.com:Bromberg678
a356709@alumnos.uaslp.mx:Casamorad4?
21aroberts@wakatipu.school.nz:p8nciruS
481693628@qaliobia1.moe.edu.eg:Std#041120
dev.abney@d11.org:B!nd9999
hmamani@tierragroupintl.com:HM2022!!
210523@student.dwu.ac.pg:Qwerty2023
1162104002412@mail.rmutt.ac.th:peakPeakza00123
mthuva@imarika.org:Aisha@dhows
zs07havir@4zs.jicin.cz:Kop84273
j110000341@taalim.ma:UeM0zb5Lw5
sgckipus@utalca.cl:70001052
s53604@esp.edu.mo:4506000
1211802105@std.wise.edu.jo:Alanze10hq
l.ac@zspusteulany.sk:OPEL13??
458039068@sharkia1.moe.edu.eg:Sama#12345
stu_kppnrs09c03@snets.it:Kuppiandi030309+
viva.bahrain@timwe.com:OF16vG25+1
zs283217@schools.mk:Zejnep09
muhammad.0948427@talmeez.pk:asd@24486
11172227@st.neu.edu.vn:K59@18051999
jsn77@t.odmail.cn:SILVA77**
contact@edsonbaby.com:babyedson26
1393010@dakahliya4.moe.edu.eg:Std#631218
nitin.r.jadhav@adityabirla.com:Noel456@
edivaldo.goveia@ojc.com.br:maria$53
mhazril.hamzah@s.unikl.edu.my:hazril_0839
p124431@mkhb.moe.gov.sa:Hussien1980
admin@tccbest1.onmicrosoft.com:YW3mp6wDhEbd
1157978@senati.pe:Toc56455
20t.kujinekpe@spszr.cz:9T1g3BPh
reandradeg@utn.edu.ec:Pulsar180.
phu.thai@vinaqs.com.vn:Linh290496
467685@cognizant.com:M@dowat@557
yefersonpadilla12p@gmail.com:76911096$YGC1
luis.escalantehue@ug.edu.ec:luisao123
kumari:Kumari@9260
jhost23@hotmail.com:Tubaina2015@
m.mejzner@ckziu.radom.pl:Komary1234
chamindame@masholdings.com:Esanda@1699
shabeer@albatool.com.sa:Batool123
bf771@office19.win:MAXi0925528181
anupong.hu@365.rmuti.ac.th:Bb3C9xc4N9xncOi
298769@monofeya3.moe.edu.eg:#Ma2720000
ha20086908@wipro.com:Romeo@123
jazson@hotmail.com:cjcheng456
lrincon@americancontainers.com:Lufer123
d139150090@taalim.ma:LeTopolina213
admin@2mkabloo.onmicrosoft.com:2MKabloadm!!
juan.pedrosa@blum.com:Zi3884-3
rafik.bahloul@tarbia.tn:RTSDF2011nou
l17030422@celaya.tecnm.mx:Simpleplan@#1
trny5436@kjell.com:Incomedia2003
ugashudav@gmail.com:Thomas50796
sjm3005591@est.univalle.edu:Ms1E0908E8
benny:Lagundian010471@#
s2909663@qsmb.moe.gov.sa:GoGo22909
14030062@itcelaya.edu.mx:Laverne32
53204@aeres.nl:mPx_P$n3
greekear792@granderie.ca:2a6b4v2B
ms00093435@edu.mon.bg:Wt869435
rjorquerac1@correo.uss.cl:Ingreso023
abdelazizel@aramex.com:AZIZEL@987654321
sht_4993@privatemoe.ae:PassXOF0PH
info@amytec.be:Amyay1982
anisa.hrvat@scgaudeamus.com:Lozinka1
00209046@ufrgs.br:Kaka_2020
182310497@lerdo.tecnm.mx:BrianABa3
brian.hoet@student.howest.be:BH1905.123
s4136070@hb.moe.gov.sa:Mo123211
g5zettai@trjyh.onmicrosoft.com:3q2S33tJ8!W6T8E
2020me200@lbrce.ac.in:justin10
202202722961@alunos.estacio.br:059735@An
rifat@youngp.onmicrosoft.com:onedrive5tb@191800015
410303410@giza5.moe.edu.eg:Malek_2004
danna.tomas@alumno.buap.mx:AlexisRen0022
448751529@mlsq.onmicrosoft.com:Raj42340
jajacome@sena.edu.co:Sena3020*
k103t2.duongtiendat@lhp.edu.vn:Datthien@_7b
s6537643@mg.moe.gov.sa:H@ore1436
filip.vitek@zsstefanikga.sk:Xuc96553
artjola.koltraka@fti.edu.al:a11b22c33@
cjimenez@facilitabots.com:Facilita2020!
aortegaf@uninorte.edu.co:11Angelazul.
ondruska1@zsmyjava.org:SOKef24518
abaglanis@ihu.edu.gr:J546wk@1989
vitor.chedas@resultamodo.pt:Caetana1347532++
lh218488@dcsms.org:Tigers082406
mrosalesv-1@df.conalep.edu.mx:ctq1720190731
akarki3161@conestogac.on.ca:Cc8813161
18080004090@stu.yasar.edu.tr:14200658152
reem.marji@lau.edu:lebanon_2003
noman@fareastspin.com:Fareast@#321
lo0_n@t.5tb.in:bunbunsydney89
202204245329@alunos.estacio.br:Gripenngbr@s1l
vellaj@rqu.me:220395wES@
rangelo21:Angelo21
flsilva@unah.hn:Molly1416*
n00224048:uJz&m#M7Pjwf
ighalves@paschoalotto.com.br:Ig123456
ecardenas@hospitalvozandes.com:Mojito.242
danurut_n@doublea1991.com:Dnurut25052543
kneerc2024@sjci.com:Mercedes1129
ddorado@gbc.wa.edu.au:David4341
mcruza2105@alumno.ipn.mx:Mcruz7405
arashi@1utar.my:Shinigami69
40179484@hcuc.ac.uk:Calisto.123
jimmy.wu@cefinity.com:AYUayu123
nicole.adrien.bp@gmail.com:Adridadou974
451235048@sharkia2.moe.edu.eg:Std#050410
